2022-11-28 18:11:24 [   DEBUG] Using selector: KqueueSelector (selector_events.py:54)
2022-11-28 18:11:24 [   DEBUG] Using selector: KqueueSelector (selector_events.py:54)
2022-11-28 18:11:25 [   DEBUG] Extracting timestamps for logs 23420000 - 23420101 (reader_async.py:35)
2022-11-28 18:11:25 [   DEBUG] Making request. Method: eth_getBlockByNumber (manager.py:160)
2022-11-28 18:11:25 [   DEBUG] Making request HTTP. URI: https://responsive-convincing-aura.bsc.discover.quiknode.pro/3e7f242edcfec9ca1a36ef544cee66362af95baa, Method: eth_getBlockByNumber (async_rpc.py:78)
2022-11-28 18:11:25 [   DEBUG] Making request. Method: eth_getBlockByNumber (manager.py:160)
2022-11-28 18:11:25 [   DEBUG] Making request HTTP. URI: https://responsive-convincing-aura.bsc.discover.quiknode.pro/3e7f242edcfec9ca1a36ef544cee66362af95baa, Method: eth_getBlockByNumber (async_rpc.py:78)
2022-11-28 18:11:25 [   DEBUG] Making request. Method: eth_getBlockByNumber (manager.py:160)
2022-11-28 18:11:25 [   DEBUG] Making request HTTP. URI: https://responsive-convincing-aura.bsc.discover.quiknode.pro/3e7f242edcfec9ca1a36ef544cee66362af95baa, Method: eth_getBlockByNumber (async_rpc.py:78)
2022-11-28 18:11:25 [   DEBUG] Making request. Method: eth_getBlockByNumber (manager.py:160)
2022-11-28 18:11:25 [   DEBUG] Making request HTTP. URI: https://responsive-convincing-aura.bsc.discover.quiknode.pro/3e7f242edcfec9ca1a36ef544cee66362af95baa, Method: eth_getBlockByNumber (async_rpc.py:78)
2022-11-28 18:11:25 [   DEBUG] Making request. Method: eth_getBlockByNumber (manager.py:160)
2022-11-28 18:11:25 [   DEBUG] Making request HTTP. URI: https://responsive-convincing-aura.bsc.discover.quiknode.pro/3e7f242edcfec9ca1a36ef544cee66362af95baa, Method: eth_getBlockByNumber (async_rpc.py:78)
2022-11-28 18:11:25 [   DEBUG] Making request. Method: eth_getBlockByNumber (manager.py:160)
2022-11-28 18:11:25 [   DEBUG] Making request HTTP. URI: https://responsive-convincing-aura.bsc.discover.quiknode.pro/3e7f242edcfec9ca1a36ef544cee66362af95baa, Method: eth_getBlockByNumber (async_rpc.py:78)
2022-11-28 18:11:25 [   DEBUG] Making request. Method: eth_getBlockByNumber (manager.py:160)
2022-11-28 18:11:25 [   DEBUG] Making request HTTP. URI: https://responsive-convincing-aura.bsc.discover.quiknode.pro/3e7f242edcfec9ca1a36ef544cee66362af95baa, Method: eth_getBlockByNumber (async_rpc.py:78)
2022-11-28 18:11:25 [   DEBUG] Making request. Method: eth_getBlockByNumber (manager.py:160)
2022-11-28 18:11:25 [   DEBUG] Making request HTTP. URI: https://responsive-convincing-aura.bsc.discover.quiknode.pro/3e7f242edcfec9ca1a36ef544cee66362af95baa, Method: eth_getBlockByNumber (async_rpc.py:78)
2022-11-28 18:11:25 [   DEBUG] Making request. Method: eth_getBlockByNumber (manager.py:160)
2022-11-28 18:11:25 [   DEBUG] Making request HTTP. URI: https://responsive-convincing-aura.bsc.discover.quiknode.pro/3e7f242edcfec9ca1a36ef544cee66362af95baa, Method: eth_getBlockByNumber (async_rpc.py:78)
2022-11-28 18:11:25 [   DEBUG] Making request. Method: eth_getBlockByNumber (manager.py:160)
2022-11-28 18:11:25 [   DEBUG] Making request HTTP. URI: https://responsive-convincing-aura.bsc.discover.quiknode.pro/3e7f242edcfec9ca1a36ef544cee66362af95baa, Method: eth_getBlockByNumber (async_rpc.py:78)
2022-11-28 18:11:25 [   DEBUG] Making request. Method: eth_getBlockByNumber (manager.py:160)
2022-11-28 18:11:25 [   DEBUG] Making request HTTP. URI: https://responsive-convincing-aura.bsc.discover.quiknode.pro/3e7f242edcfec9ca1a36ef544cee66362af95baa, Method: eth_getBlockByNumber (async_rpc.py:78)
2022-11-28 18:11:25 [   DEBUG] Making request. Method: eth_getBlockByNumber (manager.py:160)
2022-11-28 18:11:25 [   DEBUG] Making request HTTP. URI: https://responsive-convincing-aura.bsc.discover.quiknode.pro/3e7f242edcfec9ca1a36ef544cee66362af95baa, Method: eth_getBlockByNumber (async_rpc.py:78)
2022-11-28 18:11:25 [   DEBUG] Making request. Method: eth_getBlockByNumber (manager.py:160)
2022-11-28 18:11:25 [   DEBUG] Making request HTTP. URI: https://responsive-convincing-aura.bsc.discover.quiknode.pro/3e7f242edcfec9ca1a36ef544cee66362af95baa, Method: eth_getBlockByNumber (async_rpc.py:78)
2022-11-28 18:11:25 [   DEBUG] Making request. Method: eth_getBlockByNumber (manager.py:160)
2022-11-28 18:11:25 [   DEBUG] Making request HTTP. URI: https://responsive-convincing-aura.bsc.discover.quiknode.pro/3e7f242edcfec9ca1a36ef544cee66362af95baa, Method: eth_getBlockByNumber (async_rpc.py:78)
2022-11-28 18:11:25 [   DEBUG] Making request. Method: eth_getBlockByNumber (manager.py:160)
2022-11-28 18:11:25 [   DEBUG] Making request HTTP. URI: https://responsive-convincing-aura.bsc.discover.quiknode.pro/3e7f242edcfec9ca1a36ef544cee66362af95baa, Method: eth_getBlockByNumber (async_rpc.py:78)
2022-11-28 18:11:25 [   DEBUG] Making request. Method: eth_getBlockByNumber (manager.py:160)
2022-11-28 18:11:25 [   DEBUG] Making request HTTP. URI: https://responsive-convincing-aura.bsc.discover.quiknode.pro/3e7f242edcfec9ca1a36ef544cee66362af95baa, Method: eth_getBlockByNumber (async_rpc.py:78)
2022-11-28 18:11:25 [   DEBUG] Making request. Method: eth_getBlockByNumber (manager.py:160)
2022-11-28 18:11:25 [   DEBUG] Making request HTTP. URI: https://responsive-convincing-aura.bsc.discover.quiknode.pro/3e7f242edcfec9ca1a36ef544cee66362af95baa, Method: eth_getBlockByNumber (async_rpc.py:78)
2022-11-28 18:11:25 [   DEBUG] Making request. Method: eth_getBlockByNumber (manager.py:160)
2022-11-28 18:11:25 [   DEBUG] Making request HTTP. URI: https://responsive-convincing-aura.bsc.discover.quiknode.pro/3e7f242edcfec9ca1a36ef544cee66362af95baa, Method: eth_getBlockByNumber (async_rpc.py:78)
2022-11-28 18:11:25 [   DEBUG] Making request. Method: eth_getBlockByNumber (manager.py:160)
2022-11-28 18:11:25 [   DEBUG] Making request HTTP. URI: https://responsive-convincing-aura.bsc.discover.quiknode.pro/3e7f242edcfec9ca1a36ef544cee66362af95baa, Method: eth_getBlockByNumber (async_rpc.py:78)
2022-11-28 18:11:25 [   DEBUG] Making request. Method: eth_getBlockByNumber (manager.py:160)
2022-11-28 18:11:25 [   DEBUG] Making request HTTP. URI: https://responsive-convincing-aura.bsc.discover.quiknode.pro/3e7f242edcfec9ca1a36ef544cee66362af95baa, Method: eth_getBlockByNumber (async_rpc.py:78)
2022-11-28 18:11:25 [   DEBUG] Making request. Method: eth_getBlockByNumber (manager.py:160)
2022-11-28 18:11:25 [   DEBUG] Making request HTTP. URI: https://responsive-convincing-aura.bsc.discover.quiknode.pro/3e7f242edcfec9ca1a36ef544cee66362af95baa, Method: eth_getBlockByNumber (async_rpc.py:78)
2022-11-28 18:11:25 [   DEBUG] Making request. Method: eth_getBlockByNumber (manager.py:160)
2022-11-28 18:11:25 [   DEBUG] Making request HTTP. URI: https://responsive-convincing-aura.bsc.discover.quiknode.pro/3e7f242edcfec9ca1a36ef544cee66362af95baa, Method: eth_getBlockByNumber (async_rpc.py:78)
2022-11-28 18:11:25 [   DEBUG] Making request. Method: eth_getBlockByNumber (manager.py:160)
2022-11-28 18:11:25 [   DEBUG] Making request HTTP. URI: https://responsive-convincing-aura.bsc.discover.quiknode.pro/3e7f242edcfec9ca1a36ef544cee66362af95baa, Method: eth_getBlockByNumber (async_rpc.py:78)
2022-11-28 18:11:25 [   DEBUG] Making request. Method: eth_getBlockByNumber (manager.py:160)
2022-11-28 18:11:25 [   DEBUG] Making request HTTP. URI: https://responsive-convincing-aura.bsc.discover.quiknode.pro/3e7f242edcfec9ca1a36ef544cee66362af95baa, Method: eth_getBlockByNumber (async_rpc.py:78)
2022-11-28 18:11:25 [   DEBUG] Making request. Method: eth_getBlockByNumber (manager.py:160)
2022-11-28 18:11:25 [   DEBUG] Making request HTTP. URI: https://responsive-convincing-aura.bsc.discover.quiknode.pro/3e7f242edcfec9ca1a36ef544cee66362af95baa, Method: eth_getBlockByNumber (async_rpc.py:78)
2022-11-28 18:11:25 [   DEBUG] Making request. Method: eth_getBlockByNumber (manager.py:160)
2022-11-28 18:11:25 [   DEBUG] Making request. Method: eth_getBlockByNumber (manager.py:160)
2022-11-28 18:11:25 [   DEBUG] Making request. Method: eth_getBlockByNumber (manager.py:160)
2022-11-28 18:11:25 [   DEBUG] Making request. Method: eth_getBlockByNumber (manager.py:160)
2022-11-28 18:11:25 [   DEBUG] Making request. Method: eth_getBlockByNumber (manager.py:160)
2022-11-28 18:11:25 [   DEBUG] Making request. Method: eth_getBlockByNumber (manager.py:160)
2022-11-28 18:11:25 [   DEBUG] Making request. Method: eth_getBlockByNumber (manager.py:160)
2022-11-28 18:11:25 [   DEBUG] Making request. Method: eth_getBlockByNumber (manager.py:160)
2022-11-28 18:11:25 [   DEBUG] Making request. Method: eth_getBlockByNumber (manager.py:160)
2022-11-28 18:11:25 [   DEBUG] Making request. Method: eth_getBlockByNumber (manager.py:160)
2022-11-28 18:11:25 [   DEBUG] Making request. Method: eth_getBlockByNumber (manager.py:160)
2022-11-28 18:11:25 [   DEBUG] Making request. Method: eth_getBlockByNumber (manager.py:160)
2022-11-28 18:11:25 [   DEBUG] Making request. Method: eth_getBlockByNumber (manager.py:160)
2022-11-28 18:11:25 [   DEBUG] Making request. Method: eth_getBlockByNumber (manager.py:160)
2022-11-28 18:11:25 [   DEBUG] Making request. Method: eth_getBlockByNumber (manager.py:160)
2022-11-28 18:11:25 [   DEBUG] Making request. Method: eth_getBlockByNumber (manager.py:160)
2022-11-28 18:11:25 [   DEBUG] Making request. Method: eth_getBlockByNumber (manager.py:160)
2022-11-28 18:11:25 [   DEBUG] Making request. Method: eth_getBlockByNumber (manager.py:160)
2022-11-28 18:11:25 [   DEBUG] Making request. Method: eth_getBlockByNumber (manager.py:160)
2022-11-28 18:11:25 [   DEBUG] Making request. Method: eth_getBlockByNumber (manager.py:160)
2022-11-28 18:11:25 [   DEBUG] Making request. Method: eth_getBlockByNumber (manager.py:160)
2022-11-28 18:11:25 [   DEBUG] Making request. Method: eth_getBlockByNumber (manager.py:160)
2022-11-28 18:11:25 [   DEBUG] Making request. Method: eth_getBlockByNumber (manager.py:160)
2022-11-28 18:11:25 [   DEBUG] Making request. Method: eth_getBlockByNumber (manager.py:160)
2022-11-28 18:11:25 [   DEBUG] Making request. Method: eth_getBlockByNumber (manager.py:160)
2022-11-28 18:11:25 [   DEBUG] Making request. Method: eth_getBlockByNumber (manager.py:160)
2022-11-28 18:11:25 [   DEBUG] Making request. Method: eth_getBlockByNumber (manager.py:160)
2022-11-28 18:11:25 [   DEBUG] Making request. Method: eth_getBlockByNumber (manager.py:160)
2022-11-28 18:11:25 [   DEBUG] Making request. Method: eth_getBlockByNumber (manager.py:160)
2022-11-28 18:11:25 [   DEBUG] Making request. Method: eth_getBlockByNumber (manager.py:160)
2022-11-28 18:11:25 [   DEBUG] Making request. Method: eth_getBlockByNumber (manager.py:160)
2022-11-28 18:11:25 [   DEBUG] Making request. Method: eth_getBlockByNumber (manager.py:160)
2022-11-28 18:11:25 [   DEBUG] Making request. Method: eth_getBlockByNumber (manager.py:160)
2022-11-28 18:11:25 [   DEBUG] Making request. Method: eth_getBlockByNumber (manager.py:160)
2022-11-28 18:11:25 [   DEBUG] Making request. Method: eth_getBlockByNumber (manager.py:160)
2022-11-28 18:11:25 [   DEBUG] Making request. Method: eth_getBlockByNumber (manager.py:160)
2022-11-28 18:11:25 [   DEBUG] Making request. Method: eth_getBlockByNumber (manager.py:160)
2022-11-28 18:11:25 [   DEBUG] Making request. Method: eth_getBlockByNumber (manager.py:160)
2022-11-28 18:11:25 [   DEBUG] Making request. Method: eth_getBlockByNumber (manager.py:160)
2022-11-28 18:11:25 [   DEBUG] Making request. Method: eth_getBlockByNumber (manager.py:160)
2022-11-28 18:11:25 [   DEBUG] Making request. Method: eth_getBlockByNumber (manager.py:160)
2022-11-28 18:11:25 [   DEBUG] Making request. Method: eth_getBlockByNumber (manager.py:160)
2022-11-28 18:11:25 [   DEBUG] Making request. Method: eth_getBlockByNumber (manager.py:160)
2022-11-28 18:11:25 [   DEBUG] Making request. Method: eth_getBlockByNumber (manager.py:160)
2022-11-28 18:11:25 [   DEBUG] Making request. Method: eth_getBlockByNumber (manager.py:160)
2022-11-28 18:11:25 [   DEBUG] Making request. Method: eth_getBlockByNumber (manager.py:160)
2022-11-28 18:11:25 [   DEBUG] Making request. Method: eth_getBlockByNumber (manager.py:160)
2022-11-28 18:11:25 [   DEBUG] Making request. Method: eth_getBlockByNumber (manager.py:160)
2022-11-28 18:11:25 [   DEBUG] Making request. Method: eth_getBlockByNumber (manager.py:160)
2022-11-28 18:11:25 [   DEBUG] Making request. Method: eth_getBlockByNumber (manager.py:160)
2022-11-28 18:11:25 [   DEBUG] Making request. Method: eth_getBlockByNumber (manager.py:160)
2022-11-28 18:11:25 [   DEBUG] Making request. Method: eth_getBlockByNumber (manager.py:160)
2022-11-28 18:11:25 [   DEBUG] Making request. Method: eth_getBlockByNumber (manager.py:160)
2022-11-28 18:11:25 [   DEBUG] Making request. Method: eth_getBlockByNumber (manager.py:160)
2022-11-28 18:11:25 [   DEBUG] Making request. Method: eth_getBlockByNumber (manager.py:160)
2022-11-28 18:11:25 [   DEBUG] Making request. Method: eth_getBlockByNumber (manager.py:160)
2022-11-28 18:11:25 [   DEBUG] Making request. Method: eth_getBlockByNumber (manager.py:160)
2022-11-28 18:11:25 [   DEBUG] Making request. Method: eth_getBlockByNumber (manager.py:160)
2022-11-28 18:11:25 [   DEBUG] Making request. Method: eth_getBlockByNumber (manager.py:160)
2022-11-28 18:11:25 [   DEBUG] Making request. Method: eth_getBlockByNumber (manager.py:160)
2022-11-28 18:11:25 [   DEBUG] Making request. Method: eth_getBlockByNumber (manager.py:160)
2022-11-28 18:11:25 [   DEBUG] Making request. Method: eth_getBlockByNumber (manager.py:160)
2022-11-28 18:11:25 [   DEBUG] Making request. Method: eth_getBlockByNumber (manager.py:160)
2022-11-28 18:11:25 [   DEBUG] Making request. Method: eth_getBlockByNumber (manager.py:160)
2022-11-28 18:11:25 [   DEBUG] Making request. Method: eth_getBlockByNumber (manager.py:160)
2022-11-28 18:11:25 [   DEBUG] Making request. Method: eth_getBlockByNumber (manager.py:160)
2022-11-28 18:11:25 [   DEBUG] Making request. Method: eth_getBlockByNumber (manager.py:160)
2022-11-28 18:11:25 [   DEBUG] Making request. Method: eth_getBlockByNumber (manager.py:160)
2022-11-28 18:11:25 [   DEBUG] Making request. Method: eth_getBlockByNumber (manager.py:160)
2022-11-28 18:11:25 [   DEBUG] Making request. Method: eth_getBlockByNumber (manager.py:160)
2022-11-28 18:11:25 [   DEBUG] Making request. Method: eth_getBlockByNumber (manager.py:160)
2022-11-28 18:11:25 [   DEBUG] Making request. Method: eth_getBlockByNumber (manager.py:160)
2022-11-28 18:11:25 [   DEBUG] Making request. Method: eth_getBlockByNumber (manager.py:160)
2022-11-28 18:11:25 [   DEBUG] Making request. Method: eth_getBlockByNumber (manager.py:160)
2022-11-28 18:11:25 [   DEBUG] Making request. Method: eth_getBlockByNumber (manager.py:160)
2022-11-28 18:11:25 [   DEBUG] Making request. Method: eth_getBlockByNumber (manager.py:160)
2022-11-28 18:11:25 [   DEBUG] Making request. Method: eth_getBlockByNumber (manager.py:160)
2022-11-28 18:11:25 [   DEBUG] Async session cached: https://responsive-convincing-aura.bsc.discover.quiknode.pro/3e7f242edcfec9ca1a36ef544cee66362af95baa, <aiohttp.client.ClientSession object at 0x7fc7241a7580> (request.py:143)
2022-11-28 18:11:28 [   DEBUG] Getting response HTTP. URI: https://responsive-convincing-aura.bsc.discover.quiknode.pro/3e7f242edcfec9ca1a36ef544cee66362af95baa, Method: eth_getBlockByNumber, Response: {'jsonrpc': '2.0', 'id': 4, 'result': {'difficulty': '0x2', 'extraData': '0xd983010111846765746889676f312e31372e3133856c696e7578000040fc9c6788354d0cadbedc98988715c758df48bc79f8f400ef3e539dd0fe415b96a93e3400c6f0aa4f8bf1bf4f72ca8347b73092f2971e15c876feb64e9d1b454abde7a501', 'gasLimit': '0x7356341', 'gasUsed': '0xb03f66', 'hash': '0x36d15f243179286d00f1f5b9f4c66d351e2e6be19d3b9f83aa84614c52ec6985', 'logsBloom': '0x0d2416220111fb1aca0932f7c80621f5e154074a10dd3d984035a4081804930b03d317cc1e0a1592cae62a4a40561120b812dc8138284682553c49c714b52e901c821ca49194e70113218e5a6646c26cacf178016adf2b27769e8158b24bcff12d919afd83265f09906d7e4560200960294c16708c4be7458e8900daa78a2f1b5211347a1c9144b4949dd04240ba5e8b972c5e771100046a8913004f749882260b8910513d28a2fcbc65c9818a3abfc9fc0198c4b0266b386650ac27285a9a4cb90038aacd940aae82a682c78837d6a1a0862742013c92791d13a43e0c32e8f400909dc0058f086739023259139072244834bc2c65c064c84b22eb99818042d5', 'miner': '0x70f657164e5b75689b64b7fd1fa275f334f28e18', 'mixHash': '0x0000000000000000000000000000000000000000000000000000000000000000', 'nonce': '0x0000000000000000', 'number': '0x1655c64', 'parentHash': '0xe8c837348093d5a36bea54fc4fe92669f7c9bf5176474944fe9795d25e8161cf', 'receiptsRoot': '0x733b4c229d7c1522b8a5b7adc5957131b4e4cc6ad18044bd16e5f2615d6e65ba', 'sha3Uncles': '0x1dcc4de8dec75d7aab85b567b6ccd41ad312451b948a7413f0a142fd40d49347', 'size': '0x776b', 'stateRoot': '0x4d651c39b20e60ccced3ea3a6098d301788d720db69e696c13aee66339d889a5', 'timestamp': '0x63837df4', 'totalDifficulty': '0x2c67201', 'transactions': ['0xde695505ebcdb5e6e5e7fbb34fc777fdf125a756c30e5f8289ec6380adcaf796', '0x905184b9aea08c8d992854d9c3598e5907515852ff8a379c089f2c421ef7d517', '0x5f2afd776d9d2de7756756f58a829db797c8aa3815698105af9917c633a8ddc4', '0x5a7b26a96f5fea3f55aca75fe791fd98c0c4572d7c51cd142537431e4ca72b71', '0xfcd61503be35fd6b20104ad908384c297b35a0189295b06e1e5a801592f313e8', '0x6affdd1c203a950eaf16f520c28abf3e73159fa13f61465248ae3b00d43bf2e7', '0x0620cf3af5b2e706a743a7c46f04817e584e89011311eac14a5d342428dfe4ef', '0x624260fd25fcfdfe0d681155c7962ba01a1dec1595813c815ef8695fd9bd8f82', '0x3a0e7d24f3401c0be2198a7f3167849d75989c857e93b28d64cd90c70a5de998', '0x663238ab46d28c9eae9834d7e0c89a8e91063d987f01dff5fbb57299199ea25c', '0x6b3c0abd661f1237782ce4add7280eb7f7e9cbe7cb37774b076bf645906e34dc', '0x0fe113bd5cd375fd3ffd2c3c0f7bf580314ce6585a5e9f05635f4ec5c3d368ba', '0x01aaf149e0458cb8d367cfeb3bd968d9cfbfedf20c98e366289e8ea91874fe20', '0x4b54c3420a6c081604e9b15064fc624fee4f631f4c296ab26077a97c0c697c5f', '0x4fec854bfff7aaec0f257e165931054875b33c25c3d5215d55195823492ce451', '0xeeb312118864b0b8c931acd801591728eee8ba0f3363c7e4357f968d5fa87c55', '0x70199c11dbc67ae42b4af4e2188022b4172ad6ea11e80f0ae3501178e1f1c59b', '0xf32cea5bc5f05df766380f410aa4856262e7d7493be9393e612d62c4a089f3ce', '0xc2723514a52cc82602792c3c21727202e20c8fb0298d45f086a6244e936a2c7d', '0x01e2d62862a54499fddd65a1919965aaba4a574d0882817e8f01b33e66fcdaec', '0x7f494a0111409835c51686cf5be99101a3a2b07a83a474c5f1e7b7abdcb1cc2b', '0x7ae8709683b9b20f9e0c3415451e47ca231a0a055b4e02e3325f8a201f054064', '0xe2b2dff0a80690dc0924cac3b46c75f32d4f0ec248b686b920ccc22519ae18b2', '0xaf115b6c44e26c513c33a52c8b87a897d8b3429ca4cad820f941419eb4102a79', '0x550a93ba626c93d16375560425badabdf071761acd9d8df9cc4ad7d6768dfadd', '0x065552383760c49906d042cfb1f667bdbf10271353e6fb4a5c020ca311741b93', '0x9aca3fa2276d256c2afde199a1faf10da5ff8cf6491bc48476a745bdf78046cf', '0xcfc365665b6b3299d485a633eacae462616200a3d12fdf6bdd9db7ca94a9fd1d', '0x4d39c3b2773c05b3db33d0c681cd3ac00fd28fe48cae18305140df37e28f9969', '0xed693f8b096728511e1eec3c3a0fa079746e29ba9221f5f92b5f8479ab0d3492', '0x56436323ae30992619b6971b4799857509f0ce2de6ee25fd899fc9e05c359c47', '0xcd10202ce6c668466c086dc3fe80d68aa708dc0d0fd2a883065ea0907e138675', '0xf80b646620a44d68273d750dff14c87d6a984c3ed0464c6a6689837de07f75ae', '0x896282ea74102ecd10d1d7ad39ad2ae8538e9b1e6e02be1fc9410db408e563be', '0x49ed0deaab93a1ad38a90e4459c6c32e1f4aff73787f8b6e9fb5d4eee4f97995', '0x988d8704341426dd26e2f8707472a8f84e06dce000f0c80fa928bb98d5835b31', '0x716e3967fa2df7cdb1192fde5ae5ed722075fed7eaf0ae73bbe1c5a229cb871f', '0xda8d068c536c6067fc842dac1f4f1ca76f89a6d9989679c496f611981df1f952', '0xc1b155def5fb95042684309e49843481f83f3842b43735c27168fe17c1189449', '0x12b505a039cc6f17c4b9296d016da97cf6dd8814944181a0f51624a6b5b06e94', '0x36f30e26cf7b131bf497200f54a98489b79b2f132f56cb34c46a9beade3bc216', '0x564992b27a6ebe6bd7d547868371bc9e1995ca35a3315b44254471e1e4683207', '0x213f59f9f95802862c39dcf153725ac9254310a6f53023ae8ff0178d6cd85785', '0x731064eb815d0e05fe1742575c758ede93a215732cf69e3272d9c53cd3c468ce', '0x9c7234ecabc027d57ca7cb0061b2032855f8228b58e88a3424521e1053db193e', '0xc4a9bb2434cc5d4c8ed5c55a910376512a92ccfd63e5f7d3e022c8f7be2b48e9', '0x061151da3c60ee197bdd8f437d23a312448899986bcea19cdfafd75e4bfa778c', '0xbc0941939e16faeba9ab165fd71ef4b4e1eb0a5333a6bf9626589a2db25e81fe', '0x19f09e6c2995c74f2d96d646bd353eb9f20387923c85d5056dc7ac95a873e7b5', '0x27ff5546426202419d2bce4113a90fed7642a1f353a145c4e291904a1ac76684', '0x2856d7ca5491625df1217a91333efcbf3a7858238e85be8b8b9127a161a09fbd', '0x05cfcbcf295b875b3deed80d42d269725e05a8cd8d253e75480b85389dba5302', '0x8b0acab04aedc2661a903130048fdf3580d285f3168c912bd1f766e6c824260f', '0x64c88a9a7fc0ddddc8eb71eff05f2faeb46bcf3168af5ff15a3ea69eee683ecc', '0x9c7a47ca82e6693fc5f2881be51c9f1467a9aa82d1837be88d7e87a5876c7333', '0xbf724e760fd9abbe56a36f34ff4fde26b06cdf71ea547bbdde9b2f806300d833', '0x3a02193724d1067f040eb374e7aa73b85f83574f717f8e4cb9db7092440849d9', '0x755b9161aea225710cb4a6e37e89bff3c580738adbb8c24d260bac1157a92706', '0x8a7b2ccab7ad67cf786bd009733d27781578ab55261b55d5da2185cc152c99b3', '0x8dcdc1c94669c9909b7aef659bbb7cd459127949435be5cb1821c3e59ad7c249', '0x159787a6adf506ad665e38a9df99269c1d81d5515fcefe5b6403858b7b6e66bc', '0x6f59e797c740a175c5387ca4ec78897dc924a3fa65225529753dcf2244523316', '0x4eb46c88b8dd2b3f400acf07629919067e62ad30216d9bafa3e64aff11d1bfd2', '0x37e473096a1a8e875f0ba9cab0964ae6985f0558ac542f0fbd9d3fb8bd8b54ca', '0x912245d6a0b965cafd92d182a541415f9b606e1d2fabadfd4064f7ce227bd1bd', '0xc3b18f8f73712d0e0e309327cf90becf24c853fd6e1a5ca28889451d2440f5ad', '0x0b14c8189d0e48e16632e06135a39b59439d99f43f0712ec3849c4997bf17be9', '0xf45c849eb4d43407ae66d1fb6881aeb709d67e9897034158a6bb8e0f1146b3d4', '0x4a8ce8ae36f2a0894780225e5e661e630f7b42ec76fe54435b2c1e2b297d21e9', '0xe23a8af0825df4233c9ea8b612bc6133547bebf94612d59cf52c45ddea3a069a', '0x1f0a9e685db6a3a3cd096cd5e49c710bb1762bcd469273c5ce1f6538301069c2', '0x375448c1b3fb348e3a920f664e8934a2b675bb165b21677f10cd0594f14305e4', '0xf6bf2e7dcaa4a03792f07f79f9e65adaa053236722a36d7a74142aad6e4200fd', '0x01e6b1659176874290362b65e4e638009c82295549eb622bfa575ab11f08d21d', '0x9f8db6ec45b8e713cab7fd6d3dfda14ce51424c667a08819069dd5b48df15c9c', '0xb43f3826072127fbd4da7ba25cb02ebe0159041f8b6406d0b8bc4528a1b819e0', '0xbed8c596d607fce88010278b42df12ad2c9d45f298fbfef4dfa0cebbb8620cc3', '0x089ccf6b5ce8d18d5b206599a6331cd2f4ab9104a4d85568250db90087c9cc5f', '0x5f92082de5f5170c5252debe35350fd22b471a5baa6dab84ddfb321962ba07a5', '0x87cac1f8e7a004e5710be7d437cdd1725ce61236e14679fb36acc40a86cff263', '0x3a69a7c6462953e7974dbcb2264c90de5eadb0fed0e9b3c03f83befb1396c119', '0xfc2ea105fc8d76aeb263ed0f735b8b663f7140824faef435ff315b0999b97866', '0xa647a8ef60eb70a52d050c62236ea099bac74826e799f27a71ff750160dc6178', '0x058a59aaa11a5b3e46211695000363bdea7a38db934649156d736dad24b8ded9', '0xd34bf6ac034c5219d4dabdfdaf8c863c52c1e9ff8e84df9c3564ce0ed4078981', '0x848808c73046568716be31ac8c191af4cb6cd1bacfb864ec590f5888ec2c42d2', '0xa632c80b02236cf470e77773c2b2892bdefb06419d5086f8a62a95beefca075d', '0x6d437171d26064667cd7f1c8a8c8d9ce95ac123f7f2662716287311adedfc816', '0x47e1da53c23aeb13ff10857aaf9febbb0a85426223e10d8e6a9d354b7ee6a56c', '0x2557dcf5c62830284ec0696969e5bbc1673a62c988e4bcc40fd283bab9d67bc0', '0x12e2a103c83677886a49ecee85d63d55fc62405a886a554a573aa80872bc4db8', '0x3140dcd904b0ddcc4ae9457121b112473bee494bbdf3417f1e35b344bf478f8d', '0xe64d89b64bb807df6871cd6ce9e1320211faecd20d79ed237209a51807de217b', '0x984f7004f05e132d33f51c14c91bbbcac0995257224462398a3583c0d56fd7b7', '0x5d874c7d65856003545d2e92ce789e1752c5a42f51669e4c75f7510711c48d9f', '0xb38e84f87869f3779ae7ba1aeb1d72b24f35dceb03b7e0508927508eda393845', '0x3a64de605246f1cd3aaa2e153ea39fd4a280c28a01a2f0da5ed8a147f94e5541', '0x79a08f9c99049fc826c92fe15c8d06b67270e043f1be43dfc383636aaad59261', '0x51e970d21ef0191db80a5cdebeb811a627bc54e7063d68a8ea4fd2f2aef0a19b', '0xd1abf0744ef44efe178a9ffad65b5b75c57f70b581ead3c7f7d4a27bceb0c87e', '0x9f04fcf230f6b09e6cc676aaaca700ee274ad0631eeea1557cb1a4bf259d7253', '0x8963c1caf0dcb0a428f680966301dea6ef98cb29f488367a9f76d540d5375de6', '0xdbcb2bcfad86af8d56f3d8367e70138280046fe58c23eb32113d1653adc9e53c', '0xe36a868765085556c4c554fc7b05185e07689830a41a720b73281dd2b54c6335', '0x054808bbb1ea05671dfe690d00987f90a2d6aac1c43ab01e74bfda5a657576f7', '0x5c07cddfb60dfd9091f484a86cc2acf99b8141c9ae9e39309e148750bd306db7', '0xc5af1ff5032f913d52256453479f024f2c36ef5e80fbc35fabb37f51e7e6c850', '0x3a23a9407f894d0d193f27c0f510bec60faa30863bd177704bc7ae776a90c3ec', '0x8a3906225586afd1e93605f50784664b1782613f958277c38380f556ce81b190', '0x441a9cb01e9bf53f96f18111733184a6c8970c0b9e7aa595e58e2f0827667df0', '0xfb6aca667caeda25756b8860d500efb6f07a0b667c9f968a6cbfb21d1d1095a7', '0xa7312eeac0d2832fe30ac01953248ebc592f3e4d9305b7d1b777541492b36279', '0x461794c7364f9c03d778c2d8e9e96fa67d0593dcdd9d60ee49b3d65cb392d7ca', '0xe74649bacd720a7f5e907cde5ce6e275aebb7344635c6e9a49717cbc6e8ce6bc', '0xa55dfa4d6ff28b631a55535c19ee941b24f3a12218ae6f169876fd4e3aa50ee5', '0x9c4fd64fc9d7913a7369da66093532d0397ba82c4101e442893b693879987ed8', '0x520f2ed2dd4d212e13c072c5f70277f2bfd232ed35f2c1f30914608162ab5167', '0x139d1a43d69a3bd7b4c14f6a2edc23dba152d7751d7de9010013b19fc7546a37', '0xad781d1ee0b23bcbbc6328bf096c7d481035b266a6cade138ad9298333cb5e20', '0x3994e594733b2b5395d3bf0ba2f58c9bf60e45aa4ff4dd09d2ea617fb629a13d', '0x689ef705e95cfc5e153b7a988db9dd3814fe5601e7187e219393b0560f73a5a0', '0x53a988ba4819b7267010c67e7eef67ba159fb4ac156be3c18615e0d7c682776c', '0x9f946bb10338cef03841f25d61981df012574e28d0fd3dbf8c1dbc4b6683fb52', '0x13cdd911f28ccada404394fbb991ac168f68c06834ac6ba2b8c1bcc385ac1af4', '0xe5f792a078d075c8143ea30156745bacab0217d1b567a8123b06ab81f551dfce', '0xe68e470a74057f41175235d68d2cc8f52d1ef34435f1f9b35d55931fe5e9fc41', '0x219c7e2ff2177bb799a30cb05486e5c0c309d7b424dd746b89b9212ede99d683', '0xbf3c094c54ffa9a748b298dfad3097faf983fe474bff376e73e63bb867be15a0', '0x367a59a1a1e0fcd10e9b0156538c6260590c67e6d6a2caea5258d177d74bf5a5', '0xd463eff8ba72ef31449dbdc6304af5c4b637c17167e5e2d206f91290e653ddf8', '0x3dd161939d9a3bfc70caedf35d29b2e8a2c97bcafa309eb206966e5eb3ef3c89', '0xb82cda6423a25ea960cdbbe14db8bf9854fa86a52c68806f14a46930e7c27408', '0xd52e45e95de60a17357c34b8b825b524a6aaee2401fb18669f0494c45ee6ec7b', '0xafebfaee89b81cd39bda5f3f9a6d452d5ddd273eefdd6436e72de99f2385efdd', '0x71f480b0b7444de6ab22ef19c2482b279cb8135e945e92385a48673808fe6eb2', '0x395af77f3039df518743cb054bc45e40db51edb619342610ced37069fc85a63c', '0xde7423a7188609bf5ca1e5f12185a1178840836eb9914dfc583c07289542237d', '0xd3deb7656d9e40611f0780c746cd5e93593b810b821cd4ac54f8e454d2291702', '0x9b4e50b61e7d5374f177045a3d7c592d4c9230eb00d1c1c3e4a8c1d60dbde151', '0x74c78cc72f9919530dfbf4b7aeffc12ff66fddf33bc88400943cb476d8033bf6', '0x8ad76a54ce2522a4cc38dc645b6bf17d06fb057c3fe3af64650bd4c5a4250f12', '0x10efc0cd98d80b70442311290acda0dd4e5f8a7487df3a08be849cf9e8e9a81a', '0xa47e766f68cb301e7058074d699ce0f9abc665a1a45d237bbf9b04d4f0f88bf9', '0x059530742eda6028d6d1de6bc4692e903c61d1a4daa9bccb16fa289ec28b25ae', '0xae0aded19faa38a74372b702b17064390e84d0e6499adad08efe218e6e7a4c1c', '0x582e1952a8b4461587e1797f22c4d4d608e00a113978457c642358f878a55632', '0x8aa1ab149127640a935c6ed7819c4c06b06e07f7d50e917e3c060db3dbdb52f0', '0xcfeab515d466077ffd624b8254954ac3ef654402fc0f522fdd4b1d8fc5cd9803'], 'transactionsRoot': '0x503bc1fff7f93a17b0be6819d10aef23f3d28e2b4a811c13e2e9ecb70908d309', 'uncles': []}} (async_rpc.py:86)
2022-11-28 18:11:28 [   DEBUG] Getting response HTTP. URI: https://responsive-convincing-aura.bsc.discover.quiknode.pro/3e7f242edcfec9ca1a36ef544cee66362af95baa, Method: eth_getBlockByNumber, Response: {'jsonrpc': '2.0', 'id': 23, 'result': {'difficulty': '0x2', 'extraData': '0xd683010111846765746886676f312e3139856c696e7578000000000040fc9c6775350603a3618a0bc2e4ef2357abd1aa7c4ea5bee46518f54f155a76e017ee6363befcc3b7d4c120788e5e9620d8f350e4f85ea7eac74785e4ea83ebae0655b501', 'gasLimit': '0x7270e00', 'gasUsed': '0x188cd27', 'hash': '0x270d4e2a48c03eea0d145f7c006268738709265e701695cffba28f0ccb0db4e9', 'logsBloom': '0xcc71f62c7f25da3e6dec3febb772ef95f9e8d9eefeffefb9ee778e7b3aba8b41eee5fbf1bde27ccfff6838f75ac77abefc77cd13fdbe3b33f34ea2079fbf6fb4a23726e999b647beefeff9b9da3ec43e7b3cf7ee7774b9abfcc450effa779f25bccebaedfb57fb73d976b4f37b65eb654f62fff2bada85867a25bb3267aa5df1fef12de97f6fb161b69ed714acee5ef6bd74d4bdb776daa8afff8d7f3bfdaab1ebebd9eebb38517efe10e9fff33b5cae562ff9fefca3a98b6dccb9af4bba35d8fff2ee9b757d56ffbfdebc5dfffe3f71fbe6e67bfd73fbd775f7bb0ffe3af37bfef2a733e47cd97bdbd715cbd7b8ed5d43feaeae8fc4fcc9b77e33bf3fba685f', 'miner': '0x3f349bbafec1551819b8be1efea2fc46ca749aa1', 'mixHash': '0x0000000000000000000000000000000000000000000000000000000000000000', 'nonce': '0x0000000000000000', 'number': '0x1655c77', 'parentHash': '0xe40c134ed68b5a6c8655a048598be5a8e91e059dded31e3ff00c8528ebba223e', 'receiptsRoot': '0x26c5e0c7d9acdc833a4dfa0a0af87fba02f62e6d650daeccf396b5a71a32dfe0', 'sha3Uncles': '0x1dcc4de8dec75d7aab85b567b6ccd41ad312451b948a7413f0a142fd40d49347', 'size': '0xe558', 'stateRoot': '0xbaf6c5905866b68c227212cea564a2e90ab21aaca1ef0dd3aa38a535f4fc9756', 'timestamp': '0x63837e31', 'totalDifficulty': '0x2c67225', 'transactions': ['0x8a3f48b72facf542e803dc8ddb27c67834bc52e6c5e4e386d15261d48bb16358', '0x397807700cbf4baa4c2a46ecd2749e35d33c50214b4060dc43f4fc1022933fa9', '0xdf5756b0cbbf303fb1f5a6645d33b70a1ac4986308893c2ea95b89cf14819132', '0xf6ce9001f215b21789ecd61a637aa4b50bb53e5109433660b0e9771fdf5d99eb', '0x9a040af62448035cd5883964f68d81f890b8e338ecd36eb444bb041bfb20ca54', '0xb5f7516e8ec6b3e7e86e068771bdc48c6abaa36e7a77482f6363eb354c63e750', '0x9a12d5986adaf3cd03ae3a036a46e78e4f3b4217856b070563b81cb4b7978f4b', '0x8b5ea8c96e65cdd54ddcbc8576e769a38079c268c4c851c3cd38c0e6f5a5bb7e', '0xc52cd51e37d09c243427417ceec32ccb0f5c521832d58f33e3acccc77b466144', '0x7677ed86b36cd5cf7a2c4ce7355c6239c7c639d8d8d3fbe93fb1e13a43a2e9d5', '0x50a355dd243054d265167cfc34be603c2ad9ecd5b46819476f5728987be46603', '0xe0ab40e769697ed10b57361f53971da14ccb8c033a6c7ed920e226e72d8e2c66', '0xae8c60979d13e2289bb8727fac606d451ac43d13885646fdaa33c19976beef4f', '0xd82995dac8b31a4e657e739e22f9965f11bde11b1850a6024e38e3f8f1935b3c', '0x0f46e1caa88d3892571be1de91d62f0a16a232b083bcdc86d99300841eb62fac', '0x176f48bde86a9b063a8eb7c3d1cccf59bd13f49c965da9e131d4cea5843ae9e8', '0x36aac0b164991e85977d861ae126303378baba5a39f72392392ef4533e161afc', '0xd4eef459a750aa09a91fc4036481ab6f10dac8e9eb244e318eb3fed4b5c5548f', '0x2dd6e583ec5d36cb0eb593dafee62cb9ef6325017d810cd6313b9ab993cebe8f', '0x18db8a2dfd185b131d249c35888a986ca0681e7ad7ef753a8f3553b565062812', '0x59a2ff5664dc75e8e44c980da12396ba6e9b86eabdb483dc7a6a186a44dc9538', '0x18932b7ca6ba21c20f641bb4cf8dc6ee28b0385848e71b267dc9aeceb41e4adf', '0x4230c41a183e59e5f935dbbba2ecb99bd3b68806134542917aad499b9863ac98', '0xd186a4ba9ae75501cb151974c0005819d5e408f2dd5e5e0f67c007f414744ef2', '0xab1ecec9e95526b5cf73404ceda8c79197821db2d3d0aff2cf6fe04428c31eec', '0x55d09442795506f554b7e903dd2f11b308c263d63c3624cea90f6d5713afc331', '0x656fcb6de6ff6ae15fac9966771649270c3e927ab73280b365acaaee188a40c2', '0xc89ce047523983eb2346997d56d41647c53797c5f2aabeae64a15c9a1d4ac2b8', '0x2c60476b1890d9dc6ce6c83c8ab39e72cda055291d5c6a5d105aa17bfc1baa3a', '0x3d631c969794fcdbfd67e338e894226f205a7a0f69ee2ddb5c891d207ddb4f5a', '0xf2984db6d8040020c691e0b5cd00f25de2dcdff7cbf757e8626acd57a7c515ae', '0x72cfcf492efa4fcba4817efb492335760528333323681e2628552612c59c14a9', '0x0a0205e8decca899c5ec4a46855fceabd7e3b12bd8271476bcc66f8907ed4689', '0xb93db2e97a9edf21599c1148a56c51a2d469d6c2b6e78aa6a761ef2758c98366', '0x196c7efa952dce4c16ab19f6accd5e8f64e9666d6050baa9256cfcb2def4e8bb', '0xd2eec4b54d7cc43010bd07ccb9522a98acd619206c85cf03ecd1cd03517ab572', '0x1e578272c6c2576190cf7e9c828655e944e274050e5f8c894824a7e39f1bbc62', '0x232e876f80228275d2f47d083b43d46e192f864729f36483a6c6c27fa0f9b0a8', '0xea94c60cf117b790338ac2422646789b98ffe4cf1ed9af65708ad6e7d7c8309d', '0x2757011fd24381440208b58dea6fffbb8c144daf54c672fcb6aa7968f818c6be', '0x8da009cd3f92fa2d314d29cd00f9f6e558f583998280c5265e5d74288cc44849', '0x7322ba417dc8b339a8e741726c9d8368800fb5e57a68565e4d3f546c6f9b9fb0', '0xce7ca4cba384978eef84cee25d5b5d9f616f94e5801dd126549290296568f99e', '0x4e154541f16f36674b033d4d600833a23a36f7466db8dbaf771495543ec37725', '0xbb0566d4edfb5274a6c5622120b795da46079d99a4bfe831d93de8433d192101', '0xca993df2ed972002f8f4550784ee1798c99c4471cd0f4e1947323b54fd750777', '0x14fdc1e0ce082344ca77d3cf2741598eecab1c78de794c1d54f96febaa789dae', '0x83b261066d83cf80c0889914f76f35dfd555261a2fb2ab62336a22f0007b7a0b', '0x36de0f7710bc0b560d8b2fd75faa4baef995023da0cb90ccfaff3ee1fbcc13bb', '0x3866a1a39a6497968d098227145dc2b5e62b654695aa0a958dc6b6e5941de349', '0x8c65a74f04afe524ad27d15315f763bf779292ba258c2b3e0d2a168e336a0c4e', '0x767cfe5eed262d72b30c2e4969fddab1369161d445476b0dbde373c810c3c2d3', '0xfecb4430c3d390348a4a9a61100029b1cb3a547149cea6f19d0b17f1654b44eb', '0x78585a8878288d59f869bafea2b0a685c806f5bd79dbb9c480b860bc587f5967', '0x468fd2b10d3e60fc6b55dd7463b1abd2ab7d0207bebba08e504516e16c46e9dd', '0x583e33c74f75da8f0251e55f9140f60a074d82a206b59ba1a2bd657c6a0b3105', '0x9d23c27788c70f039eb0264791d948580e634c37701908c898b2f4f1ed665779', '0x44b4d06415ffb5e09c023fe15e1fab8fea7182104530108e17c2f1dfc4d60c6d', '0xce89bf2222b1d01498e9212b87c816da963923399695a47ccf5020ff046e6ebd', '0xe7a225dc1f1e84c461601126677388c6d7879cb7472e83dbecb0c7892b361f8f', '0x25b9e9fec087b2e28d9cc67e30af16579dbb0dcc99cf0a50dcf2dadcecfc0274', '0xec5bee19cbed3ca0cb467bb3a81666419c7cf1641000adcab2721d994c6bcf6e', '0x647ed5dfdfe8a328dfdc15d7f14fcf89d65c4c7193a26caba70b70136a9c67ec', '0xed042b8fc77823ecc5052c529fd38a05b114b78ab94992b706dfd10666d9a263', '0xe625e37bd994f0dd9892ca2f608138b2cf5903a201eed054810dfaed126f5e6a', '0xb047a437869847bd164829722fe8aeea5dad1f63312b033c1e25baac3a5460a8', '0xd2f9939614a68cb295335d04689b69f4a0eb16f83b02650014fd4682dab7fdb0', '0xa3260400347329b2466acf40b0b18c2256b25f44130cc4b49c806d4d19f0b4da', '0xc0523a562d07d05f1122572722cc476549ba18624180ea4e70df17bcc5d609eb', '0x8883f114191022e3885be20406e256cefcf9aa662dc50cb32912937599520de9', '0x9bd2ea2eb82aa5cb7cbef77a76b0efd3f84191a5609a8ca329e8c33ddff5aad8', '0x15164548f2133f0b15d22f39427bfb668cad7142c6267e6ff52998977c01c344', '0x374267b95188c3c7db0be4c05cc844fc513f7ae9b4897d40f1327b037fae1d01', '0xa9f75a68ba630d433d511787c56f4e3d83f1ea10936fb450c5102fb88c4fc792', '0x952ca64c3622492943253041d8f6b8de32541646046f5168d8b5d3a96c9f37ef', '0x5a028303ec25c14f534690d2579c22e952d12a9a5ab47fff2e65c7b608313292', '0x1d50a781fcf92697fc4e822e1c98ebb428c34d27eb5d9429315a051f2483bc3d', '0x2c5c24146c94848dc9ab2d7bc4098f644cfffa97b01e759db1ceca3d5563b12e', '0xf4807c7005081ef9a5246ccd10b3e1accffb87eac95663f88215fdc4ef606856', '0x098240b49c71594914fa4d093040da4d72adc5b6d3367b5d86bbfc08b6885aec', '0x4c693c026d6323b3de5bb55c944f29f24be369c1aa9e56866846e2e71e9ac51a', '0x640529e11b5066c07ef0080125662b4dc0c7d604e0f45ea7d714def08c66a2c7', '0x3865dcf44dba6b349560cb64201b626ced63e07e22ec20abb6340cdb0b28ec20', '0xf53c4bb745e475d0e98873aa077eec0336cb6ffe261a00f18a5f4c292a78466a', '0x15e06eedb4a35830f6329039c74488e7173c73321ab949c107c40360ce6d6164', '0x4bdd2cd64b7b60da5d4eec670ae06dcb95afd3bef6bbf73c94134bbd9007ef3c', '0xd07b29fe9e1ff22ce7cb0aded09944bb922b2b08864e041b55d86b04ceaf97f7', '0x71f7051ebe940ec911089acec2584a1765a8402cb420d13c935187e508190242', '0x536dccbe4cc819eb579ea9680ba883f791585459619385b161e810e3ca648181', '0x8b04cabdfc207847bb78037ee502c1a2535890013cad6ce32200c955e70ab770', '0x49e697a5a0e6fb565e7bb056ed5f2150c4d7283be6b8d8ced198831885851179', '0x38782260fa3260dee75fa50096521c3f73bf3e6889eb3004d270156bc25c0e79', '0xed07ad786b2547d61c53369818e356aaebd506c4bfc77e1ba904bf97f81df32b', '0xb2890f8af6061aca537d08d95a5d1996c75cb03ec6eb6c2d28c9797476b08255', '0xf9817bbdcd1395658bd300907440c2fa9f6d8f31ad0dad1ce9290506c63a84c2', '0x688e494564f8de36fc6415ab125da26a77c1555b56e4f82a0d9256912a6647fc', '0xd2c84cf2da6271d1f0750019a94fad9736619983131a4d0a183c8de638423db5', '0x48dd48f36a21453e698eb86058c9782c7e1d82a9a5794b38a0d1ea8cc8f80beb', '0x55c2fd75d7644ce4f41b0986b17bc6b68630ccbc3cfd64a5779462cf80f21121', '0x89445253a28fba1094a45a370019a68a17294a53bcbf4a479bbd278b4cd78ad8', '0x64412110e05d7f7937a8fcb7e1814aae23674e0e2c00e1aeb56b60ccba491c6f', '0x4252c3e77adddd3f754424dc5adce0154387375f5ff4c7355270742cb9ecdedf', '0x45fcb99189abb035079028063380014f6b91daffc7fb64448ce36b53ce00f011', '0x107f4d571b1d7b25d14972ab1563f344bff1a16d1e57b519e33d81d6c9ed47ab', '0xa71c03470dd266e009d17797998201b3bbc5818ecdf62afcf06a2e2696f7a896', '0xf125387dea38907a8f72885235ec308c34e68ab396f977fd40db3acd4b8d1b56', '0x274eb0666185dd603857885a70eebc8897e3cd9f02a3787477df358c03bbc56a', '0xd101d776319764a9caf19364a3d54969460fb544087e96136e6878b3daea7891', '0x021c92a1019b601b4cacff51fc56563dd936ca5eb354ec95fa3fd0f3c7f30b27', '0x447ae349eb3d1e94962f22aeae4ae0a4b12adad08a768989799de75887a8edd5', '0x978f249d25a721acf89a965bb6f5415eac70e9e867f850513a6e5f76faa4731e', '0x47031e526ab1028fee6914ae3b01ce063c4a452779b7655c63e9584c6cbce789', '0xff85608c63440265dd4c4a3c8a7effc605b4550d7d78bd28f46feecd69ef5ef2', '0x06178892c67c978e88af4b2a6c3e2ae025df965b20946f7725da30516a3a61c2', '0xcdd0abf0b23f679d0bd8700d6a4ab8d63351858fdbef4ed67788cce3f1b9bdca', '0xd11588c74b3f15f1dc1f019af3fe33ccba5d9631f2fc84d7a163cab0d4626ddf', '0x701965e978a875fcc8e9d86003489f01a4ce3e972c2b1fba663efe940e440833', '0xecebb48afef3519696e160fe36472276bb8503d330c601aeb498d047bc4aff24', '0x156354e16bfee4a5e5f3a09c5c19777e004e2d2b5a17c19e9e4faffc285f202a', '0xcb2c2453415a09233d8209fb51ad4660855dadc0c9d8a4ad85cede067cb316e6', '0xb40c3fd4cada87d179eb73d529c88862a43b6c20c7ec6c8923296ad5d1ec0fb4', '0x2fbc8ece6273f5bcbfbc7a847645f1396f386eb612d2382a9de677e37d57f6ef', '0x9491e9e1f2cb356afa3967f3df23b1d732f3955eadd2ac1651433ea52742760e', '0xf483b1609a50c51db422a864b5e75e7d6b3e1fde04d55d9f4f244cc060b9c1b8', '0x9bd2eeadd7d7de1c154113ab946b3ed56b700e153b51e832140e5de9fa60649a', '0x42c2dccb3f3eae795ad7a930997445010750ec902565e23b69c6ea07df9abc03', '0x84ce903ce2709eee02d6a8929ed6d5690789bb50608975b4aa05cb789e48b1b5', '0x0e87db137b0eb3f10d4a6b22650ffce7d78a4825c517cfc731893a3b93d6724b', '0x7254a7fe292b28c208df87f1deb1a1361497c83e466763509a39329ae5f3f5aa', '0xae316f049c5203519ccee0e3bc68c660ed25a1f04015a5ae58d027f19189ce25', '0x7b951ddef2d2d7e3b4ad4878a4f2693598b2d1fe487d5cfac8416b45f0f9a116', '0x91a5001f6491d73c96596f4217c0daa9bf35c56fd8b8869b4a03a6a997b2bcb4', '0x60f8f948e825babf7e76223225ad8c651cbadaa675e10463c63fc7ae3eaedbda', '0x7d3fb642b582e395ae1a6e6d1158c08c5a6d096b07a43b508d7b97ff0ecc0bb6', '0x5967a273819eb675c6cc50e25e5eab7bed43cb094523e56ecbbe62507f7dbb3a', '0x3574ab8fe4469014ffe63c88dcd7286b9b373e00999580b306842762854b2294', '0xa62ed6815aa501de6d124e2bb8fd0b32e8a30cfd9a464c42a4eb0c0b41ceae59', '0xe0cacb2d7392881326b925f6ae589e9a5d7fb0efc514191abdae5fdf0a0a63fb', '0xbfd9e450c8ec7045a6c04baed08569a6b891227111c4dcaffef3fdcbfd2ba582', '0xe6220e965e636fe9a14472a5cb43d372e5daa3329233fa300d51a2fc235327ca', '0xba9f621465ae0d577f399ee588520848ccd0be45ece5d2b2144819921f647075', '0x8f22ab9fdbd6b891632e94e35acfa8b0bb2e4333f68c1db9b889041ea625089b', '0xd5dbf61c7abb465e92b74bd6bef6087739ae9292624a4d670ee41c0d504e186f', '0xf3c3f9c361c15dde4b118b4b42567dcd0ea357a44845d4acf128d109c4e8d636', '0x032a2b2b1c9b65cf67073beaa7e7593133838f0c9ad127c81baec8e26bfa1ff7', '0x75d2d47f82692abe2483878ab8290ad2f5fc6fc0b20743d15c3572c2b96a2715', '0xc447dd508fb5d8fdc859ea91dfc8674295ab1a0482d5ac333f6d5708ed283689', '0x359380198ba934ec376d93051dc084391db4db1d3291e76db64f86abdba8c074', '0x0dbec9fd85a470e1d42311163c458fa842b80dafb2bc1524f8e4e366c8942d51', '0xe2aa079584af08013e395b52a8e8182951f8f6b64234a4802af5ea5ed430a1eb', '0xee317d5067af64bde464277959fe7686b5510f280476ce9e6cbbdf9fd01b317a', '0x1d8bfe5b2054a8b85aaf84f8a4616b556d05db54651b9f862bf9832a29323ab0', '0xf48f94f4d8d803925f9968f112e7bd49b08fad853f18f2e90594ed0980a19560', '0x1e461ea69b52fac7f57f32e226a288079db5eca3cc908169b5d82fc89e1058f7', '0xd6f5879fe0d7b9255de0ca1e7a84f95a56cb6d2722270e0c24e9d65bb7c3ec35', '0x4b43e0e82b36924057772d09934daf2b949743c8fff4cc2f721e95cbf8988523', '0xc5712ac437ca2ee13de95a8d31455c2214957736ba653fd1047df4fec2a6dce0', '0xc5e61b0e33262fe2949026c51cb2c10fd4989677ebf468413109b3446cf8d0ef', '0x49f3011baef84182d962cf0e97f4c9e3a2b2a7ce33a6e0cb966b704934b25485', '0x2991a8a4a709bd1a264289e2978927aba8b1a8a30338c59c4b46c38fb03ab2ec', '0xb993c1c3880de2f491e04ccafca933b9ac1c08eeaec1d8bb26eddad518c3ca0a', '0xe8db11742cdf1f8c4f0ea9f915a0c169d6586f15bacf9262ec5bb0b738364e34', '0xc585d6def870f76aba30b79a08d1311875b2d3be41218344fd299e5f48e38dcf', '0x3edbce8a5987060a4d9f754f99c58393034e9a8cfd9820692355779e146bf2e2', '0x17212778136f0ab9dacf78b3baf017e347a4209a1c447ab46f71daaae88b3280', '0x04dfeb684a605528ad703bc092c7778f7dd24b528aa7ab611aad9eaeedbd8516', '0x129a82bd022151ba07035e6680673845c1daf3493bb27f04984e8c4fb0f17082', '0xbeb6952738a134788c77770faa32732d0f830273ff37a373ac672a107418c98b', '0x4e3a869acf0ee58ac004971ac611cc3053500663ff5b1d18132c9c3dfbbe011c', '0x9268d67865e09b7a8b83e2b6bb642195c9bdb89f2ba13c113f3c0693dad760c1', '0x46ec21b05a6827c523218b94d69df3e46381597badc81c3488eb059fa0a1a154', '0x7e106220cba7730de5db7d3a102490a061ead45b1288c8221c59cefde7a1d11a', '0x5180ca785e28416dbbc034ad03de302a274e18455b4ebad45ca4c4d188ee47b6', '0x7b8d8e41a4b2612943c4fe03de6a8ba4063a4857a98f5a6a52d1071e04f9b669', '0x87893717818a285672bace9866fa009ebe3ed762b1e95bb6ee4bafeb5b91dad1', '0x00aa4fef2c4bfa53e2471d99d3b5ff4ebcf9ad58dc05b2a5ae6a660da928cc49', '0x84f468dd201f7b4060749cfe14f3825f3bb8ae067eac1a03dc20b95eab454ccb', '0x8ba60f77051ea275932b72e866658871601cc0b576929c546bd402fbdb607cd4', '0xc5b5508f59ce035e1c46655479f4e35a8d563d0d4729625fadb9d9cb37bd16e1', '0x327e530e8f4a7df0a0e828e6ec03d567616af785c39f3dca2e769cf663bb587b', '0xe6d42f203f46af46a1956893db9fd623ea33e995af291bf4a9e45b9b5c03669e', '0xd8c1e5155ed8fc11d8fccc8fd866defc32b98de8e0df71a808cc5fd916632430', '0x0b2f0f206b4db2fc71c53548d99aa38baa55faa544f97ce55c2cde59e266b566', '0x8467ce72512aef3f878c40f5a98b184c13360cff53ea7feeef21189b67077ef2', '0xa5a59936b83920d174c38885cef628c86e6d4812fc9b9e304218b35a64346d21', '0xc693bf90cb173a64ca1ca156f3c8549817ef684f85926c19ba233a068f3dee32', '0x8cf93f11239cf2647a51008b2c212bece29b13ecc4ab9e322d062530c81904cd', '0xc406abb58af3422126b4afb0668f46c4cbe07fbeffcb8540ef3ad7bfdf53af56', '0x67123b94edd6bf8a0560a04faf7960dbca68e8f7dc0cc5b56deacc628c6c8e85', '0xcb4dca15003c19803fdbc71c8c79040381f6940fe6e28972f13167853cada2e5', '0xb0bfb9fd6ec3e456f8ce88abb5838e19ab696dd9f8d67f3c8f3c32b8f988b5bc', '0x9dc8ac4f888bfd8bd319640c3cb63e22eec842bf2f95a08a4aa6f7a4f0b02944', '0x77981a94f19c8384be20e6e4bccb41a27f4524ca047f525491a9844c6e1e4bf4', '0xa6d3d15dc1ef613eb4ceba4fc4671c16245b2b9ae3ee1732f91b85be9fcb0b57', '0x656f0d7fe019a2f762830a8765a82c477bdbad9f28955aa60aefa7ef3dc8cbc1', '0x34cf071bcedf5ae422e79f479bcd6a50f271e15b90928918ed140f5e53c95274', '0xea53c2514fe5372949256298a6488413cd9b242ddda0e15f893e8976ee5cf83c', '0x0f75f3185d97755a38561c058e94ac89d3dccdae5fc764c9a236e9b2176b79d9', '0x2d14db737deddc7a427d053fd54e5b8077b8fc94069625f155aaaff2a7936816', '0xbfc4d71233b37247f34a73067eb23c83b8895e08798c6bd9e49fef6af058c885', '0xf00ae752eb68442546e6a392d76f7587f42b555f86356c9d9986ba2a57d490cf', '0xfd3ebad58d08a584eb3d8c986e7c701504d59b5bd0c4ffb603cc6452e80155ba', '0x3990a110fbfcca7a2edb9899a079e96af634c0c538773afdfbf740e745dd3692', '0x9830ece06e5bde84b2c54c02cdd7d3d365aed0a32821f62d0832f2371afc56ba', '0x76d2ac0b4ddfcf0b0f795e04b094dfbd3abdde1d9fefcfebf4b28c03adf19c38', '0xc9e52c05347f797c2c83ff3bf4fca55f65177e56583216684217a3e3978ba697', '0x75e018bc86942ec1916b5abe31287aa7606ecab5a8fec65004f55aab44af978f', '0x87cb05f97d5839bf41574dea913b811ef3f53d42294725ba6f5d7abd771b4475', '0xd8c85672746ba8a35bb55d8801b161d460ea03e2ee7ea8f817a07844f8acb9e0', '0xac11a6e67a6c78c6a86324f1f86986775b7076393eb14e2a4014c40bdb562d77', '0xf5c439b0de367cbc961ade8265ad31421ab95695acf069b74b85e0728a86de03', '0x5fef1067b21d38a11d29aa7b9ea17efdabaab3d015053333dd93cbb4ce7cb546', '0xc53a2c947750f8355179b0ea23e57b05112f357e6dca6b031e76c3d0a3f3e7c2', '0x705938c344817b080514e907295514e4ea4c0741f20599be3283155395e2eeba', '0x6b4ab7e6f194e373f9c46ce383409cd33ea6e313353dd24f5709a5f53d0bb47e', '0x3f54a263d7aa7b4196e5e6244d369400ac28c8234a8a0346aae895a98468b56d', '0xe1031c5414c5547cdbedcb4a6a11df6a313ac6f48320162e5c2574995f603009', '0xc7ce222eee2bcb66d5974f9819c04a926b8bf9caa2203765fc3fa9394f671e60', '0x8a6232e4bb7dec03f55b069c0c29664207d7952ac2180504541ab8594da5fee3', '0x40bf32b7de585d2553828b8069b80ccee9917c0dc44415497c1019f1de87bf40', '0x7af68c05d045d24aaff092d911d638efd345852e30b206af34509d735a357fee', '0x746f6cf7dbcfd43ad5d62496a63e80f5fbfc7d4ec7960e81b54a75ed740d6f74', '0x475921c9aa48c5bef22537dfdb402841bdaab4995d99f9b62b494f8ed64e1362', '0xbe1e4e2041231150e1a2df2eb1fc64e18d401329234071a488f66337a29cddd7', '0x18e51c5b8b58b9cac98782262e4b232822b3c734929e979a07bdb4ab34ee2a39', '0xd43829a64ed2ef40e37f106275db5a72679a25a07a05356154ae30a08151077a', '0x90e34707bef5502c83d9d7b09199c808f952f690127c532549b4c7a612276dae', '0xd8e00a0eb474bbe106fc2a599ceca69b437c89449fd641fecf9c614c485204a5', '0x3446cfcebae3aebedad84f4fc6a10fc2fdd30862cd938f001ebdf1a1d1a2847a', '0x1412fa1f32acf8443a90e1e408683e0ebf131c919332936beff2a473a829d4e8', '0xd66979f557de80e1e86249f0f29db6d5b752fa57827f07afd123f158bc36a9e8', '0x965c87bd80ca0d2f26b6d688f3fe89cbfb9f0dfada26dc7008529e224b3923b8', '0x15cee1831b334fb2929e16cd6fa47182aae5f8fa1eacc110e8ca6477d1ce2d9f', '0x456c02ab64ada613f41f38ac1ab466734867b859e532bffccad4b12e20b147c0', '0xdc91f32556d0cf89430c561d81fd3322145bba0b5d7fd25ebaf30a9a55b0bee1', '0xf5edd7d6b0a1b23bf6f697482782921fc9c0c1144cc7eb895e311766af91f08e', '0x4b29155710a7f8dc9e88a2c5c79b810d5efd912af2e5d997828be3d227f94086', '0x988b14b1c360ac676da96f15d6048023d07872c8bb9825997be18fa0eea9a253', '0xed931ab8464c439b96b29d14a15d93f37931b229d0722da5278f1cd2bab276e2', '0x94973fc19b2b4000f68bc17e69d076e5cd5d5661a1d1f06f66a8a800bcaf2b99', '0x190683105c4e3c60bf1350ee99dc11b976e139af249cae892b0f73406308b1fa', '0x168e61231306a0088cd0fa4dc2e549af0798263955742f6995373ca697966db5', '0x1dddeca1ccca54ac1a1a8d3e7e4a845afe6149e19455342e184a546145c0f43d', '0xc4bc456707714388d6dbcc3c1c817cbcd430b8d5f6ce5ddab863ba965ff51460', '0xf44505f6b25097201855779a33b188403962da67338aa2e02f983b1611bb9dfe', '0x56a4de9a3b66bb72f2449c75f59b5095d16308185f600e729b35a99473499094', '0xff70f244ad98a229cef8ad0d3e6ed5d8ce8ac7f92e3e47ea7d37dc36aff07b34', '0xb8f9997b41d6147a4c9ffad119b231e88c239a3aa4bab22260684630e40e5c5a', '0x8bb9f05d4807ee197ae6767edaf357bbe2efdf2f5f7132619774fdd6791de341', '0x0d4924fbaa3115edb41e00541302b82950cf6f5e5f313a39ca1b6249148c564e', '0x055cee2883ba5e7e102e8c225ea4f1325f67a8144fd0aab89518033248393773', '0x56a82c1823873bce2ec12e050cba4b407c9ec706a16c5f3c8b59bed591c7005a', '0x513a53f67606446a51b720c7854ad339a834cb736772ab73ec4bec787e87cf87', '0x86cffbc07be9d2ab8fd4d55014acd81745447a8c72e74809c5d4a2915bdaf820', '0xcddd357b8da4a5e970094160d492d08d55caa58fdec13a756098077fc673a93c', '0xfdf64d6c590e1ba7bc5a286edfc4406fcd8ba7534e07bb11524f4c0cc5113ea4', '0x78e80a70c742de5e098599db1c0c4b110d5e0b7a19c00df6c022de6cc1d15986', '0x5d072b5c73ba2398a6e70fd81278fbb47f0a67e3c27f842d7ffec6d6013e1d57', '0xdb3a33b73bbd7748cc13c1e3636dab4caf84b177f9d184edf89d792496008a3d', '0xca3e22653ff1eeec09895b4037f275899cc8012c9d512230ec5eb694616f17c3', '0xa4aa7967e7b36c543390a20b085f9a5015b90bea8d87b809a8b46bec65dd40b3', '0xae18b93791fc75e9d67f7299723e60d21183afb2d5b8546d71e6fa4c5be69d6a', '0x37d0f549d6c5640032a87f72b8b230e8c4f945e64220f48e4d15298b176ffa66', '0x857c54d2bae22a9cc64cda792b1ed36e7cbe50465ff9c5c918dd81f5aa24f953'], 'transactionsRoot': '0x28a86a72544c05b69291b1345d6a4033cd75b7e35102c61a551ec1221aef4fe6', 'uncles': []}} (async_rpc.py:86)
2022-11-28 18:11:29 [   DEBUG] Making request HTTP. URI: https://responsive-convincing-aura.bsc.discover.quiknode.pro/3e7f242edcfec9ca1a36ef544cee66362af95baa, Method: eth_getBlockByNumber (async_rpc.py:78)
2022-11-28 18:11:29 [   DEBUG] Getting response HTTP. URI: https://responsive-convincing-aura.bsc.discover.quiknode.pro/3e7f242edcfec9ca1a36ef544cee66362af95baa, Method: eth_getBlockByNumber, Response: {'jsonrpc': '2.0', 'id': 24, 'result': {'difficulty': '0x2', 'extraData': '0xd983010111846765746889676f312e31372e3133856c696e7578000040fc9c67142fbaf3f1db6fc1ea345aa454bbf040e90439fa93c1b1427abd4cc8d956196e0915d918a61b39025f38aa238cc22e3ba030c765ea2192594d762ca6a4e146f101', 'gasLimit': '0x72e350d', 'gasUsed': '0xc9e70d', 'hash': '0xb980375b86fa23d568ed25ddfee1fcbcf6e184b988532be38008f513be68ca3d', 'logsBloom': '0xd823c35bcd5eb4304adeb7d6d89a40b7729260f7bd4ded9d7e90f62aa786f528492546417cd85f7463ad34b5684a7ce7ab199d611a2826fb793e03ea58ff70c995f58b40a664fc3359ffcf5f01a1ac39fa5996fd12deabe3eede6d13e0452dcff03c3e32275eb5a9c3cd2e52d81aa863fd2f8c478c2a6fd44f7bc370779a76eb954591c516719728048e74a78e77d1ac0fbd5415947a87cd7dbdda65399d9be983eb407554883b827d047d6f4faa0bee5cb451f8613795360fdd772629f7835cb9808d3e177b26a302e8730398c332226df74dc10d6d82177133f4867c20fcb17b721f9f19cd722a1d66928a5ef45814da7e771fdff6f14238d30a1c2fd3f8dc', 'miner': '0x61dd481a114a2e761c554b641742c973867899d3', 'mixHash': '0x0000000000000000000000000000000000000000000000000000000000000000', 'nonce': '0x0000000000000000', 'number': '0x1655c78', 'parentHash': '0x270d4e2a48c03eea0d145f7c006268738709265e701695cffba28f0ccb0db4e9', 'receiptsRoot': '0x376a559ca41f4e402a0d347676009c03f01f107cb0727da288ca3cc3b460c5b0', 'sha3Uncles': '0x1dcc4de8dec75d7aab85b567b6ccd41ad312451b948a7413f0a142fd40d49347', 'size': '0x7b17', 'stateRoot': '0x298e0ea95ecc9bf4a5e810a7c8ec9759164801419f2f5fe75ebaccff641e87e5', 'timestamp': '0x63837e34', 'totalDifficulty': '0x2c67227', 'transactions': ['0x0b7f6e52a0406242a3bbe4c44bf9ba458a766ffc9f16d2a399997f0c49efcb93', '0xa5bf275d9fc44365a3fcfb47cbb7c29cb4e4a75c3be1e9564fe2f519ade5e5d4', '0x6a1f55f03ed3324d2378d9b34e9cbe17558f5c5ef0731ed9fe5abbe46e66eb41', '0x988f682cf5377d425bc3e0867e102b3c64df7059df1d824b25872cdcf4330a0b', '0x404e3d4a1958630bbb82712e15118bb466fee8873feb5cd5a1f59c0fd6e00875', '0x0c29e07bfd7a59c155efc378aece98396780bc007f4db01ebabd4818715f4bc9', '0xb63c710e53b23629164b1ea2d0d277ce359647caf3c1e30eb762ca9ddd2c9701', '0xbcec166ce1cc6316cdc2564985cd2256c411317a08581d16536dfcc5cfd377c8', '0x9f09979d8f76fffb40ac1160c37bd247ba53b75b1f8540ab20a0e96e88be52ed', '0x8fc989d77f39fa412cfc7ff50baba79c831872f2fc0e532f82a61e52f684701c', '0xb07b85369b1266ff4bbbd0df3b42cf26f4c4daeb85420ac068f08aafae5b43f5', '0x1c18d4af52ed1fe5902d2ceb9dd9eca97ceda6625b09794e68771110cf8fb651', '0x8555c686228bf79d7edab79f365a1f1c98e9098eef93e02e5e3f82042c755f77', '0x787b8a241c9ee695f221981f6086389a6c71ce4f5d9b86afed8030bf60dfdaf6', '0xbf0c8a9e9c976f98e5eb4d7cbc8fe4bea3f5eedd78e36473778de8c6e4434d31', '0xc015dfe533a76848474be3594a0def351fbea9e9fceebffe8a07632688b34951', '0xfbab8ab45b87605b057a6dce17954f8071ae46601d18b946d990894d595ae9e3', '0xbc8a96c37de76fed728004e25ecb6047e3b9137de21c377abb65175003f0d140', '0x5537c9690e8f057d4a40e1f42f1acde7e97c975f2edf7a6444c0bc0061a29bf4', '0x4966bbc91541143e4eb05af384e1ec1271a07643e8f542d0d6273ad1dbbb8852', '0xaddb58fbd0b8419e29dbf0aaab9325cc186d73d446c27656bfe9caf608a781b5', '0x6fb23846154deaa7b5b69c2eefa3515f4982e6ff24702c5baa9271031011c096', '0xf788749bca6be31bcc6157370d6ae1ff7c67e95e5e3b1834c943917562f85843', '0x3688def691d71de9e368f6f2702207456123afcb3241e3deb5de566ca213fdab', '0x8d65473199e07e30f9bcf614db17b95d3a3f295077f0dafb216ccae65913f7a1', '0x66d081e6f0eb2f8d99725040f825c8decee8291859b07c1479a0cb3a76dac237', '0x00b76b878e903478043afe3aa647e90ba76f2112aeac9060bb4d13e62678b9de', '0xdf71031dae360d379d5b32da1865e16b4c96340dc8cb46c64f7fe1066f2e1f95', '0xcc7283927976177509da2244da3786dfbfc8eb359dd9b73159da6683cc74309c', '0x14c91f2fcdddf1a001f3f8266c3d367ef1b2ced1cce410cbbc6b877d71315375', '0x73bb728138aa276b6626b15c300b650c7ddc457b5234c39450eb81df3d6c9a38', '0x371ab1abe8a3ec70e9be8e4855ba96b31730c09a888f3fda34227300743b4b24', '0xb713b06a80379833baf88412863c01e67767d50ee6bc6afe0d00baef93e5344b', '0xa78c060d6418fa3629fb4846571fd4f7a07480b987ad506cbe4aea97606daa9d', '0xe639a9ecc7525e4e78e660b539c4cb144a5718a99ef477abecad58d1dceeac32', '0x3762e9d7e581063b0ad935d9bd2d1305c432ebd5e359cbbd46fde365a579a8e5', '0xd4728dbbba240b76e8cf33a186281bd5687fc40498fc5fd38cfe4444afda1a97', '0xf1a137d4c9db9ed85854f6b4e1a8376ed9dd4c143412b15b4e8111214fb14352', '0xc57fa2367d94f89e27a386ac83d87489da8e800cba219a3010027816187a3c82', '0x00596d50c9f8fa0f15dc2de854e7365e9b036623ec62e819b2ae1d70e4c7b18b', '0x0a14202b679c0d7e11e65baff6798000733267810402a910c973d83e8e06ebeb', '0xc9a642f5b343ed2e5e4c1db383a7245a1fa66c3bfc27330c7fe71c4d1be20dd7', '0x0eee900cd9a327636840d16fbee56d382660eee9659c0818e2ccec2270231039', '0xcc5e3930e3e326672ea321382084c1ec9c4154fefec2956d1de2b93163527bf4', '0x32be5fcafec080a5ed53fbdd932f36f1ced2c46a379a81048de10752d2ce5d81', '0xd5689569a10bc2152909312a0c9bc6032b5a4e5dcdd1f5f56f3767195b78bb3c', '0x91d4eb6c3d2e2a5065155e72d4a3b71f1674fce2bd0e530c57595e0e77362a98', '0xb80953c7824832a1e69f8faafda002b6eb926e4ac0e5c0db66915161e1f1ab1f', '0x6695767e043c883c4b0c6bdd24b88535e51f15d88962484b4801ef4234826964', '0x5dac55225303826005877fa5609374594027e7496bba93aaaf4c949f7c1ff318', '0x0a363ff5274bb58dec7021d4247d2f6b92f3f0283f47fc556ae4db16477ca93c', '0xa189c9af2d0ed40db341bd8ee0b0d11d533e16e1917325d5a99366b52843b67e', '0x1c666763f1caa2cc9aab2cf0bcb536c9191f612ce8b035ba973d072081c8b6b5', '0xef99c3fce1e1c080e24d66ad6cb21938cea65cab4a961ae6f698332dc0684b0d', '0x967b304e1efcb90583cc72ef9d233befa637f9d3525c0686c0f17872e9765486', '0xee528004cc87378103e952bd194a993271b0b81adf73a22031ef5618e18269e2', '0xbb9d56fade9567c74e04987db2827203e7672a123058668e9a18cb1883f8ba7d', '0x25da334ce94093aaa5a2cb3cbf3291747fbaea17a85012bfd8fd0a4943115536', '0x11a6857234691c1660e6d4044b11586fca1632d5cd761780b76ac0335fa4995a', '0xc7bad18ca0fde4562554b0828e55876b10e1f07e95da33f135eecf04fe806cdc', '0x029b02d176f165114cb262bac2c83b932f8b2f5bca7034f86f51ea4408ddc02d', '0xa1eaeb4076d689074821b840086b5bbb7433594ce4931c743a129843af8b3a7b', '0xc1e5ca0970b2774121d2945ab31d7d20bcc8c83a8f56b53bee8580690992c1ea', '0x167c3bf8a20e2b7553c3a709ec827fb72e398b1578e4406749b4b1be582fb66b', '0x4b145cf876d763e474a95385404b58d2779d430e8305c00af22b8ef894dfcc4a', '0x958d6300aadba2482e681739a93386c3833f41d03f90dac061e9066eee2dfa8c', '0x8a1599ae6b20f7dd085340bc0b465471b95ec982b8a693d2639a0235a6fbd48c', '0x7e12950f8271328f4409704f61e04b55c0e0c37054d03c1e7282928dac6b161a', '0x6665a23d6da3b9402ad142775f9b598d0df90189b2f570d5e89f3c603e2792f7', '0x15bad97d527a58ac7fcf9612779eaf1b14956703e964a24d766fc50f6a0d8472', '0xa6859de61e5e8a68e8d1775a18eab4a0ec4dcb969face065935c66fe51893ba0', '0x34ed46223390d5e0d2882cc0778abd4b14ed893fe65858f43f7062f116159d87', '0x8ca7441e539751d1db21740f88685fcefb6cb94c388f3c62d477d22dc5b933af', '0x53b1dfb10906cb559ea9585d739c599189e356ac189e2e5545e7e37a480b4224', '0xe94966caa9051442459acc53d164d286707a6b947c02a8e797a9e88ace85d863', '0x1609f3fc0a365da262305b0485503198d498f8542bfede8ed6fb9e87fca8114c', '0x69cb8abb3549e0ff4c4c046f9831dc54353e8cb3b8079928fce391786c155dc0', '0x8bb7cdee9c26a1fa9d0a315fcba4fa3d17e8b672012d52406b148f5a75557d49', '0x4d029d6217423d23a489b14eccb452a490ebb3d37435408248e2ee6365607541', '0xf001705181368fdc28d51e4c1b92efb759ac193cf91951e85b333354158d6cfa', '0x943c79f8fb14367d956dd8a1bf71f338433967c779494d5d83a20decaba597f9', '0x3cb678aba40d4fafb96f6f4ed23b2b6ed926c2683b77d7a90fb0eec4d85f705c', '0x50e9d128b2dbcd62793a6523db3087bffd087b78cb449198f6d01987ab81594a', '0x98c6ddce5fd25580887e5b951c9266a3f704f2378b4843b023018dcc676c3f2e', '0xd8f17e80358ae45732467779a28c3e4b3ba718409a43536fbd94e7704b79d391', '0xd3200c184131472cbd79ef98c6b8c4e5edfe0c3c83768aedd255ba2b95cb9f4f', '0xe82710d4e8913e5eb7365990b2fdc286d6d89abbc8fab60490fc20e9089325cf', '0xfd496fd1d99502db9a6632edaab3fdf3fc899fbefc8b4cb6dc80971b788cc274', '0xaa2790cdd58c0cd8335e78ac339f77c467bd8ff7433034967c72f325576cd309', '0x4f46050237ebbcbc5328cb4e352f42c23f2abcffea571bddc01f0a856c127cf0', '0xdd469c7ffc41d20280d6b879658b00671eb69fab996f654701b00bccf2a46e93', '0x1b237175fb520239d910c1246e8c37ee0be845098221068af7a93c6098a955b5', '0x72fce167920b3f1541c84836549969ac23fa1e754002b4af0e518cfa57b40244', '0xb49a25457212095eb7bfeba2fde6a900fe295c406ae1265fd5b11e9c315936e1', '0x36cefa9ddb9e13e9f9eddb156d7ed700e7b46bee14012ec9852a0e160420b4e9', '0x9c56458f0040527e197d88d7f730e374e919d641edbff5d6f7135787f616e254', '0x4425fcedcdb2dbe0b8e5eeaa7cbfec43731e084b4028057bcc8297dedb2a549e', '0x12afd3c612c4a984d281684d08252ac4083aa4f9082dcff2be36c463893f036d', '0x78df5e7cbc4cb903a379f9b95886bce029238df5d586e4e9422d59c0c792ffe3', '0x304db071a67bb51548daa177211776f0c606f68189a4a6e8ece8bcc18f22e068', '0xc7f7924e133ed1236f303d9bdc0c290b41a070b7c544e4bf3b91f55c4d15f5e6', '0xebdd07f8c6990a0ec988aecb63e56c4feec2e12caa48c1bf5a3bde7f16889e36', '0x7d16fa7dceb36ce5267f234367c6842b77372ca8b98fa7be15b337e80186e323', '0xcbd9bd82a41b5336811b44dace581f36ca607e212a3af88b4cecd879a8436633', '0x208be378bc8cb5acf305ff84e4d763f026ba6360d4422033830293284a166ad6', '0x6a197e3706c54bb103f552c43a078ea2b33fce7e44f7fbeb7f6555054e6c52c3', '0x1701b78660c7dda2f33fa95a95b25fee9a2cf00c078f27fdf1b1913e1bca1da5', '0x41a5c48f4d824cd46908f1253b69c13ed22720db305b53417a25114b0e3836cf', '0xe06d1d859a36f2dc08366151cfb46f32fe91e3b565241098560e66660c8f0da3', '0x8538572ca04e5e9f344774569632bbd27cbcd6749e89b2c84a0171396dc30f9e', '0xdf419663c8598981d7bc83c8364d99b239154dfdf21537857f5725b7174750bb', '0x329c7fb20ca6f5cab60ae0fa36a9fbc9c8939d62ae9b95d68e8f1470ecd75174', '0x1f94e8936097e18974cd1749232238c09e591c9785717affe907e644a3e2405d', '0x1fbb1c33e79f7d1928a97f98de5cd2ecd6b94a0b15252f19939496b21510bc1e', '0x8a4e558cad87344f93eb5cf6bffc35989695422c64fe07356115f39372a4d276', '0xdec79b392fbf2cc80ba21900720a9d203ce75f31c9391a0ffe5199f03caeb4c1', '0xe3e9df0c11b301a9628e7ad2e7517f5cd91f5bcaf5b9a062dc13004aa95a7891', '0xbff24b569882515e0ecec9868013c2d7bf7d19032c05c9d6349a187e45c152da', '0xc66f77192d1437415d33cdbdf59e026673fe82f92670d5e47c26e1d4cbf15533', '0xca4704a85481d01be07d80f1ef0b4a383fe8d38bc0a00552e591e788ef51582c', '0xdc404d6aa18e9d566fe1b46e02b4399fb617569040c6127680e8201cd0efbf9d', '0x3e6d84982b3b82c6531036e4cff261f704ce3556b3f787041d2d2331f844dba0', '0x2b91b752c6b796eec2e7dbb340b94545e3fe7ccbe63765af6e7d890c4b131035', '0x8b17f9bea3f4f51f4df7aff0983eb093c3322481899accecb9d1e7faf141e295', '0xe51281cc24fbf51ed65566c79610f1a4987d355a39d89141136a68ac89f66594', '0xa5a6015bab516b98a9bc655e78652898b7015feb52bf80dd74bf5b7f0f06c8d9', '0x4f0932af12fd490af49b796c1ddf0a0a2da6749de9404df79a55135cac01091d', '0xe54cd1c1e0e653a913b621428a6cfdacb94790eee684976b762d5bb0ef1b4b9a', '0xc0ccf8a392a332e911241e968261c87d9d15248a60cfc40fb60ac366fb281866', '0xb2bb1af354bcdf2557ebb8c9d49fd5b6ad09887fcedf8d860296fe17b3ebe324', '0x3918fc98df653420bc5e2dc549b65bc643ca60cc9e5ff9e385e5ddcea1852a94', '0xaf6ffe9de787fb9403cc910c9937855cee528e7b5ca1956753cbc15bcf8daee9', '0xab38502913b9703a3b38b6e7f6825531ef8ba5219d96178a18146824a37f30ad', '0x9f1409dbca47a6912d120103660ed87303ec6fe6ea4f5de255f5e0f2cf0d590c', '0x7bc31785cb66ab98825173dbc66e3951df66051dead03ab03cb4aca6a87fd958', '0x00cf0e7b1c044f96f2f3232c47604b585c4df73c4845fdc0a7ab651b3959e6b3', '0xc5b0d74d1961b06dd250903568cd4ca5e6fae43c4d1f379ddc9a681f47a5e2ae', '0x790353ba1f0748fe824a172f36ce15ae506dcf97de2ca03e15a681b6de2575dc', '0xb51e2fedf6fdde75ee4d34dbd8024e737fb923a7b86f2ff95ab7bb274fc519ae', '0x98970854a51ba2c67d675398365eb19885ed2d9e0aa9b4ba280f8f5e3a1e84d1', '0x8d5c7da967ce1c2c87ef06994fc647b3166733cf6e544e3ccc297d1548680cc3', '0xabb0f68c14e9caa5871737df523f0e425906d9ab30b868e33d55907b1b8db74c', '0x46a97fbb861fe237349c03494de85b63dfe59a1b700e50859adc7775856b0136', '0xa1a859e0bc96e3fa9d49552c89ad2cc85b9aad5491b9cad5f60dd6bdeda92525', '0x1f756b48af63f15b67f10b0443fe13bff7b4cbc04c4d21871bfe6431f5c35fef', '0x6efe80ec5fa7f76940ab799daff7b382a4691455840c072ab7ea01a64de2eeb1', '0x1920f300f12c1baf659084fee8fa0f5843ea8960a53d67908352c73aadb07275', '0x8ff5d9130f086110922e6ffb658682c70a54385fc0a99db9fda376318e118ff8', '0xf95c660f651b6cbc8753c5a371a75372e75ade13088f76164be82ae751615f3e', '0xd78073886d39af860b8353a074b68a052ef01f3c542f3f1cdf33985f82460a36', '0x308a403e38302941b941375a86cb8f64c0e6b992c04f5991eea0132c2804c2ce', '0xc28514f1ff17b9e5c86f5b919256cb798ec608bcf1c074e1ee1102fae1f090f1', '0xb4b965379545965775f054741ca3f8a2b5fbba4b2c9a8391cd24a47996f2cd92'], 'transactionsRoot': '0x13bab6d5668a5c2cbac6b64b01efb6c31542707b8899f5ddd588dc110a7d05f2', 'uncles': []}} (async_rpc.py:86)
2022-11-28 18:11:29 [   DEBUG] Getting response HTTP. URI: https://responsive-convincing-aura.bsc.discover.quiknode.pro/3e7f242edcfec9ca1a36ef544cee66362af95baa, Method: eth_getBlockByNumber, Response: {'jsonrpc': '2.0', 'id': 10, 'result': {'difficulty': '0x2', 'extraData': '0xd983010111846765746889676f312e31362e3130856c696e7578000040fc9c67631cdca2dd1dfceb796d059c50b64e1dde1c97a7cedb0511e2ce46000b14318a0b07ad1b69455e24ccc946e1440174485e899efe6ac8d9879d00df7df6bf53e801', 'gasLimit': '0x718b1c4', 'gasUsed': '0x2f70ba', 'hash': '0xd0168e789e458a67277dcaa4db5359f9cc1d1faf3b1b84f26ef6507934b671e0', 'logsBloom': '0x0860160802409014801a60288201c01d06000e00080208221834104924e03102080134748e4109640a00051c0721c000011122100020000060811802002002431c0800821300260b83281c58220080f22a310001167074214a05201424400814001000250603201c305062200040a8248a822420820d444b000001303b903e443083982b0c83010110810350e20a488504242c05280020d88411034848c0c06012400068521a0160a2248800020e40d1013013220820b9a4014228012052901a30440082110180730000404052ca1092b0a22a548100045000208a0b00a0a13203b08821a110110b0500021050880322c42150605080320884120205011001e8', 'miner': '0xaacf6a8119f7e11623b5a43da638e91f669a130f', 'mixHash': '0x0000000000000000000000000000000000000000000000000000000000000000', 'nonce': '0x0000000000000000', 'number': '0x1655c6a', 'parentHash': '0xf1c26d719d2c28d97787da1805c97550d8233d0e1720e701d352e76772fa5120', 'receiptsRoot': '0x6f92257ff9c6846ceee350d77d6c486d2a32216888e7965d5d2819e2bdfd983a', 'sha3Uncles': '0x1dcc4de8dec75d7aab85b567b6ccd41ad312451b948a7413f0a142fd40d49347', 'size': '0x1584', 'stateRoot': '0xbd36d55ffe37b2d8dbdb90ce430804e15fe21056cf263683919757ceb57733e3', 'timestamp': '0x63837e06', 'totalDifficulty': '0x2c6720d', 'transactions': ['0x225dd950e93726ee57692c35ad2e701cf9e8bf0eefc39a65260802b4cdf17a84', '0xbafec7361b0e650b31118e82e34588c0deffbb37e449f3398c54f8d86632e0ce', '0xfebd0730bb0b16e424d79ef745bba8ecf889cb12bc22c7bae04ad5bc23d76d38', '0x1a359f0ed10431cc16d834915d9fd55cd20d59665321fcc4d680a31177ed2622', '0x6e513241535303a98800ec9e57d4b1ff5d846c6ea43814c73e7fec42143b352d', '0xcb6638c21cef361fa0e86bb8433c52c8037fe61a5bae2410fe3a09aca3d553d4', '0xcfe5d3f5fdde8d0ce4bb814bc73977e2651744cbee5211255627a944eee4cda5', '0x28d79de184b52b39b1f0b8b54cdd9bd487673e3ba354759f890714a3369bbbeb', '0xf8cd2ac0658c62a96af2fe4cad30c43e657dbef51facc9af8a90228aced5f62f', '0xa21b61f69e5794c6969e597a4f0367df1be292e1fc8de5c5d820584a0d2a216a', '0xfbc18bf636598fdb4b6a4c6321ccb05d03325935d4d6f8ea97450e9e0a75e951', '0x8d1c6e758a179ee51168f5d46c639ea80261759a3e8c09b9684b24dad765ac69', '0x27c4d7a17e7066d3315c1dfb710d687c93bef80554e47d5acebb518350158683', '0xb5872ac74f0a88b52f4933c5ddf626b0d3ae3651a4e6e438309840e693861312', '0xf3ace679b969ac14e6e8211fdeb8ec3dc3c7f064d907835a33d87d0049bb8016', '0x7f1e9787d4897311991de1ed1dc5c827d2654338fba6c99befa723ad35e97cb9', '0x2a004ff817bc0ba751b31ec259a06f629b12076ba23b93981c843ae6d02bdc9e', '0x2bfc4243a7e6e0aaf03e33b6f07807ce60aac84e39ecdb0cf0962cad5e08573c', '0x539dc18a4d17b5a4c83210f81960d4bac636b924bd65c240c5b435c8cba0c6cb', '0x3bf6aeb613a5084e8c5a65096d5e790ed349d69710ae311944f17e16fc4e43be', '0x8b2f22bedc8a364587cbf8e17c063f55537a751875ad04030faaa6930a0818a7', '0x46fb013cc6ddb68f24d09a9431caeed4c81d69bb333dbe9bc2cc058ebded2c47', '0xdfc63208aec164658f57eedab6232f14cdbb47c7dd41f623a01ebb8ee5fd62f3'], 'transactionsRoot': '0xe7749c6bbdecb9235a824ae063b7214bc3b9795d303d8a7dd316e46ed298ca2e', 'uncles': []}} (async_rpc.py:86)
2022-11-28 18:11:29 [   DEBUG] Getting response HTTP. URI: https://responsive-convincing-aura.bsc.discover.quiknode.pro/3e7f242edcfec9ca1a36ef544cee66362af95baa, Method: eth_getBlockByNumber, Response: {'jsonrpc': '2.0', 'id': 5, 'result': {'difficulty': '0x2', 'extraData': '0xd883010111846765746888676f312e31392e32856c696e757800000040fc9c672650f7b4ac71c9b8a45165bb7b427552c1a44b9f11b3b453445c453d2a75d5a604f47072c93755e85fc7f04398594d65776f7b7ff282777c4b53370715a64f6701', 'gasLimit': '0x72e2ddf', 'gasUsed': '0x22dbef1', 'hash': '0x09e6d5e3527464d10d2531705c79fe8807638a09864e1a95adbf5815cc6d1356', 'logsBloom': '0xceaaff736bf2b7f1ba5d787bb71a52eaffed3fdebff99ebb4eff5a7fef7eff1eefff67f5febbf66fefab7ef9aa6feebcb37fb7fedfffcfbafb7f27fffceeffffb79465657b7f5f2d9dffcbdfcfdff3bfbeb8f5bcfffeefbeab3579dabc7b7bffbefb3b7fdf7f777fdf04ee37fe58efdbeffebc75fecf7ff5ed3bf5ffffdff5edffb5f16b7ddfde7efffcd7bf1ff28fffb53f7f559da796bffff5fbf7fbf2fefffbef9fef7f7add6cef35fdfee72e9ff16d76bfa765aa7bdf779277d565ff78dfafc5ffab775aff77dab2dea6fadf37d5bf983befdb7ff5bf47e28effeb1feeaffebff553c91fffe5e7bbfabf96afd7f75f4dfffa2fc8af5bffebed6d39fb55dd', 'miner': '0x72b61c6014342d914470ec7ac2975be345796c2b', 'mixHash': '0x0000000000000000000000000000000000000000000000000000000000000000', 'nonce': '0x0000000000000000', 'number': '0x1655c65', 'parentHash': '0x36d15f243179286d00f1f5b9f4c66d351e2e6be19d3b9f83aa84614c52ec6985', 'receiptsRoot': '0xa821ba85b005d6212814315cd7b3bdc3c489dc0e1c16c765eb3875ccbea9032c', 'sha3Uncles': '0x1dcc4de8dec75d7aab85b567b6ccd41ad312451b948a7413f0a142fd40d49347', 'size': '0x168b5', 'stateRoot': '0xfaad1c5017c50073bc81243b8cff27df1bbf7deed432982e73d43614008f5c52', 'timestamp': '0x63837df7', 'totalDifficulty': '0x2c67203', 'transactions': ['0x00ba88bcc6a043b62b189a48d44385fa5e816cf81779f7c8168f0fd28fa27f90', '0x975a3f672e036b949dab73940435df57adc5f3f5804898f57e7e6b82d3acb01b', '0xbccf23a84a33b0b99715e8a13db1e8576d45fc9273a3a715b597a72b1b21d2b6', '0xe42471b0d1a7f5259c7248319e7166ce26d33226eca0f634502a3a54ba7374f2', '0xe0ecb042db10b942bb9fbcbf7bb0f653c78add9773f20a6878fb51acaed5cea5', '0x64d7e9c5458e5d5e72a79908cb880057fd1d454ae91a0fffefbbb0b0813eb759', '0x91edd894f6086b0baadffb3b2561d6df69b9140bcb58f3276380a0188738376e', '0x0bc4ee288f769eefd452880dd5bf34059f81af25ff0163ce20aabe21a7bc7b9d', '0xadde629c2248f4d3860889986d829e777f443958164124166b3ee7c3da4d41ae', '0x71f346e31786032b27485e477a227e6bb501ecf32762822aefc1dd998f1dcf78', '0xa56e3fb58e71c10e4313a071530ac400817c74274394d95ff7212cbb704d9be1', '0x742fd38a0eadde07231edace65073f2d98540b3c51fbde46793b2c32b23896de', '0x2384a0c52c6c95aa2c2d06ff393a23b7687d72d5928ebe2bca2e7832d444e5f6', '0xe1e9c9c5bf8020fc5403f36c21bf402eb20307b34c96c9398876b610218fdc3c', '0x51413099e759c68667c36ed029614da17c6d5f7963edd07f6cc27db02e054573', '0x3d2ca2afcd32c096d6da4c82dad897c966da2de974a0bf799610b1d23e6db326', '0x20284c4c00f4fac3d4c233fd88c58dd3a1b80b6c50771307ea5cfa7438a7a18a', '0x1829961a37d2b1c8c121b13bacfb7b23acc0601b80d87e9ddb77220fea4fdd45', '0xf462c3d039fff27c0591df6c54c75f5c631e33715080e67acbf113dcc5663b1a', '0xae4bd3a7b94308e2ae510b8d1ed19c0dc63e26cc3d53794b9dc88ebadccbf5d3', '0x01ff967d921c270319ee1f6a1c7e74904f6ac4a0023f0e29791eb52229a28947', '0x2ddda3385dcf57e6a79423c0012e4bd6620cdeb12773605cb300d6310f582817', '0xc8caa045d92bd5aeb9215b736a0563d8e94ae0519363aca9d6974f6b22db5523', '0x709cd025c415a29c1cecdd956daf31d6f8b5981065cdd84b1d8526cf1e83540c', '0x321a710dd3d4459f0319dcc753c5a75ce62405930e2e07b3ee137406741b804c', '0xcb1c44c5634d4a355bc9a65e64eef3335114ab325474e4f84b27cc409ae6f215', '0x696633549f9f96217db754a3ffcc02650422a08c7c8c935e9934448610d40b07', '0x9cfa1e2d9c743ef5ee2194496b539b79132247113c13f1b27986578fa14be211', '0xd8ada3f8ebaf29e46ebe8f88001409a6bee2258aa78f79792dfdca1bb482a972', '0xf417b4d618170a7f7fd8bcfc531ff8bb7c3fd22e6e6d05e411791dacced332c8', '0xe90fc32f127320683af613320fe75046190048d012cdaf9bbb56ed3dc25d89a5', '0x75d86b2f8e1444e24c90cbbfbe8a0c4a83eddd2d3bd02b0a3a3156545075f367', '0x14a89b41ac44c87d058214071549c2319954c7d9b7c68ea8139042a3ae436cd4', '0xa1afbad7908552b637b2e1fd6f3543cc63e433d5ac94eba8687efb1afdb907f8', '0x77c0932031deaf0175bd90ad5e85f091a3f6743ea2b6fcfc2f9c40144bbe90db', '0xbbb6f7a32c2fd5458d935e4225995e53b9888b05ba09ee0cb67da001975e7a49', '0x4d7f85b47951a733e00c745531509b12774b9bd8aa99bead45aa8d540aa44c2a', '0x9fe17321bd9e0fb04853d74bac2495436a66b8100d9142fbb8396ab21c3b2f4b', '0xad610cfa65608d575dde14fbe7f981b90f428aa08f38ef426c6284aca1ad447c', '0xada9b360e5b98b80a2a00ad39524d567eb5fef0e1070b9f6502983b1e56309e7', '0xa8a9f0aeeb19f209234dc6a861f397d43a5689cbcb705b05e3f5a27a582b71b4', '0xab3d3cab109cf7d8837f889d5b32ff6ec859d612434952bf6a0473a69b258df8', '0x5ab8c994446742a5ec9f1a7a8a4e208390a3c50ea485fab5456fb5cc25293e59', '0xeb14b86e6118e75bc6790a2db19b4fe910a4baf546d91dbd714dfd6c1789cf1b', '0xf7d23a6b94bd49f9be0e32b8c629e1f69e9f765b65478a03f3aaf9abe0e44388', '0x06f78020fe6c3ebaa967a83b2bbdd5c5bc48dfb6970c82c7e0d0fccc093c28dc', '0xfa1ab142adb618f79766e8b4ba2efddcf9e3d4889997e5b9885b9dc1412bcf8d', '0x40b7f0ac6378d2c9092b54955d8309d4dc5265c37e26ca04c5a9488f3b557c92', '0xf8afae3f435a31c023c43a17a0141a34cd6891a73fe149b3109865739afa13b0', '0x290bf5f09ebb69953dcde44747a5691df112e4519cd6469071bb5f16a924c129', '0x054006d3125aa505e128ae6b8f438594f55a1e3da78b8b6755482e1a4320df22', '0x202c12f209c019b2910234dd2305471f1c3032f208ff6d25713a9aa70bbec16e', '0x164937edac9d18a268dd21132304d03698f01527b1179c7d6ec3d402c3975805', '0x38b6c1604ef32119e00cbaa4b4dbc4f7bc7723faffadce2531295b6703850d9e', '0x36f4675873096b0cf67daea4872fd3bac3ff2fc128e1bafcab8b9d586b9066b1', '0xc2b37c9ace2e583ddc1805b7221811bf17cf2e5a7716f4312099f54f2907fbd6', '0xd206c4c83774f6dcb730d5c6ddeb1779a824c0a730becbd1661325fdde90c3a7', '0x5385c398097fcc0a92c4f446501df69f001043173dcb67438c3c0b6ef8150b69', '0xb0939dd141f685e1b2ad917d0206ed862738e2340e9c15d0aac360264a58381e', '0xf4a4ab361402741be33e3f95c39027ff80c8ad34d48512703fa5377eed2c7a66', '0x621b95e5c8003c906ccc983f0798f67b7165dc747cc6c5993b39909f9e4ed484', '0x9523815cdb8e32223414eb0846440fae3afa8a9c1a40cf5b5a8400a9d2ab3c0a', '0x3b3ba644849310cdee39e1415da4398ecb900bd70288b171c8f26253849995d9', '0xc66976f4b1de1d48b458609a2149955c67fcf6d2e351be56430c4a92a14e52c6', '0xb502d839469095ff99712f667edaf299142617f3f054ed0c9bc562a587b5f3f0', '0x6d44db40561df57b9811bcbc24ea40520d16cfcd1b8190e393411bb330e55101', '0x0573faee081ebda621cfa05a0ed19c92f8cce7464743cc2eaa9d42c75cbcfb02', '0x83a7e35725a8957f756f3b8a28f4eeadfcded5189b0343b764b4175b9cc1bc7d', '0xe47dcc7531c71971a0820d189a00197041ddab4871727e54a3e1a9fe1011b85c', '0x93ae3e8efd0fbd81bb5db345f0c1d85e4c729e261112ccc8557ac44b6d2a8c66', '0x56e6de855adb5378868cff355c50697a1de1afa2d3ac690a2a2ff4b14388e020', '0x212538ca533e33db5487dcd0339805624518a36dfe05e900fbf0d91bfb24b0e4', '0xe5a3ceba3e577caa3e8f0b7e62ae3753ae073511678eb97aba35be8e4258974e', '0x38b99e9fa43e2cf4742861343521980f78f4147dda943adbd97d4a051025a61a', '0x0d0c16ee9873f9a5c854c6b2de7ea56a89192e33b5a19ee94f423bc71492d5e9', '0x40e0230491338cf8674a8c27b921a5e4c8a9bc6e7f202cc16fcfb6e33b2b896d', '0x5285ba9a6764418bc09a3cf8d67ea8bd768dbcfc0a967822e50c0c8357036628', '0x0f14a2ef7fc4857bb0711ee18e8b0e9680a172fc0b4b22f140b201cb7bf48ade', '0x5dfad00611da3c8108d8dbce90c2725cd7b3973ea62b3b207d9a0973a4d8c899', '0x4f8875472c19d71d90c4ef54f893dff5ac7f4349f8d7dfa32588fa9148b5c830', '0xbd1fb135e836cd94a26d09fa683e013c6c1b5a6c40524cd2b909281b143d4a45', '0x6793bcc156427ba99e6b7c3ac01f793b339f3d9808583773da1e2958379c47ce', '0x1116fe1799687b28d4420e50e17eac75f3bc170fe85228462c74c82e4f3facf5', '0xa1caaafe79ccb15114782ccda0b73c784a8418b334055b520af8cdae587921f7', '0x16cc587dc06a1929d8413dfe6c2aef281601b7f6025306bb64b3b8c96b4168c0', '0x2991d3220fa8187fa5c6f3eed59929d9e08dde8de544e11256749c2032286e15', '0x219aac5311d4e7fd9ca578037555f196b1382d5cb81dbf6f2b261776cff48ca9', '0x8ff751d25e78e7609465eb912cb5f14269ab338c332d8a6ffbcaa7255de65cad', '0x35501d530adc10cc6b9b8c25049a674f492318ab9f149e6e8674a39965672431', '0x368554ddf16d949800204cc75296b8361f6c45008773ac773ae4f5c654740a4c', '0x898452c5bdc098ad6915037833c304ece2409eb208c8675d3d6c05ac3dac3c31', '0xed50af820e90313f4eaf327c1dd645b8b5ec3695a3cfa9506751087400658825', '0xe135b29a1b751b096486ef71645b03038c60cfbe8befe855e21859ea2228cf6d', '0x8363c69d7c8e625dac5723c8eb2a1a467e0ffd5d85bef9798fd9fa80d965dc37', '0x1409af145478c31f72a63f66ba9ee6396678569ce7d9450c2504cdf4d3e2b2c6', '0x4113071bf7b6c4102eb7ac742e40e6d633458139f525b385bd7004147db3abd5', '0x4fe08bbaec4d438448478fa0754ba6c12adc619b7495407fac8d66b0c8d474cb', '0x91a5dc8430bfb069b75541141116f21e9e631e6d0e6054bd4477385b5f6748c4', '0xb2807e52a1d89a7ab11ba750896e0b65e333754a22eb0386a7f3ffb1c020c8eb', '0x33b194abe91effa1b2a3c7ffd0c6882d211ffe4dc2adaa1d5d76117c19ec90e3', '0xbcd37b118764cacc94123707b607948f184bafa19789da5968321a62dbbfbbb1', '0x322afe0a50d65ba64cfa45c904be2ab5feeb84de11929e3f95ec2601e1a78409', '0xd0d0e97c2ae7ce12bdff466dc8f159a75db45e212170c401c93094e0b31a940c', '0x07168a7fc4edf3051822e33e258a074abe1c94b82d0813765568f1fc84229f58', '0xc5e4b0161c8f4121d06cafc434db029bdc607d53d543c15019e9a5da69043e53', '0x7fc8403d8016f3e5f8d13bd76c8291c0f4bb8149ab1372ba41fed30b64b0d939', '0x87f845264d7e73e43a42c16b4cc12f8dc5fe8ae2350fa417c0f954716a7a56c8', '0xd11de19c4b72642a5daa8b12cc1ae85a98396483cf18dea6ff88a92c45251013', '0x164da701d28168da9d716571cecc6c34b391d9b341cbecfb5abf00588fa65fab', '0xf4be970d85b2efe7271b1d7185de4d9322c905352751f57f96964e6134e81600', '0x137a6bd9c797da2f1c2805eaf8d31d75072b1ebc7c5f7ee832c87dcee895b304', '0x5be4b13bb60df44d8ad10dba4592e6a4285c6738f17a53f03d8f8e4b2c07e8f2', '0x755f0eeab05082220d5f276897ad524f5c6e2cedacff0fed8a893b6bd1424e82', '0x46e3d382428e39e7613ea3a3183ee9879b99af15e442f05f9139d4ea7b7d7020', '0xd5b43b59d3b9b417af190861a2586955fa032249df9dc5d657dc23804b39596c', '0xfd717193e6bcab5e109afbb26061a80a6dd6d7ea1833fd7e95b6987bf4138a6c', '0x0257de8c7f1ac3bcef106dd84c8444d0f8bae7027abe2f03494f24afd75ed8e0', '0x0b8979e7af0996782287dee78cae744636911c72994a4905f63a76955d7deaae', '0xebbad71a57a32be5b3a3a9d3d8866755603f91e0fe731235c1ca2de4fe179ec3', '0xf5dcd2383d87fd625beef33852ff68c2734d527ced1b9a5575d142a3b01d4ff0', '0x12f2e837d4f5c5ec952392d9a8f5994786cc5e4e842a4952720a3a89e6db6850', '0xcd07dff7c87e65475baeba42e260a2c15b7c00692a9e5b594ef03b241c4be29f', '0xdffc5d95acd9bf8b5203ee24235af387ad9008a076007f257a405f95bdebe640', '0x8cb07071792a596bcc62904b71e223c428f635c793a9ffec019c9ab40cd60019', '0x1eb27c426634072ca4d12150f6cf2eaf58f6c03bfd9062c13fc3855a3b252308', '0x5c6f84f843c7e6a9df4bc8f5f0fc16f92fda8b64fc314be79b22f61b9baff197', '0xb2360adaecbc21cf95681ea78f4de096c4e31d34b2bf52b5a8cd9a901edf0978', '0xf6a0240f43ddd29cd36b94744cded37e51860e29fc268f599f281ddc68161e23', '0x21df2620cb8f55f8f34d841e49260371e99405758d892be5569b683661b154e0', '0x1bbd7bd631642181459a05bf1deb04b1bf238d272f628582fe073955badafc39', '0x270faf51f67f9ec4a61893a354461208b09638d2ecf3b9956958d76eb0e3ba4a', '0x0baef923aaf3e9f69589ed7faded457d19e45e94f1d4ae3733a898c75637d2f3', '0x0398faba84ab5b390bb0ca1e83f4ae90bf52bf8a4903c4f633f7e2de91aff0d7', '0x150b073d1284a4c90fd76400678de0ac6b10d79fbe614324920e58d24c04c580', '0xe3253985eeea1584590001c049061a4ba2327e5d31c0e605c1f92d04951075b4', '0x95a70add32cabe35d25e36f5bad53b4eeadfd6e128f149e165c856ab723f8b9f', '0xd262b9652761e24482060b4b6a7f3dcd251b3614e1d3d66dc973fb29d6b36857', '0x2a394327946052bcbc922d4db352c9a88421549e33ea92ec0e91b7d9ef71f267', '0x6a4a663c584ddb14b6f0e874a9f57936fca10681c0b3e20e715bbbe44ade9715', '0xb44e4e3b2ad22c96da9383d62ccaaa8bd8d7bb0be6e0b18adafd5aeddc57a1c6', '0xac107499c87f1855e82ddf9087880c7712603600e8dcafffe52262b1444bed8a', '0x513cd882605aec218726ec40a4eeb928458f6fae76255daa521719c62b768cb7', '0xfcdde974013d7dc6eeb1a09726168dbd412e8bf8b6ff206cd22c113c8cdc4dd7', '0xcd590716ebc10dbe83bc02c4e066352ae2b367e3fff22c325887abb11b2e75a7', '0x28c0e43fa4beab5d0bd109511dab994e106651cbf0b3cc9ad4fff656560d1ce8', '0x7582b6fc213833bb12e635daca582380308b173b525bea6ca8d9b0ebbb09efe4', '0xaf0c1c21f56d4ee3a350333e8c3f1d05068ee5f739195ce97cc177e5716656be', '0x311fed3d03661293d016a7ca83bb9319897541479b8541b2bd913400bbbc1e39', '0xdd787357bbd96b0734168e4a15767fe512bdde0d61112726aad87b4fed70ffec', '0xa14b48cb8b87f50e2cf83b6f4d22e71db059f54d043fa061a059c91648e22f73', '0xb532439b09c3c9a3e15c7eb378b87ea5c8e7222fe5c77f4b2c06f7b6842bbcbf', '0x674d7a9e6afb0363fcf281435949989a4d3cd73e453ccd84d79ef61fe6220409', '0xa92dc7aa4312042ea7d7b1d129e94e96bcf39298bbdcacf49081e308a4b71341', '0x27d4fd8e4f261d3f0444562bd6b65e96be6ef54fc8ffd3dff87d05fe405c25a3', '0xcd28cf5f73867008a9d4a42036ef0cc5fcb5522883c942c48074d15789a1e5f1', '0x5397b9bd4627d8e83f8b5a96981b123915da75cb8dcf04f2636739eb18a997ff', '0x8c5752cc2a573a89038df3d1a3f674cae7930d161bec515d082207acfd080929', '0xd3e4ec7bc59c65387307f6af9f472a7158189f6968fa96102e9e692018fb9205', '0xaab5c6dc6932731b800f1cf018eb772b279390754fd0401101da0457129c7d10', '0x75e82ea74658ef9a6cbe802b47436f15c136507f0d360ad56a51ff466753a3f3', '0x01820520f34d3ab590571077b4f560fe905f38067f5d6411230a71207546b6c1', '0x3b2d0a9d6efc270ca6a931674153d4ceddf181d744c6a092ea87ae38b7878822', '0x740dfb89b9c47da7adcf40ba5b9cdf20f22695c543c38a27a02f21f3c316581c', '0x2da6b0772adab8e662e354b904a51851b3159a6802ac4b030e7588ff5ee2da69', '0x78da2dc7d086bbac60b454d7dd09e30c90bddf7470a60177fc5bad92cefe70c3', '0x7df02c062f48f803d02e921889f30ad255c2a35a9cc00b4290e5f2d36c528fed', '0xdff68f27a4143647ccd1f84f47c73af01ea91a2901d2eaf05cefa788a7178d83', '0x5621a409527d866c85c87e1410acd58a4a9bf89bb0989a44bb6151dbd4f2e32b', '0x88d580ab553b8dcaaaf87f046802edb5c1364d7be54e18f2cb072c7c53099f75', '0xd85352136984799ad141d1e6803e88cbf838a1d5fdd5a1083eb623a41c704c2d', '0xb34f4c8943405a82d4b21db0f26d5f3fac548e2234a5c3cafb2a9fabf603b916', '0x9d28632ebcb56697ad5b0bdbc15f6317004e38a6b9843e2df0b215c94ceba323', '0x1e4e2dc8cae3d7959bbd3543fd7f4198e9f94bdd27a9f58aff11aa43c257ab5e', '0x6e9d7910343b8d0ce3aded63abb8a61807db6e2d24052d667e381c2920395043', '0xb272aa61ffab8048ea9b84f982d1f8284c343a9ec95c20b50df716a351f49457', '0x75bb053ecd3a77f2548b5a9f1834f790acdddb046953937ba14453790df907ba', '0xa90145c237ea67869eb22311d4412a8c566d89c7ebb5808d2842c17332aed153', '0x0a54d71c176c6d464786ff6b89093dbf5d22dfc3cc6006fd0ece34e6f6c86d95', '0xe53127537cc86d7c5f10c44053fb89367b2e1f51b31494c0bb388af5b07fb336', '0xd5c56c8179635cb7acf3c35d8f29df72518449e3b6ed6e749d992520de156afe', '0xe768f558374cf18595cf93b9ef81176b7c8d77cfe1d6311248e3076ee14ab3f0', '0x3b518dfb1180df9cb35ddd5db1d7a33c4d412907d0f414353cdaad03f4f3804c', '0x5f5fdc50016edc524fe39ea02373d08e246c81021c199103ff103ba35b883764', '0x30b18f9c2326f0ff1a0d3a7ab2ff68afbd76c7e61bab77cead9db24bed7d088a', '0x376e6ea32332b7600ac5adcc9c4849c2b9b5f7c9931debc9ab4a389ee429dc9c', '0xcf39c072cf7996a11627f51af250d40f74464129a62ef1475323b08bbe448c03', '0xe88982f9356996c1ffede9ca3f9fb3c999847908b1b93f078ae8a53070890800', '0x5eeb74eb2182d3880651a197a6f9db791e15b44606abeab674c929ca957b03b2', '0x31bab22b1643ee9c5f1a770f82770a4624ea25e4331857d9e5275218c28caf68', '0x8698bc7f54cd1d484cc94a56e4f06996bddea5671c5618ab05629dda4eb07548', '0xa3376d8468f85484473f891a015a742933e503960d9f322f0258bcb26e654fd2', '0x53cc6bb15d251e33d15c1caa5640aa7cd8275ec5311c7eb82fd610c40a7f767e', '0x591ca491e28bd0d01d852cf595543860b0017cf053337833e69fd0eacdcca4a1', '0xf5a9b6701c0846767030ccac533d189ae0d6798630bb1433ea7080fc4c3b9dbb', '0xc6ac0704e667ff589ca6c914e5be60aed5051f8d2bfb68493aed72b9644c98de', '0xbb9880497f4e9b3bf547bd3046f3ac8969b20cb3d7a3c34d6f880a028a068f99', '0x136803cf29099813a8fd0ed55a0ae665afa14459ee1df05454f0a2343d4cf5f0', '0x43be97c0551173b68b106d7125fb62a9416da29e2294bdbeeba54959b516d7ee', '0x9e11f31a3c8153a92938f924958e2231bc98be85a17249d08d37cf52e023ecba', '0x333f56ec14c7c3981a8dd284e2048d03d308787658ec4e16e16901c372576a54', '0x6fb28f2b590757b4f0ea271b5c1fb477e6a89cfdcfb4caff4d8c752441820db8', '0xed7067c31946996815df90963b9cccc3fd286927399a4e837bc2a03f03f41be2', '0xc308adaf981ffbfe40a8e2a120b1652411c3f77182764cda1702de281159474f', '0x0dbb1ae17ec15f600135631cb325151726350dd2911730ebcce517ae30877198', '0x1682aa37992a7ae25385800343fd1d7fc152cb700e11d9e406e4b760e6b95c71', '0xd3608c49f03599124ca01d38905b7dcd623dda53cc2d4d494c5ec7a9c8266714', '0xf2f4866bacbc734a51fd0423d91de83e9ade70e128b143907e566a99059df3c6', '0xab0d465f5cfc547f7d39b7ec9f61d14db1f51eb7b0611d8259c91ac20252f540', '0x46854a114367801b7181c734b4b0f65de8038101ec9087eed4c6ae3c9356e01d', '0xbc416ff47f6dd986657e15ed85fe1622e2e455f5624ef5cdc08985b108ba600d', '0x18278421b0aaa30da18745d1334eb5f00fce4c8627c9a70111a030acd8d02cfe', '0x8932f06aa9404d610bcf93a1e6ba6831fd4670772e915970d57cbc4fce2d400f', '0x47db88be7e65ebc71122312b8a3c78ce16a95978f2eee2f510b68631a97d2d7f', '0x467709b9f0550f10a67ada295fecd8c02568856a4c5239741302f011d7575d2c', '0x77866ed393624f29996abaa30e8874d0967f0cd1d993f2914acf716c59ea6005', '0x494990de39aa3fc4a6a2f55ea084a8d0da2be60379d72f116ab5901a36a55956', '0x6cb2ba841d536e4e318d310786cca588d66dbf4438dabb7a6e15067b1daeca22', '0xdbf459153904dbc1c7e6a1a947c46e1f32539eb1321adf262a1a9390323a8ffd', '0xade91b3611a404a5efaae0aecd3563b696ac4d9e56cf9132c5b671adc33f950c', '0x1b5ebf07c0b90229d70075e8122d509be8715e90d5033858744c223a8d860b39', '0x77714888a2a8fab791d3c212788050363d560d12027178c8e70ccbee148ee511', '0xf5af4e523fa17e36de0c7f294485b81161a62ba1b961abd510bb844825e79ba3', '0x396d1b69036f5a229110addce0075b7316a55a92ef915fad2297f23d0a11b718', '0x7c9a5db81ed5d7414eeb8352ebf7e3fb66e6a537059c0878001040a3a8535f50', '0xf93180cecf7e5dcf8a8bc5c88413fb00ce9b277706565d92287ca9263dd65d81', '0x9da5b614b70c07c09e078bc9bdcb2c524978e3b29736661f69998ba0d26fb3bf', '0x308fa05986d2fa6a5c7f6a482ed617bdaa8ef07b7378ba8caeebe4f763a45383', '0xa580102b147cbcac3f499c7c94b5e52d07f949d7a0e115093b746f4653b5d8de', '0x483d2a3fb5146d10eae93dc5b58268ac932439b6d7cea9fe15d463bb8ae82c61', '0xc1894324639efbfd290a7d5c8c46c7d67f693798597493ffcdcad6ebd3b23166', '0xd4210cbea2dfbc113b8d4ce1ed85ee0ca143325feedff7b0a98a3982cf8752c5', '0x45bb6d1dae0b9c8a94135e07b53996d1e7452c4ee85f75a6bd6e3ea94902da8e', '0xb07163898d9d83c09d2fe568c386db7962164af1cc93be6eb7c33707a825f903', '0xe257097cdc415acb82fc2c95593916d76789795ab33a259578417c8d10e0e059', '0xd00629c4cc46b252c5d1b1b323694117d381d9d00e647e90d4bb7fe5295911ec', '0x2e3e9ca64578b32ef64bba7daaee41b98d5304c7d33c73d81e5ae3ef0059f679', '0xdd6edce6d15ac8d3876644393ff22f957d02d5a5fe9115e0545863e728922a72', '0x72835e6335917fc6419529cb6bb7d448db8846475adfd5b93191f6ab2aa223d2', '0x2be356f1d957eff166a6188f7a4a9d922258e0c1f1988979b2a685f64a669a0a', '0xadc62115a4c7687f670b109304c9eedde76bdc9b6d9f6bc494fb3cb0eeff3b05', '0xcbb66ba4dd4df3711432def4c921babff4939af5db94c4efbd1528a52fca27ad', '0xe7680c9410a6f213230d2fcb16d6d2682c95375c1964f85ea72409024347e995', '0x518dd4568d5fa85404d07f6e035730e7a84502a341433c6424c537865cccb102', '0xc48d2ca34f5652f060f8dba70952c4147a42951b0e17b69eec71ddde9c8c8bc9', '0x58ed0e77093e7f70ca0c14204cff2f47741e5b94fc056f2563b90faf5ae03776', '0x66f9165faca38e41b078074b7cc55f9adee411f432a4f5dc05ef2caf4d210b01', '0xe6d974ea5a516f8ea7fe740608ca89d45b68eb1d3fdd2d5b01149eeb043d2d74', '0x343e6884d96bfc599e1f62155d42bde241e09337394c47deb6b7af652fa5c29b', '0xec72f1e10d84eff5c8844ae895df0b10367e751249dd8da1594d187d2628d6fd', '0xa8a33829d4584062cb649de51cedd901cd1d48391b5ec846d312f10f0cc5446d', '0xf9fe2e8e44140d54036d4befc0c6096902404c226cedb1e721383cc9de4bae20', '0x77143dd3549827164bd989419e3c4a187c2e5c9791996517383750258bafd4e5', '0xd49c47b458e11ad950f4b05a0f0ef7dfc136851404d8026ef0d9e5b9980d4c5c', '0x43c9de1552b85b6d00a70978b16bb594e611edd7361bc4710f4789a7b6b66a50', '0xf80f9e97cf81c38fabca7c34f1728e350a5c91ba7c9394625fed1fd18b31f9af', '0xd33a470cdcc2de43431e6e389c43b3b1dad7d19e5e9f6822e213386ec08ce912', '0xa5812b85c12876de7f33128c40a830dfd33a11aa0985674a910cdf7e62e31afb', '0xdf85cf99e93e5ffa11737699705b2c320d9c2a3001fa3c690fc4e67657628be2', '0xbaefc793d8e0fcf92c7b80e0e49d0a6a23f3406820a18c71bfe035309e7b9ce9', '0x3e1304e41b744741e160ffea7cb3d142b21242a6c4e0c68465dee7cdf31443e3', '0x16856c867946ecf0b7119fc7c8be9592879f6ce279e66afa448db158685e0e43', '0x86f2caf2dcecded55bc0b61d8c007c038cd2de82520e83d624e31fb8406e9afd', '0xc4bfed1a365538ac3df8b3281b28efb311d73449cb34ec3515161cf8fb0ab244', '0x671dbc49a6f9df2d77ea133266c83bbcadea3dbc69a41fb5758955e65ae4dfe6', '0x2fefde8e7f0df544493b2003ad8429941a5d018fb4b2c74b5531d157c5d7c896', '0xf5a04762d9eb93483b0f65f4c4fe33c62aa87d6a05002804e8c441e84ea19b34', '0x91b6c0c5cdf3db4f32e8dc2bfdd448728273de2fd252a9dac7666f964625e45b', '0xa955b6b0af98324c13523285f69c84ddec0ed2ff6604017d677126aa0527bde6', '0x4a2c2ebffb7f1a088ab75fdbf192b4aca24b1964b78090a7d9121360de580536', '0x2882436cc40f9c1f3cdcaa82fd0fe262e88ff8885d84f6bcad72aadc2f1d20c5', '0x88d385c38a7ee3b5250538ad20077f563562ba94b56b8cb769cd77100188c76b', '0xcb934b5ceb30f6683b0f5d2a51ddcfc93a3083b365e2158bdaf0c05bbd248455', '0x94847ef3a6d4f61f7c2fb709e08347aacf671f5f13d44c30f091740d8542e0a9', '0x8e9dbd8ede59cd897d831c585d05c34acf3a777fe53733d12a84db6548f6cb33', '0x24b6bb1c7bfdada53902e02d7478f8a08dda296e081082ac87158594279d690a', '0xdba2a66126de171f8f572308930eda38d1084c64e755ee4db9935a6728ff5836', '0x88a3eb010887c0882b1b5265e214e62629616d3ce860dc9956a7e21f68f88269', '0x05820360d6106e5e57a4d99201c1a7d677dd2c970507a446a4c91ed66186ba31', '0xb489cfd4bdd76e8c76e5885fac24eb5ec015952548058eecaf6b8901a1f67ca0'], 'transactionsRoot': '0x55b86556994023075dd1a0416380585fbc9a6a6b8cc5991e2bc0e9446121d680', 'uncles': []}} (async_rpc.py:86)
2022-11-28 18:11:29 [   DEBUG] Getting response HTTP. URI: https://responsive-convincing-aura.bsc.discover.quiknode.pro/3e7f242edcfec9ca1a36ef544cee66362af95baa, Method: eth_getBlockByNumber, Response: {'jsonrpc': '2.0', 'id': 8, 'result': {'difficulty': '0x2', 'extraData': '0xd883010111846765746888676f312e31392e33856c696e757800000040fc9c67602f9bc9de7aff8aea9329dc2a6c4d61e887d8d9eb4afb58812c8cd294d9eac31d26994d90a472afb3501c50583ce0c235fceff0509ae4973296682c54c6e8cb01', 'gasLimit': '0x726f88b', 'gasUsed': '0x235db6', 'hash': '0x65281ce949c86369873bf9665341334805c182faaf3147c3060e272bdbcec71a', 'logsBloom': '0x11230b410012801002082069920108220000390901400408240110280200c2210153844008011c012000034011812040a0480004040000100091080210308040800c0000a1a4040003300d08000800282015044024c0280200042004a0490113008002f40203410010100020681088100e020440010586a000180610272080000401198808c8040404800100400008010025144585201028a90000c10065813ea30252006210400a2da00808020190e4210852800000a20072814020691840000900000314400b020487000048541101a0800d81000013101003880b0092a800023284088500422195405c00d080840400000c10094114482002010000010044', 'miner': '0x9f8ccdafcc39f3c7d6ebf637c9151673cbc36b88', 'mixHash': '0x0000000000000000000000000000000000000000000000000000000000000000', 'nonce': '0x0000000000000000', 'number': '0x1655c68', 'parentHash': '0xa4f7ccaffbef1bb470402a2bbc032c610b696b01b0f465f9980f1c5f87a66a4e', 'receiptsRoot': '0x0e95c6e28928d83621dcebbef772c0ace64fc1bd3ca839223e6ab3560b097a54', 'sha3Uncles': '0x1dcc4de8dec75d7aab85b567b6ccd41ad312451b948a7413f0a142fd40d49347', 'size': '0x1bbe', 'stateRoot': '0xcab2628d592fa9dfed13650ab21bf35ea601d1c7733322a0f07eaefb02baf6a3', 'timestamp': '0x63837e00', 'totalDifficulty': '0x2c67209', 'transactions': ['0xc9a339c8ff4dad90f00888a3d3ff68581a1250ddba011c0527e7b5f7b345344c', '0x6272e7e90a7f8f1c418ff301d136672ecd0821a6151811fe4b7ffc1bf66d8ca9', '0xee1119485ee0b2de6ad727c581c8542fe18722ce1517e03104392658a0caf6fa', '0xfd1ac3439737480f5435506613ea70dafd2f9e55cfb0a8d064f95e7f09701fee', '0x3bd413180c172c96fd01c7550cf1beb037b1de66ad4ab61a51fc0cc8e8d16a8d', '0xe871f856ec4b3decd20ee8a1d5796d8bb717549d676b75341e0a6a8e51145f57', '0x6bc75ac7fa2db26b5738f0b5af44ead0207a928c0f1f78f55803746553f631cc', '0x04296495089579b5839f6da69956b9a4b7cc15e49b3e1db2dbd4d7877707b2eb', '0xd2b2748de84acf4a4406660763b3547fc8440224f44cd9f9c411b954a9134fb2', '0x5a9f1e9f8c72e6f1a5276b6cb7b7ef20ded1165dfca97aba35fe5db2c87bb9a8', '0xf1fa346ff9dc0b0583ff0713bd52cb89149fd2cf22723ab3e05957c5c7f42ea9', '0x78e843f0a6b369f9662e922f09c921abc8aca9e1340324e97ae670c3d15a4c9f', '0x4aa1bb1ce9fc56fdf28bc875e6c9caccf7c271d6ee532320ba1a41c08495aa1e', '0x6acc503cd1c33ef08dc22c0a2d5350433eaf6d294bbffbaef7b0d4609ff4dea5', '0xc6438963e4699664d6fd7128fb63a1b615efc38be30414e2ac506dcc2e587080', '0x27f16d95e6cd739b05e59016233eab8c1b7c148044c9700d225f869b5be44548', '0x1fa7fe357490750debe75359657967db6fe56cc5ae0ccb0f89ca58524a46cb27', '0xa458f8dda9366c17fbf3c4ac42367968316a5a7775b01623690bdac4ef913817', '0x8a7ceca1d03d5b0e3146505d1c8764db29e9db1450c7db61d95e45e9e977a029', '0x56af870c2b6b8cc876fc1c4b40a3bd1be7028cdb423f5f54e8cbc99279f72d5b', '0x5ef42f0852aec877b0b61e686892debe37c41b36c1c22d9fea8aa626d7c9fc42', '0x91f007f069fe12635bc993f4dc115cb03d3113ca36950bf21c57580de208f95f', '0x0cfdb829a348164b17c403fe7253fa4f98d54719109330aafc7d3a5e89656250', '0x186167ec32671dc69e2336fe70156387d45a430c33b920b404641efc49cf7294', '0xa9b190a10ff62cd8c87ed36c3db83aa39a176e5bbefe508e0fa305da8ce592d8', '0x9657a11323031f5eee4e2676b0265906857d09d0b0b4a93633637a5660c1770a', '0x8121b5d2e3016ebd927a3855e43bc7885761faa2463d4a64ad4e68324b9272ac'], 'transactionsRoot': '0x24e13ebbdb2b176e1adcec04580dc9e9921bc7385acb9db7ac67e04b037f2d81', 'uncles': []}} (async_rpc.py:86)
2022-11-28 18:11:29 [   DEBUG] Getting response HTTP. URI: https://responsive-convincing-aura.bsc.discover.quiknode.pro/3e7f242edcfec9ca1a36ef544cee66362af95baa, Method: eth_getBlockByNumber, Response: {'jsonrpc': '2.0', 'id': 6, 'result': {'difficulty': '0x2', 'extraData': '0xd983010111846765746889676f312e31372e3133856c696e7578000040fc9c677dde50a0ef41d2a8637cbedb4328130e34a5d66ca13d24145e23e9c961a4ef1002200b31496ed11df8e4c56b9d0b982c64beb333abf097acc46fabac3d04cdc500', 'gasLimit': '0x7355c0b', 'gasUsed': '0x4be0e5', 'hash': '0x8961800fcce33790dd82994adfe56825849947be84745fa161039dab7cc9370c', 'logsBloom': '0x2da08a0424467591300d88c0a00e2488846119a0104040ba584490432502814a8004584c00848a8402605bc3148189000241088010520e19242182e02027902700200000208162144976403b080001e0681639251b4184610424c1028057802c9e25026492624d60450062603106b88149020008881845624921201903e025c0040241406220958028820c359a0201601b344c9b21a05449a1104171d5c0202182091880248031000520016002280470401804a10040111d990020a2491200a4050084020010205364281085168670006100240800c8003938c450530870ac0418b20070885111a0810208840000c8006310611821d300f090916042a0240c4b', 'miner': '0x7ae2f5b9e386cd1b50a4550696d957cb4900f03a', 'mixHash': '0x0000000000000000000000000000000000000000000000000000000000000000', 'nonce': '0x0000000000000000', 'number': '0x1655c66', 'parentHash': '0x09e6d5e3527464d10d2531705c79fe8807638a09864e1a95adbf5815cc6d1356', 'receiptsRoot': '0xeaaa2462943fa4baf89398a5d78cbfcea5bed5a224d7e40f3e430f726b65e9e4', 'sha3Uncles': '0x1dcc4de8dec75d7aab85b567b6ccd41ad312451b948a7413f0a142fd40d49347', 'size': '0x50c5', 'stateRoot': '0x8075151c4a08dcf56959b076626b09e98b4b7150800833120bc735e7588c9bd5', 'timestamp': '0x63837dfa', 'totalDifficulty': '0x2c67205', 'transactions': ['0xe1368ee64e9e86ce0ea9066d61b50110795268470112bf2474b691b90082b6a8', '0xfed022c01efc3d13f31b7a3f97e41ca579c48739b8df4b98efbc2ccbf4fc3271', '0x69b7d2e9e76ab7e9606a54d91163b499f059395f64c9fac5bfe69bb634f53683', '0xb17107ec3acf1e91287f293e1045e7ecae7490722ecd6c172eb28843d5cc1784', '0x572eb5565246ba65b2a6bad428716145af00b02d8916aecfe002d54b0f3b8ea4', '0x634ee775954189bf37111eba63327df61c25f89a87226cb1fe5cec044fe099da', '0x524c03ee1207658ee9a07bedb8fdfda6b46591f7d778106cfc7f5ba2f8be4362', '0xb9ac490b6cf93f8a7d5b807eb8dd389ca3f7e6e9f87673a8a72f0180b9dd8e20', '0xb420997ab1c07d0bbcbf226326b26d6110b891cd48f677f97441b444afa55a96', '0x5a300ee1882d4647346c7c43241584170f424be00779c83d3a52ab7ace07f80a', '0x8ebece107ec4d8a1c2fe4f124dba6c1c5a735fd4db4cad873d3cba5ab89b37f8', '0x308b79d1355c016463869ad6943d45af737b11d3fc0f3a860aa96f30cf3a1ed5', '0x231175118cc295d776337136b69f60a94ef50bf9d1bc054e0e32f9de80534f99', '0xbe50802500556003916600303022deb3c11aee234eafc26ca22e935e92c405d5', '0xa718b9f14163b2b10976d697d1b93476535cf3de0c4f29396685092df90514e5', '0x154a2b2b6daf2931d7eb21a088f678a7cb75c51003fb141d3dba7b3be7981186', '0x643ca40450c4c1f3cc16d3e99dc7930e006302671bc608f5fd3679130b07d21f', '0x13135c24ed504689f76f075bb0e9a5987300b7115869642ecd8c73fe45251360', '0x24560b9211d66cc95399199732bda75dc29be5d3f1b770bda7dd5ef43c834c4e', '0x9be972676238086da9152c7bf09f537d553bce4b4e709cb5ff8eeb4125432e22', '0x0eec7841b4fbaea3046e770d20c5c121912078917ce345fb65e09ae3aefba873', '0x6fdc0aca73987ce95863a206af61e3d2a479cb72dee400e941a5841379efe0e2', '0x8bf1273987a4f67b659a18cf901b53eab7a16f648554456198dd2e7333abc66c', '0x59f947719090f2b136383e33511ff36744d2de67182977c6209b9e123472c82e', '0xbf1b5a0724c2d62de3ea00d4a4979c7a37c6acbd7fae89c1e436e6e13236842b', '0x1a7676063820ab9ff4bba2d038797b8638e59844186c4733eb7f1f1617243008', '0x18f4f14f93a0338029093dfc223f2c13978a1e31b4661a88cb3f5f556d58ac4e', '0xcf29af910ee31a6134f037176844f668df095eebbce6170944265f346f651a59', '0x9e6b744cbc621bf911445bb937f9ba602bc2e4b3d8ef36ed390c6569d54e446a', '0x2ffa1a9834a0ac44c4a0d69bca67a80a67cce506c7e535c197fe7d88597bca02', '0x2b28865319e7db6f124be55e35c5a15fc79926510348985d07f7a19a259a1aeb', '0xe8379aedb00ce2e820dda828ad815c180346775f4552f78719779a82dbf11808', '0x25132101d1ded47ee8edfc7842b67115fc82d02884e85f8eef8334913d766772', '0x35cae4e976339e66a8a8e857178d348c0afd7e57d016b358330b7edd7d087bef', '0x75d1e9e948605ef4afc37051ecee457e82e5bb97770689f8be18147807d17838'], 'transactionsRoot': '0xb660c3cd0f1198e008a8ffafac955c2503be90c837b1f1567ec658a65818bdf9', 'uncles': []}} (async_rpc.py:86)
2022-11-28 18:11:29 [   DEBUG] Getting response HTTP. URI: https://responsive-convincing-aura.bsc.discover.quiknode.pro/3e7f242edcfec9ca1a36ef544cee66362af95baa, Method: eth_getBlockByNumber, Response: {'jsonrpc': '2.0', 'id': 22, 'result': {'difficulty': '0x2', 'extraData': '0xd983010111846765746889676f312e31372e3133856c696e7578000040fc9c672c247c725abe817006e03bf35ca82e01818bc1f9d2a07f6461629784f0a87a297a97d4853f9635f7c8091977221ea655606a46a6cb30edcff4e3b124b829b79501', 'gasLimit': '0x726c67d', 'gasUsed': '0x901117', 'hash': '0xe40c134ed68b5a6c8655a048598be5a8e91e059dded31e3ff00c8528ebba223e', 'logsBloom': '0x03b232091f7c30bad28d652aa066e92f91f7d864649cc86320332319b15c012c154d9f499cc5b07a3f633ad560c90a7689a6a60842c69cba6423574f6236907aa472c8247810889a91296b3b4db2263aefba350d57562c46c1d6560ea85110866d457f6a2a8a0d85510b9608c915a8102830877f80b8ad0301a1d8731bfa27d57b0950f06789f50066c3dc49813673f150b696afa8f1248c2d0ed9d85ca6f83b321fdfd370484535a02df64bcbcabed666babce18103a15c4d16207502baca89b0aa8d9268b3006e0312d8827602b213accb1601cd77471239b7249b1626e9616e9a3c846c10e86149fb3f05f2b5c90050d1cc6ded508748afa2e10b9c031326', 'miner': '0x2d4c407bbe49438ed859fe965b140dcf1aab71a9', 'mixHash': '0x0000000000000000000000000000000000000000000000000000000000000000', 'nonce': '0x0000000000000000', 'number': '0x1655c76', 'parentHash': '0x203fd81641c8a8e4eaa0bc6b55439735cffef71b007ccb6ce21731966acfb855', 'receiptsRoot': '0x440346bf49b7e5f90f1c58ff81dd4aa4d0db86758657cc2edb62ae34e9a2b219', 'sha3Uncles': '0x1dcc4de8dec75d7aab85b567b6ccd41ad312451b948a7413f0a142fd40d49347', 'size': '0x3d2e', 'stateRoot': '0x2efdd428399653271a899d849be2f7dd108cecba2247bf4de428b9958d72af76', 'timestamp': '0x63837e2e', 'totalDifficulty': '0x2c67223', 'transactions': ['0x7b7beb53e9d2db24c210ca9035e39f3682c01dde75e712f98ca7db5c4d8c2b2c', '0x7e2c02f999a59d6495e7e64ac1ad193a0238ec96032059d76e2cd0e8e4c7914f', '0xbab3bf9f5313b220d9d7a45ee6118fdc68a96580651d13778a64d40f8a11025e', '0x58a2d08ac81d1ca3176537c6b5a870c79842ec3bff75d9a79808a3d3b9912430', '0x5ee409d3b6ccda684f8116553fdf38e42ca803447e2f4a9601104cb44b09decd', '0xd6a5df51d2493dfbbd8dff383b59ca068106a8bd739db1ed946ca7cc8797913b', '0xe2d03364b3aad560cea463d16f7fa3ffb1c5fd7fcf237e665ded6fd9f1e33fed', '0xba74aa29a373b9cb99933481ca0b55c4580af99af2b8902c7b41068f8ab40d57', '0x323815e32b1ecd8155357dc7ad8dce5431158d7f5a02c20442cb8ac52a1aa322', '0x4c8477442832a347d8167444dbd1c4c1f825cea93fffd3d01b4d5d4d87b776b5', '0x77093ab82bb496bc5497715861cbdc80281b9f6963a371220b0f0a1b6a15cd2e', '0x3deea748460ef5bd329a95e46b4f5df212c481f6466f8fe80b4628f04df17edf', '0x3a60a78f2f18d420c991de739ebd08a8919818ed25c7038044eaf859e9a6f0c2', '0xd908059eabff4202ec376111f837e53a0d5df26415b5bc0f3ec50d659195a947', '0x61e102676ba4c64772e54c79e4b47b4a6e00543709351c2e111c365f7486e2ef', '0x2a0fbc9639cf6c740116937e4a3ad2573a3ffc5d1036e5f276d44e8b72132d37', '0xda084dc18df6c1731cda912ff3482dfbe9e57da74859808499a8d69fb691b8ef', '0xfb00bc3712b4d3b8a56516ca6bd3cda667c3d7260be8e4995c3a5ccc18d1a5ad', '0xbbc0ea4a572c00d47d07c3da945f48147ef0dc1614923a16fba06fc1582f670a', '0x330ccd374f9eca7a12efed33717af2d0d45269bdf2b7e4d3a9d015ae7bfb3042', '0x16d6e37fad8e17a531f3a8417da2cfd4ecbfe6486abba010fd773fe756cf1d79', '0x34f5b49f7d00058a8fdfd37f39c65d78701c73381fd63c1fe375545cf1a60c88', '0xe4f909c68cdacfc8a90a2d195bd4fc75ae54b955b56fabe7d9cccd69f84a53f2', '0x59313d81f6d1a98f36f66aad3ae7a89c6d5a82859f4cedeebe3d84a919c04027', '0xcb57246534b4660fabfba84b103c8723763fd607f19bf88adf6df4c729af041b', '0x86bb9dd99ba6a7ad7f5aaeb113a30021bb2830a582c5ae7d81d9cca0b2b04989', '0xa50d79898226cc274cae8a3ac49d8258d9ec5de3fabaef19e890ef672cb143a2', '0x86e7bcfd8e9a7ddcd8bfb858cfc8fefc49b1b3dc6265363ffb2dfb113055d9d8', '0x18ee18ee70c4d1aa06a490c89ea0da3737d51d7061fa6f1eff2daa1a17e2ccaa', '0x3e025c50d323501519343f25485cec0f06c9716eb05a3b431f2d5d63d9d007e0', '0xd050127758a05bcc0902c4f1ff8b56a8a32b92a31325b18ea479f6cee010294e', '0x618b0079df37081a8806d3cd70ba73e64e4fb872b0f2357f9fbad68ab8add146', '0x43bc0c45aef88516f14c7b2ccef46a33bf1dfd63849f4c4231da54fbf5cb8eef', '0x81a9816c16a8a22a04e9d01935337a52b4cc1e183e57f9f26f90070b5f740394', '0x04c2a7291a1805112193744cf390288c5060a296416d9bff3bd4f645ab03f3a2', '0x9b47470a779670b935fdd0d7d152d45bef9751dbf234408c85b0e17594dbd6cc', '0x93327d4c4aedc32078200db45ab4040ae1a038b7bdac8a570e58ed49df81918d', '0x9d3eb7f366417527f39ab28ca4f8debfbe36e37d8bcb080191907d9d00e42891', '0x318aec0d8dbd22cd11e616a3cca118a5b9f5fdd1e0920e5b296b1bd75c0bfd7c', '0x7f5ec2afcd50bdc2ae1c2282a8bd609a7d807f4915a6223ddb6739f99908e1b2', '0xebc6d213006d2a44e82a600fcf643ccecc4925c0e5ab1635650beaeafff27768', '0xb3c978ad87933e28d0378c6bff4e28398bac1cddaa7e06f4877c1879c16c8860', '0xfaa7ad13b7375e3c07b8e373249f675138ea8ded70fe7dc38a0e70e30ae63244', '0xb232edfc1e2b46545f02f91226bc92094f2fc9842d9a8267c8351accf0354404', '0xb311f9e7cd4caaa55f56c3aea22f74506aeaab2b9e5c4930d480c0292a28d455', '0xc6f2019573a3a42915cc10fa59b63362322fe227e8325dd11fede959ec4707e6', '0x87c1d132b358ee0139ab0b75eae6444c618dedf025ea9b8fac044f93b6d76daa', '0xa625dd84ab1c2f28ef8cde2a44402e8863c5f7728390d940c971b4c9bfdd37ec', '0x0c169cc5b21109c149140ac3b646d992006e80311783eebc8303729ff6cd432a', '0xf870fcea5733b80e197731065bc2189c6afc329bc335a746e4dcd55b8d7b96a8', '0x75f8e3a8fa72021fe583960fdbd99339eae9d04add97763031c6c2c1d4b04998', '0x80349a47124db257cd1e496d98121a933064797d61b5e43a52b107c022d38aca', '0xc3d295c6a184a2e51a08a274d8c414503a2daf4e05c6df35405b35fa0322acee', '0xda614bfee310d71dd6d9013f38b4b07376be8f93ee9945781b7fcf4c30c50cc9', '0x26c8105b2af605418b34e6578f8ee6d124033f76900d745e54944913bf818b96', '0xa24c81fbbaf423f92a98ea6321fd6e1312750991a21556127945d590092e6222', '0xc802a3a1dbd67dc8688b562594f90b8368d3ad29f6dce638ea2b0388513364fb', '0x41c06844402ea64a45df347c5af47118d86cc7b9243a20599d121fd84b43b97c', '0x6272fbbe5a7293ee823df39b6fd1213b52b93301fee7d4a6a065c8780a046748', '0xfd6cf3e85eafd368c382056566330fe0e04cfd3fb6d1c9c9c8989860db6d0f79', '0x5bb8261e0c157adcb743f567aafce4769dee63226dda27e8a6e8b06fc194d255', '0x95c8f6629735b8e45ad8af482b55a80d54ab805184b3b702530086a205a9afaa', '0xe4e0402ca51d3a07dce296ba03206b34140cbe97ddd1e3e797b3874198b25052', '0x2c837d55f6626a89249943918bd3fb5f20c2ac6dfd03034dff3fdda24b84c5ba'], 'transactionsRoot': '0x01f7f33cff273e322804dd3328eb80e67e8d24773efda74dbdbb4689d8978495', 'uncles': []}} (async_rpc.py:86)
2022-11-28 18:11:29 [   DEBUG] Getting response HTTP. URI: https://responsive-convincing-aura.bsc.discover.quiknode.pro/3e7f242edcfec9ca1a36ef544cee66362af95baa, Method: eth_getBlockByNumber, Response: {'jsonrpc': '2.0', 'id': 1, 'result': {'difficulty': '0x2', 'extraData': '0xd983010111846765746889676f312e31372e3133856c696e7578000040fc9c67fb38b17d5199be93c08edab4793398116806dda739866e41e0979b407591b51c5e639a722b7edd461c500506acdd1c4ad535016984e55dac7c1191d6c973703201', 'gasLimit': '0x72e350d', 'gasUsed': '0x8a35df', 'hash': '0x8ad327a2ff457cfe6bc6632ba15f3264401b92648ec69fd6b7ead336dd171968', 'logsBloom': '0x822e32100f951214400d22299410830d522010808113ec40213283740c88806a0c077246c4409091c24008d588102f581015262001678010420a242410a72c440480100048b402009538081b16a0a47ce8501604cb4438060504400085640e6a02016038020a81440856820dc9ac28321ec440780c86162817438013e300060010c515c0444710202390843400400048203d0495e8230098d91810511c00442052508201112db58b24003c03163adc80160251b050c2890264e070211132404a61d40402804108829008040344101042b5e00810180a007304a11512a02dec20b2100525009110012582ac0b8026a08d47400710b8001060a8a21a201e300942', 'miner': '0x2d4c407bbe49438ed859fe965b140dcf1aab71a9', 'mixHash': '0x0000000000000000000000000000000000000000000000000000000000000000', 'nonce': '0x0000000000000000', 'number': '0x1655c61', 'parentHash': '0xd254c4e68cda82d9fdc7204d12284a7d36b58fa5463e0ffd56cd79549ac1b348', 'receiptsRoot': '0x30d1274c6255622835da3a0e145a12f76761d5206ae4af8f4f67f30d66859865', 'sha3Uncles': '0x1dcc4de8dec75d7aab85b567b6ccd41ad312451b948a7413f0a142fd40d49347', 'size': '0x443a', 'stateRoot': '0xbc84e37a6a6808c367fe45a1b46d43f6273db4e0dc975f76d24af52a738dd36a', 'timestamp': '0x63837deb', 'totalDifficulty': '0x2c671fb', 'transactions': ['0x82e82d47a24110f4bb7c0acc4879d5fde3de7b715546f4a51d93a21e9a556e1d', '0xa8ab4fda4d64dd346e4538e435991569f4c350609a87567d3f05ad712ac459fd', '0xf90c16401c0f5aad7b671137bc2911bf5753dbdc3c14af8b5f5af00afa5be6aa', '0xf9a2aa00ab06e17e0a87ef25e84649a9cb954e46ec0a09ca13aef88b6a77541d', '0x63d28b67954aab02f14e5b06c88a22fbc8433d775354bca0730a8807d539a3aa', '0x557d7a96851a68a8ac75817b9d50bc5c23d4c64a381194d0a77d81b5fd73a8ba', '0x2c3dd0cd5d3dfe58a92096e6af97cfb2b854e409dbfb50b94ff17b968159eb27', '0xbf916e19165c1468e969a85c586468cf9a6805d24ade4df159daef0d1571086a', '0xc1b7a8072201808a116bfed5d710849ff88059692ae2b530982667caf9b9e5ac', '0x59832b45a4bca6ffc72d44f1676b513618e644fde3bd41dc8d4e2f085fb52163', '0x6c94ebba33a41ee81b595f3716c543f7d665d91a91b53b7f9ad3cb2dea520530', '0xe1e4ec1ed7021a1bb5fd4715d9270d6ab1d8325eb6a5c606205fa10f31c58c6f', '0x57dee95264d2f4ae0805519212ff01ece87019fa4f72cdfc2b5f2088e8da86f1', '0xcaaa3511dda4e66de62240e88bc4441563e5fa453fe478b82e84b94c2ba4563c', '0x9346b061005d65937891076692b4c11b0ae851225874a54ed1ee0b4f0bcce760', '0x57b71c13b5e6df02cae2911b502f42f0c434942f1cdeb43291cf70876a56453a', '0xfc1b4f6c7bb19c18f5d03b701739ffe660ecb15eb8ceb1f38e45f8ffdb470b92', '0xdf3f063f9c5a7226c0ccee8e68c74ad8b3ae3cd43377c6feb94049a50982de8c', '0x6db509e8b94cfaf9dcd62ab9914bf2e192f8473a0c9ea1d3b8f869fe1adfd400', '0x3203c9ba80f9c41fb74054a126ff65ed5308a89927026c82df397bda81f88097', '0x02611a754a83aafa3c2475a983efc44fb8291912fb46c1f92926e0f2d0f6b4d2', '0xc416b70fe7acab51c468b632372ba5fa25c411d184e9c19adf8146325555d558', '0xdf358b0cc083240769664ea2aeae5b2056d8f769f2afb8450d01978ab70f96a1', '0x96c9e10b4f368fcc13b8def28a9a0ff72c4428755700e7c70b021aa2b9164c4f', '0x883bf12ddbc7b37f9f49898c410a15c9400ca09db1e05b9498042d8612b23877', '0xd535bfe55747f905b1b5a5a437ce1ccb1e7e5d96a3f6247cc34022dd65943e60', '0x4efce405f40b8d703baf1d30904304247328f7768c0181d7a1564c1ff2d64173', '0x7073b6ae8986372db84ac404e4e0562b24f43c490da60972ed534176e82b0024', '0xc651a6f2d048f3cbec97cf844add5e3321fe7ae915590ed07b209f8df2b1e47c', '0x73ae0a462ee62a2f17274d24704ec47852efc7c66826d8fb904e28f32c30d05d', '0x8be1de2422775a8d5d3afaa189f7b1fe3ed2185c3bfc4cd1e4e9b12fc74299e0', '0x64ea62fd6464ba58d23452f37cdb0d7cefe3603a85f813546deffbd84fc5d21f', '0x1666487f76527b6dd19cf62a75752ba20ffe7efc956c1f1be5b44e52b183afdd', '0x10e5e708a71f4b5dc6431adb7c47ee1ca5dfa0b70060772485e587a1988f980d', '0x35d79e1570eefb3fe8d49e6515f3c147f9554e7fb280eeb2c393cae1fb54de1b', '0x235b281ff0dc8a3d47f8a9cddf51ac6a1b0018554abde25c00984c3f80e91a1a', '0x7040cde47d5eebfee9b33a40d354ecbd4190f3f98015cc4c6a0663b2f03cfe7d', '0x0ee939525ca5c1ea77f9105361a896c07f56479493cf2b5f023ae37a0827e7ef', '0x6b2a3dab0db9d4e637104ba28520ccb285aa8c48d6ba6d6d03b2a99b136c76b2', '0xae64cad36ff38abcda8e1c91ec41f740aeaa7bc1ec9e61d74145688ef0c6aadd', '0xa2a0f95f3eac4120adb2bd336e2a59a8e0ef759610bd3f71b5e127959b9cc9fc', '0xf8ada97ae3a5996ae9591253b63941ed061015ccd453c8645e465a84cf55c76b', '0xd87e4fcca8dc49a6e5a881a35e76631727aae3b4ff7caa3842785ae2e3bbcdac', '0xe68068a2c50baad9d38ab2498040bff393b52a18123f056cff278723c6835ac9', '0xf4e24e2e5934d1560808065a423bd1b6bb943fa63688bd7663348595c99c713f', '0x581501a60b720de07d868737f52736ebf65a96683cc9b387e306fc0770deb71e', '0x89172dd78d8f6d34060251b6b53530f41814fd5e29d1b65f1b5c182e0dd74ad1', '0x718981c030bc687ce8906e4c9e2832fb7be6f671009ec0bbbad2f8062eb56174', '0x6ecf8a0d967d2bb80bcf793f89059e6e1f507d3b7b1d6d2e473a9e53be1e0592', '0xff4bc3092e526c48a0d839b0dbec62174069cbecd8f76b4d79e0d525f4d6c3c1', '0xb1d6f7f32a1f7baaa6bd25bed5d12d719bd544137922a9fd551a8e62d21021d2', '0x9452612bcf28733418215dc097fc0db793c3e9ed04fb1d9b3f5b7a6597abe9af', '0x74c6686206800a931f57345dd630d802d7b47550b492a3e92ccd8f555484dd11', '0x303fdd6f889fa01f8e6a035fb18344d4f284537d71bc157866eafe55cecb9b8d', '0xb4289d03d3dc3f13a2fb821a6f8162bebd822543eb1fef1e6db59d753ec766d9', '0xf221ee6eb25fdc345dcaeb376672287726620783f9bcfa784c7aba0b0c46640f', '0x0e1e5f9d4f01037203bc020130e8adb938205e0b4b3cdeb584bd240d207c6dfb', '0x31ccd41a5e05d1696560c2e6f2388db22cf89cbe45b27b1d44fb346b8b77169e', '0xf6668485eaba01be7f9f8f30750f31692320f67eb6d949801ba15424ccc8b0c2', '0xf06df547b42309d3aef495feefe50eefa1770095fad54dbe88873011caf74f65', '0xe2504f3a085881e85a507f017a48aa0b5eb890810c618461d79fc87a40b7f330', '0x78c8fbded7511b8ec10da242b68446ff52ee30a3b35953c2dd63a29d357ff5c1', '0x4707862e94757badf8fa527d3767dcae1149a40776895da8e2885fd356b255d2', '0x1c440fdefcab4813ed3b2deaeadb271502aa38ace60a0ec2fcea06d6a4bb9014', '0x79bac69600741fb45b796c69333baf296eb949aa722774edfb44239ededa0a94', '0xeb3c4125784dad41f96fd0d91d55047a16ce4e13895dc52051f37ff68bf7951f', '0xc437bc4e8525489317f48c604b1a5a7722f03790b17569dfabbe91f620f75382', '0x3915a998af8948d98b83631a50ac0ffc2e89bfe30efc87908e18797aa2a2ad49', '0x8581727f50178246dfbf180437b3ccb6a26b198f9595e97b579ce107caa0b209', '0xdab9d01b48aad19812187dfb282a193d7109d6039031e43b4d0cfc2ff6ea93d8', '0x810ebe69d47495534e1d795adb5bd3412ce1646da28cefa39d955e85df0389a9', '0x3c9aba96e608b8114f081dcb3dd0cec895d3ffd321d2aec614af7b0553f6df4e', '0xadd781f632abf24f93883526f81bfd0b7fe951156f20062e0a3a028a8f5d9066', '0xc17e139ca0500f2dd3b9572304ae373c7de34e5fa0876baee16a4426db69a920', '0xe67e45a4226eb1febacc6b1d65484c14ccd0a438df5dfb76e6663f71ee6da156', '0x3dbabf48b2fe22de6f8dffdf3810e6a3245b166480d5b07678e773211688d38a'], 'transactionsRoot': '0x7b30a2ebe66140309bd86532783b1cde6bc04945a4cc53a7c60a7eddbf980b3f', 'uncles': []}} (async_rpc.py:86)
2022-11-28 18:11:29 [   DEBUG] Getting response HTTP. URI: https://responsive-convincing-aura.bsc.discover.quiknode.pro/3e7f242edcfec9ca1a36ef544cee66362af95baa, Method: eth_getBlockByNumber, Response: {'jsonrpc': '2.0', 'id': 15, 'result': {'difficulty': '0x2', 'extraData': '0xd983010111846765746889676f312e31372e3133856c696e7578000040fc9c67d723cc53c7f6074d92cfea35e8db0efd5b6fa8ab954a9ecc2e729aebf41deb3c607fd52cb91c596d93716da3224cc2fcd20888daaa3254b3eecc3a7265478ce101', 'gasLimit': '0x72e09f8', 'gasUsed': '0x1e78b2', 'hash': '0xefd2db794f465476638839f350e3bb7078c15318014187dad240b6261cb26e14', 'logsBloom': '0x00a00200000000100080002880000000000000082400040000002000600888400000800000000080008024010200100008000000100000100000400000280008800000001001801001000008000001202810000000444009008400016000004041200020020608081045000100000800080140401080040000000030030008000000010010000800008800280010480804240c5010000008041408430010002003000000011000000e0040000204021200000000208000002240100000500010200000021021010200800210900252002000001000004054040000022100a0000010402204400080010010010200800212140000408082000000001c900c0000', 'miner': '0xea0a6e3c511bbd10f4519ece37dc24887e11b55d', 'mixHash': '0x0000000000000000000000000000000000000000000000000000000000000000', 'nonce': '0x0000000000000000', 'number': '0x1655c6f', 'parentHash': '0xce90c1a9f735b2a50c59f32e02d66b6d4f7389bc9a9b6fba65c6f352cb202c35', 'receiptsRoot': '0x51874592b650d37701e83dd9ca2cbc6c0e05168fb7ee376483fd76a15f1466a1', 'sha3Uncles': '0x1dcc4de8dec75d7aab85b567b6ccd41ad312451b948a7413f0a142fd40d49347', 'size': '0x129f', 'stateRoot': '0xc4c0127861932fb5511412104a6c4ce0cb58bc4bbb73a6e431b0b64869cb65ec', 'timestamp': '0x63837e17', 'totalDifficulty': '0x2c67216', 'transactions': ['0xa90c2168aece859ed711ae4f8eeb2ac9d5210f3d02b3fbbed0830584bbb581b1', '0x54e16cd27c7ba7c4f3a34aa4aa718ff285d9c985e1b110505d367dcbb88fdbc0', '0xf25e04d93ede7d2fe37118c23bd4b7873d40ac9d08ead66ffeec365dc9490b62', '0x48f91c169cd48b0b3d91f07f437ccbf3bc6a16b8b1bc0a11f89b71683fe132d9', '0x9c7688615d0d888913accd7ce80dbe912a4093d68ea94fb419816ca7779e3299', '0x8c22eb306e0513514e593cf6f07ec81084439d265e55297854e33b39f0694de8', '0xfb2d499bec1e64891e904523b52dd09f517990dbbb345ade7afc024f1c52abdc', '0xf57ed31c6542f7e21ff053762a7b4246cf4a7d36b1c437ab8bd495217e32bfb7', '0x66a699c0242ca8bb2450a1b62268473f59414b4369bdec4eddf4eee7ec766d6a', '0x4eeb9e413b782bf60a7800964469610298822fec8215fb20c2abf1039a34e5db', '0xd70b2a9c780a3b03a5fbdace735f32ed77e0eb538f507297cbedea76239d1bca', '0xef4ac89a6dc5a9fdc23564a47b906656d9bd24819740796b7c13bcefac75063e', '0x6ca32edf68fa2eb9af33f91e81a06eb9b787301f7109e4053ca672faba5b41f4', '0xb28b8d01f41a42c071c8c5b8b7e3725d9b75c171140a4599540c7f7a4b2adb97', '0xd89c0a964b2697ec072483dae38feab4d2d8c4447fdabc3b41ca589b247ebcf0', '0x2bdae463c391f64ce1f244e41d5407916b5d7b3b2ebc0fd74b7b64889b07927b', '0x70a7808e47897c887baaac0b946ccdf4857052a74a8f3a5f2021feb75ca6e881', '0xc27da34c7e1d2c640457c59968d53b53ee564a02f963466e7d78459ccfff1a12', '0xfcc448591d32357037b175539458a12765f5861ef46d1a8a7e32a7a50b094fcc', '0xbc668b7fb3738b01113307fb9eb7041360ab88b8e12b92d87e193e99bc47e704', '0x58c64cf0ba25e5b90192789ebc8d39295a7ff84e595f2537e09394f72aa00266', '0xc6084202e63fd7753b6cf46ea41caf2e739d683999f314b88de9e1f8c2902204', '0x4ab964568232390bab5893e3d99967dbe7895aa0c44126df25ef2b2854a05aff', '0x6f1740921be6762fd21ab94cc011b7c1984376923a34f4c1883ed342da99f280', '0xbe71ea3885d2c83ff48ca54796be31e5f815cd69f272a4eba6d22f4b932c99d0', '0x4032ca02a9e69204a8241d2b83e414396cb54debd4e870dd31d72e6e687c3d71'], 'transactionsRoot': '0xb87118509c4f3f8a804631fbf64ea0fbef60d0ada6547b155b94af50ab99edb9', 'uncles': []}} (async_rpc.py:86)
2022-11-28 18:11:29 [   DEBUG] Getting response HTTP. URI: https://responsive-convincing-aura.bsc.discover.quiknode.pro/3e7f242edcfec9ca1a36ef544cee66362af95baa, Method: eth_getBlockByNumber, Response: {'jsonrpc': '2.0', 'id': 20, 'result': {'difficulty': '0x1', 'extraData': '0xd883010111846765746888676f312e31392e33856c696e757800000040fc9c67ba53710a805c8d99f5f305e76ee89ab080764509866d9b36923c5d7d0a8dd0884b397be8882086d5d05877251ed0d2e0aaa28668fd43a3f7598f8a024dd2aa4700', 'gasLimit': '0x7188e4b', 'gasUsed': '0x6bbf36', 'hash': '0xc5086edb0567a1c87fc66e7d0af1f3e417086e6fc55431cee4b386dbc7703aad', 'logsBloom': '0xc13333904500119610046073812131722002401300c0051263100a290c004000a007c040fac65c07c7881c359008004050010704a00360416184004295fc0101504002001500e5009772084cc091206131b8446a2552640adf258010a3d9022a60e19060232262249173796802941a346e0080a1a10085a61c2b4e796013156110111442042b248020e8466281160a00c0a545455544115c20e962c11854c8b862020144320828302200600122aa889a549410041009d9190e0a2901120202ee220a150f40012002c0058320b210f636300230108108241605059002133ca02a0733742908029040a10b0052dca0305048a0128e8111825222022013a950a0a9', 'miner': '0x9f8ccdafcc39f3c7d6ebf637c9151673cbc36b88', 'mixHash': '0x0000000000000000000000000000000000000000000000000000000000000000', 'nonce': '0x0000000000000000', 'number': '0x1655c74', 'parentHash': '0xf211c6565bda95d48dc0825c2fef3b59507c84d0116203d491f87b81cb8d82b6', 'receiptsRoot': '0x917583fb39270d8765ae64503ddd7bc90ce47865572db9ca9902133c56212f77', 'sha3Uncles': '0x1dcc4de8dec75d7aab85b567b6ccd41ad312451b948a7413f0a142fd40d49347', 'size': '0x2986', 'stateRoot': '0x9bda066dedfc9bf4b1decea7db51994df14d5e62fde6bc16b2359a779ee06663', 'timestamp': '0x63837e28', 'totalDifficulty': '0x2c6721f', 'transactions': ['0xa5ef8183e96bbaab6c1b36bb9b64e1955cd2207de87bc8b7acbb2d533f0d3217', '0x460c6b1e26b8a9cb9d02120e2f1b5ac04ee6db0d4ac6ae44d07f135f4e32d1f5', '0xd42a4b7da45d19d3369171c817eaf0d02a4071273cb3511ddd459ec1ec8026a6', '0x8c1524220dcff0c285d8d0ce35ea04da4922250015fcc8531132d734970794d8', '0x9e92e9117d2f557e5c585e5a3dcebc14aad942a19cdf1721d857693b99615d2b', '0x92a017a7cc0b5d5bcc882a04baee1704770df045e78485cda610fba0289d2def', '0xd222dc65579e8ed38a677e61cae5866ffa1df863819380a7c575886d9f9b3cef', '0x945c14bf3c7586c0fbb28076180d214b148d0ec9fe929307aaafc02d46f639dc', '0xf8c76d63f688ef58167eb106a057e66424278e4511e8a64abcd48655ac9ca76b', '0xe9052a87edc164fa693371c308be7c23ac1df0b113c5116d12fb14f26061cb1b', '0x295de1e66add8087a26514a8f41cb5df7c1960bbca75c568d3cf3e9cb1c9494e', '0x04bdc11d76196d736fc9737f2ae6259dce250728bb42a2b7d07f6609fcfc959c', '0x0036cffea28e0999319f234472277627f35556e8f9bc18548cfd58259b2a5eb5', '0x372637a577280260ca0b679f2a91f73185a37583bb72f389672abddb3b542e6c', '0xd02bf439115b38de665d5be203a8c1fa76fc1449ff7ff039f75d12649d83c9cc', '0x8dfbe3da25b64eb04a5da5a9f14caf1ccff2439d75f808c38584e4f1fb23a466', '0x9d852ba9cb7e5f56ba55797b96033deb7e46d2d8948906f21000d734b162689d', '0x028bce2b9935dfc7545d0701a98402c1ec3a15b3688af9df58957965180ee961', '0xd8431f5af678ee6cf79bea80513d49a4c266e3df7a4d9ce46a2d2fbb9da0be3c', '0x2b11867d8201d1a85aa86cc1a89981729a61d3a852f640387be009a2c43cbb8c', '0xf7f4628f55ad8929d02f2c81beeeab64b453e8e8d33a4339064e5597ed38cda3', '0xe2ad55d45f07e97ef4971b0187a0e5abafb81ed848eaa0c30c7fc3e25145f644', '0x23fe08b0fc888fb00e41b94d89873151fe65bf4bf6cd5a705eb701dae9eda4ad', '0x5153f6da7cb7f893dd8450a46e7d35fa8ec8883d7884dcbcc162fea6764d23ad', '0x358b00ac19fd78800c4caed30bacaaae500ca5fc1dfb1b495f2c9e4420900c97', '0xc1370f00c57e5522bb64c5bb936a8975b8b8945f973c19ab27ce2217cd89f6e5', '0xa465fbb2804b3ddfc9eb0b7698b7afc258d13da325c86fe0f22165bd245b6617', '0xc8faa1a2baf9f918c52074819236bfdeb15b3e790424bb56a20235f54df26f19', '0x75c3ccac5567ab5686e4d735dd8da44549f4f294d5d250127b14725dbda437a4', '0x1993f684bdd1b51e747057a6036ef9a1506aac7d288ad71e18cbf5e44edca7eb', '0xfe3ac340d4b7ca1525986edb8ddfd68ff2b50c7dbbfd2a943b390c0a10c9b7fa', '0xa621d283144bfdca3f3503acc2c149564281984f135cf16efd35950e8750cfa0', '0xac6e9593daa07b320a03da410ba459017cbbe53f926d042de096fda64851a616', '0x5df32a97e611cd4d9b7bbd51632c3d9dab924ad2f752113e8b41068bd11c125e', '0xc455d6b4bfab8d9f5558031ba2d4b9cb8c93a61de762cdadbdc212fbcf8de58c', '0xfad64a599c79516a6d687db388da838261f7023a228fd7147d8b9c91a6988a59', '0xea2ffcf3d381563195849895486f0aa16a82f814395da6e24be863945e842bf4', '0x86c6ff56efb997915c008765d63274b618d53d994ba279cd170b27f5bf9f972d', '0x883bc0f6e9eb54ea3fcb0e664b46aaa6374d3c6392fe5480211119e81e016148', '0x54806f95b241adab1cea1fbf796cc590b4163e6779db15fc5060c929dfe7781b', '0x0f9ded9cd439d98024fbb51099ae6575571ad6ede569f08df5876f8360b02292', '0xab0c476527306ced42f925c49df942a61ba691dd1b69fd14b25804349a9be311', '0x8616381f658fdd541a6fb5bfa35723c078865cb6d92f47f1d2ab0bae011945a7', '0xfb25f22fa9107f31b91ec15cd023e0215a60bc22a1f9a00db27ea2dbbd9206c5', '0x6df1e83bfd8f8ea1c369f6587991ad4ecaff81e4fff00437392e2f6864082cf7', '0xc97f89a4d74568a2a436efa31d676475f75b1865acdb8bc5b61326efb2c4c2e8', '0xccdd42cd482aeb00b76450086dada82718e49f32bc53d7ece34b1426e3cb4606', '0xc347a38f23689d073f00207a53c01f3438b22ed2dff781ffccb199c4f962ca27'], 'transactionsRoot': '0x8d3e8a66a3d9712acdd598cb8d94dcd5014071a04139c9c85c45dda765dd840c', 'uncles': []}} (async_rpc.py:86)
2022-11-28 18:11:29 [   DEBUG] Getting response HTTP. URI: https://responsive-convincing-aura.bsc.discover.quiknode.pro/3e7f242edcfec9ca1a36ef544cee66362af95baa, Method: eth_getBlockByNumber, Response: {'jsonrpc': '2.0', 'id': 18, 'result': {'difficulty': '0x2', 'extraData': '0xd883010111846765746888676f312e31382e31856c696e757800000040fc9c67dba73de51bfefd6f13bee71c3dd3c7b67b42bb73b5366468dc4841292a2267af3cde37c5a1e10f8051801da3da668b3d7fc01de076f4b830456a5abd90ac5d6e00', 'gasLimit': '0x726d4ca', 'gasUsed': '0x9cfb16', 'hash': '0xf22021751d5242e06d3ef60f2f346aa3a7f78d5d1125a5917a0bf0cf46512b4d', 'logsBloom': '0x982e16a1628d381216002122c224600d88c04251752487422614d3fca6008324ab20ddcd8c7b1410d22024f605fe11312d54e051416b4872615801a269bc07280e242d301826000f9968589f092446acb8b654a31b462c4301bc4108e449f78c0b6bac6e27020206801b974208110dc00bf1005f888ee6042621a0393f0005a2521021a02605d818a4a8a5220e55aa57236504fd91a2446c252a18e04cccf223031342451e39504ba228b6d30f2ac489625258a10c124b8824112033401a500ca300045218408863c06800078612b5d0b0c06e41e5a6b631048b0c0e4eb0e6e29030d0e02258ca000d3e604592a622806360a63c118c546ba51bd90584422cbc', 'miner': '0xfe6e72b223f6d6cf4edc6bff92f30e84b8258249', 'mixHash': '0x0000000000000000000000000000000000000000000000000000000000000000', 'nonce': '0x0000000000000000', 'number': '0x1655c72', 'parentHash': '0x7b522103535d7b34343342e704549d2ed7ba505ff80bda872aab68bf2db708b1', 'receiptsRoot': '0x9b3020038d092784857d35632340812a0ea8e9ea9e4154f5bb25173cefa57ced', 'sha3Uncles': '0x1dcc4de8dec75d7aab85b567b6ccd41ad312451b948a7413f0a142fd40d49347', 'size': '0x55b0', 'stateRoot': '0x58f1de80a2094b8617c3d770a1f55aecf42114c7816dea3ca17f19ee82f6cec3', 'timestamp': '0x63837e20', 'totalDifficulty': '0x2c6721c', 'transactions': ['0x2a6b06e530ba6a1280d8b1e7ef38da455ea435fc9bfbfda8b7740b9f45f9514e', '0x1769758043195fb12c5a099ac3b0024f3aa94952ab8f3ab1ba978f5c95bb7434', '0xfc46bcd5d4fefd047413aeaffa2f772a01217c141db595efd48e3a4212d80694', '0x1f8e19d304edf8665ca6e32b5debd0c5627d43b5af929811d3b0d903a4ca0e61', '0x87ed55c3a5d5cdc97a2878d3f31baf56ec94d61d3b9efbda7c3706cb1cfea8aa', '0xa792cac88120625a33ec3dad9a2fb089cff2729e90b7bcd5b9f8915407c9f110', '0x82db205c95687feec8ad0061537825625d43b54a350b06d0d434193ff2b09238', '0xc286f840248151fef3dfbcebcf20354fa9af4925539749e2690d32abe0b596f6', '0x26834f463202810f520badb31ad9b991b3546eea5ef045105e34e081bed2ea76', '0x3d5bacb2126984380dc04e3b47c2efe867110ff34da75fbe6947a82eb501e098', '0x241de38aa26b6ed6944bfe1a07de19db06e82789ba54a08b2a280682d84f99dd', '0xeb50918076584c123e60d24eb3266f8516dcd351e73460ce6418e5b24b227b25', '0xc0215eedea9acad37d15e815134c04e4231f01440e938bd9e95477b5fbb51951', '0xa38180cb084bf15915ba8595a3dfa6b3090866d2f6a325e1e8687196baa86e7b', '0x309ffa9d4439a3fd9ab7f5cab952cad03cea116bc8f06e43dde5f99e6594946b', '0x7bcd52565cdf6df4304d5fe64bb427b4db3bbe60f428e70c377f66dc029a9781', '0xdd458ebbcc973750b079ccc23a58d4f4f38311688cd7aade2206e18dd1e85c56', '0xc975a41889724e4d3ee3518eb81262c082e6b60d51921535d26d0246bf80e395', '0x1353f6973f77e6921e8a615dd49a722e942c1e44b4ed49ec30571a49629c26ee', '0xf7e744f29bce62eb55d9fcc2ea8246049964ada26ea3987cd665715263f16a4a', '0x3d11d2fcff82a992de5b6e7e80a908a897820fe60432504fa491c7038a21374d', '0x6c377ed40fa502d2c234064d168f74e8fb360cccb80319cc7525d326dd963310', '0x70c476ad83138fbf9d958d77bf8105a4d31a3a3a0353dd55622889804bbe79d9', '0x970ce78c5a53044567092f489f0d799a5ef84e26cd3a7f92c6596ab4f70dab0c', '0x841faed14f9ded6e718f4cbe9d59cc3a62fa51d4319fafbc9c3834ebf06f89bd', '0x24a2ae25b8a11d3c0d3dbeecb6ceba0389f7211939951962867b6aa52bdb72ee', '0xf4df92ce9579d5fb530d0dd6c3bad6be0a3cb986fbbfb33c0616d6fdef34c73e', '0x1550d7690a3107267cd3ae641c8cb516067a6c88b959e99c3f529deb9229c810', '0xefd836de34bb30f768fe5ba435b8128bf2fe7f2321f91b1749ded830fc0da382', '0xc393ab9e64d87772f01aa8d24f55e4fcbbea954a0748883ac78c4be24cdfb687', '0x43592d2099c010d8dc5565de53d80d514a098fa3d338e0e837cd2c426c34f555', '0x62a0228b3ebfdef4bc032dddd6ec4762fba58924724edfa4dbc35ca2af87b796', '0x3a80a5444092ba3aa6dcfa92df10d52cf166740834a798036f1d0856b668fa92', '0x0cb9c6ef7cee4f7eac0a64f23c4b79e161f7e90469aa37c8ad4808c7e119aa97', '0xb44075a19cd0e17f6d0202c94760b920ffefce7af1a41681a8110ea68fae2b63', '0x625fb83f7c6b6f40863707f9e9696f0eab042e68c0e046a8ebc51b22e5f57690', '0x2eb7c1d80ba1205fcf69e8381cceaa97276041f685f1cebe333776674e388663', '0x2f6006e82bafb25790db9fae980ae25ff1de6692fec4042528509db7ab55cdb6', '0x4ceae6bac85ca193a8f9eff697f7f43b26d5526c44070ea4a77f2390699920d0', '0x27ed8bd59ba40dc25666a49264c06a2c743790118b0b97091477275ea42aa7aa', '0xa011cdd6973f9bc5bc688c97ec9f7bf5259cc9b7d17454146c5e66e794ddccb0', '0x71ea186299a80603ebc6343e6f40476de3c25fff3136de107d09b269fb36243d', '0xc31eff36d389af7e4c31bbf72dd0568e341f1fd87a704f43bbb567a7ce8b5883', '0x9d2b5227a0877571f98784c2db8c7b435278a8319000d415b6e7f5c1dcec669f', '0x4c18fbd18cadfc0e411a4010c2bda52e8f3eee18931819405280045121045167', '0x9334d7e93ea08993d297329c1424f94e85bb30ce7d38e6147ed6cb82713f3102', '0x51bd63d204c47c8db0e26a798d23c4d232311ba893068af990944a6e0be64f3c', '0x7fd0b6500ccb58274a64f37a8a6a1529002b4139224d43c0c6e654bba9782515', '0xedca0fbaf65ebaf7b3a826ad6aea65a29fa42ff003b85736e0899b9f912ea30d', '0x0b6339dbdc32b082d65f33db032da8c230777a5dfe7aad35f7177adc6a0e5699', '0xf91a77db9edc06fddd0ea0358d42304aebf44d8869fce2bac6a9cd7c7bfc0bc3', '0x11751f40edd5e7ab751cbc083a32b4efd8ebf0e3b203c4cc80458c3f71a9d2d8', '0x50508307a3db44902e3e7da7a180f68f9cd438d3fb745ff79583f68c80f381da', '0x0a520da9b647de4dc4f657a76b61c5b711ace83f27eb8f102727898bb774cde6', '0x328b8d234912760ce862d0932255c9ea806c02f57857ef36296f3a6ce1f61b96', '0x495708ff2fecc38aeb09dc4d07dc840cf9ead7371b2e55f9e230aa7546c83d2d', '0xe9222cb5183ec3603c6c34570249d9b33c80312b230265f201a4d029903998b5', '0x10ef3906a68e831c0152d78fa3fb527eda47209161581c0bfc9e3d248af54026', '0x607133cb7c6a44e4c4f42da694b7bb5b94b92c4cfe499e63c4134e8e48aea223', '0xd0e5776309c1a86006320449d52594bc426b588ffe87a3ad22d7a42a29eb2ce1', '0x7a247c048dac0cc707c58cb022296d7f2d43e320e4c1052aafa63012623f1272', '0x9d2c7c6dc8734a476e33b782bb5efbd346c6904f038c85fe1a75e20648f1f40e', '0xbdf74c3a880f0f23317d6006d14733d0d5f36ce7ccaafd4704d7d5e16f8723a7', '0x7d76a5387f356d3181506a84ac45d222540c468a6ba08da42c19126e2150796c', '0xe3388f46705e8043218d87dc2d1cca1e9e1a7d62f061e43262f91cb44c54cb9e', '0x417548625967006cbb0a2571769fd6e419832dc8881f66c3d88832a6a9788ef4', '0xf2c6075d1d54755c8a9d5f942e0bc924d511750667b00d54427b63a337b3ce71', '0x8fab81b51899043fcb5d57d45c34d04557df4fbfb34bdeba5b666843f2443b65', '0x8eeca57899a5e91781d56b285d01de035fe44214f80d78753033bd96dcf7a24e', '0x85a15ad31fd9a3af432ae41dd331022c901816d7b1b3ae8d44549862cb9a1473', '0xffdc3f4ecc4d48255a81d8b91eaeec750a76adf099219f38f3a2e64c78de07a4', '0x809ddb770140583631e81094b09cbf84e2d55e450ab73f1a53c6609953bc74ef', '0x161e3c7d4b003458af71c83b4278c55c8ae991949337337fd6c72063ed581403', '0x32b934f56c87c533114fa36704ca1a9a6ea5ad0b2b220a751423fb65f857bbea', '0xf3b74e6c208b0e1642b141ccb6627bd23a54034e8fccbe99b11d187622f5c7c3', '0x0f69fb85c3b21d1d31ef296b7088f692d8c36abc16a9de2df21e17bb92606471', '0xe03b3bee46f27b7a537ad05160e2a7134170c53dccfbb7659febd04d52322418', '0xd00314f65905518ef675bfb92ae79234c65a6e2308b595185bdc48bd59d9f8ad', '0x668914fb5ed2a4f3083d6910aa9d5ecf4489e0fee7fafe2682671d51fa72c957', '0xc4be3f58f8b71e0c0f80068d3d8da046236c721d1a916813356528a746d32ff6', '0x79dab7ae08f60805bda760a3f40dd82373d848788d8cc08597e141eb7a30b7e6', '0x89f42ac8da563e9c7385533205ad9e2d8bcafd5cc05cdad4d8b272d767664b5f', '0x0e771ab04953971a44a13a89fb5cb6347c6931616efc144e215c30467a7dbd2a', '0x934dd5f7b7cabd712ed6ed16016dae35cbf619f6721a6e925f8a384bae21c5b8', '0xe6ea4316ee9ac21b172578046257f5804febdde5e8cc6f00b1dbcac196c69abb', '0x3790bb320ad236df3846a793b2c273fd1a29cc8bcf5061f71435c473891a894f', '0xc5825efe9a4c2fae35cb4cc4e6becbd5aa0ed188466255bdf52f2edd6c048c6b', '0x8b0e01fef288436d8e5e7c988f8cae325fdcfd8a9d8938ec93e3427fb7ba0979', '0xbb56f7b09e9dd7ff0a5180f15c1918723cba5b630d217cb6a3d096b4b0196fa0', '0x1d3e6f18176eb5051651e6d02df26c45a7d18d4a8f4871b4b5288ea0e64218ea', '0x94216195f7491b6ca3c369a2cbb9d8fbb62565895e3ceb92751a577e99a5488b'], 'transactionsRoot': '0x12c9f45f30d29541eab44cdec015348b3429ab0de2fa933d39afac5524ff12ee', 'uncles': []}} (async_rpc.py:86)
2022-11-28 18:11:29 [   DEBUG] Making request HTTP. URI: https://responsive-convincing-aura.bsc.discover.quiknode.pro/3e7f242edcfec9ca1a36ef544cee66362af95baa, Method: eth_getBlockByNumber (async_rpc.py:78)
2022-11-28 18:11:29 [   DEBUG] Getting response HTTP. URI: https://responsive-convincing-aura.bsc.discover.quiknode.pro/3e7f242edcfec9ca1a36ef544cee66362af95baa, Method: eth_getBlockByNumber, Response: {'jsonrpc': '2.0', 'id': 7, 'result': {'difficulty': '0x2', 'extraData': '0xd683010111846765746886676f312e3139856c696e7578000000000040fc9c678ddcc62dac33bd82a624b88df74176fb2c2007d2414e613b9afa772481bdb9111fa1d06641c774c67655bd0b881c91a50493222081eb93f89e151775801937a701', 'gasLimit': '0x72e26b0', 'gasUsed': '0x1a0723e', 'hash': '0xa4f7ccaffbef1bb470402a2bbc032c610b696b01b0f465f9980f1c5f87a66a4e', 'logsBloom': '0x84fec37c7fbffd3e5e2fddebd9d45cee7494314ae717fa9bfff7b67f32fd599f2ff0f675dfa395dcfffdb6fd3cfffbc1dcde5df57fd2b7537e7e467dfdaf2aabd7b3af92fd9b2fd3b56efe7bedb4c62eb89cfae7f77ffd3fd5447c15e8e7dfefb7ee763fe37727f925dffe6de9059da9ffe6fefdc8ae15f8c773f5d91f923fbbfed7bd78afe9f7b9eaa9ed3b8a537af798ff9cf7973a91e8bffddb590bbb7f3e9bd0d373ddff8f4afe7471e53f3beffed389aaf77bfe3f0063d6befd2bfb70de796fde3f033c2b2fe3a22d65d6de155cfd447758c1fe793fe7ff7dfefbb5ed3f7fb8ec7f3d3dd3f927effadfdda6a79dc8f6ff3dedc9fd4ba982b59f7ca9b55f', 'miner': '0x8b6c8fd93d6f4cea42bbb345dbc6f0dfdb5bec73', 'mixHash': '0x0000000000000000000000000000000000000000000000000000000000000000', 'nonce': '0x0000000000000000', 'number': '0x1655c67', 'parentHash': '0x8961800fcce33790dd82994adfe56825849947be84745fa161039dab7cc9370c', 'receiptsRoot': '0x7e6d010863eb89e8e46b33562a651364b758295a76ae445811571310986eb5f2', 'sha3Uncles': '0x1dcc4de8dec75d7aab85b567b6ccd41ad312451b948a7413f0a142fd40d49347', 'size': '0x11c2a', 'stateRoot': '0x1de2885a3374b420651520c48643cb89258a9f6c73d7ddd1d194490fdde4f864', 'timestamp': '0x63837dfd', 'totalDifficulty': '0x2c67207', 'transactions': ['0x538ace609e6ff39dc38057748b6ed405386ad836724da77f4a7c563d42331900', '0x1aab56ad51a31aec2304bd5e7424fb7fdcdfca4b6ac822436e3abc7fe77abc5d', '0x70a4f7bc61640d41ec3a6eca4f07c93e75cb55056e01ff8ea730c8005aa9096b', '0x10555a3af96752c3ceac0061559fb4ffd02a2c615589dc4651df869719e86023', '0x2114ab2652e17c95f3a4ba81aea8ab2ecdedab038d90263b3d3d026a0859f753', '0x0d6aeb9b009b2d53dc23a009749f8d5b6da1b59a4d13eac43eaafc5dc0da3efd', '0xf68cf10d25400d927d91731b264bd5b8d7d43c49c77e01a9b7b8ccc4bb7f854b', '0xb98cd4e8ee7c77bf33a446a29ff786c7db875b58808863116d2ef5ddb69d8cb2', '0xf22e742d3a2109bca27080f58da4d332eeb77288539a0dea12471a73d903724f', '0xb2f1004266a44d927b620ba7251ac4517495a55176e9bcaf601ac034ddc31346', '0x4b765724068ed60c97048d712beefe284554e490968cac28c9b251cf3553c703', '0x3bfc2afd24de43b0c0d90a1dfe6e1156be3031a47568d1bc6c2ab68718ed294d', '0xbd55b04dacece8512dc44e04688d5a85c0711e10d1ecaa57514f566dc4994c51', '0xbdb0d6396ed611da0428532c6bb6c45c49f8e81daba453c60fdbc2ff92577008', '0xc96f286714704c3ab38a349238a354deb596e90115f872a4be86af4d6ea1c3fa', '0xc170ac2914caf07cd978e906b319053c073c107be81b43065fd7ffb02b261f95', '0x09db4d3aaf352a6612fcd38a7c8cd96a8eb2e1d2f57fdaa401891a300436a44a', '0x2d98f85e8f008a7080fecdc73fb30767983d9704f71ff199f46cd855369995ea', '0x2a2bd7a5909a0e6666806cbc706c9cd5b6d25b96f491e94dd64ef84bf115ffab', '0x17df0735e87816e368bff93659fdf5c4ddeb1f572620a9f9971e006ff2a0674d', '0x153d8451676969ea5c0835059110cd58cfffe9e72f50924995fc03008345efff', '0x95ef65fcf4abe37d590dadbd5e12b0fdf1784125cdc965f2e6da64d75de4538d', '0x577471cc1b13aa8af31d64cbb3de22dedb303f13fdfd4acac7517b70b15d361a', '0x8fb99058dfe53a7afd3428d1768d63cecd6f31a260c0fb0223400963022beac2', '0x705e6d7544e935ba2c17e85c924e96f90b78a5b9b0bd647e874cac3b139feb1e', '0x0564413588f23c2ffb3c7e44f3dbb416aaa490f1586e73a8046d80c7074f045c', '0x8db593b333ac2b605fc45d5e5242fd1ed4b6eac94f593278e0b172a829a5175b', '0xdc4c08fdc6872400c1531422b703e0c6d556b64668928de9fcd0e580501e6d83', '0xfcf8f4d6066117561c844c603cc7f8987c4bf638dd784f75bbc04d5b737715cc', '0x057205e6df5a6ecef49e54db445ed833ce7e563331f155bfdf30edb6e71eb7ed', '0x8ebe67f3076985c4973356ffbb0b8037ae0dd0d0a2774254af259e3a50647bf0', '0xdda3e18a7fcd7adf96a685b1886e9e1fb8278b1eb985564b7e40044e86c9a386', '0x8113195f36068342c26cb393552a133d7b6cca2e6cde83cac3259399b6ca93f3', '0xfb747020c34ada810504159f216aecffe195b6fc88c36c4126ba5727fee81f87', '0xc6567170c77b4b5376d65e32127992a5a402c04fae8484f16bb22e25af9869eb', '0x01c82630f6eceaf5a37307873cd0329110daf5753fdd7b4e0ef43020f952c471', '0x1a963d125b46f07efe86c358ae3376335523bb65e808af81b42bb710d2bd8c64', '0x94270dea71a395953c2e1c740bf75f73a5637586c0a10705ae231c1cecc48df8', '0x125620a8883c61c79719fc9f3d0236197492b9a892428738b6368615c8f5d4bd', '0x63136ab4ec416599ea6e8b3bdcca8d42995c79a969aa429fb0bc4e97650ba4dd', '0x7f3fa9e722ae120ef4cf926d9a9fdeda86b7f2b6de05d47f0ffde704b11f30d2', '0xd7a62f534521f4752c7fe0c8cd9fd049a8399ac8a5b4d10f7c29c31a393a56f4', '0x3899215c111376e604404fa88531b06403b53a7baa60d10264bba1543b09271b', '0x103f1c7087b11a31c223035f490d4a83cf48e0801d3e8df22d75204ed2a74d79', '0x69f257edfa39869898247e90b433f605fa53971bf553448a89aef7a627a67df0', '0x61d1098a6325eb35c7b1a9a4ae286d971c11bcc731a8b7f6eeb97051ec7a44a0', '0x0113d54a53219b41636ab455f0381857cccf16e537e25ffb39f581967248a9c4', '0xf5781eca101fe629467fc1aedca3af109538cf3f6ae9296142fdc82d43222465', '0x8bb25f8699908b82d21a40a967c238749ac2977e3d46681e251935eea87ecc39', '0xb65c514a47457ab1c7afe4fd8ac8f2681cb70765bb42a9f986f22ff78c5e99e3', '0x9b39340f03aee49fd840a750526d895f4830b07c5b71671775e7fee57b70d1d9', '0x62394a1030ffc23b7c3a50796fbe54237e2968e6bbc3e468e903e8965b96cb42', '0x6cd59276e46bad507e4d632932cbddd59f67aa938cffba76b16bee0ffef7eac7', '0xcab0c959abaf6aff194d02b2393dbb7a025f34e81b5ae8546249f3118d356449', '0x638045c6aac81d7c8df48ba64aa5a78320a2149e41ee71c1f498698ae43b6756', '0x9efbd97990bf895a54e90b26725c6f05974ea00392b5dac785debbe2431300bf', '0x3c29b1b2ac051c822a71a73c569fadcd07bd77e12b4f6b6b9cb18daf45e66861', '0x940f68395009138d010310c9031a00d355f222244f8c56e38a2c150d7fd7462e', '0x32302f5a7ea33d3d921a8aadf58185e9c6324c8b0d05d61df308e5fe3aa70507', '0xfd2308693f1503dacb5863f760d41436b3b2a0aac2677d422584438a3c0e2fa1', '0x5b9e46094a1b7aecbf7e9a153d9ab87e2ec54a7ce74279cf4ce8f982e12297fa', '0x9bd3e28e95af8b31e5fccc6da473d17d8f6f170ca8f842fdc07bf74fdd49ba55', '0x88852e9ab33f391fead47c16b26dd8fcc63139a69952b661fb6d4efb5b5dff58', '0x5d35a2f36b3d07e6440e947104bbc8ea061ae2ca7c7128977a65896e5e3805a6', '0x92c3dd77915267375cfd6f3112453c6a6e3e1ca804bf2243d565f676f0083e3d', '0x8dbb3fb3caa5a7af161cb972924339938fa811579bcc903034bbd78171c8512a', '0x97216e16a5fbd246f7bf3bed7412ea8cc4633c1b21d3fb77acf749ff6ff9cdea', '0x046c43ecd9809ae7ca10d8d27e76f18bcefda24588168cb1453a4fcc815f9b72', '0x4a442cd8f03f9e3a18128d626322bbc0cc1d31e48b7ac0a14e0b873277838935', '0xbf85085f81e690de7d43b00db10e6924ef76fc1d57542e28a8db087f7c4fab8d', '0xa76309d415823ff659828aeccca959ef254543d620dd33588051b6654252832d', '0x47b70e1d87e4f2156e790d43f2aa27794059969884666ee35b9cefb3ebdc4378', '0x6a6c0cfe56e69d87e746cec08962ff437717f5572a21bf229a96f834120d0254', '0x1aa48d8f7b3b57bc448160a755c801852a08b34e8fb44155d82cfdca46674d94', '0x28a70fa2fe33942e1cb5f4db67db2ffa59f197fc4c92bb15f496d317d74cc6b1', '0xdb0f257e1b7c2e1770b3542ab78d3e9bdb2a9e9ea3bd29bfbb63d7f86f8c7671', '0x40b990b8891811a1c74aea589bd29dac6f0004c88adf1baac5cabacc660385dc', '0x7f9d3bffb6c3aa34d478eb4f5971f895df61e9f75469c589884276ad14b6d026', '0x3091debd36ba4c2f2cffc8e9108ef6466dc3805ecd0fe05cd0e963b29912a3c2', '0xa8fd4257b7c5099118d2bc6d9b3e3f796cc9d976bda982b91674edf594971ade', '0x2079cae89e28f54659ce508a81918ac7101a084affa351b71ec5ae472019fd55', '0x7a6701722171039224d761eb5d394cd7aeff69962a7ff97f7f00b6c00a781df1', '0x8dab68169c879dfa30b3623542d55da97fc67a2a95e71e0dd483d199a5621053', '0x2124c54739bcb04d9c5ea01ce7d32d41fd8711c6020a3d5b4bb28676fccac1ea', '0x09bb3e94963b16162ee7050e4d20c924709eec73d5c252bc8bdce0ee48ef05a5', '0x1b38f18b2e943d0edd6bbb6681f681693134825cdad9d9ec78764ba6adb34c08', '0x40a947191b79b659f63a3ffdd82635e34eb1d7c547cba0c0a089b634ba9e2483', '0x736f788eed03a477c4966d95d053d3dfd0dc789e78cba9eb19dfe436d03d4c4d', '0x3163737c7fb9c48f152ae2b5789a70fa9b366ab2aa0d14a145d2a50261ccbc78', '0x3d19b162075cac769f5809510cfde9c3bcdc47a5daf20daabb11b95616be5080', '0x05c77c3199f4a6c13f473a8c6ab76a4cc25cdafed2f5d21f80ff0ac1d5b55be1', '0x935ba28be23b1574470236d0f6ba99c319415fc0973e801b82a54d78a98610bc', '0xe469903fd79493164847596775903ce245f5d65392c6a398e524e1ff1a26e3af', '0xe465a4880b98c75e7c2d7ac18984570afc8ff2f5eff6f6cc4fec245475195ba3', '0x59ce88b305f3b447f8552e8810e50d08c32eda5cd3d5ca3fbe137e2096d911c8', '0xcebc1ce0a4082f1b6e7568e42e62544081c5edc8c1d6914eeae113da71cdcd98', '0xb54085da2305406e34123a4e01d2bdc4e3da1db14bd58efe00924ea1039e3dae', '0x32bc7ba82abb9406702493b493f5bdc24c33de80db911e511661038dc7e8a682', '0xec543b557b843eb6b399cfcbe67b4ba4e79e77174a9e06f602f6e8f0ca4247b2', '0xac0d3de570dcf4e93ec0cedd966d388186c41ee713814dfc0290cdf123e643c7', '0xa2c7454ec63bd426bbf953cbeaaac34267ef3ab5b249e5c89f2a594ff5c10ec2', '0x0aff95536e7df486a14645df351c9b369ba8509fbfacbab5f5872c1133780577', '0x1d630921133aaa7bffe3aabf80f461e573efe08d1d483769faafac024e5b1232', '0xc20925a568a7006fe9bfa3b9a4f97885791c74b2113c73f4e2cfafc9240b4eb7', '0x6190a6c20868801ddf73854aba4bef93a2e3e6a746138cd1255669d2b5cfcc69', '0x2c236f9081275aece87196f955fc9146c12f38328acd1dd35ad54471adf45c65', '0x170b659d58969afda71b2251a6d3add1e2d9ea663510d635187cf3b4f2100571', '0x09cf30f2ab522f50a619a4ac1fbe812dbe3333c00465835d9014324161f56464', '0x125b19f194e75591257733ef40b1beb96edd0f2dccd489087a7e4737da631241', '0x78afc352d558d1b26eed163dc68b4fabd4781edb579eef5cb1233629f83a1fa8', '0xdaab4b568c14c80a41b473f7a92fbd68bc2ec21949f65aeffacfd0df1af3f374', '0xa9de54bfee5aedd40c41350d0e6ad458ae9b2afbe1d1407e3a116aa797be034a', '0x8d7ca5fe1547ea364e8b2f4526b71f33ee0e84cd33d9abf501d1ddcc4ed51aa8', '0xfceab3af4dfd239d5ae3e48f6fe2706bffd7079b37434f70c1ba1ecd7f47cf57', '0x14e6615b0eae6cb7b605e5d9af914f509f229fb119e6c07515bde8bef9e9f420', '0x370c6a5361fd13e9860955ea43c5e99dc321b5377ebb6935c8356f77f6832a34', '0x1ac2c3ab805b4ed966e4f26d7b48ea68e80e1389c253c43a44dd6808adcce092', '0x35c4e7c2f036cfd312ca19e3e6e07759ade7857b489798c15f0c1d1eced2541c', '0x0cdebb18171132c05bfcb8a6e2d4202299a73b76aade612de741471a4d860cf1', '0xb28c72588923b4288c9cce6444dc53b80874d84ae45b28714048b648022b75b1', '0x7771289d147ffeb0985874424240cda7c753c18485167bb827c1ecb7e8401f6d', '0x594891d969798118fe9e32bfe03e8b24a829930d683168d7e995d424dc17a338', '0x08e1b5e7f8b551805d02f8d65cdaf3027443a2b4c700cc118808682b199c415b', '0x554107821ed926aac5e9922a00b974dbfdbb1c1d4db78a9b289af4496924a925', '0x686c3656f2e5ae53e8f5bb8855f807860686bd68547af44e0c2e73a4e8857e1c', '0x15dabed30a181d5ed058608835eb31abda353dc3eca12fe4bbee7508991bd82b', '0xe9627e2543cda084242f63b674e47d6941114c088c0df1c56f04eb7f2b953b15', '0xe7e48ece6822114a57b8bd98a320a1993246a627af9b7378d0a044213201a913', '0xad3a28ed5451bfed29359b9f3c1d6fad8802d317cc1d7af897319b40d3cf75e5', '0xc6ff1292964267428d1ee62b36bab9d97cf9cebd0a4be931a726fcc1c9b77869', '0xd5af968387a0581e781eabb268633825fa115eb0dcdec1322c195c6a983829f0', '0x7a64b28bc21b7bae645c054b7953ac6877ddbf4243907f277f0898f9cdf990f7', '0xf63b2b7705f75120c47276f37692074c24a8932a0f4dabcd0cc7183536e002f4', '0x95dd790d50b0d51ece10464effdf52a6fe42de69dcffdac3b98e11b102f3dd3d', '0xcb4d76c5d2aab30cf61def07c63875fc047b6fd62961f0ce4aff0db4b8f1cb16', '0x389b7a34811fc831a2d2956bae57f0126427a3805bc32e082ffc7f1f8dafa8de', '0x8fb9849d70b2b275bae4341feb868e7d6eb66aa4a681516c08a309cc3c8f5c92', '0x9db448bdbe9e98e913f8554f600526fdfa499714dc20c83877e77555f9564ed7', '0x2ce0d16ee1cd9c8b4e7543a80159c6210ffd4ea80268e016729895f0f0f696a1', '0x1b3d2b44ab8697b9439726aa146cdd4e7e8c9880dc5f6d8e103b5427b37275c7', '0xa69c3b1ff3cecb382eb42121e7a19a9ffa511eef818452bb0b49acfb6da89a3f', '0x1d44480b27e700ccf75c600ba0a307cab43faf0435bc6bf83a27af10ead647e6', '0x8230c70282000bea5f7ae51dc4821d29b478aadcde0580d502403585c9c6ff42', '0x6435e0ec78ac5917281ae596d4859454ae4520bbcca95ff19b31e9a2504c610e', '0xa25f7fca065defe4bf00e5a4e99a18e1c82dbd75283813803b952bda74efd575', '0x80e1b9d3199b62f06e8d4d43b7ce7b29195987de80285b39b5bcdf78e31d041f', '0xca739238dc7c5c18643923f9b0bce96f0f1805ae22191e364c12282be930c08d', '0xe492339ed499c4e4993b2bdb333034421c04ee8406687cfa032e7488cc123163', '0x49a8c76877f03e0f7d6c09f81b2f1f1530e5ed2961eb12e4d6d9dd5d4b008062', '0xd08fa4d6fb8f3e520466db4719c1343e68637133fd28096064a40d4630cdd669', '0x2425c011a3179423419965c58a5e04f7d88745d8de275e677769f5791e3511d7', '0xd07e8a3196d41994f78e51c714c3e47ae5975482dc25acd2336c0df5011260b9', '0x51514f7fafcd91fb53e0eb9222fa90c88d418fe86b7f790d7eb480b6b0e90925', '0x9d0b329e6d684a9f6da67d765b0e6badedb23795d763f72afa4099546cc3ce7f', '0xe044f998e32d49f65956b8578c0bf474c7228c06673b23bf1a1da98d08d91364', '0x51e51014c541d055ab153c64aa9cfd0930fe5f0e01a477efd6040765ae621a21', '0x2b98e7ef770d511972fb53ad6b000dc9332252d0e6022266423ca3781b6dcc91', '0x8b300b3e370d30292e235dae9b76fed5050b7e321e89a4dcbe6f57d3a0c355bc', '0x03c56b7ac2e07a800742c75b1740b3cd38d07548a992841c9e3e31d96be02dc5', '0x4458ea77a4b206786c16e9d8a1318287494466bc8ec7efd3e8689464e5b25f8b', '0xbbdb7a3f6ef4f2b1aa4c3020585806fc0360cc4a5a9aa998d5f39c1e46848392', '0xac64401a70090f517bb271e1ea7deef8b5f426f6c5301f58eedab1cedfcbc4f2', '0x5bcb2930a611a8ff5e3823a86b1662dcf70920e695a3a55c052dca7128879c2e', '0x1a75a53d9a1c847d8eaaceb7767c5056f9a1942ab9e8562430d8fd170d5cec58', '0x232979f8dc8c33b512490e33efa34dc654777e010777e89aa95672136ddbc897', '0x0e49fd305ef5b0ee708f56834b560594e3e11f9bb409cc194166926ed3589e8e', '0x59ba65b4156da1d60119f352336e14d4f4f6cee03adcf45b67223a2f57202512', '0xeeaa8d748906df2266f4806d352eddbd4f65dec54fc57789d887cc19744c45bb', '0x25c05523d30dc4f1eebfaab1bb29a211007ae2d9b77fc7308d1e6071a1392670', '0x77577523fdca6e1b060f9dbb0b4f543adbaa7afbdd4f8c81c3a93c63f1a4f516', '0x4b4eaccc3591197bd9ed20ad320008d6bdfd2e232146fcf3f0cf24a55da22dfd', '0xf7ff6ee08c312ad0d05d59999c4861b6e21c8ffba79ff1f9e663190eda161935', '0x8114529f13aea89d65a36d132999488934a6cbafad85a32d95f23d584e22d6dc', '0x7ba2a6f7fb96f849e9b41b3b69e69f904d6f27d9f512acfa1a21c340886b4cc6', '0xbcfa55cc8ebef8ec8a2a17eb6b6eebd675f99255abf5713c6610a1395de29179', '0x6bae2c45b5f8f23ef7c267633e11896389eabfadbc7984b2b9687e2d14e3801c', '0x209a353744807aa87d54810f4016e9a1bc6e96b499727e6371f7054781ca1df9', '0x3cbec462f1a6b4eeee6716c9f28a1311c87914b793f53553ec222334d2169296', '0x446ba7c10b36a99a7c3833d6a0d5a0ab07bb6683ef479b915c28e9b9bae4e09e', '0xbc46ad6ba9e29269aa8d56505ea056c8cd70a52d5cc355ed90b845b0ebe7c781', '0x3defdfc69d3e9c2ed1688a910192fc496333eb68fdc85bc7087b9b4ea2e99966', '0xe67f7c903fc5081309c6006e12e529ae2e1fed62aed555af74093e28a6e8baa7', '0x9a25c794ed5532c78ae0bd1ed483e9c3a25339e429263c28dd6b525ed552634a', '0xfc1a12120ba3de377ba95e3afd07eb7cc3f677072e7248b197fec7c88c818153', '0xb0a44e519655dc0042d76aeddd8ef46748cad425c67b277b38dd027eeb55e1ab', '0xe0921bb16f34ac2b81be8359322c63813ab19539411d63a24fefe736477f59c7', '0xd92243170a1dd12b2b794c63883891ace314b0a129e90c06ba19d23c368a5081', '0x9c4fb0609047966cee24a3ea995149e973a3006b456c7246eba00063dd8d84bd', '0x176e97a0b252831d307def2f8295681694c03806483cf12e30e5ccbe8b2da3d7', '0x89a90da8c599ca17c107b10a4d699c9d7a88af574d17a9c2acd7db7190aad7da', '0x47c3b4210cf2547a37540210c01caad83bf42144d4109f0182ba3be32041816f', '0x56c193cb629373056afcbd8916db4dab5048cf6c558ad9854872d78830818661', '0x4386b365539e74e538e5d3816f69a1ca7b768b1e8181c4bfcb505cc3dc0dbe8c', '0xbfbc3be726089d01ffaf90b29b156f3bb21629af86ac2df7c80b190d9f38aac6', '0xc8a9a5f828423f4bdb0b217a52aa31557fa527b27eceed09a30ea397df3764e5', '0x18a98c1e672ee24c56c7bcb10a1eb5bac72579079ef4e888489df740cb597c7e', '0x2ac1b4920f82a76fdaa37f4b6a69150059e28eeae3e38cec6c285f28d831b445', '0x809226c7470c74b86b69bd99f12cf34ea0785c50b90515d9ec2163fdefb66e82', '0x9997f25639be329d7c6adf41d9d5a631a2e081cf824bdfac515251e92a6ae290', '0x4ebf8a5ba3759b3995ca005d5eadccf38b3421ebc633cddb45fd9cd757f0358e', '0xdcc1a395c9561f31c93bd786eced76fcd014763d7bf9d99b757b1ab518adef0a', '0xc0898c8baab99cfd6ffa911951747d7094af91bf309afbc0e85471b37c3464ca', '0x26a3fbe3311dfce3ae66e1c02d4f582381d4eb8824c66b6e85f168de7e083ed8', '0xb2aee1a5f26fa725db458197a11a14679176c2c18c5fa0ba1e5d932d813754e3', '0xacd7ec9718df73d13164ca903a44f6713c2e185557d5a7f4cb17097130b02c9e', '0x9c16213efe92dbb89cbe658e97ad07e2149fd7b5f696933c206a9ed18261a5c2', '0x486ab0b0c2803b4a7f27efbb8e6e4d9b626ec14a65018f812f1ac4fd87efad5d', '0x60f324e3e66dedf9bb17cb235d99a02a00eb57796d5abafd327310af348358c2', '0xcb755852025425a12c90a87428d3d160577cf92b7acab52de8d420f2a7ca15e8', '0x5e11182836031bb31a9f9c9f58945097c92d42ccea54726ca7d0cb3d07a3cf83', '0x602ac08d24546c195adf0b3409d95a58a0574220acba5ffb0193c7b170311478', '0x42b775196ef1def55ed4a53ed4ff737aab1462befddf56b3172700d9570b00bf', '0x9c284547e8491a513be6b4b3cff373c48d52ed9aaf575b8e5e0c1261d455ad6a', '0x601c65bbe56053ab46a68b55605a635b8d85a1c778b691f57431d838f7104fbe', '0x9f23b4afc22f4204547381178063f9d8fc17b320c0ec859eeb7fed61dde1e5ef', '0x33b512b46124daff33904b7c04eeaf5213c2c309af37b30516ac4d9ab93f548d', '0x23da4d7c56585afb19a24937a19114c0d6533c20a8561563f57709cddba6056c', '0x8cc0259414b6dca83dfac43a282ff925d57e3a088f8526a4f41a008635c0534b', '0x592ad70998e0593013c7eafc936da7414861e8e05fd689fcd27ce7c9a26d648a', '0x04f1187dd31d4b028ff954d8804b31216df039e2e991f8f782b2cfc7e19b34d9', '0x3707c8345f7a66f431c4d739076a0d3b2861cc10a63957236a8295b7b27bb432', '0x3c8ad92041ded7ab6631b2eb58904dd225ac2ab87dab850a2253ab9b637e2a4e', '0x63cef58451da29335b126fd6ffc1d18d5f867a17118b917c8f002df625f5a9e0', '0xff59bf5ab34dd2cfc6a144e03c0bcedc9ce908fd7bbd0426b59c464e6decab65', '0x3d997827c0eac66a720c06f3501db3b07a3ffc53d7919e31870ea08cc7692100', '0x4ba13e592d79ce73249a69037802727caaefd132d0cc5c3871e46830f94b971d', '0x1f9b7a6965e93c0a9e4095827037caf16822121e7a68d2d0efa21c24f65a8738', '0xc419c13b4c0c63adc5f98b3777a0d6dd23a1fd1aa048077b7f52f36f21e4309b', '0xa61428d6f1aab9c8f52afbd6685343fa13d1e7fbaef03a282201037f8032fa14', '0x037929c4168b6363d82355db0f50e53392eae9a7ff9563444c2dbf58cef41fc7', '0xbfcedccdb4b604d13b25e13922759f0ff1fed608edf041928fe45fb81001fdb4', '0x3b6e86153beed5b18d30a96d1be281ce8f1d48aa245684527dd0ed287182cdbf', '0xbfdf30378f586a65ba28efafd0a6d14e5931ba16d1ac2f385d0718590d8c1887', '0xa8f41ecab91c061be2a369e010fc25aa29c2bdc1d4b9c0851a1845df79591948', '0x8144bd50e023f3de6e6564deded4f7e0e3814392fb5c7bc765391ab35272e23b', '0x801487dec4dd29c6fbd3e664e75f56040a86f5ab8598a7796a2e29198380ef84', '0x8fc81232ba4638a43de440a22fbb0d69fe4a99895e5120d75c001f65e620bf00', '0x1a235e49cb4f6d3424b22f483587dd0ca9d230779c1305ec930748e7262951b0', '0x824a3858cca0d6a3b5eae78952cc3f533ae366001941c69909a735406fa736ba', '0x51a7c5d454521f218e992951a711b1755c24225140d23bf122f6eb017bd0fe3f', '0x0192a76b88681da4479d7be336cecd9cc8a6a18c534a11077189a58896e35d33', '0x724fe5cff62506f4ebafd200aedc2bbcabe4c917a0782ecc33d5779b942e1a6c', '0x74e442dd07d13ee37c7dbbcdc6360a8ea1c6c5509e3faf2684e6e1252a47ecce', '0x34f9fad2619a6cd0b512d763f9dbec71f0c847a93ac94abfaeaea49d86260709', '0x1f23563dbc625a558ba17d2180c87c115707faa3f1f9c0d19c807b24e3320528', '0x15c38b48848d1148765a29afa5a887cd973b52da945fbb436e9c25686456f546', '0xf99d327df3cc5a0493243ac3c5c72e49321b13942125625d4072094121501c80', '0xc4177f0ae1fabffa1e5d9f6063cc91038424f13d6b71a288c57a62021852e01b', '0xc3c1995f279a7801242772f3063cac6a448cfa8416abf325e0f1758ec4b015e6', '0x4fa4029f407f8c611c9d4492024a0c9a593b8de3bf17e397dfd67bc9d9da045c', '0x98dcacc9e6fa23d589d9b0151689f44f137731cd0b40e7111dc3684fee80b664', '0x2f82c10fe0f2e2b5d508874f9701c141085a8e404f79dbaef414570e9e5464b9', '0x871e11bca2d0e0beebd2588c3f7ce0174f0dd22b4f628683533ba2bd988b9ef1', '0x45b634fa07678702a4cba9917eede6e62a5a916ac5b2ee30d09c12256a6b235e', '0x210115416d143cf47cc1544234ddcd57dfe19c5b616b45d68c30e5f8db5072cc', '0xd991f4648d413c5514134095ad6db2deb45d0c3e15dffd4763cb090fc021a9fb', '0x906428f420cc0fc39b609b38910bd16e3b32ccc348398e18d38888dd9ad3e798', '0x5b01bb11c7d93ce756a74dd8ce893218371a8711d4335e977d815de13c739299', '0x908f1b7c95452c325905f7f2a2cdee262c7bd423e0af4b1ddde5f9ee1037e5f0', '0xecd9bd0def5652c3edde5fb83d7e28494ddd812913ac43fe5a8e6a2af5d0afce', '0x02f1783a651e3b973eeb6f648c87ff632c8bc1f36f310583c397fc47c1891ebf', '0x8254caf36289e18de516c7642da7dfd66785cb83201eb7731369fa5aeb30dbf0', '0xdd964abd47b942d41f0082a2040bd9513b9df5526266210c6d810e04d9d46de8', '0x46be875f37534f92e0ebe8a27e725cbe1ffb0d6169563249fcb2115005c46e61', '0xfd65f52ce06185060b7611822ea4be5c280a2025d62661f9dcc64ac90cf26f49', '0xcc18ab9f45d705e51252cef0df6b70ed0f505c71d59f8d3d4368d608321f159d', '0x3301337296968e90da0c2e52e8678d283963857bc18e2b8cf087dcd967fe205d', '0x55d04f9febe5d13d07eb1f02ab19003d37af34e90ea9ad7cdc7137ef018bff28', '0x3f26b4707fb653476ec78d4ae93543f267fb302b9e1c28018da169d7018044e2', '0xa8a65b1db4be085b84df0ef6bce48efaa32c2a16cc201324630b7a5abcad202f', '0xac3d83ab961639219a079b57da214a09f2b30d10484d4ced0fb7d58937a77d22', '0x13cefecfb79be25903d0aa670211ed3565b3d4ac6875a0193031f10b04ebb47e', '0x3373c4c9f9f4e0728947752a8aec3424095667df4fb8707da456e3ef7ed3a5bc', '0xc670044935b4f9a2858e3210b5487bc4e06c76929201edf7ed6e0ebf5bcae908', '0x3c9267afe082f4e8aaec2faa1fe23a5ef5900e93fa918859ec77f8d232f9d3d9'], 'transactionsRoot': '0x1a6cbd7d58802249fa889c3fc986c071d1adfac9c7c67b166e4b4ac449186e34', 'uncles': []}} (async_rpc.py:86)
2022-11-28 18:11:29 [   DEBUG] Getting response HTTP. URI: https://responsive-convincing-aura.bsc.discover.quiknode.pro/3e7f242edcfec9ca1a36ef544cee66362af95baa, Method: eth_getBlockByNumber, Response: {'jsonrpc': '2.0', 'id': 9, 'result': {'difficulty': '0x2', 'extraData': '0xd883010111846765746888676f312e31392e32856c696e757800000040fc9c67b86516fb2debdd68f791e605caa9a602dc6398f00238aad5ac7b8ce44c3d753076e02239bc7c637f052f77f0a49e1b4b219dd04acb9a91c69ee5ee6847bbed9801', 'gasLimit': '0x71fd194', 'gasUsed': '0x1787465', 'hash': '0xf1c26d719d2c28d97787da1805c97550d8233d0e1720e701d352e76772fa5120', 'logsBloom': '0x8f20c3bffe2c3e307bcd2beffdee4165ba1ee74fd833f52bf176aafe1de99f2b6cfc37e3904e5eb7ff537cf5985ecb3a19b5a968abf33131dc3a2e23247f33bde6b00cc97d861bdd37efaffc4188da3e6cd98a691b5fb8d2ccee7de1fe25f96cc7517bafeb5b97418c739bdb610c88627faa3579d8ca672c2e33b6ff67fee7a37a93822a0c9fdcf6cede9798846f3bee91afd5f763e6c78c5dd7e0fbcbe35afbbfb774cffbe84f79f4b470afe72fc19cdebbe8bbfeebc9ff68027eef4f7ed74ab76e352a54523ba751dac0a1711e16fefe46ebe84f4ab5f5aa1a5f6b3b6ae8b5b0bed783d777579c8ba27763c00ee554eec6fef05ddbd8d98d2e2e41286b5ff3', 'miner': '0xa6f79b60359f141df90a0c745125b131caaffd12', 'mixHash': '0x0000000000000000000000000000000000000000000000000000000000000000', 'nonce': '0x0000000000000000', 'number': '0x1655c69', 'parentHash': '0x65281ce949c86369873bf9665341334805c182faaf3147c3060e272bdbcec71a', 'receiptsRoot': '0x8a9df7c723f9097505fc6a8d2c48e5d1d9d9f8fc7148a513c03b3d0c518d68fc', 'sha3Uncles': '0x1dcc4de8dec75d7aab85b567b6ccd41ad312451b948a7413f0a142fd40d49347', 'size': '0xcd2f', 'stateRoot': '0xf1bb3974b823cc7f1a8200371af9742337022fb9db114fa05808c96d48b4c6ea', 'timestamp': '0x63837e03', 'totalDifficulty': '0x2c6720b', 'transactions': ['0x983e6dca198c6e70250d141ecbf64cb7c10a2acc2a245da6911400dad5daf4ec', '0x3b0bd9f688cb3a518fac087b8a5099800ef002b40434f8f0315e2087e613c444', '0x56580b7d99c3288b77b1ee924b837fe618c2806c0d788cab4618ea2964416b37', '0x3baa19f280ba66b99be00c155d006af2d4e681aafd265f33ad74f521984d8ab6', '0x13f597c2b463440aa2148ecfff66f8c30862221f654e3e73f47de4f08a36b825', '0x19049e9f68f4bac5d2c5f5fa16bafe42653befc65c154e9e4672654443e65b8f', '0x06f83b959b5fdaf0df4f43b034bb3bdeeb40be9adec0636c118772914237bbd3', '0xd35fca9429682efba8ec7ef82f2d9a199b41e239249820173388bc106ae4c267', '0xf0041086be96f3812c83b69d65294ac287c7c4a83b6726053e402d17fec494d7', '0x63d07c7d78e8a4984d3d7d6863c5ae2c240e10066fababfad5b2d2d77246ddfd', '0x90a6c9f6ca1cc5c2f1f00ebcccf91d8ceb206705b9bdd7476bd3a9a4140055fd', '0x4d2505ed6048d876293bbf3ad835e4c05c82670d670ce1c580b5e9b9e2a7cc37', '0xedc79bf140773363ab2addac3c54ec02cc4ec2648e3dfd5e7199fb0fe2a9a8a7', '0x8bfb4a48082ed490ad7618a5ff511fd62696740008e1257fa9438cc3afc74883', '0x37e696e45b062d9e747f88020f544cf7da7be58c094ad73eacb41e3e89e3c81f', '0xd0677cf3a9ca7e313fc1ea41e0576a02ea05866c6d63f185c450c0619d027e57', '0x844bea9750f4afadea51a8d92c8e34251bef114e3ba75d05a940a56ec1285862', '0xf17f663e9511490b36c7df6d07651206330ac9bd47dd9324fe0e747a05676688', '0x7895e5e490d46351c32f09443287b196e80cf0d29da4e35d8410db78bfc22831', '0x5f1635754e21a39962f9661fd22fe2026093546ce779ffa9bd2da739957cbd20', '0x05c9fe76338582ab38f47cd640c93c4e4f18417a1fe88c4d03eb75c3e53f8fbb', '0x287f9116ce608e7bb68bfc5223cd258d5b8bb8b643181a6fc82c698360c133a5', '0xe5832f46214efc885619bc40434a1799631f49c2866dddd91a383d7a96b5d49e', '0x9fe952bb514ca3134f2eb9fee2e53c677a7388fae8fd14a1aa2411530af3e754', '0xe5bea9891df8350ccdbd3ac90b4d6d79ec10ad9898ff046b9e00665de1a3cb32', '0xca3146d7fbb8b3ca04ac923a8621cc32c20529a4eb69c1749a5a8a097d43c70d', '0xdc69c948909789a5584d7a4a5452b57e784c3bbf7a8a63b51492fd33ec46d395', '0x59f8e18e0615670873e53c4ebf3f9d28cf286dbae51d6194ffbf7c4c9cadf8a3', '0xba84b74febfe8729c697c489d810c8f00d74dbc2c217c9dc5eb86ee35f31bec4', '0x7d2b2d268baf37563d1a46724ee8a9dde70df2473cde3a81b1244880804a5bdc', '0x48ce81f2ed26cb1bda8788924901f50e3df84c54c64b349fccfe6ec50375b17b', '0xcdf532ef076d9a939bed3d3f128e1c1b14c9b0ecc1dca61fd825196de2ad466f', '0xf4ced60dc39762d844a7409837137842426c6e46d4e3f5c13e73cc2fd9bbdebb', '0x6d927ce0f47c464a22352ab34a88e3e15df057d73e593bd1acf17c39642b627c', '0x59b45c173f58eee6c0cc5a4167d2961722c39b4f488ce8a3c6337765ef4cfd28', '0xe38b7b08aeaa7f33eb31e9c068fabffaa131a199d7347ed13bc74211a441ba98', '0x1dbd0a1cb370134ebba66134b1157bfbebe491e3c9624b9ad24e2fd8a172dde2', '0x2070b06eb9eae18e86d79db836552cc4b2f948cd2d9a79b35cb9b2144b31bcca', '0x5495530d63ca91d4dfcb66d7d2d44b6e43fb9baec81e3cf6ef232af7575e5f28', '0x31addf8e1661bc4819d5ea303ee15c5b9950414725fc6673f7b98a6bd1e0afdd', '0x59237340ac50ff94b5d8bdfa90cb11a1d4da3eda3dc65e4e2447986a4378eedf', '0x3bce5437199fccce0b5ca72d55d29d0d504147c3a3a843bf1046720f902cf9f1', '0xc3c6ccd164656bd830333386cdf613f57472d4fbf1a03c31e756be4d668078e5', '0xc3bc5d7da1493ca0d78e4bb61c006cde924dbc4ff1e0d8d9acd9f2c0d2a1f8af', '0xa9569ba612c28dd7f680fe4f5fdca4823c3eb0a332ee9bad2d7392784460e5cc', '0xbd4db03888139c08b67c57e6e353660cb4b48f684fdf1a8c752c7bcc6605a395', '0xb1722d0300e1d9ddf9746d49b967e2c8b6381d7789c8f924a250a042967e4e2a', '0x5c54dc14600db623e4434ba734e8e4c22167758a11215b2dcc3215a7f7e2c94a', '0x5374d72413742c08297744b4fda0200e0e1dc3bcc8cd4a5dba472aff11b6aa7a', '0x1ac3a3438f45a61cf61ad7d3a96b7ebbdc6f30f0e6ce16187b5b1e0a5036da37', '0x1dda81d42bb606c0fb26c8c561339aad516e6e31e98624922fb63c5976db61c2', '0x20fd9de06e9ab5d919af06a5984c1239205dc7ba50a6a5baf9dd682f6513ae43', '0x1bdb4ae332f3adfc974e2e4fd5ac2aa44b2bdf1b9b34a2bce7f44a219ea9d169', '0xc13ea278cb0936d09a812fe342bf18ae2b8e4f7c4903ce48276dd3cb4674072a', '0xff14098e2979a27ce1c3dd7f6487911da56e61a7e7140ead1878bfb0b29e9180', '0xdc5cdbe5588ceb0276ebfc58a16779767945f81f92a28f4eedddff8732a5923e', '0xc16a28facd504099b75ebdd58e5125b348f00647ba21102a903fc13dce2ab542', '0xf905f305a3e97b2ad419b354b4e28f0b2449eeb4b8f6023a9a317495ca3ae36c', '0x49705a11d17a5df644e441a50858c04f832f24e1e9bf31fa940ae1859bc37244', '0x2516f5a59b80fbf39e2aa35f020c8576cac0326f15a7a187bab5d6b1b5913e88', '0xf7a319a46e8cf9fd6ca54b7952060791cc6829a29eacef83b5a1df5ff51559f2', '0x1f7dea97552fed56d066ecabef836da4bbf6c84976e7742ede2cfe6199dcd2cf', '0xf43839633cf36da9f987e800900f99cb9faa870d5523491a6d2b544898aa1237', '0x1b6e23ceb69e908afe04a49fb5af6dd8b76d5b7ce49865698f36592813358ea4', '0x072aa1073d7acb62c0597b067a4249983f2641e3de97ff3c1785ebd71352cb5d', '0x5b9758baf2bb5dc4dc7de5587146a9d860d378f76686604d644253116c77c3ea', '0x400587a3a71812b913ceb8e1a8f46e1ad5107f1753acc185c300c03c77d911e2', '0x0d36b0aa8f5256b359161913fcec4a50858b100d8d1e1a3bd4acac38e1de2beb', '0xff1cc8ae48182684e8678c389910c073140ae8a94140419d18304fc08d138f4f', '0xeca459fe0f84a393d41c6255a34117422a6bd3e672962ec8eff4ad4a568becb1', '0xae398122d71a75ed47bb45fe6d8a46eb3abd494b69a4df47b8b7b77ac92a2782', '0xf75dc819bb2bf1ffef5548622377c7917609434c950043146d2f41ccf395f9c0', '0xb4423fed54b67db1b0a40b11536b3ec0e342177591003653fd2020d404738f76', '0x7572c825b92326e84a2dfb0e40efd1bfc4c24b8d007892f05873ab6920641e5f', '0x3686d02e56c7d56c17f3ef9f8274d110d64c3c800f2f6e63150ee11f4bd669c4', '0x1eea90f647fa252512c0877758fc5240918b0b133f80711724348a9e715236f2', '0x00e146a187b341a5b41f46f2754c479fce1cb9bc65a65fce6e010d4139d09b59', '0x4b14bb3e5871e32b5fb3d961527a9688c742f8e2196b9154dfb410e0947c123e', '0xb544dba0c70dc4ead2ce7e316a9b14b119ba7f13b5c10499e736cabf03156f2c', '0xad7540ccd425eedeab1b1e7ada617cc41b7e6fb393d1a9aab65c377c5ecfea51', '0x44a1216742ba0facfe4b8b1dfe61c88140fc7856f83e5b12894c6b80aeae96cd', '0xabc24b657a796985e0b1ba89cba7e6588b403dda7a7f13a7f0f270c620f698bb', '0x5979bd2addbbb28105036cc7182b25ec30fa3c3974877a4011bac39b7998404e', '0x15a5f5fe85fd767d2f175af9da56e90438f8ea66b195683fbbdc386fa4a10c7a', '0xe45b003b177a63ff959bc174a7fa00c32d603d477444cb9445b017e42ad2c47d', '0xe60764bb6863f4165197110787ed95ea19005cd96d3c99173a2cc27de294e2b9', '0x430a98621db5de13aac11780e3df48e9bfeb69ff29e4c0c19e5745cb2ffd19aa', '0x0c93c805a76b8f9641afd83af8d29d07ea6e0cdd222869d942e924ab160cc9ff', '0xd660ae8207daf7d166997b0163432d4e38c2fa23e3f0db47fead342ac345b75c', '0xbdb07defcba0ab275b14127cdbdb06f3e33ac823f9dee672685109d316ef1db7', '0x3ab6f5a0d6351307a390dd8c8a91796d5bb1d8657aaa6b8631db467f724ab79d', '0xe628877cb26a59bd124a4fe9021bafa403fb62cd3da525c3908f322de76b45f6', '0xae9232f1810174ee5ee71e5637657679e6c356f4e57840b61ff4f3a2f0b0cafd', '0x8b09ff5f08bcf71f98933c915d6acf59ea69c8a39608656fc73283d9e7d32e08', '0x7a860fc5d86503d9f34198d84701444b533fa30079636acfd967cff82150805e', '0xa0060833feb9de1057627dc5381ffcdc97e784fe061ce496a0cec5b686bdd6ff', '0x72ba4f2e219282772766783cb85f6a443efa5736ebe0eff119d479ad8b3b9c62', '0xdf0bd4b3f90ffa1cb5b90109d2a8fb418e75881ddb95ce47f8f5318e06fb60dc', '0x2a4a13d3509b8479ca2ce1bfd272726e53e70b6e89866441962f46525d304edf', '0x6e00b2dd4c9d8ebb4ceb42434014b79d5174331134c8ef26a54f8b87072ee9be', '0x01ed534af3b6952b11fe920732b0fbcacca14a2474117ef74a802818e9b7581e', '0x4f1aaf96c499305569a20e3d00327024162cc6911eddf5d6e7ab617f2963d022', '0xdd489cc3815cba5ec23cba351046e87902401a08da4b1d0b10081280b57cc1d1', '0xca4b4b24773997d51bc3ad9b487bc3f92d54ff983693733b285c71532d4fb2f3', '0x2bd2c778a862cbfe22793fcb4bab590ce2a7c940753161a137e042ad4e5230e1', '0x905796d842ea213ac25820e9a12dd2b91b25f28b38e51f89de98c7d7054b8fc5', '0xf1c6575425c0c95442551d3cbf6354f6e657d8a597ef020252d2c764d36b6af2', '0x785521cbaf34b4cd8a493c15aebe4583b7af0bb8a28957e5254b3b59e1da30b5', '0xdb7b7ff8fc0fc3aa91ea47bf6ef6bc17b4f9abb0e3ec22a0371290617716fc19', '0x75d0c881986e602aa39c317564563d667ccaa11371d6965cf38dad87dd4c8413', '0x57f8bf5ae287132b9288c0c9408140feb272fd265aa35d6acc722879e93f2938', '0x31443e3ae81108fc24ad7a8e636a7ba642a345bac8f698ce0b7bfd4a115b0ac9', '0x2e03817a234fb87750e0b25b7e3ae9e99675c45d29d99eec0b2d7dcdf4b2286e', '0xa6bb4f0d05475152c2a73e4fa4a0c0edc3e78e6e8bee6efe8646a6e5697febb5', '0x4a083367f4d5c8c692e6a7e7298a0bcda092e3d80ff4d898b6e24a64ef79f14c', '0x3445137d51573f53aca1424072c1604f2876be017edf613085dbfdb432ee0c06', '0xb945b973737b6811f33762a92474e813f6cd4ad62d836104d6ea58e2ab13af31', '0x3dee75bde66ebc22259299924d170e793e12a3fab27ec981031eb0f83e0fadb7', '0xb5faf4f50a09d0c0bfcfe26edc42b419b0d20118d8c70f157562c8f41401f1f8', '0x9e8e7a514138de291498ac49079a1b64d3e2f38fa99792a5be470cfd66495d10', '0x2c576768be428976e865edefe09e4bc0bfd637b54c0ae312fe78fc279465c3aa', '0xfcf994bb86f20ddf24adb14a3c4501c69a5f1fa75098ea5514a836020cc45aef', '0x503c0dbd41e7739d63d1888c035b16481bdc809a258d41d5ee86d8617e6363ae', '0xa7a926c91f1d1c302f2c4661912f9235c08a6de28bbfc9a5dcc5239bcbcb8a9d', '0x5ff374f5e5544ebaffd234a5c4738d8d2ce379c06e66b9d116b2f4071ce10264', '0x89ea72e6558cbfb4946cae9b6240eba362ac9e5420bc831b477e98d080b09286', '0x849bcd977a0e4a94c0aa0e8b3d36e0f7282c2d72180db0d7ffe6db795c12a17d', '0xaaa242baa46d27b8a361517ccd909f1cfba0966b06eed748f7de8086fabc2a53', '0x5772f04c11f61d7651f50269308bf9eae6d5a40ddf8c1fa9fad3952b7a9671c0', '0xd0ea39296b8449649ff0f4f2a20ffb471f80279e3280e1d4c54814e50b50f339', '0x3fe6e0a47b6a789d9262132c054265ab284ae9bf75e3ea4fa5bfa15e78ef7e96', '0x9eba69ceec211abbd63f4c6ce98889ea7996a7703ac0d69403a7cf9d7c799533', '0x838dd833a2d26acd6345e3351b61611c960a58a01b2a2dd998c9e63f3f3e72c8', '0x1789138a82e3ab344ca68c21aaac50dac5fa9e903da06cf3c2ecd0409f74dd3e', '0xc1485fffc4fc37421b6bb64eb959864fbdd7a2f79929bf85383e3fe2fdd52760', '0x64dad2a84674f5c6ece7b6c665c50a7722bfb8c1858a7d5ba7d18793afe1c566', '0x1e1f6174bb95f8b6921a648490988c89d05094d3d88c9513d90b526e94ba40ab', '0xcfff1919f555219eaa52f5463bf8bfb0d170e8d7f549072468fb7f50025820ba', '0xa3bb2d08cd14ea64e8159d969d12a5885f77b62308dd28ec8576c4d4698aa163', '0x88f94916665814bb4f3b760f56b885dd945a62bd4512b81702c7cfb666e25115', '0x3b7f96069f820ad44e87203819f21b53708651901d074e5bc6e99f134918f4dd', '0x3852e910449399c32bdba96ac8942756d4ae8796f7349f44fae2a2ade361fb69', '0x46b8c846b825e242f872e3a3ab666b05b2c1c7b8e44da35e6a0308c147a82c37', '0x6e558e00157e49347d496842376baeec696b970f4b7b3ef7d0a8a33c27ff28cf', '0xa49dfcdfd6e99abb392f24be07aaf63a6fb9c44ff4aa31f20d38a68e96592aee', '0x99e06bb8c86d715eb202ab693a8dd3d2d37c852fcaaf73b15c576565c97f4198', '0x4fa52ac201b6c3c1ba9ac0177b1eec0928a3c087ffee16b48baf6f7198096e4a', '0x98e3d8464ffd8eea7423df26df1318885be9b977172ae360e0dc5a910a895b6e', '0x10c0ecd31220137932594153208adafef5ed609c996269e3094e6d39d2841514', '0xecfe34f7042c53d620ea3751f8f7ccd1f4e55dc392b1a96069f0824cd897d89a', '0x9604c9080d392e0e5f48ec55c574cec95522af727cd6d24ac22391b959c96979', '0x793556cf165586f82785a371a55d07cc944e5f9d84f83415a92f08d36016e4dd', '0x509583bceb1be7dc37210d3b9ade1045ede9a99a772d87a9026f6907f6069630', '0xbc956d919746a8c2a3f1452dca7f25a2411ef9eb30de0cfaa3c421d620a0aa66', '0x9d490a1be4bc349b23bd29b7a85b1bae801cf31cfd41e95284eb1ed03eb7fde7', '0xc2241ce3a7953cac49b628f464056151e99abddd9e2504c701f907cb90483a77', '0x4dfa9c0aa506006033bf05e02618236df6646208f2924024c9f98a432453a19a', '0x76d3adfa76250112a6cf21011a3e96068b5d28cda12a2ffc5897899f8bbf080e', '0xa0457e7751a1151034f8824281ef82c1a6672ec87b39aaa77bdd0e70c7cfe8b9', '0x56c17538195a33a9467d2f6e8cec539d97b0e29fe61e7113e2a82f4f24ce7e77', '0xab21f81a2de6ba83310f333caad2e2bf68b9b8dd751e9f1f3bb6ce4a60db117d', '0xa0846ad76641af0d08633e87fc4e68e6a69954879811bfb44dc2215b360f6113', '0x7530a92ba7337814d77c74d998f05bef3fbe8a469c40c16b7b13a28c46618821', '0x05fd9508babf7cb641c5e882049edd6a64ec2ec2d33ce849bb7dddb7aec7726e', '0x7e4d683fe7f0add1f6ea253fed7c020ff9ae9ae2df00336cc29ac5107e7c245b', '0x7f3afb4f1e669a345495a3021b32c6103b0b420b8a7373270042d0ce48e01103', '0x480b32916b5c12c9f2cb79711ac3353b343cca104ff1786251071ca0625be180', '0xf421bb1d70113e4ab94c85983ce1c5e32535fe3a42a1d67b4390d193be17dec3', '0x731a812f2cdcdcf0561e3af3fa8c443a654006dde35e343d7c498ba2ffa3a8c3', '0x8944c60ae121982a0cdcf55cd8ff4721f99ba8c13a8b49fd210cee46f104a0c6', '0xb721985c0a7b977056e4967912160e3074a8f13c96ba392b3cf092a413e028cb', '0x8940ffe4f5bd30e47668786418d5233e5a7a3f9e2afd867ac5aba80becc58888', '0x323b947ef96cdc2a86de48c4cd711f3eceaa45390ab13f95084a5a8c1112b955', '0xd4c622930644fa2a21ed238cead9c0dd2fd3de6ec267f23ebb6758f6335c130a', '0x796ab1f4a380a0181d518e3c405c239d9607a6f5391c2ca9649730f173ad7a3e', '0xaa9e3c583bab83c6b30e203caf93efe140a38da866a9959b0da621d42d310263', '0x429665ca2c562783fc50306b12fe0297d17e3a8c3a8aa04be2c24090f95707f8', '0x4f929cce63a89189e75a756aa9f565958c5fe3481f5433033d2cb31b2a23c734', '0x1a81fcd5fbeb6652cf22403904cf2da311329fd782513f65fa4c15e0741dcc02', '0x8996deefe65505f1da68b40855f15e20a86311937a87dd21d4ad6c7b3518133c', '0x57b8e556ae6616fae012bf9ecfeebcc2c0c4cd369c348c5b9e44cd0a17020ac3', '0x27bfe1ea4590c685574de9d07e1c143b4b6036b7dc9858ebe8008a26823bf0b2', '0xf75e04067c75c98bbb2e506c71616371baefe1c8cb01b4dea077d8db88c6dfe3', '0x12ad3d7be3d5b71af2f2669465749522aa4c1f27eb8c0ab948fd16818ce1318f', '0x1350d94d6ae9d5ad8ea01122f846cae49347169326ce0a359c67f63cc4353f60', '0xf49eba0966a3bc47b576d08aee7248dca0fef951ee83220ea5ed061bf4480c9d', '0x206149abfbb00bdae8d75a16ea7e1a19387d18041b56e1de2de49d767991012a', '0x2fe0cf9978d74c7aedb4c68d3be98e491bc2611b4472117078f0b6e73c973ff4', '0xc6cbcd5e9cd2505bd94c2db111ba7d1e77981e6a87c0e33edbda0b60b7ebcd16', '0x4bab9f45c7445b22764387b1e8f28044407cd0307828a12ed3ddf7d4d8425753', '0xf7c7c63de3c856db9123e1358def098e0b073f7dba263ccf71bfb20a30636fdf', '0xf90558fd2b7c21646c8d58fefb354cf2763f74dbd99b69f0fb8f791759e5ee8e', '0xff8290dcb3a3f2ebea5072a10dc9bb7388adbac6bc9a21394f4b619bd91a30b7', '0xd30f9b5e0d035b517db4ad7a8d8fa6aa36ce01feb23640c7a7eb2188da96031c', '0x9e5f64a294d646f53c32ef759e2b9cda57625c8a41151fc80cb02c0f59bcd9f9', '0xbf753a8c0af33a55e22f90cf5b755050ad16ba81a7b1da30e7a5c7fc9dbe7095', '0x7d09ff07fa77585cc3492110753ca515e3a9af549a630ff036f38a2bcb26a3b1', '0x4b73eb457f8a62dc8530b7ab6378e575cc213cb95d45f0a9efb9401679feceb7', '0xd0accc7c4cd13132187059be2ec84c3bca0ec742370f78e7832c48591618ee70', '0x18d73b9c91350c2ce53b75f0a78232cdf2419e6dee90c23907ab499ffe84ae58', '0x6d8640e955e653367678524086df69b389721f537599108ae9040bf92e92538f', '0x0b0946719c9f915c4d6965d9fc4a1a1f79cb3d7c6d0db1a72856288b2d9de508', '0xd9f486289a21d43c95c4714c719b2f62d97c2f89869f615a3b80b273bfff2dd2', '0x2c5f8ec7e0b116e66574521b9f4c23edbd4fd51f1ad5f413aba12e7279b9919e', '0xb9974dad5dda0a90ba1ac502c7316aaeb29f4520d8baf416b5d03dff1e0c1a56', '0x5dfd520b3ec0c1a94864b185c9dfdbd24d8b1b12712e28609d014a0d0ca9603e', '0x6d8f5af522bd411f4426f7b8ba8e8432ac8e60357193021601e7d8a642db1ed4', '0xdd60f80a0bb34271877bce0ab1548d495356ff32b9fa60c2d96a4f2d574c13ab', '0x68beabc1e2691c1a2fad84fe53208f7141eb0191a648595eff03a659e5991f0f', '0x1f64c3103f531b2676b9c8674b48651a3d0f8d136272e3652d4f04df0ee85a8a', '0xe1c36e349d648ca2ed3e1d5a0d448b49f4abe0d558fc9ed09ac2b0588703c0fa', '0xcfadc3a2be4d4ccaee975efbe1b0c08f972ffea57cbd86634282d4291ff47932', '0x512e78d9f580eebe93dd1cb694db3733cc90530fba37de10ea6760fab89cdd36', '0x6e89a20ca79f2d297f14a037c52a16565eea97cbbfa88b56ba72def230940e32', '0x937f5d43c7242deea6a64067fec54bd6aca80457d1d32f6925f58a29d09a6926', '0xf37b86643251d8dc69bc5de5b1fd22d3462a05b54f47f006e22af061fbc09af9', '0x495c4865478e17a5cfd2a9cbe3477314695e7e2068c51921f6b5d6bbb980ac81', '0x7451d903162a19b02c82c2dd3e2c93aedd1ef9ff37fe379eb51357c764362f86', '0x3e10d75ba12119c8b0136f5919e4e9d3373b0ea69f1ba5d99e0319f47b6e6cae', '0x8ad85cf6d95b84eedf06de8492bfdaa49364c2f9ecd3b26408f498166a96c481', '0xfe662dd5a8893f85bd0a42aaa4336c60abe8917f01e0d7a4f4f6a0e3085d3af5', '0x209759f975e90c64a545869c18546e442e396b0df000f74ff54abb36a9ae1bcc', '0x4607ae30eca1d558f16d65c4db752e21841c4b4f8f3159a627a91acc1ccc5275', '0x397d6a88a62b3c767a4d7e8ccc179c1f9766888b8d4736e462e7148d57060a67', '0xc1a9a255bf752c2d5bcec4cedba847d850355a2f4226ff5642fc535f5e4e9896', '0x062c7f0f50b232fbfaf52885e9cbaca3260c631fae6c3ca1e40c3c8bd670a2b8', '0x91b50f63d162112ee499d45ccf5e30f72cc8a0eb124a1f288efb6f0481bb420c', '0xd657bd936ccbe7b65a0ce138999945f6bb3c4823359b6be2d4148873135200e0'], 'transactionsRoot': '0xfbc577edd910887a13f32d79c3eb6b1bcd7fc01a6ec168d165e7e1d3ed5589d8', 'uncles': []}} (async_rpc.py:86)
2022-11-28 18:11:29 [   DEBUG] Getting response HTTP. URI: https://responsive-convincing-aura.bsc.discover.quiknode.pro/3e7f242edcfec9ca1a36ef544cee66362af95baa, Method: eth_getBlockByNumber, Response: {'jsonrpc': '2.0', 'id': 12, 'result': {'difficulty': '0x2', 'extraData': '0xd983010111846765746889676f312e31372e3133856c696e7578000040fc9c6753a34de205ce24f9c06d0d92985dd9f4e2db091d236552aed883789397fc279c7ca0f0e40c79f9dbd3e3d92c0031310dfc1935e86957531a60ce0efe88fdae2b00', 'gasLimit': '0x726ea3d', 'gasUsed': '0x1358c32', 'hash': '0x62d18e237f71f56d8e237b81bd100a5ff569fd38f5a1a1f167d07138ef4a1835', 'logsBloom': '0xedb7e32b47429614f7746bfbede672c492fa6977e73fefaaf4fa33234a7f2f8bff2383e44e3a9edaf32db0f72a977e7ebfbe739647dba8b273a5e3fb42753e9744b4c70a29c566bb9d74545aaa19d77ee8381befa6752ee6d6ed625fd4e1aac9715d3eee468ff63a774fe23188d809d79f07e7f3a55d1d06f467bdfdd7fb8c91bff56f2f76b1b540e5a0155ea392fefa7477fdb5d5121f9b09c5d4e57bbb5be91f9df9feea4cd1e6a67278736fbe4e1a1962372a57739ffef4ec236683d6587bbb099fd6adbeda37ec9ec2473ada3f4b28bafbd94fc5967e150e4fbf7d77fcb577dc9ef923b8ddb7a3b7f9df5f8c72ecd73ffd1ceab3fc58b876733f7e7e4ef5', 'miner': '0xcc8e6d00c17eb431350c6c50d8b8f05176b90b11', 'mixHash': '0x0000000000000000000000000000000000000000000000000000000000000000', 'nonce': '0x0000000000000000', 'number': '0x1655c6c', 'parentHash': '0xc52be271950c34489c90be6a9be1d022f47da1bda3436d5fdf7d1766257a5020', 'receiptsRoot': '0x26a0f52c80970c26890ab0cba86709c3b6c1a677ced7ffec0521d6d4ebb96284', 'sha3Uncles': '0x1dcc4de8dec75d7aab85b567b6ccd41ad312451b948a7413f0a142fd40d49347', 'size': '0xb5df', 'stateRoot': '0x4f11a50ab592ddaae89c76e05fbd07a5051362404bb0f5ef11df2d13fcce11a8', 'timestamp': '0x63837e0e', 'totalDifficulty': '0x2c67210', 'transactions': ['0x5a0fc3c247ac1c95ebfae16ec9668102bebde7150edcbaf4e3523000c94c94ba', '0x047ff3a101cbf060cbd1da8302138a7e0a649bbf2bb434c6659daa04806aafcb', '0xbb34b14a7605019ca2179ff1fc79d2dae95fdfe29403025dacf975704a056ae3', '0x3cb4637df779fbf02c6dd3ef7713b84ddb43c7c57062915206cb046a9b58417d', '0x617968ca2056aa2af0fc59423723c91e36534bfed93afff382e8562360c609c9', '0xcfef8ad59985e6d41366ff07ab4e742b2e300aa18d0ac07618462cc97fcfae66', '0x5d1f2ed70d5cecec547eecee21c3cc9b6848b268903eeeb281fa01f4f3e2cf39', '0x964dbb1dff4a9cd9e255e37101d02b0a1cc31c3bde44eeb4a02d424403e58ac7', '0x0c4cc318914303be119f4f9784c6c75216f2ed9d5ee9f91f55879c5ba7daeb31', '0x9da686779d44fc7e3b372cef23e07e8819c2ae7217d1e8aebb12d939fd6d2f92', '0xbadeb97b2a30dba4386ca42cb2e1ba7f99df341051e2b21813942207a5f0fe0e', '0x56e920b419b487ae7a0d10827c1c03d82e2c8d2fd2ec54ab9f390ea9083c80df', '0x9271db8bf4da5dbb69cc68b257ac0fbd67f9349192be45e3f892ad77bb93c8ce', '0x6cb1a4044f4fe5e503a29eb3cece27fdcf117097d392f53fef85a0ed67e46846', '0xab3de693faee0beb050dc439ded0b67cca0e7105238a4e577defc36d9a246daf', '0x5ba9e6ade6fdbdd67e4e0eef9efba46af381f1e0c8157fc771daecd7b06dfc43', '0x793f5a28f9569d1d69e6a4d8ed5f51fd287e5f7f8bd8e1b8c6514ece81c52d5e', '0x6a6b43fe4766247db42de93d1efbc3635c04faeee1c658506352e142301cbfbf', '0x88f1a20dee4b17166b212c3077636d119a1ce88d0d40fb0895743f16ee0e03f2', '0xc5a2f5eb96e4f12708b01346361aa804f71dbd678426e479e159388a7686e34b', '0xd9626ceb4937ae77dd42d945b7c1a6a525f2fa5c8d0eb18716002ed38874078c', '0x514f2e8609499326c56949d1175a0e49e4e7c24ee6499ef344fb5cf732dac37c', '0x050fd7bee4026d077bb0f8fb8d578440b42ecc2d3d3abce8e01b96ec2799f56d', '0xd577a7e8c692b409392855f723d4f4b8ff79636c0de6e29d74811620f667a4e6', '0x52d4aa11142689423876332625500906f63b5be62d9441e53713c95adbcc466e', '0x0e6019864ec6442e977cbd4def09352e5aaae45bc6a52d7dc53ea9941fc5012a', '0x8ce195a3f1db8692e717f5763e773f4071c16a201e23b5287df090a73ca62cb0', '0x9041fa34c782e010a5d8d645e72144cd9b558e0a68d958262cfffe7ab105d09a', '0x2821bfed9016b079ba7cb0b0addea1353e54a91e22d47d67e9d112867daf0898', '0xcf0682ce325c721cd1f30245241d7d92896eac670c0cd09639c19b22456548c7', '0xf805c601abf392217a7eb6ab94e4ee027978e5427d4d86d4ef1c12c1d9a11b8e', '0x1487b6cdb88f10f0e1a4b60c8d15a1420cb660ec7ad7e02e68049042224ad086', '0xed5c55c00db0bf20099d981aa1fffe54720073e7df43d494ac32cd22be4d0dda', '0x5fcc75e75a8f884ecb564d324c9f44372c7e2930b2a458a106061d373afee8af', '0x5079b2d26fe26adaac0e276186b3e7aea1ca253eabad33e275f3c2831ed34a03', '0x2786454d12c828bc65bd25835946c13a4cc73539a3a9bf4dd2b6d9b8e64525b6', '0x39cc0801bb3345fd9e213d74d495b033ac4d73f3f940aa347bbc35b79355bf00', '0x43604461b00ecdb85506c9a45ad38f9435151f76687e943648a671d318bad42c', '0xb6df5b8bb66a24cb070b0feaf7915194e5ce3deb3f2d54ea57a6ab30c57675b5', '0x974e03ae6f2f66e24fcab7045a781d2b31c868d2d6b76d382dd75e9b4dcab1fd', '0x1d86d3348c1414d6a02a3e1fad65583ad66e5dc17e96baad38c8f38011ff9db2', '0xf2256545ec91581bb711c699d51209c01d21aaeea0f36db40a6d118cc947ae28', '0x14b5fef57d1228e808044ddc9d8a6ff9cde228b42856bba083292ed883427717', '0xbe4ba5ee3ea6d1daeeb3739e2a9540b81f663ef61c51986bb0f3e97477b64b0e', '0xde0af96403e920a7d1a591b1ffafa2b3f94a9843bf502457564a29d518233d79', '0x37bad06eafd7a3f0f51a12f67bba9df1ee5c72711cc968a8d78fe3927615992b', '0xfb7c491df26e9b2f4502fad897c16e8014290519f9dc4bdf6c68379d5932d883', '0x87da0ddf842e9ad840a71785f1d4ac1724cdca21fe86ed12c4b6b4379384781a', '0x7037e88924ea53f54d7828fcd7fcf89d032f078ba27ab720570b5c64eb80192c', '0xc0b3a67c6f004dd4bfa194efd47c680afa5a4e064d5cc0dd355e93ebc470edf2', '0x605f0d6f2475aa1b0b24820d9ed7f3696184d90d6d09c2fc37173ff506793644', '0xe694c0fe040fc5fd49982aabac76c8bd79de88586e1de0d824c5fc504098f929', '0xe9040fa0696eddc0acdbb13a8f36f9ee4baefb76f4cc48b4e412989f508779cf', '0xe9dc00ebc77ccdac92e2a7f6f2ba3b56ee90cdb316e81f4d2c80720a14898c89', '0xd1406e9dfaca6ce1cd31ce503d3bb1a960b89773562069d425dfb0bd69909fc1', '0xfcc5d376f9fe646efbbb03a0cdc2846ffb44be8612fd320e098acda508340467', '0x9aae63a9a439ee6dbf07f610223df10b47803464611af7e0259eba087065ba1c', '0x5e72759343ad940b55fc519739326c077900c129900435f544e13af418027d97', '0x31bcb9474fba2299612f54a50ae7fe65a2b7a6f5aad5e70350c03814b5e6458d', '0x37c0dc532d423749d0cd70d2ef9c0bfc0ef8bc9b70b143114bcf779a81f3cb95', '0x61417aabf328923ae29af35b72c7586b6b0e9130fbc2ef297fb4984e4a84c0a7', '0x5140839006bba863c229c8f7865268900e5109b5558abaaddeb3cb646678bf9c', '0xd1a3df6d94803ef603eca0b46bcb88945df29c16dfb22b48467f136f11ebc067', '0x21bc228940918e5daa38fef5aa7b476ad9d1cdefccbea4d0af30c95a2c77a5eb', '0x0ae309b2a5080e06ad6def105b018b5f5037ff032c2e35e0336b64ba0a53eb90', '0x6d245d730271cae8bb14af6bfb7969f57804c8c7eae509e4ca3f6b0e2158781c', '0x623b284461119eede70f8e6bc944ccbd6763ca116fe657c905ecfaf6bcd936f6', '0x0e10173beee7b1c21b1ef796958a4d7acd6251118bfe5ec508f585d7c78f204f', '0x3031c8f34ede32270bb2a468edd91f9ea8d975fb0d82e40f498f165bf1fc4283', '0x2a3db85a169c4d53769064ceb756f030f7f69614d50d0c18784bec69f9aaa65a', '0xe71831f5fd38a75168b644b77e105ac8986716cef6b4dda5ec887e691e4d242e', '0x8ce0bf7642199244818eae885837ca015614033ddd9912be0692ba642a306d94', '0x92ae83c894ced968fe5044cb18bafdf13aa4c6ad6dd294d66c405401f5936412', '0x85558c6e8f745de682ac37caf55c0d8d5334c2ce2c31fc8bae226d130e1aaf14', '0x3c47860a5f0212359e901309b8fe2a14f250edca61c82ff941a5924f66486f72', '0xaf102978d89bb861e029fa2ff64cf9e9e0d77b62fd727c70c820731346127449', '0x71946cf075b042a0a8af75207f8460c6666605e6ba939c3d7b298200304a0bff', '0x0052f29c848f26133acd6f9dcca6be1cd52044563d53c6c4bcc77fcfd354c18e', '0xd56befdb0e529459c375b5ee4ec9e4f7e8392e81965fae4b2fe229e92aba2704', '0x5ead0728fdd67be07fe828b63b8c39d6a18b0ca9f6d259403de12bb714eafcca', '0x535ea065e44e298bce17c0e29ee36900a0b6d4bb3066a318767753b053988dfb', '0xb07e1991c2b96e7a51b453d8fc84ab6da41731988fd413aa148611d9fee3878d', '0xeb013a059920fa15e1c2fd4f1bc286f22a40db25c9db02ef5e41a14565199bda', '0xc19b6c92905a6dbfd0c34056e087f9b5b6c7e36430ae088c66156330979844bb', '0x5798bafb4270a676a48e4a0b89d31109d077123f6cade0c85cd8db1056f81db8', '0x50bdb43ff3433d977d3a565735942aaf9634fe2bae10676e2e41179f4f7a35ab', '0xf803ec82b1531b4006c4f163b4f2574a42245f6e5b7b91c05417fe4d935cdd24', '0x7044a5590ddac0769adc62cbf707617db1775b17af3ace86d725b9b728aedf57', '0x174b765afc2e4a99c942715ee470f5b6cba254a1e5aaad61568d6d8085bfacdd', '0xfab1d445d7b85eba086f1f08d25c42d0fe602c5f5053cefb0e88eae45356da3e', '0xf742a9cb7519c859ebf9ce9f80dde89c0ce067ee53e1457efc867cb4783ef721', '0x29cea9ddbef40f863d2345120aaf23f14ac19801bca36f21b82dc481559a6318', '0x702179f93a1c421ce79001fba9fdfa589531e9e82201eea3090a5472aed8fc3a', '0xe3be2a790661cf0f5acf47b6864b91b8328cabcdc9c005d5197fdced40bc96b5', '0x74381f71432895d56069559f78cefb3c1fa5c323ad358ab7d775f5953f3904fe', '0x5b425376704db0cff9f28ffe0c6e09087867f5831a7923f097c02068e608fcb9', '0x292b5e13966cb803a9f95c004f64dfb00f67eabb307ea2e36e46052078343f80', '0x05e930b4066fec88d1e48886995a5219a5723033fbbba35a5d9112f755c97c08', '0xeedddb5a86e1e0b37d225efa1366f9795ef0958e6fc1704c64373e1bad199a9d', '0x3cbadfdf5f5ff914ba64b3a20c9db7ba2c7f08a043896e04c63c7b8ae29b7b10', '0x796571b604f26cd524f37db17c81733fbb5013b8f6b714d97951cee812cca8ec', '0x286dc62c6ba7dda16f14617737dac1bd86075571b82a22221de79f09633db6b8', '0x65226dfcc6406563b63be3af7fcf92da77ba64bf08b9040137eedc97970663e1', '0x0d17158adadd9f5977623200931ac1ad426f7d8bdc863428dd23c8259ea9f180', '0x336afc00d2f31213c96346fb046618f3d6344f69e9004e4af1d825632c85ce92', '0xfe78c59661ab12fecf662028224154dce58537cba4e47ed88510c510a891383e', '0xeaceef2417ad93c86585484efbcc4d5cf80c2b1a95e0f3bfe102875feff2d897', '0xc8654252c10f473bcb68e86a9bb385c6b4eaf7d055f98cc78089b36f94cfaf5e', '0x1c3f579f82860f3d1634412120527153354d2fd130a968a1a15f3509b106ed3b', '0xbea47759413d508d64274332167d00f2a636d22ca598a33c9ec0237ac9d8ec7d', '0x2069eea4398f1e7a4818b9cd67454b2bcb46b674b74f8b393a601c1cde3f28b2', '0xd6c8fbd0d7d6149699b0b97af452fe445bedd63afc80ec75eaf8dedf897616f1', '0xa1fbfdb7443eb0138942cee92dd1c06ce28a6b5e278d62e0da5f1498eff09f69', '0x208213b9f1e2a7569020b2925994196b3835246f23e3860f9aa4aa3171c3d482', '0x4c76500328d4092d1306db35f512d7f84fd6eaf2917742caeb07c4c23a72629e', '0x033e786070b9a81fe34126ebe53024bf05007fbc3198b1a7a4d09f5e34bc476b', '0x853821194bf6b85f0d3a0b55a3235fc908d4b7d3f782606c8b521916f4de83f9', '0x7c2f8485ae4c3aa7a75d9b83a34eca7dd67fceb2a2532a7cc449232051d1c4a5', '0x26c72ac626e7d4d7d4ed914ad23c56bf02265a62253e65889367c59955a235b4', '0x77ffe104ef079bb42e274b69ac80f8f006b3f46a595bc07da1103f895aaaea5d', '0xc76ef74a71ecbfc948758e5ac6145680ddfb11512e90a8c6b4ca9e428b04d3fe', '0xd6c3580a81655b2f5cc8694632eed948c4cd71bc3f0235d403784043436ebc32', '0xe6e0ec78acc3636c9824f733e965606db90903a9d98367bf25ba231ecb421dc4', '0x2f0d103d49bbf1fd907ac2827ddbbaa9e4808e4f4d7cf3bfde2536a919daad1f', '0xa83eb0fcee86302c3697be7c697faf14e4637c333b55318a32f10a312ff2ca8b', '0xd50a12908a3763260c1f6b46586dcf930f5d6a67d71f170bc7a712d6fef8d540', '0xcd14baf76e7e8efecc646686a1796ea1da84ca1a826a2dd82c7dc455721b88fa', '0x193608d84dbc6ef8ec842cc4429f3f2094a1706c279a072012e0b86c3cccf9ce', '0xd4a2af69c3287b48d90cb1dd87f7cb7707a8a6bc56b672e2f29966b38361dfb3', '0x3bebe10452030f5ad6ccac2746c413670335392e63350e510b036620ffcf53ca', '0xf272d529f68713d12c233253cdd4fc2c36e2d87a0fffa7877ad35e7c808743d6', '0x874b886efc0f4c56fece3ca1ba8a876aac6049d4109f6ce638c6b66a0d498471', '0x30666a42920b0b361aa0afc1026942f982bfa0100ae965db97b61de926e5a1d7', '0x984024a3421984448cb1bdeb43f77e704f531f2464d26df95a18d74ba7f60465', '0x7acf664cdb1d52d5112d92ed0eeea03a47ce3e98c770edda97c13276860d45cb', '0xd83a48c5019315e7267e5a7d4d59deb46c9ebb89067b4327a52c5d8cbfe67049', '0x2e6a7507c8f86201544f2730d95638928ba9b16fd5bf957c6114a2a8b1fc09f0', '0x9c2653b89c9171b7ed433d80d0f848ae8836b0e855cb0ce6ccee7312838a93f2', '0x7c5087fdda6e5f3174e6752d506ed64f8f3892c11ca2c7b75f7f72c0d66382ce', '0xe7c56ed91121219e58172fb17e08e8ed495d2da5a5275355d0072fa74470d753', '0x2e32496c09188e449a78d694674b48cdfa17d0e557b1113b5ea9ff428efa904e', '0xfa9a021b567465cff5c981cb74a4e44fce627bd7f143737ca5af1a4acbb6cb5d', '0x288b6832cb777abeb42e858803979187ede91741488944e5864a13ae39d1bfb3', '0xc2fdafb2257f9601bc9b2c3d70399dfb519813556986bb557d699d735a7c0650', '0x63350258d6c13721cc70a17323df0ed6e9dbfc7777579e215f2c734cbd8d8621', '0xec0c2eacf1456b11bea6a3c257d38067d7bb608bafb5b945a3fd610a113997cc', '0x6780f340090926d8620ed7e146645c0c38a343a3a4dd59b637ebb631251568f1', '0x95956a20d4a854a71e2e2ec068ca80e9742c00056aaf16fa3f0117c62ccaccc5', '0xb7c7d42d5f7a037ad0e640210c47c7bd25a41745180135485c621fe89612290d', '0xc99c341145c9defa7d95944653707154c84e95dff488bdf34e10e24c94a15d9c', '0x07964f5db229a4a649f2981c5067b6f6fe5e8533066d0f349e9fea0fc23aa36f', '0x178710839c02ecb8fa15658df0d1461b680646458d1c89d409164978174b138d', '0x437c1a988a7344a35c88002cb6a056d994d7992809f05f0815d0b98e6c46071c', '0xf1b7739a4150cbb828a8c19daa17129fc7d21189f17c5c0858acc1f8c2e7c81b', '0xe4649aa337f51f68fdc4da0d822382df65c3bdf0ad3c5e34daef4054ee21b14a', '0x8991bb9887b9193c3927c3a811c56fdb2de714fee2c76f07647bf2ada39cbf67', '0x4cd508d40f051fcf458bc21d43412ab10ecd85742f70100836f8bdc0d36fca4f', '0xddee30695845e9c6ef4bb75fe574da21d21fc35f746371b22dfdabff06655f80', '0xa5949dadaee739de33a68ce3628a6697d006025bf7c7a45f9913254f6c11e847', '0xc7d94111cbd7e180457669e68d53cd1e1a69a8fd784c94cfbd8ff8ba055918c6', '0xf0bc521f5b226aff21702893fc1f7497c5b1883fc20f738d279bdb8f1e8f0d3b', '0xb565724e1c6308800eea7638a2582419b1f8b98edf17608fa30300527e489460', '0xe3c1da7deb3c76ab2ed92b41e7e0b44616e4ecf11d903c9c86f4b3b7daf4e647', '0xc9c502a7347935633d2615a9bdd52c9174939322f6e0ed4927d7e41e0d21cc67', '0xbbf54d1d38d5615e93c3851d3bc275a4e38ce3b2ce195d5322e4ad00da860e8a', '0x34de6b023597f6bc7f0bc4dbedd891b8881183cdbaf93773cbf7b470b0b903d4', '0x92a2f01f0b73e1912e84d5f4cfb4d63e105a7c8b4ebcedf6112afdba6062059f', '0x6cd352a5761860960f3467113106ea80c0e68fbb8dd68c91686d7b81be83f3bc', '0x7ef648c741f22f06cad72937ff48a3a34e3663e083531988be4a4292b1dc92ba', '0x64b934b13ba63e691f235635f23d3e04ee00e0eac6fbb23f0fb1d53531868de0', '0x49eba6daaa32ca072c9c39eab33dc214306799c314f8fd960ab9f5c6e16e6757', '0x02d984eb68c096e7f3f5d6c2a82495308c842b9816fca663ff95f8ec958c87ee', '0xd426c86474fccd2bf550885eb95bfe0ef73e8e43389df95c5fb2047ecd5c0a7b', '0xf1cac15faf5bd636ecea92abf0f51b2727926d8e119012d46e8ce530be6cfca9', '0x492a5a12cbc183ae7b6f7288b294d0cdb7c2b1f6eea20baf67fdc54c12405b79', '0x1e1e6dd64ff409db1a1be7a52d0f863bc523ecad803fc5c239aa43b39e0c9ef3', '0xe95e29f2489614549dbccedbb5aaed670df2abb110feb311a7eb03d2b69765af', '0x9807e96089594a76a2c2aaa7a957a3728ec2be060d5345e631dda3e532b2a2c8', '0x1cf13b49b43d5583daf940fe772c8584680d3acf60c28c7a6712bbca57eb1703', '0x957133bb377dcc57f079c7789b0c918c78bec6722fc7e0fb5a56b9fbe9a5c786', '0x83a4c5a07ef63c62b68e14c335d1e7cd5642c80eb29336adaf7d479e66cf894e', '0x18522a8d5bb12726c20dd44b32e3fddf78bc3d22f736b52bcf39d93d0e12b209', '0x404ded573166b074c9c00ae3f25d62af9b19c2e99b812c3fce5204a6b24f31cf', '0xbaee07d94806c7804efc3887d99dedaf5d4bff8dd7f8385cf54499bae60e0cf9', '0x2101d3f12b213c9009e7e842f7d17d101b41df19f8fc65410da18fa415527207'], 'transactionsRoot': '0xdd6172b15290716e74c144b29d485a39573e3d5c859d6401e80974d75919046e', 'uncles': []}} (async_rpc.py:86)
2022-11-28 18:11:29 [   DEBUG] Getting response HTTP. URI: https://responsive-convincing-aura.bsc.discover.quiknode.pro/3e7f242edcfec9ca1a36ef544cee66362af95baa, Method: eth_getBlockByNumber, Response: {'jsonrpc': '2.0', 'id': 25, 'result': {'difficulty': '0x2', 'extraData': '0xd983010111846765746889676f312e31372e3133856c696e7578000040fc9c675f96ff4528a5b47034cafed2794f9e58db5925fb8c4a257e51a564494716f2bc5fe7f2bd636a6c9a91f10d97fbbf9c9643c58ea396f2a3e0c7e6c6b35b0e3bf200', 'gasLimit': '0x7356341', 'gasUsed': '0x17921e', 'hash': '0x484b25e20c73362e4250849b9782de20f74118e8876eb93c9a31d335b13a92ad', 'logsBloom': '0x602002201100001000080000800000002810000100000028501280002000000000004100802010000004140000010000000180000020000400000000002090024400000000000020414200080000006020100000020008003004000080030c000000002002060000001128200000084008800040000000800000001003000800000081000200180000800001081004a0042404851020100801008440080000202220000000800000040040000200002000040000000140000a00000200100040a10000020000800200008801008410002000014000000010000005020000a0000030000202000468010000010402000640008c00010400400000108001000000', 'miner': '0x685b1ded8013785d6623cc18d214320b6bb64759', 'mixHash': '0x0000000000000000000000000000000000000000000000000000000000000000', 'nonce': '0x0000000000000000', 'number': '0x1655c79', 'parentHash': '0xb980375b86fa23d568ed25ddfee1fcbcf6e184b988532be38008f513be68ca3d', 'receiptsRoot': '0xb1f6206fdae7b24572dd85d36b631067a72280d3f4097e7c6fe6d91d412cb9d9', 'sha3Uncles': '0x1dcc4de8dec75d7aab85b567b6ccd41ad312451b948a7413f0a142fd40d49347', 'size': '0x1551', 'stateRoot': '0x41e29817a62c2810a2ef5157e15779d7a0ca32683944be7ae9c2c15035518fc8', 'timestamp': '0x63837e37', 'totalDifficulty': '0x2c67229', 'transactions': ['0xe7be93c23cdbd16ec891477a7ffba8945c5e40b3833f80e74f193657711cc50f', '0x5911777cbdb0e5c1cac4dd899bfd1cf634057ffd705716faa9c618fa413e91a2', '0x3545ddba87856eb65866c9bf65b3d84a011c3438d5aebefd556fee21d3a8d3ac', '0xcfafbb19a553efc39b23b3b2bd96032a79a450d82d338f3814d4a3376b7301f7', '0x2bc75f3fa6abef0c21df8c4a3a5f4f9c1213ed12cbb7d8d77c65af17c8fde9a3', '0x800c7f67f4587ab2b2a4963d6f66eecf55e5a207a190bee74de82c7eb8688c86', '0x401cf42eacdfed9b151412f973d48fba500aec3f7d45dffb4cae63d2ca01291e', '0x4e15d26a6c57a61a5c426adcd4d31ca5eea41363b52d31c09a52445ebbd44677', '0x3dc84c11991dd3c4503562afd8d65968e48cdcf79a8f428aebe61153442a632b', '0xe39d4161bc37084cf07abe90ecf24701563b3d6ace5339ca020d14c9e65c8224', '0xc9b765d05b0ead739dcd0845d3592fb792e4d00870cc4d5c37f32faa228d5057', '0xc3002eea275a8d5a780f3c5da8134928031d2af93561627e521a18d05f5ad8e4', '0x41f1836bde16d90a3c121c3f9f81b3bc76fd14c95db3756320d95f20d3de923a', '0x511e891511a66bcae880eff438a640d29b32a97a67c248f264dc90b0b6fee9e7', '0xb0059f486bfc16c03518b8941fb94f7d08a129c1edf0631abfb02f34afe70a71', '0x6ce7db031b3eaffbac2393b05b497f7fe27293eb84ebc275770f509fd83a0733', '0xf3435e91754ada20cbe5940bf7a1a7c2b2b653e0a520832fb375a48829df6afd'], 'transactionsRoot': '0x5177735fd89a2aab607900d406e876e9816033d839a1c92fb14614d30cb85af9', 'uncles': []}} (async_rpc.py:86)
2022-11-28 18:11:29 [   DEBUG] Getting response HTTP. URI: https://responsive-convincing-aura.bsc.discover.quiknode.pro/3e7f242edcfec9ca1a36ef544cee66362af95baa, Method: eth_getBlockByNumber, Response: {'jsonrpc': '2.0', 'id': 13, 'result': {'difficulty': '0x2', 'extraData': '0xd983010111846765746889676f312e31372e3133856c696e7578000040fc9c679cc482e5a0a33f51b5e2795c89ee40ca949d2179ffd911bcb133207c8a1efffa786ef2843602fa8fcfc1a1ed0ba3805643652e15a89f6c306229a1288c92b62900', 'gasLimit': '0x72e1126', 'gasUsed': '0x16d9678', 'hash': '0x0b6d41227d4778a8ac9541ce79dd7eeb175bbea0e598f5d46dae4dface5296f0', 'logsBloom': '0xec2c3eb1206e5092e7bc0aed81c8c9ca2a31002f1710d52273db92622a31692a65a015c5bee0b0e87bcb343d084b0d268c1139f654e52f3a71a7227b75392acac32438330d892918d16150cec0729b6e6c9d5a6d347b4e62f6c54058d6588f0879c0102d0fa793adb2792f5608a73c52081011e3b088352c0c3b927577c12e53926b85f066831624e9ac2962045229f028ed0c5512265e4a3f38a8c8fe8df8ae7384020b09e8f056341385d10eae0c7122012073605eb1a10b64637b1552d5bcbfe4494be40fe827069e3835afc2bac820db65c0e94c9d748d57644f461cb2bb1d50ddb14959600aafa23270408320d7c2b63f29d9808e4c35b2ba1fc10150cd', 'miner': '0xce2fd7544e0b2cc94692d4a704debef7bcb61328', 'mixHash': '0x0000000000000000000000000000000000000000000000000000000000000000', 'nonce': '0x0000000000000000', 'number': '0x1655c6d', 'parentHash': '0x62d18e237f71f56d8e237b81bd100a5ff569fd38f5a1a1f167d07138ef4a1835', 'receiptsRoot': '0x75c94d751d6ac205195c81fa2b187dc5d2c6b6e13b0d280b4454ff91c49176ec', 'sha3Uncles': '0x1dcc4de8dec75d7aab85b567b6ccd41ad312451b948a7413f0a142fd40d49347', 'size': '0xd329', 'stateRoot': '0x3c748f87a56634c0a5ed4a88945d7d58a622c4489f8cd0a7c328d2f897ee34ee', 'timestamp': '0x63837e11', 'totalDifficulty': '0x2c67212', 'transactions': ['0x92c85f15434dad1d0cf5c0c4030e281b1866df880fc4a513f5477916e76b8eb7', '0xbda42fbba496959415108f8214fa8834d36ac8d75d95cab8fc8107833d5a82f2', '0xb6ea1817ee5d90faead43e2dbe5d65e797d9367b81b3a05f3aa860ff96dfb10a', '0xd7bcb07b259a60fb3483db31429039125b0cd9b7c66f782ac6b05d37a61352f0', '0x096151466353905a1b7872390ce98eca6c5b7450c5ee267d3e82ea24a37b8f6e', '0xed7bc4ced9959c450864f67d285f9837c1c67427632dc0c38b9037623633068b', '0x05926a1847b329d9c124a50c7e6bc9c6affd131fb29a9bec4b01480fa94dac38', '0x5e63a26e4bd0f7a636c46eab6e0c4f5f19456abad299a56f92cf94a33c6c5b08', '0xfd62bf9c6fe890c1b0cf5c07dd8d358e06ccf41143e9c48169f9c80ac47eb6f5', '0x96884d5fe92614bc79c0851e5608ac9412f176c88de228b673cea5fbc8d06467', '0x92d89487a112dec545158bef7ba700d2357c3239efd15a7c9cb86c20de84dea4', '0x3702a423bfee527655609aa5ba19141a4331c1e334a50848da6a7570d37ed7e7', '0xe45a5b6a94f4dff67816b70cf5367a4f43bb53b8a736a15bc68bf050ede6eede', '0x9c09345dcaec3f1912a680129399d1bb2d853b15dc52ee4757e6e84cc8c02ba9', '0x2bb5f505165bde37f70caad771136a3e32d4ca285aa3580a07873fa857c6b096', '0xd809ab8e414666b3ccdd559a78cf9eec94ea9ab33401cd096cc3a235ec1d5ae4', '0xd392d96f5eeb006b372f7e0881233c118f95a0c7fcbdd2500637823d9f13aa61', '0xa83be8b3e284d8f0733ecffe3050046fbf32b1ad86133cae4c262f3f0df6b654', '0x37153d870a2f09115cb282d55d0dd8c09988f4cb5bdb52196acde99e3f0da532', '0x84813cf74a21a5f8fc40b7f25afbc793819e51d781dd74bc18fe4bcfefaa2205', '0x80ccc7d2ea508d8bafb1cd0fe396b6843691fa4a63266a3546e87c70f9c1cd08', '0x1201ab7b2591ef857242b3fe7348ac7f8478ff7639b35f75b0b17a543401dcd1', '0x026e00cc4b962702ea89c95e026f0ddf3a9de24b003e69a8eb01281985d60c9a', '0x5d49296f9edd85eab7dc9543fdb3d45000b74fbae564edeea4922e299e5656a1', '0x2155450df359bac9f15955975a5ace1bf3d4c70cab5ec4c1b595165115a34554', '0xcc4e664524330eef9ffa2698fb2305be803875922cadb4212465ef68d8c2d5e5', '0x3fd0c95b97968b9b3ce162241898decff6be7a9b02f14a51a605dc00870b66cd', '0x8150c15843138afb95d8e7b478cd6646e09ba6e6d0d0347a1fcb12fe19a581da', '0x25853bcbdc83538db1eacd93c5cfa2e97295f05f8b79b8f669dcd2e7c2a0d536', '0x7e8884f5ac5ec52394c45713dd57425c345a2ecd12d6de26ee99b0b249952544', '0x5d39609f148b0580fabb4b1e4110ca03725d968126fd805a7ce10a4fe26afb11', '0x263ad11991300c3365897ecd3014fdfa5949b9343b567d952ad79a02db191cc9', '0x268166f7e9916f35c7945ab18a2b43cd1091d4dc88cd5dd80ffe49c315a73b54', '0x26fbd8f421f92d64abe0d0b1b96056533ff622f084903c45dffc91cc8797b08a', '0x9614ea7c95528c124c25f6f3c71301c0b3d878f50b3d1a50d7d176bbb6190121', '0xb2442f8c4d640017297638fe37a230e16977d80acaf21d885e742667c38efa1b', '0x445f4b184240e06b08f7aa1c874b2a2a7470d1d406d28000c4adac5a1c693817', '0x6549f02145bb7124162feeb2a28a999b9d2b5dd5c6a27a45784117436ec15c38', '0xa0ec1726199d040c5fe2296c7b4d3100db0f95fa38c35c3b944b8f6c2f560e42', '0x0dcabbf730e5ea742dfc9a06ef904f9fe854ed343498ac4a8fd583dc88e4a9c0', '0x104f67e494774f8fb14f5221322703d5a9bbdf17248b4b0622e196cf5ed1ed58', '0xabf9818fb6f523e229f11aa73c23286214b3439faefe2607fefa04ad77fe6194', '0x549826debf7fd644812a31e103b943f779e1c98e89c65aab6c59a0f0d2b87ce4', '0x9eddd751fe0bfbb8260af8f3d1a922b5dab12dc7c847117b8e3e8b6d178f151f', '0x1832b3fd58fe4aeaa8e1b08e6143af47f92c5cc54829b0a000a36bbeab6f2777', '0x6eecb01a859874f288404fa1de107f170ba3b8c99681efaf8f9cc00f35549923', '0x425893933876709fe932650b8ea31c3a4a5ceece6f4c268f8a1242327dc1ba34', '0xf515dca7ec8ec25d87fc71348c28c1f82cbed66d1ad52b99ae967559118b1b32', '0xc5073bfa170dcc3de10727642320fc10aff056f57be6ea8ba56464984d201427', '0x2d88a7bc0a2bb688af70c501f2e63d35e15cd8b105bb4820205245abb1cce2b7', '0x23cb37720c718cbe0c6816bb403dfaa9a5120ff0bb340747086d22c7829f52c5', '0x7b608bbd99d5047d97c6950d8a8aaa3eb760ba2358414d6927712b549fcbd7a6', '0x25344ef67d0a41b2273435c9b15ae41512c7e616ee49ee759dc47dca16d6a6b4', '0x9703f10f429479d0f9054674af46d6e52a639d3258cebb8e7cecd57f90ca31cd', '0x617145e15b4b1361c29b73a5487edfbea7035fd67ad5184bba837b139b3df37e', '0xc400fcfad315a2c9483a2b51761ff6af2c4af4c6f8701f077ba52f216886339f', '0x524338b46554636d0e9d8b2c97464071c0c77d7122874cf74779ac4a809d4109', '0x5490aeae15989a1e9cb5e2d8bced5d7c9e6bd972f0d420d322a07e99586858f9', '0xf8581536720f848e55974be85c6302c84ce2bdfab6db6ff580cd713c0d7828a3', '0x4ddeb60566ba0fb04ff129a9044662e02086a6cb2ecff449669bb4180b2357e4', '0x94f4d53d4d4e29d5857028de718d2a0a7600b358d505eb390ecc1b085267c85c', '0x568e5affb53ca399a6af2b090a6ca84ac1d903f345068aaa1d6b4c008177f4f8', '0xde61adb2279ec473bb24677c71ec9c943768d2af5f7bff2783e8d0fccb148663', '0x2584b359f176ec0524afdf94e7eaa4563dac0901c52fe4ee88e13833b13c1f08', '0xd8528f737dbb17eef30e6ac170741abd8e100a0ed4c8e47b028df5ae9513b1e5', '0x5b1df37f04f75fac1acc1b12a428894d23160ccac88fe1107b17510c0537744e', '0xed504d7c53024d569629b45442f573aa395bfd402c8cbb6656703ebaae8ced8b', '0x99bcda04c335b7d5cc2558d93805dd1b6b750595af749a27fd58fafe21748bfa', '0xd882b0994f61dde677abd365d45ebf8c02f802f9ec29ab873a42c6d8d1841ac9', '0x2dcd34c9acec7dbbd5d5bc2cbd67b2e2da7a3f7471787770525ee9e8c8c95e8e', '0xc2e66b54609dd1cc538e0e9003f4dd8ee29ed86573e9a06a645ef8507174b0e2', '0x9f883412ded41670776b758595111d1bf3e7f461068a1a76286768dfbb3a3537', '0xb7c45e63c40b17bd43399931b4103735213b5e11c6b20ebb6c3700ec639e06b5', '0x80bd513429216889199a7b1406c962f04435b3769eb8a4e7dc7ffe166748205b', '0x06106931838ab975138f9ae8cdf8787f4bd5c5243924aeefa7ec0b3f0f730836', '0x21d45e8c9d73347f513bf7b7ac36543b671de7e4e49a2a43925157633187a297', '0x5c1f3d6df92cf9ad7a6453e55f43cdd49e97e865c890f53190886d9fba81c9de', '0xc6228e520043e4cf2ed40fe60fcd412ef6bfd52c57375a660310c74876766576', '0x5f00648778123e72162ef8ddb7c5326cda7728526eaab19d0d3d99e2b1d91c7a', '0x4d5524743e1212b43f79afadfbb14f795bb65694b3c202dd611e8876b7cffa63', '0x17b116f6c3854c4b57c99905e9ab8c4575ab7f0db559a35714da379977b1f95b', '0x9fd2a9ca7fe66acf8cb2b9cdbeb63981cadfdf4214ee0156849c17c665ee99d6', '0xef64641cf20b401222e0bed980333b4297f9ad61e7015e2c8825c26bae786bee', '0xd9326156bead1ecae92b5681670c967558f673b2d374fc4215ceaedb3398442c', '0x808c406119da1221e1d0458495a31cee7988ffd8a12a5f4c1510eb58b252cb69', '0x7a73eef94aeb93c5cfec0a9ded264eb480f642d8a513cc0a2568f5eadbcc4153', '0x3f2d071bf6b981269e00a2006bd1303edfa15f75c237474af50b752c411e81e2', '0xd3e128224f48ea7b5f9271f3cd223f4bcaa521f6fbc2a9ef503f265bca1503da', '0x5320cc7ea5b8a52df1bfb8e1d051648874fb16b151e15efb05397082b978fbc6', '0x772ac792da2ac47485a86b2a9d42daa5f0eb5730eefb463b35d92ab9b4dbaca0', '0xd47fb6bf49acce2af9d43c78a93fff60f81a333b64a1a5ec8c0ece64c184983b', '0xf3b322e4ad4a0177e909bbaeab930d883941dece3f16bd7ba9d17ddb20da819d', '0x0e212e65bdbce03001b4eb99d35c97ca273bf250384847dfe85ef91f58eca109', '0xbbccd144a97e76bbd4597f2e11950768b1742ac72f406d3540bb378fc6c54633', '0x88130441ad73119d4b1cd8e44808fd26227e91462b4c0edc0a70879b96f7e5ce', '0x8af7bf59f22b1c9ab3df8cb0bbd21a739ca8d02793289c637e2794371ee8eac2', '0x8ebdd8024f244440f8a12cf8ceecba2c13e73f2a8d7abaa5d3763f771609418c', '0xaec4030c94c48e60e85f89c1fe9b480eb851887afe1825314087082d4d7e2880', '0xc703ff9cb2929ff3715d6a122bd67c1d82fda79677405bc9b76845b5dda31fca', '0xc28f2463be2317fea8f5e8e946183235f323e0d0e4f2cc962fa0dfec895421ca', '0x07a880fb11949a3b9c76ca0be8969b6074ba74ab0fdc2299c80190fa6ffa7841', '0x08b9c8a9c1807a56ceb8793c273923e9cfeaa904d846fdd46e58734fb624b4df', '0x7db5f5597ac1a3f53ff240fe4c2ae10d63930aba3ae4575c612c68ac63d8a348', '0x30752768ddb26d9c939027d4ffa3cc558e95360fafb4db0b7a600a83239f93ab', '0x554875286175abddc027b8ac4d4635050244eee1d2bb6972cdc2185356f2959a', '0x062c10034f5fdfab2cb13a51303b3d2d5c2d1d4e1f675ad3c70891d72717ddfe', '0x4d8b3e5a9e65aaf9cc6e17099e0f4a07f56a776ade960cfa771423ad22169f5e', '0xe8f4885af5185fd43fda809654a3660c2849fba11236ee3d501cf5efde235697', '0xb4010b0f222eaa1cca6ee48154190c72d893da9bdff25b5d3e3c8845e19ab365', '0x391f7d90fae7c3511002016850091e9bece927bb33b25f7598b9392342dc406d', '0x93e21bd85541361c24fb2edbf25a841331c30913bd562e1de299d120231c2986', '0xf3c543b9f7b4d0723e292b101a7fcb7d392b45174ef64f8d91c13ee2694270ae', '0xcfbf7aecbd6c0ec6aff279a94a68c3c42937545ed5f0e7e86d65e25ff3cb30ef', '0x3bd810e4551ac4a8eae22a4916e71c3de5abb60900faf8d4a3c89bc02749d1f6', '0x679609877f739de00d365a9af1053ad1475a40840aafae43384845188c051221', '0x7e04e5990980b7fd087e9f7e0e9f83c1ced9812ba8c4c6e7e024398fd60cff9c', '0xb252746489ed12ec7aaa2d98b83d57e0a4287a6c14718517c669c13415f49f0e', '0xcaed999bb9a54c44f8da075cdd47eceb4d68f09ce2bdbf6de1e9d6727bef4ae4', '0x1ab6d3082b09a1cafa4f4c2b5fc3241d9bb292da8e01dc352124d122f846ac98', '0x058d2f2161af2d956048ee2f4320637b435790297045ffeca1cfbf13d3a9c0d9', '0x26463e4299b1cee59100dba24409ae8de9e258d8af52e9a44dedfa5cc7970559', '0x191cc27d743140f5df5b376da3ca8c78ede27743926445ef8ec3f89ebb16cd59', '0xdbf7ce05b015e958bc623a6b30a5f88d5b8a3408ec3e52996639a11d8b0b0427', '0xde4ec3db829f5b63e333199c0f2abf235e674134b969a9a58924fc5f690db496', '0xb96937848bef78f6da91e38c150eb5d6bc86a4b48e25566443c4e54137d0bbdb', '0x278ce9e611f88d372d0cb7e969639fecf85543c153297739e90611b5a79f9288', '0xb83647c198b3858ef8ceb4ae875c00783c625768a7f060319f282d22c5955500', '0x7223a01b9b2ebfe88052d5b8cfeffef7728bf8589700f1e5b96ee9c439b3e2ec', '0x0ac32be9efda9c31bd9a7c8a8cfbd3bcb3dc00164655739ee12b65c75f0025d5', '0x39cb6943acfc3a5a40520e74d43c40737d28bd0ba3f57d3b0fc3ca03707f59db', '0x7c3b9f28944e43726ea191aa1afab1c12a19e795eb1c9d827cbc2430436b457a', '0xe43f3f3203cb2eb48d175ea3cc5292ab2e5fe42fdb7978e5040cc72ec7673950', '0x80ad816ea75b22ed80200a0e5f29a34764c3b7d00841afbe5d18341f29d108de', '0xc1341f67416fc1d0544712b01977282006fd3fd06456e04944ade37491844d23', '0x99a830057a0d4743ba100d78d139a44276bfa647cead134c70999967ece9dbfb', '0x572cdf6c0539f8faa3809e9c1ef256ae1c07ffecb1addbfaa4d06702d233e062', '0x3b938c437eb91981bd54027de709454838c02d158789cc63829e61a05d579f18', '0x3c4aaa59e5fcec2380a7d1f97bd848299453880ca9f3de1aebf910869465510d', '0x43522faa02ff469eaf4cde533008f1bbc54b0929d55bc7035ed80f23e96ddddc', '0x29249ca88ee6d8148f388ea03ef3bff96603460188f2768b98780c365ff0c16d', '0x085de8eb55fff63fdb6ef5b3b68a533d31248d5407db2a6a70cd318ac4330be6', '0xb23206cb7e9537fb784227fa78e86550a1fe9d2e5e956c44774a9a3a7a8e45da', '0xcfd2bc349d3e87eed7c6550079df874c773d4f1d629752382ca748f10523e58e', '0x7ff4129baba93f6a4a785bc795cdb8bfc2c427cf6f58ace8b53ec9ae373b5993', '0xd199ba261fb67c2dae7d0c44ec2768705a33a5a0b8fc62272334619fe54718c4', '0x0afb83ac3fe267b5deec638fd78a18a783334e6822621a1f7db1f2dda36993fa', '0x0cffae269029fa6de1064bfc86615813ffd1c63f224bcffed387f874a62bfe21', '0x5213d2518eb95a8c7dda450ee7d6552ef8e613b6d16dd2f14aa740cf45071b8e', '0xbae16446b9a391e88ee8eb230319856578234ca31cdcec8ecaa921e9a9002900', '0xe3ad23b303fd95ed2dee18af7414d650a146f2e55521bb3e5ba2191ee2bfeb46', '0x819c9382b6a034023dc0d10c1e32c3d45fddbf4e82c38566d93459fec7adc2a0', '0x8c0f520170812653aef13ae65c4a1f9470ad9925ec4fee2b614b598f708ac429', '0x1fd583e21ed3bc2f44896d6f7a7eb35d919870efb940a8b641022295d676daee', '0x1a6bb0ec2670c6fc06a571668feb042685c82690be972f1e48cd236daa3b2433', '0x8631ee6aaa890f71e729475094f21fd2707741d227611aef634f408fcfe6d1b9', '0xabf751383655001184898c49ca2807ff803e42c2533a076a873976a5376fa1e4', '0xe7ab87e0dca3d5b5e02c4c87ec7b46b7f5108bebe6081064b5041c0dd1a6e676', '0x75224f364b78fb303bf0cb659817ad9a5f264c6d3d83c405928564e199e11e31'], 'transactionsRoot': '0x73e3c9a4abbc5531da3698039b5ad47864dfec0782a1fc13c4637b0975bb8ee2', 'uncles': []}} (async_rpc.py:86)
2022-11-28 18:11:29 [   DEBUG] Getting response HTTP. URI: https://responsive-convincing-aura.bsc.discover.quiknode.pro/3e7f242edcfec9ca1a36ef544cee66362af95baa, Method: eth_getBlockByNumber, Response: {'jsonrpc': '2.0', 'id': 2, 'result': {'difficulty': '0x2', 'extraData': '0xd683010111846765746886676f312e3139856c696e7578000000000040fc9c6751ef4a584bfe73889ea9298fa1e6eca44b4742373ecda4f3a87d6b2b79efd69657888657d4aabcfa7ab5110f38f71088bfd43bccd995305f5cb03ff6110897e801', 'gasLimit': '0x7270e00', 'gasUsed': '0x139584e', 'hash': '0xa1259aeca83f02a5f0f925c0d6659a6841cdf579dcfdf28fcecf6fa6015200c3', 'logsBloom': '0x4f2d3377ff62517bcacf22cbd5a010e1a4a6c56acdefbfa97d71efb2aca2b91c075193e67f235f28afb3cc151c46691608f3622384bff810547dd7575d31b67991934aff1f44aa5b85f0445b6bb75232f4fb185b5d7dbc77d48638b9b83c5ffc64ac393c3327a91b73f5ac450b11a9b22e44ccecdf9895d63ba2bff16bbb7d89b35ccfb26e939029a0d9b60a1b1cca791aec96bf197085fb2519c0e234d06d73f37a186b9db9a8f22e34ef77636a53731f9cfdfb73c7db3a4a05e6adc4da1449af72d7e252f7696a3297e58d4bf736c0acd66fc8c96e19f51d0d0df75271b5b471fb7f14c73679e9674e7d4f87fa2ad253c3be8843f0ecda86325904b6ca9df3', 'miner': '0x3f349bbafec1551819b8be1efea2fc46ca749aa1', 'mixHash': '0x0000000000000000000000000000000000000000000000000000000000000000', 'nonce': '0x0000000000000000', 'number': '0x1655c62', 'parentHash': '0x8ad327a2ff457cfe6bc6632ba15f3264401b92648ec69fd6b7ead336dd171968', 'receiptsRoot': '0x20209b229b9bacb8222485d8747902f106873a581e86d35d27c9a64bc4626c84', 'sha3Uncles': '0x1dcc4de8dec75d7aab85b567b6ccd41ad312451b948a7413f0a142fd40d49347', 'size': '0xb85b', 'stateRoot': '0x2c3e84c00db4c5c9ff7cc167c0290532b5d200dc5869171b9df990d5ed328d47', 'timestamp': '0x63837dee', 'totalDifficulty': '0x2c671fd', 'transactions': ['0xcd39e04c39950c4cf15b590aa13faf7667b02108e390f4f62fbfe74c4beea568', '0xd8bc301f27fadf838b44b4734e8cd152320aa2b32f975621cd1cac0a26fa1a0c', '0x801e17b82a98c71055481b02ec81546cb0bf3a3852f5359efba86a60f9ba1ff7', '0x3dd47adb5ee2bddacb94e046e6937db1341d555febf1f66572fac20af307c98f', '0x802738d4000715aab6899dc8ae2c42556b2c5e30c667759c68422fdb295838af', '0x6b54c5c91843620df973f77e92d59612b3cf252819c66830abcfe9df61551500', '0x1feb44c0592889d2c497f648f92d3023ce84fce2dcce888954ea88c4911d35c6', '0x6b02a3fce09d2aee853b1a9b32829e79b9fd58bda3c98f8f76700c940695ef2c', '0x02d9f81334543a302af856eb1290143be1750668301e1efec921c53d9068365e', '0xbc1cfad02d3746d8f7522966cad612d8d10c75fea923d4b158c089f3bd3f8620', '0xba4ce9eb1eb98b3c2c0f1813084da482939ba47c23c749ec25ff5cec5987381b', '0xf5d99f711875400da67ebfd2e9e45e2b07c2191907be8818045eaa3eebde8ef8', '0xe7636a001ea685bdc51e4463ec017f52ab2a892623002b538f17155eaf426802', '0xa2ba98568ae30655b1e4a6c1c13d3c65389543c5f354aaa274572529aaec0c7b', '0x3bb5189c039ec65ede86e94b75e29eb02b5acc628653e804a5d25735757cfc80', '0xa99c09caea7d62d98f27e3fb4a9a8b3f15b5f4df14c1b4f141fbcaccdc79ebc7', '0x7b24f63f6bd9f97e715c43af4c3aea4f7b17deed8c4422759937f92b9062b633', '0xb6fd81d405288aeaa27d23cd15acd2b4b17bb111bc44ba1aec7c810862dfca7e', '0xdfef68b444e929e03232fd0bdfd95b9438b16521743bfa4129d0ae02df871f19', '0x76720a726d829c9fd9f2b905854beb73642d77d5fef811e13d67c1cffc66bb61', '0xef8a3b2e7571178d7d68af619e4f5a007e1967f7fcf91ac9dd879c0d96bdcce3', '0x28635f2d52d076b6102bc40644d5defa74a3bfe1b4d33d314284ab9de9f486ce', '0x45a1e6fa3bad93861f18c4a1098da6a3ff7e9317ce1b2837589500527fbf43d1', '0xa849a3dafd40bc84c79ea2f310932750903542176e67b0fe43a03653ea1e36ac', '0x978c0b1759ba27c0f4928cd3bc0e07d02c3f9520ad82406c3fc6b07e885a5d5d', '0x5de25f82ea400ac6709016ce8cce6a84b0669a2d66fdadf25f743a19ec2b0299', '0xd846a4979935dbf72fe32e24aae5ad77f7a978ca4571520c5246dee78f20452c', '0xe5c1a3cd249d27fa3393cc900aa949ad5298220ba7efc9736840b851745d6609', '0xebda3e4233f0faa001f3020dad82deb0f4068243dfe7cb5f4ba13c9f536c5f8b', '0x7acfb59f29067ca453caa5ed5f3cad43400fedfdf0ba977449ab6891deef81b6', '0x6bfa29f660249b5f2be9695190ebae8a38e8ce58ef41ac1b0bd38cf362e53d97', '0x78d626faa3c105b4e11fb00cf78c11f547201e37bdc192049d2b831a545c512d', '0x51ba7a8e74d92547fc6ff8d889a668dfac5afdf0e7f0de674882128614676d98', '0x24cb05ec974775c8bcc7d9fb398837ae7e068032a75462a43d663bc00dd1ba07', '0x6854d51e0e20eaa5508c30c45348e524ead8e6da3d070da6cf75d21baabd901c', '0xd3e9c569df00bf736ada813ef2452524c771d25db814f957b52d778b1101abfe', '0xa95a3ee049eba752aa37a3dd3aef256e314f34cb0bd601b63be18b7ba40583ad', '0xec816fa305be2f50fcf1262e1ac47d88ebf2a64204ee52b06f38b5b83934ed87', '0xec91ceb27f90617e6e5287852088c200617545b7427f003930c32dbc3b78d333', '0xdd650f9bc257294541f7844b9958d95bda0ad4cb750e8edad67d85a71a8465b8', '0x82e10df3fbf9adc21542d776b1aea76cc89a9c6f88abb9f03aeab32544f08e24', '0xa2c28f37b121c0c000965bfc7d69ac145dca02c352a14d9831375bdb8f2d9e59', '0x92c47f11dd925db5d99c7a4d5552435cb0b5fa5e9bcf11db9fcadbf2f9898d0b', '0x7becd2139faf3fd97af75e01192b5076bdba8421fc163c6c43c890294c811ec7', '0xc8492fb5f931cbec922c63a969495138a56f5b78489f93020dfc9902cfd34ea5', '0x9b70de92a2a901b008228c91c84bbec86424a2df460dd1db08b6ba943ebe2eb1', '0x7d1d35d1409f531db47d3319a09be972cca8ab1efbe31b0da727287743842f74', '0x89c74174d053b684275d7f8819a49a1d97ba5b6733be1d61d17f034e3b852c61', '0xad11eaaa25771571f3f76425175618ef41db8b917aff0de60b3762b43263f96c', '0x1fe66143c81d9e98613dd2042bb1a45e841f8b776adcc087c3b6927bec465138', '0x3cac2f3b57ef43b28f93d143eaa6a318e9343267f857bc0980489e604fa0824b', '0x55c4963fad4f0b8f2a765f8161e7ec92804bc51b88cb8ccd0affe1c0390146a6', '0x5f8288fd06f7933afe615bb6cb49b54abb85055ee5719e2f291baf960afe1732', '0x85092394ecbe0f3814a6c5576a496790269dea2c6830c0ca21ca4e23e23e2e4c', '0xbf5ebb6c0367c00aab4b9b2626af6617d8e070f3f306a01e5c1b93d0ddaacdf6', '0x3587779a99f3bd8817f57a0c424b341617bb49a5f3862ec0ec96cbfe07259e09', '0x5ab72911508721a2a1fae937d3c5e7657b4b01fdc65b1ae77ed0aebac10f91ea', '0xa9dc9535149a0c935893536d20dce9d52b451457ccfb4cadf08e0ae7a7f38b54', '0xc6cd06dd2c281c3957a6bebe9edada45c9332ae8c09c2cdc1c87c9cc396fc0f1', '0x31c9775967a20700a1cadb0a5a7cbbae93eabedd102990748eef8eb0faad0dfd', '0xd9289163322d0d7558ea850ef0f65cebbe9edcb0cb8de61906a52e34b78d6b25', '0xc4e687d16b7916cc5e8ed404d444ba35286a3289d50f6d11e7bade0755cc23ae', '0xf728bf37c30af6badc12417d8790ac1667803c1f48965e9eebbd2d0d62c5bdaf', '0x39503c66b6497676686a08f6e4c6a5c3274e52dc67666a28ea155a3abac0a39a', '0x5f822af725ebadb95c4414c042dfd47dcafbdae840bedd4bd7e8a540f5e4e645', '0x175694a16ac1c0064136fa101cf4601387f4f501ee8427cc0c37136bb40843eb', '0x266f465c5dbe759bef826d06ed12eb40ce0bcc2305285b4dfbc373cda77df59f', '0x1c0e745a8f1d436f7273a313804e90bbf9e51fbaa89a7850a953a1772da0df0a', '0x341aee96fc6eee5a18f26ed3c5add7a9270f74ffc50d175577541fe2a148e2bf', '0xf0286fec0863cb4d2c7d806d835f72dbe199964aaec80ecc2d39af113e4aa4f0', '0x07f28a872e63653d510ebaac213a8c9bf97e0bc62ef92c280b24b3fcf97557e3', '0x5a6d55d0f2e915530e178c816e14194cd9d722dad3b2a0c4ab4e75b4431cebea', '0xc1f3ceb15fc3515c3636db8713db8678693fa5178aba636462659813389c8060', '0x0b5301086170e97d786247ff205da594c5280812b63b2088ed3e73b85bbc68b0', '0xf632f9c93e01da32afdea6fbef69bfe147f9448429c40911a17b9f61d68fa9f4', '0xfe8b71b467dfaacc32349154d2f02de674b3e7b366857795fad1169c9c7037c3', '0xfdf8d451a459441eabd1a541e101d823c7305decf573f375b1383685f00344a7', '0x1aa936c0d30e225831c593af5e64e6f8e6bbb97b365e0562f8dc303d2339553e', '0x47b58b7fea5b5a0c92c37acfecfcafd44f4131c4d591b1c21d7920320f89ece8', '0x88d04d9d8030f5a3e0c415e2346f3477dc78658b3db7810e54e6e359de514445', '0x450fbb0fda790eb7c4bd4d34c1b3d7080bae6a9b6d092eb8338678991de1845d', '0xf1dd085beef3bac5d19d84e8ec5f7b25003bdb07a7259ee808d0271d5b4bdcb4', '0x4a8fa5f7d9296351994faca31f434b227d944c5b959c07e00bc2f8f4722c2b87', '0x8ddc33b79a49462c56be262144f655402638cc2f010282347fd8aa828c97d891', '0x026007774eb7fe8b39eeddfe47d03e4c6911ca8967177b3980daf802ba5d9094', '0xf10f244982ab5dddb586be4a9dd711b1e9c18d223f3ab74498b1cc584ae6a6da', '0x4a9d05d138f8758d25b50111a0da7f4cbcde93317be258e72400aafc9e420e77', '0xb1aa9fa3015241d3f96a0fae95342feeb5ea1c4d3a17706f077f573e3fbf741a', '0x286b91cae681fe356dcd5cc27157966c61231f7fa6a1dceafd6afe7a2bd869eb', '0x37fe32e095f69bf4a1e7f544e85c1c532fd369589a2db519bcb86fde1f1ff9e4', '0x28016d0795590c32be0cdf61acfa1c40a5a662b00f495b0bccb3f7dd2fd6ef2f', '0x33e252c04de32f09ada5123b672f212eeabbe4c1528bdaa7fd17a8300a491827', '0xb5a5c359d1c42d62353ca30d6261172b00fe14d0a7872b51d5c141bef1ba8cec', '0xfec61508beef6d1ea6930947b8570b9f16ba2fd037fcdc5cdde51c5117ba0a16', '0x47eb4e7afda905af174dc9e470bade632c325d490ebe09497421059f790ca541', '0xe94f78f3717336edcdfc22485f2f9842d44741b9b9d4f89200bbb2c99ed7171c', '0x6713b570cfb19260332d651f952ad8abd4b47f2165a82c14d11cd45d2aedbb92', '0xdd3815aaf540a3f72ea1b0447a926979f8d01cc55b3008f27b7b01d482bbfdfd', '0x772111f9e8a99de31353f7f9c78168f736b6561ae325f2ddc7e51e9f9101b7c3', '0xde9974926495fc4c43442983b34fa7ac8c7c3faa6fd69b4a61498842fb897955', '0xc3e9eed3abd6af46276332d18fcba938cd9ab8ba854075024c86276866226173', '0x82c65a713cd6cd3a893be5d750ac56dec6ab454a718a8ea60ded0336a54492b0', '0x9e6492e69e53d9c0819338a4792aa2d977132edcddbe9bc63411f58ddbb3699f', '0x668b39af4be5b7d0c44b6557d34ccf0dda972d944c0c73b1bad053d33f744ae4', '0xa89e1bf7dd452000353b2347b49acd2877d8328b15782b3b32e911d65405110d', '0xae2f1787760d2008be08a21395752e2002fad7448e7fbfb69fa40dc4da47ab7a', '0x87fba153633556071f0ebea886ef0b369e0aa56c2a63b7c3970e6e5274b6b69d', '0x195ba8c49c26da5f7e24d5ebb596cb9f00360fa69a3fbd354fd8b8169f29c13f', '0x8460090516dd347f0120ab9c56da4d1bc8a0f7dc0d6d17811ad393979355a1bb', '0xc8116ef17f76513e1620a4ebde5a30d0fabeed2f645af04232d6f5631b325c67', '0x5e83da9ac6383e2cb76c4d61d0d98517accbd941c269d835ffc88438a80c23fd', '0x2fcfb00485431406f0c9cb7fd41c6f4eca221038a9320d3bb733d716c6405e0e', '0x69ccb640b33e76cd921d598b67f267d16d1ca434e8f85d7110c249dc5fd75601', '0x84eaa711b4f6524835f3b65fa9c887cb279d65a0584e75fad25464855cf5f6f2', '0xce8e5b6a0e598a841a72b05c7ff5e6ee82799e16b63e7e6c3d77a40965f75b23', '0x035019f437ab8f8e438378e138d718c6f26bfa64cd334ac29300e124289c625b', '0xc798cc71c9bc24586941150114177677b39de0d78e60d0fbd1f661679b33f088', '0x3697e4a1adc362e0de2b86ee994f0b9b33e3eb4a6a719942fee58f50214de3d3', '0xc64acad82a9395580c44055ff06f1aab8f363584c597ac775d66c61d84321342', '0x3622d259f770f1ad362a7fb9fe04ef5e20c4b40c6ab478a5a8ea7ad30bd2a578', '0xc5820d0e4f6acac03e62de4b6292d58426124b6eba15242624dd55876072cae4', '0x0d5c714a275b3089297ca81f7df8be2340b8d093d4a942f98a19f2eff9290939', '0x0f8ad51947adcba41bfe6326d8d6dd0ecc9e1c593382ed32f849fc00758b1df6', '0xf1e49e47c124a13d5a50dfbca8308e472a0881735afdc84454408736e667a676', '0xa0885b7d02b926146a67cfe271017ad02638609b0920397c1610a903f0cc5f5c', '0x33d95222977d5a3d9757f6da590470a1b4d6f97e0c3e313ee39b664aff3ad2bf', '0xb21e5aa42eb523e1926216c1b4155f10674f1ce5869b8a87102de31c1e973d01', '0x8e6c1531c8c04e3d36de98b63fe12bd512a67649bc33332c1750bc18fb7f366f', '0x3b44f8e41f9f21fde371195226849ae417545fb339a962eb9ca64da158e4b76f', '0x660748638ccd9084b056703faa0ddc5d34de964c7543c037bebe1b10a238c92e', '0x71938da7f728e2cb7ff0dd28eb491d05293d1d3e9920c566a4dec322100eaf6b', '0x2c94f467bb2bbb91c94b8b51851fd29e40f157b926ec6564e23231300e2dfbe8', '0x8305eadb3557f23483a4966cad9c17d64faef2ce2e015af96ed25717454c2cdf', '0xd4800c9e21872e9dc78a5c5fb9f8f42378f9a05cefe744019eec3440410e302a', '0x6337d5a3d1510f2a37ae0df1ac61896360d1ce12ba16406f9c483e9dc26b8363', '0x3b8f67cf52c1f014977ba3326d9c0b9309b430862983695d6e4c59a57191e2bf', '0x2c912f9a780c1b3ee687d64674fbe7b1ea7032fde380dc2e301a7673dce5c760', '0xfde37c582ce2dcfabcf8f5f7d3d8fb37c28c968f62601ebd0cfae819bc05b270', '0x4b03228dd2f08af4667e1e9f8f6ff4c7f7245f61aa76373ed944c1265fa3f948', '0x898042904e5fe078ef303009bf6ae5813182c88fe8da7d131b64c542c68c03fa', '0xac4d9905878101c729a38e8b64a120e3aca4253b74fc36463fee3375121dea7f', '0x40833e6950d84aaf62857477c0b3140eb3be7e662dbec26f642a9633a8a49733', '0x05fbcca20d8e13db962f39ec7dcf97f19a08621bf57602a494baefddff3d3bef', '0x93f0d503f269b64399993aa2fbd5d916e0b766d79362dc16a1577a737553d3fb', '0x9875611847838842606f9da048c0b6aa1743b3932824118902fd9260c589bc28', '0x08b8cd3d8dafba1739d5987ff5d05f8e77cc075c387a4d1cbf9113d484147b94', '0xdbcba8e225f55178500c9142b96ec1da3e852bf3e6f477f20a72438fc6384d3b', '0xcddc12df99cde4e6b4a5a07d4125be400e1998e31678f4cd6ce7ce369045a135', '0xb477efaf5e3b93952038ebc199f16493cc1cd29b333fad388b4f6dc761e298e4', '0xf7d3d95ee3c64101e7ee8656b48731554ca42a375facb7158c014ff2bc569856', '0xa39f09ebd9eb2733265c72dd1987d4f072c218e0ca5d0fd24e701adf03288182', '0x8e522b2581de03dc7650c3181cf9cca320278b1257ace28c2e4b4069576fd0ae', '0xf1057db8bcf8007fc214abba02d8645527acc9ad5b478a21325720ea29502a0b', '0x4e04ea8823cdf32075b40929618a3ebcf0edd35b344ca66aa27dcbd5dec9bdfc', '0x0760cdc200ff9229f433306dc75d32d14d29090e64fbceddef43e193596fbc58', '0x74c74b99ef031ceff00a7cff8492c7fd9ed45e5a3a2cb65a87aa522cfd816436', '0x5c70d2455f9d524455c9e7d0b8bfb82f04502315d2e838c8a1cdfe1d45b7075b', '0x4eb3125d7aa086c2d267a9b9a13a249cbd7b36da83c9b1ffa2f5ef27ced16a70', '0xec9bd25a28157204aa2f314ea66184e33131615b15c04e927bc9307f415c41f8', '0x4e93faa770ceee3959dee8cd894f003e0cb38559743c6fc4f9450d26de883196', '0x55a5b5811f56e110a78092fe37a957168b4bf69ad15784ea473f161da43e9049', '0xae76823535398003bb372ab71ce462b3314aad5df20b56e4e59eaa4c5ef95656', '0xcea205277fdfe799b94938e7e65088e7e099097b7366fb728d5adf045bf3aea7', '0x81854418870cbdc78d7db5637e782a12bd412375c012e8322b596381bc55df66', '0xd8c5e565e739ede9097682561288cf4f80afcf5031a4e9203624bb49584966d1', '0xcb4a79b30b9a0cca5e14d42dd150cc51189e9a0525d6494a85cfa418c276efef', '0x920b89ac25200ee3e36eac350880367910700b0ffcae43aaf63f3ce2345c4d27', '0x3bab61ca49f7b9b621eee699f6892f974e5508776acebd3bc67ddc073f4ad478', '0x64999fb172aab8285de0ee7f5470dfc25108abecf58fbe9b19a2c310dd4e7d9d', '0xebadb88c49894cef07e0754dd32b817d7897391f6283db44299061d25a75529a', '0x01e5c7cf3dc9c7c276b0578318f43f60ae2cd86548211a9dded065aa2892b0a2', '0x60a7a47310758a31d6395207663860cc5ddcef86d00cd2e6dc9c1c771318ddbd', '0x546d2f1bc79d604ea7cd6e1b79baa6bae11afd0f7c55357d7432e166745edd71', '0xd290068d73fbb3d180a35718a38e939bd9e75ad93046697efbeba71605998ca6', '0x5b969f660a1e5eff4c4df3735d2880e4723ea1352517db9590c1870d46e393ac', '0xc980111387aaf021ae8777b206f8644df0f3bb18dc313b9a0b9d4fdab34ed9e1', '0xcc702a61bdfdab60ce8d7cdc4640fc328bcee2bac5b96d0ca309a21734b516dd', '0xea857aaadc7844b2e10165b33b9750021668fea8b9c863a37a6412e7df0488ad', '0x49a296ab21b1e023222753d4a4e1f6c6a0d3205ac8fdb262791efa7de7b83582', '0xdfd7c75fc55d18ec429a84d376d4353ceff9950e08a2f596dca1324af0fbaeee', '0xc0b696e63a100ca0619d4cd5db0c5cec62b98b204873e3ce61ec7ccd10391b49', '0x56860132ec02ddc3d85f0abdb1a99f8b1dffaf9c0cd7e9ecd5b604f2e6847838', '0x183656430fd51f4b6a1678cc94f81721245f52f86eadfb2afbfec0a540db82ef', '0x3cf3349259ac502f9ce5d4d761690e7fe2c0646bd4b923d09ec4fcbdfcfdde50', '0xae7dcfdfbe2b82645dc1abc11e6574ad3659b9a645b8b7c67a09a1efc33ef765', '0x83c2e4bd162121d148e3c9fd30ee0ee913c0d6d0567dc8b2faa24189fe90d764', '0xebb0b9941b01c260d79e0a4929af8b9378602c0b3aa65bb87a1b777d387e6536', '0xe910f54ca0e1124fe409dc658bacde13b55e8a4c18043a53ebf546a66eaa2328', '0xa4b26aeb9062fd65fa22b34d76f6a632c7d7f2ab7be617aa7cc55787a3148cf5', '0x96cbc8783b2ee5f42bd9314c2192bebd9b5a019b1a627ff25f863ba513fba9c5', '0xd4a41762b35db9131c7a8f4e4249f0973ade1668c1206e931c8aa581be37d4ad', '0x0f2afd280534314e5d84327d8b7fa3a8ae8e7e02eefcdd8f35c54f285cb1cad8', '0xa4e8d66d9eece6499e3f5005e1e3c14291d130e3c223233fc0fdb3f898b61deb', '0x48b617edb037ff9feaf67b6ead0edc00c903ebf666166d23c2bd47eb48dcb083', '0x4ab26b523fa54424a21b8c3732e6e3e7ded949de7555d24d09e936c21facef91', '0x482250cffdd2e5d71ebfbf0db447aa6d41d19c4d8c534b41f4b547963c0de727', '0x50ae7f85ef057b1ad09a303d763963e267c08dfb8612ae81486f9fa93ff44b21', '0xb50cf7ddd8737833d970e02c8425f0fb1c57041c24fc4c2d34f3213a29079e6d', '0x5507d7a57b50e27b4b58ca4834ac24f623dd3d51801dbc42e4be9698f348780a', '0xad6eea12521573ad39911eae4611d4787125edff0861e2abeee7213109776ada', '0x14e840aa135aad9eb583378db36faaf6f5b746805f10f2c6b78dd4e5604703e2', '0xb50c1b94ec002f142fe37c758bab48abb4aa00f5189a23ab39b266f7df110bc1', '0xd782e089b1cdfaeadadc79314fdfa7c34548b077ddcef271d424de887b577103', '0x0bbf134c8db645e07d7fa8cf5a6d8b71e8ed48b62d804aa4c1da2f66f77858e0', '0xe01ffc593b2ce2a727e7f86e2c781dbc4e4d3ef971d47ef24fc001379c79dc45', '0x22663f8be0e6e17af17e4a78b9a59f62a90e9b3361708775f5f627a243760691', '0xcd942c88c7697f826c48f043faf92cdf133fe76c6b0ca465dbc26212ae3f30db', '0x35ea7f84d144042ebe38a7a87663e05edcea7a364b1aaa7a4bda973ce5b05b79', '0xf2b60bb28b43abbb3a4922dad3ebda500d33eee426b2780959395b41232885aa', '0x205d8fa780bd61a43747012290a27cecf5e64716fd9ed58e65a04c7f3966c188', '0xed45391ac21b64c2b63c869fb89d90a9e7f235afbcff80bf4cafef1abb54ccb4', '0x71df9bba1714e7c99333165afd8297b3ff3b248958f678feebe53b0a845ea0ea'], 'transactionsRoot': '0xf0afc082255d96848a4fb192e6b4554d942c597c2c4225a1a6aec234c4f6bc59', 'uncles': []}} (async_rpc.py:86)
2022-11-28 18:11:29 [   DEBUG] Getting response HTTP. URI: https://responsive-convincing-aura.bsc.discover.quiknode.pro/3e7f242edcfec9ca1a36ef544cee66362af95baa, Method: eth_getBlockByNumber, Response: {'jsonrpc': '2.0', 'id': 17, 'result': {'difficulty': '0x2', 'extraData': '0xd883010110846765746888676f312e31392e31856c696e757800000040fc9c67e30141d71c4577c577380ecccd577e167fefaf05d4fd06c3bdb3297ae705ccd40bad42d4fbd649ea521a4a99da65c60b1845222786c3655dc3d48192486bab6300', 'gasLimit': '0x71fb516', 'gasUsed': '0x10c94da', 'hash': '0x7b522103535d7b34343342e704549d2ed7ba505ff80bda872aab68bf2db708b1', 'logsBloom': '0x28e29b188f417e1410cca04fe572ccaba7883e7f4ef5dd1d6aff726e6c141d4e1ed1bee7cc44f28b2feb725c2d55057ffa3705fed59a57dae3b89bdaf164a0fe84b0ee19bb81c45de346490d6c3509b8f3bd142ed7d63806ee9f70d5f4594ddd121697be0a675b9bbb7d3741bc985abb0872f2f9e24ce5462e27b2b2f7f71ec216b7e1904a9b9acb81dd1f369d80d8fa027f1dddf36750482b4588f962d5982f130198dcd9f05d4a6cf7aacc8f2fb5eb98e3f229d3da69228279266a65d8f43cf9076d4b4802a9371bd0c23796f75286bbd26e400bc94157e103303b1252ea003ef8e92195f763306d60d7ced59898626317ad0dc9fa0cf1d0e04a3c03ec05cb', 'miner': '0xef0274e31810c9df02f98fafde0f841f4e66a1cd', 'mixHash': '0x0000000000000000000000000000000000000000000000000000000000000000', 'nonce': '0x0000000000000000', 'number': '0x1655c71', 'parentHash': '0xb1e4f6dc597b44546470be28e3c491b2465107c58ce20c2bf401fac1601b5a55', 'receiptsRoot': '0xd98b167cbfb776201ec2b1f11e4fae03aa726678ba19f0f0512a9d41fcefd1c2', 'sha3Uncles': '0x1dcc4de8dec75d7aab85b567b6ccd41ad312451b948a7413f0a142fd40d49347', 'size': '0x9471', 'stateRoot': '0xef9a6301e48ff5a87cd305e17c7ba06d251b4cf6e6d328a35df385dca3b7796a', 'timestamp': '0x63837e1d', 'totalDifficulty': '0x2c6721a', 'transactions': ['0x1281a9c2255a1b388d4f43db9ad00e96afe3a26b5029dd06756fe81763005e81', '0xd04b2e8b49d51a17eb4f1968130f0b36f15b51f32d819ff3d61ce22e963f98c0', '0xa402d85b7f18ba1258d10e9dfcb56516869d912412f1e90fb1a1241110fcf377', '0xe48d3a30264cb357119363a0dd07cbe07c4a60f56b875261c78d66bd007a3b6f', '0x1e30cac40a75f8709f93550abedf4ebeb619277e7017b2c453f7c9178e8673ea', '0x4405300671e3f8d67e47f2ee476643a670c5f587eefbd2a77024204ba5b19653', '0x5253f9f94c70b18978d91ccd6cc737fb2637249b670d8cea528aae4245252309', '0xf653d451494dd25a580a923f2adf79545aaed8198f28ea7b6699b13cad264156', '0xc1dcf7274a1e212ff03989a1db95c29f5f08d494005f5c00f92efbdf168a5680', '0xd2106a30bd179debedd8623a3498b0706fcde8419b69e4f8059a904f8f5edb21', '0xd22050310965a2569a81e3c970cfbeb67367247774f4a2b6b69186de35d8fd16', '0x05f27d45c05ca47ebbf4ac5637364048e8a179cb387080314491da0c4b8a90d3', '0x222468960ee7a2cfce93cc4d783b086f63a7a0c42fc7e47c399d22fd73a19140', '0xfc2e68e690184ccb9e17cda7243e5a233a5f96ef6789aba9e9f2b50b83f98642', '0x1086b9168946bfbe5d2c156423463d11ef5369367a355883d87996d5cb2e94e8', '0xe6e18e114e872dc4b466f36ab602ea0e5743bdc1185c663e4332f3326c04f3c8', '0x95b7fa0595d75a40fab39cbb3e5de3f13ab6d543815b155908a2a881d80f0d07', '0x7d9c31cde4fdbe5b88991e3c0ea6d40b0acea29e4d74f8bbce0cc2c6980d100c', '0x1e84b5cf51d3625561b62f96bbb673639c5878c43396d7c1450cf6fce4bb2c6f', '0xb9395c0c69c6d39457872d80dcee6cf727ae69b3d366d215344fe51ee0d4f649', '0xd4c3701370e06d138ba146b0fff86b57f0c52c1d70de1362ffa454345f92575d', '0x9a29c3b14870252a914e95553ebf9a510a929e9fddf351368727576f39d49217', '0x7ab07e0ff6d0baa6c959bbc5dd12f826fa2df410a8323d399ec07d112f3039d2', '0xa7c06588c4e4c5fe7b3abeb66dab6c53c16cbce5ed6fd32c0702947f31e0dfd6', '0xf9d236d52d28ca245852a340b9f989555951f90fd243aaadf22a9d9dfacb043c', '0xd886144fd4225f00c244a1f7d717fc945f348848b1055e43155f2b24af690e0b', '0x7b0b4699315843e1570f8288b99147524d3f25b661412ec330af0653f18e6ece', '0x6f62445d5ee18343d0f648c4aa900ac005b5f221e3d2f41ee52513e96648a677', '0x2796a11331b30b327887edc14255e5f7ec6720e0f369ba5298a24b08133f3f77', '0x076f70ceb6fd39bc51c337e9ef5ca4afe9398ed03d585d91d689cdea1a8d2e1a', '0x724b04e88521af8d73e31550aa753ff9c843a5ba244490ffcde23c55834b4027', '0xaf56eac9bf4482d921702d798854bb0fcc05be14dbace3eccc286149bc256a39', '0x6642d1d58b8aab0dd8a384b38d19acf299ba324b0677204103331c8fbe2a77d9', '0xdb8f2e5a07036ec10e04557cae7778ea10dba8c02640095446bef2f044b20e38', '0x369ca0d05bfb2d0f88500e3878381da19861b7e27148c521964df32387036918', '0x90da7c27ed4e88704a170fb65408e5dc200e8acbc44531b1d218639e920e65c1', '0x067744d27b1844359fcd5360a64d8150ce58e1d8214a87e9d4101214a3d2a1d7', '0x680b19965b60a098b98448fb383684bcd58088c683f0df36243c4a9ab82f9df0', '0x7a37f6a1203c4df92d5081cae8b55c37f9f805557a49a199dd72d4d2e40fc3a3', '0x7b788dc0abd8b020546683aece1783ba0f44ee344fbee245516d3081bb09b8de', '0xeaca9a9dc2db119510e8ff8eb350c80cd49e487a800259190c1f948fdc434da3', '0x6813bdf66674cb60b4562b31d1075c190cfd2aa649a8042cdb6a88868a1fc79a', '0x896e0f4857290fe3e8474db3c513fe8a9a28b53344b070fcf16150cf9528030d', '0x34f1dff1ab1f10e25c2dc7be6f35487eb1ee05244ffd59e323838173db23fb20', '0xe7253dee3fc9cff6b77fd9b4d8f4778f74d70e6ae5f58735953fffc50d9f89dc', '0x4627b7643eab6e869ba7e741d3aff81dad3fa153dd506ba5895234a092ef017a', '0xb6d971f53afbf3333cf9791412a64b729936c1f2ca597376ce0235e356483c26', '0x4446f85204e77237948979c4b2c553de7eac352a09c3f4dce8dc1846373e1e90', '0xa2bb61f9f4b30bdefac3fc9fda67130eaa2751e0e46cf917600e67d79853efc4', '0x7ee91042b193f970deeb0b4a0eba6955b00de067efecaabbbad4e80f901dfe02', '0xc776c66bbdd623cef68f93e955d4d21a14e1bfffc1562b07e9b5e1a66daa6941', '0x3cf4c1cf68f6f2cf79f69ad46c11410c98eb64b70edeada7e18418165e1f7229', '0x0da6accfeaf0bf064413502b9f42721391b94a4e7852a3804d2bd4c085bf3422', '0x1072e7879b9aa2bc4e0625bd8aa36fe58c2bae7d4e99cb955865af7f11cfcbc1', '0x62f4fd9aac643317461e709ce574cf53ea48654735a2f643369c415e80cc4467', '0xff20158083f0608bab7c1f59619c5a61682befb1e0a914752488d7629e235160', '0x0a4c237f352717920e68eb9906c5c2cf36f1ffaeb45dfeda880a52e4e6a90496', '0x2d9d2810a479254aa1a788b88d40d9a42de481941441f4ed4e58c3b7aa472cd4', '0x12b52498b20192b407689eff29e15561dbd607528359f439e830eeeff449deab', '0x48527b62057043277442d2590ec9c512273296b2677d8f1caa4b6cd86f9e8fca', '0x76244d918cf5f7730271d5332def3a0776ed62ce707d41f632338f8991d9bc80', '0x91438010607714ffb93baa8b4ba7dcc4ad16ea26cb08cea7b06e260bce83da81', '0x934b9bc50ca75bdb8e94941f1412569d640ead203e11ce45d3e5f484e8748f50', '0xa15d039aa77690098b229f964c48385009ded963640b576844440eef81b6dfe0', '0x3c7788e7f8b259b6d2a95f47963445e6e05d3d8a6ce4278c08a1d17c0c0448ff', '0xd63edda121577de3f791f6e687f0198bbbd0eb340412cebb40be26080f04af93', '0x52530e3ef7735f7e63f934c42d850e3b1fb3aae71de1e565f5cc8db262910aa1', '0x9e00451410e7b3551a9e16a32a780905c9c928126df92c3cbe63d1ba840c1afd', '0x41659389a313a60e988df90e929c67d5a17f200b0ca2ff7d644bd0328686ce3f', '0xacd063225e1811b05ffad2d5ccc21fcddd4330774d411c822a2a7df1ec4d2d20', '0x929d47117d01d83687f32b2c06472f57b1caa85fbbd00d4ac1e7a828a9abad2b', '0x101519879f8febf6cafe5ad20a0a78dca0dd68f2da7a7dda01d66a1c2539ef47', '0x294e8b60c3cda4e3564ec626bd7843169cbb49be8cc3410612c3e234f879b41e', '0x5adc7302a8f391785de9cb061f7c360f240cc56c9ad95131cd0e1ed5203495c5', '0x2b31e21129f33bac0685a56ed7d4ecd0466e7e9d98db0da7ea598fa33f0a16a8', '0xfe0a1fe0834d4b70fdc03490c5e14d6330c0d2450de0bef1cf2a97402e02ceb3', '0x851586a4219dcb1d11e1c99697aa1af126abeac195df7b79b9668972acebf76f', '0x6be9a7db94dfdf56a49252d034736a28978cb63472fcd84bc2c2bce95d21380b', '0x55710d32b18164d8b7fde3676387dcbc79ca38e50b373d4c52168d592eabfbe1', '0x7db514c117252a01363dd4f6fc32ced7ffbde8410467d6216ce47f210845e37f', '0x8f7a892fc95dd2e5097dc72723d575a974d1e35ac2f3c3d0d51d35281154d929', '0x7e310c6a79928d5ad44decd70bea47478ce082f2c5f411ae85b7f2d5017f2ac0', '0x02ca608e7194b677bdc6034044f29a4e16cca4f6110306a593dc9338b4b9cb23', '0xa67161c888a55bf9e9ff60ecda488f1e70514d8e025b6375a1bc2a50282ccb31', '0x1e2e85d8976820980d0ab118e46f75b131dac5ec6055fa2733f66ae6f6a4b68f', '0xe2f78acdb761acac5d45ef2f152ca5488d253e59d70ccda72cebfba52fb6f192', '0xc7610f331f3a32fa0cb51b6649ba186b82e390271e6dce3e6c602672658ce093', '0x747718922dd89a4c7a9a4947672190c32970283599120624eb624f2c1abd8b43', '0x496f269d88ed2aa70225b2a79b6a1429e8fd59e5f5b0f56b5c559ed72b28ded8', '0xafc0a64104716c8a9567437dbbc6968f53117cff74dbd539dea6476de3c3928d', '0xdefb88b325c8b94655ad1acb10bd2e133e62ed250d2201533b1973ea44117617', '0x164271886b198ffba5ee97ed15080196f624d4a74ed8153756f96d7594725e75', '0x84333b44336883be3fa1c14eed03d5c73c4dd9685fabf2c5e13a983750cc0d22', '0x5b452eea4047a503244d5ddd2afbfd8881332cc6c832681f511e8063b37ab5f3', '0x51636a7a8562c75a44780499a7e537fee866c7c7fb653de328198e92973eb7c9', '0x07ee8990f349269ea2393ebeb71937786f868841a09012eb6ddd975a90a4f3fb', '0x232c111e783a2b41770f240d974a9e773413d2b30509b954eb5cbb96cc9b562d', '0x1872e8c40c8375ea1fcecfa2934da7c9954488fea86295ca110f8c70e2fb99fc', '0x65f0434373c70e54ba1da7f2075cbcc3c0cf2dee4b8cafb3a2c13f05753643d2', '0xad6896286ad67970ff366302dff8ca1bd2bdc439bc038e6217d876e117c2135b', '0x292ec6c58621c97fd5b3ffde8473633e318527b1fed685225895aca12161437e', '0xf3099e5d929161f9a95c9aacde2c08f3e83b9e1a13290bef8a1aa1526f8caf43', '0xbe4d73e37ef10b8d02c4d713d9a1ae848ceea9aef8e79755775c8a4cb9697e93', '0xe9066c01087ddde80b7f148595a0fb6288a1acd02544f9dc43f41e02e4c8b621', '0x7af60f22a07c8e0afcbcd1c53c45cc068fae88f0c893092cf5de34246bbf1042', '0xee370707a8781297c585dc8afe7aa270aaa850bf491de6f363d1fd6baf70d871', '0xc3017ebcecea7f88d90ddc33576b8c1fa0578a717e544537b71f56f1abdc36a6', '0x806aab5b83faa5e8d8eb8141391dd71c4ef523f68d438ec783f51fc5266d57ba', '0xfebb274812b5eb7c182c9132b3a470b38f947f45a001ec8deb5d4f42ec26f980', '0x0f8fac2747629dd7824806ffae6be3d9fe26c705971fe1c2ba2e5bbb33ce3c6f', '0x3596143b5db1b7ae51bf1bf6e9082790cac0f23a678533313a06f5b2b5dce1ac', '0xa562f9798b61aee0ee252a495a650e442d8e01980186968e8799eb89910ae361', '0x565b087e1cf4628a1daf373f7ae8940406b94adcdb6efd0668e7e077490d4305', '0x79b254375f92bb6d5bcd7a5bf2c324743ec0d07edaf446d21114b67a38b6b0c6', '0xbe91e34829dbb0bd3ec029f3e858bdb39b1423e290a2d1f62285abdb8bcdac60', '0x25335365e4ec0d83e966d3668de7945ace6809fbf9b0d0e3055f0afb47f253ec', '0x404cdaeef54cd567e293649bc4af27e3278e8fcbec2e2d7e259d655154add351', '0x9d744de26d78217ffcd744afd08726a4220192e5e77740e576c74411e09357e8', '0x1718b2efd90d3efdc4273f9f695d9796e41ebb6eef27f30cb23858a34bfb5c18', '0xcd24a8e86aa259126d2043be32548d7fc5a87a07006436890883f9a57e1eb502', '0x854af23ac8ed5e4fd254c370c9f7663ed93e3dcd10ff79bce39d8cf4d16dffb1', '0xa21c98277c04a7c0c9afd2c8c4cae43ef64f5f18ea929b67b73b580d829aa9b4', '0xb415a3247761dc0ec8645678c975fd9b81366dc3cede6fcea48325815a78fd41', '0x834ca1292e08d1c4dee7415b1565590b4693978e2f02c9914c2eb7e01068cbe8', '0x2c1e707fe576c15752a4516134a9ecbb06c663eeff482880e12bd869b68f772c', '0x88f0964e1c44d4cf222e4c17beee5b13c8375e144ebeb845caad42710b317de3', '0x1e8d7dca133a8ea37c3694edd0be64dffb7e1352e50d4ab1b2d3b7564249e329', '0x75f5012431f25bbc2bad54ce58d81a58b6ee1d5e4bf2ad6c9738bca0ab995d42', '0xec2aeef8a243aaeb676a9e21e9ae15016430fa7930d769bf82c52dba12c0797c', '0xe399cd0c6ce8aef287b575fb0f651f7a7641c27f0f49a80f747abbe7ecab1e98', '0xd0e0dbe975ea542f860a10dedcd36ab9c86ff6b54f2359cf32267fea1cdb416f', '0xca5efba05d25f2200bb507566e480cf124762b271f71e7a40870c275ca16edee', '0x4d8f2bdd53fdc8154b6c4d7455f47b03f26d0142c5b6d2d695fb3d11331df8e8', '0x2a660c1e24b8ae6bb7aba333814563f9c9b36edd15a36c9a40b66bf2a69f468d', '0xdbd8b8b9858b3a458a3a590e86f4b8fc91656d840dc76df7f39f0df1c57c9296', '0x67c47a83dc3ee0ad585c0222ed0a7abf9e0a6b5d88a7c10f3c0e5f855bfe56ba', '0xd2c87a8ff29d5cada6520a7e4c69b49c740f5455e24aaa2377b4efc01f594aa7', '0x7f0674d55dcd5864f37f16b8d48168f77f13e568754b17683a79aba220d57432', '0x59fb8de5fbab2f378bd2d17f5f8cbf7fe54529211f4d3eedbf346f5834314dd8', '0xbcc0ec96d7a60214d9c050c697924258d0c5b09a1f9843205de2b955c234e4bf', '0xb1968d7a2a2f4eaca94ca4a100bc684039d913da32a2ddd489711deda3c5bae0', '0x263d028e5afb7f98d82b036d7e120a14c7d17abdc6d4d680bf8e525f401c1ce9', '0x22742458c2c715745d317d3bf32553b6d4b500c73e56bdb416a33496b27d3f8a', '0xdab58454280615c83b1a21a11d7f4289eac133dc6dfa600fd35f5dc2c68ee525', '0xa0ec2ed26ca43c41afe197526de8466146477b47fc99a905757ad175a479cfff', '0x263bfae79c1725c155aa689a264dae1eb467bd60e281142b81c1d2449e0b9777', '0xcf52636731d67fc2ec42999b904e4798eb2c48a415d1bea92613579729d76416', '0x07beb65f3cfa31ef9f84737d35a8cec97732fd63ec58c82167606fbd78377798', '0xe0f9faa8b5da86b210022cb49134dc069208d842688e2b149ff30ba238b22f2d', '0x7d881ca506a7e984ba19faab5c7483483fbaad658445906456014d01a2328b7b', '0xf106e88ff54baeb01144bb47ebfad8259904e75345410eeaee7c990f96831483', '0xc4ddb89cd66f5b0bcce83767a849d01c2a4b127d3f2d176cd4ea4ff1e711c98c', '0xfbb5082ff2ef0374dd3debb9e0f2617d79317bc4119ac9a7709e702b94db3b01', '0xb7b2fc77784e328c6675030b78b506fa343d92529e1dbb9c0475dad94ee7a528', '0x2e3e58d62a6a1e9dda6e44fac3e5e23d9a7e3cbf605f2eeff942225cd52723a1', '0xb42d4f525ae5cd275687bb818b9559a2af298335e8299230145f8288ff880682', '0x473932ea816c78feb2af4686a3b98406c4ac5dc5301c45537e94f88f88d5844c', '0x74f2fbf91d10f9d77306f9bf4d1faa26b48866cbdbb4ef9116720c7859b4a16c', '0x94c1d4ac2a97ee85b972291db8eea1cbf98c4f460cbdaf5e00d545ae92866f24', '0xb5079ddb81ba301e7eafa3a13beb8b686b59fbf9bdfd17bcd9d13e69e24658ab', '0x1d2f0fbd7d082d8b6f69d1eaf73cce0fdb9fe432060df871e4656e1cde37b4e9', '0xb5334eecf842492dbbd670c4b0253820aaa3041b4db9d085d79b64bb78bf4c26', '0x9fab095339ce9495f5676105baeb1a6502c5a45e5c81798620569124759c8e54', '0x1308b66059395b3550ce49978caff3e6d2174ade711620efcd98ffccde975d43', '0xb834636548fcd0c70d8fd97d86b09871b54b49f8ec11c67085d2d6339b192e58'], 'transactionsRoot': '0x90bf2033cbc16abadb511f71d139bb1b52c7f924aa50f0946f043505719e56c1', 'uncles': []}} (async_rpc.py:86)
2022-11-28 18:11:29 [   DEBUG] Getting response HTTP. URI: https://responsive-convincing-aura.bsc.discover.quiknode.pro/3e7f242edcfec9ca1a36ef544cee66362af95baa, Method: eth_getBlockByNumber, Response: {'jsonrpc': '2.0', 'id': 11, 'result': {'difficulty': '0x1', 'extraData': '0xd983010111846765746889676f312e31372e3133856c696e7578000040fc9c67a1ea898ea952eb8f0e9fdb831cf6e833c6f481bbb02a7d8a9f843e81af7dc17f2e23bfc67c2e3b63bd904106d10340bcf75f2799189ca4b31f99e2f9daf0973d01', 'gasLimit': '0x71fca74', 'gasUsed': '0xe27efd', 'hash': '0xc52be271950c34489c90be6a9be1d022f47da1bda3436d5fdf7d1766257a5020', 'logsBloom': '0x8c245a1d29888018cb0de0ebf6944b65a08fa26fb0bb96ba62bbabe83413f83747a09a714ce6d788e2b138e644068c4ae977e59c40fd2233d50c0216b42036898459df0822c0c536e52bcde900d11d2b60191d19065a3e3bbd27e1d3b84fb5060a020a2d8f4ee6690a876055882aab75786018d50f5badbd0f39ea758ffb0dc9d4dd65aa25ade84d8d9be82690880b80ef364c7519520308b70f03c12a24dc62935182157d39a5e63dbce0dd6f5bdc9ac556dcd6398035690745bcb7b2db1138628b333641838b3630d74051901236de3d862b448749d29641656e6e4b36e8217870761a1f3578307b0740f954900a875bb7271ecbf1fc4a1092533cdb3c1cba', 'miner': '0x2465176c461afb316ebc773c61faee85a6515daa', 'mixHash': '0x0000000000000000000000000000000000000000000000000000000000000000', 'nonce': '0x0000000000000000', 'number': '0x1655c6b', 'parentHash': '0xd0168e789e458a67277dcaa4db5359f9cc1d1faf3b1b84f26ef6507934b671e0', 'receiptsRoot': '0x56aefa1a2650e7997227392752a6e7b34099e41a78170ccbbf3c843618cd2448', 'sha3Uncles': '0x1dcc4de8dec75d7aab85b567b6ccd41ad312451b948a7413f0a142fd40d49347', 'size': '0x93f8', 'stateRoot': '0xe2f6146d15a9b072d17722bf16893f201de9f2eb4d5e1527c654cc6bdd9abc25', 'timestamp': '0x63837e0b', 'totalDifficulty': '0x2c6720e', 'transactions': ['0xc610c1300c02879e68e1672e9183ce5d7dc789df89308539dd4b8b92f54b0b63', '0x06e6a6f69b42a7953b615ca541dda63466232d0b4d7c07fc75fa0ba30a905b08', '0x3243d7fcc1a2653b42b990ad17af86cec8710a497cc17a66fc848796e1c1d95a', '0x37da670b9a0c5df285281c0c453c6dc79b11273c4428a1184dec2971a3cf1918', '0xb3d943a2d149684fcbcd2e432947edfe771ff252ee580e1405a852e4e27bc23e', '0xd66b3ba2671fa26b5d642a6d23ae532fb93d44322b1db412ea5d0b576a1c5a7f', '0x3b089c18613e536d2881d923d404262ba001405715779722ab29b4a7f3263b60', '0x1d4d75cac0f7d2a51cd7a7f5604ed90de0c5e182be777d82997352d2ca608cc4', '0x6c7cfcbff8e766f80aef78251ead576b0cf9c6a4a6a36f43f9ebd47b62ed99a9', '0xd1b877900932570a52738da29572b62ae79ad9cab03a2e26473d995dff789bb3', '0x24642b4fff62f67919c872df685f7150d0f90fe9952fb484d7b7e0f4884375ba', '0x34c58959b2a31ece2c1d643d4c34e9a044fcca3a1d852cd4f9f5ab336bb4e881', '0x7b3a4d87799fdc99bbe051992fa8a8cb9d2983cddbbb8670ea80ef6f89daf9b0', '0xda580031519d8de436a9a06c5903b15690b8a38189aa3038de1e1d5ecaa52bab', '0x6cfd85181aa5503c202ed0e39f612e1c8df1d54e7b72b3fecd7cd2b2f3b06344', '0x8db8587bf865c54b2084297434edde58721dc7b9200dc80b257bbe662fc8acd9', '0xe30c9eb4b33283d7a2399e23990e4655e5be3f70ce588b543337199dd6051a45', '0x1c7cfc3ee620ebfa57cf25faed05a7f2c5f0aa5a5557c02b331a89ef10200643', '0xe1bf4a83a876773e0c8b552a68aee723aff39c7777fd7509f9239d9fe0bdec28', '0x4e4ae28cf2577d79c25351d097fd82b80c4949e58e05d66c50586384b1a3f684', '0xd1d071e9f747ba064c9da48b7a67287acd67b07f131be358938c721981dcfeef', '0x6cb5a76096b1138099d65fcb6ddb5fa51e35e56bffad5b02821aaa4b881c1c87', '0x5afb1e7f407804bfa47d2c6955a1d82a684616c7f736c6f18f09434c07ba6b96', '0xc83359da0c947a6ab4bc829257472c0b0b27d4d233b7499a055c4c0361924645', '0x5195a2a3a884aa4506b07cd88e524cd923f393ed207b643b5cf25707088f0c45', '0xe8222017396ac8863f3edca14c1d92322154d549c9dd09bab06c9a2a845435a9', '0x1760a3f05565e831dcedef1557a72a01fe825e7d751c6c08f82b960f5bb34208', '0xc95802ceaffe3ae381020a2aa4a237923d8fce4b09814080c1d59d7784d8cb84', '0xfc0a8ae01fe87a34fe2a25d31bb41f6afc3f900d79bc1ed09f934e15cef7e816', '0x547daf50711472240ba836d3f97b207b73073ab6e57b7713c9dd40cdba4b26b3', '0x7b47fa0d825f88a07c51ce75f9e91d41ef0c815e5c03c1e8099f2c8a722cff77', '0x8f973a28415fc0f81f628f09dedf7563ffe87634a635aa8f5971dc4591abcf9e', '0x92693aa55bebaee15ecf1297af53447645b3c1dab38485274d8b7c331a2a215b', '0xb06ea41246bb16c2de2b643bfbce462c0bdea70b39ee7945e444f5a3ee03c089', '0x525aa96d2aaa3adfe5ae032d4df339518d42acae0a3e4e67ff133e4bda917373', '0x59acc7c49648a96f4ee326a1eb64fe36703c29eb26e4236a7f3c1cccc7ed2347', '0xd6fa8e2d4f01f2d6edad1b4efb6a60e2aff1465d450f776d6ea66bcb31bb45b6', '0xfdd8b02fc1f010212654b43fb6404d0d9b42f9283747d68198aeb24ef2570468', '0xd82a126eca7978efbbbb16c4de55a06dbbc43789619c0d5043688739d4a704ec', '0xed3b9fb80c8d35d8c220221044b99e8098a2639bfdaaf16f873230bbb706bd68', '0xade6d2462f244cbd94ef0f1f5a9dddb536e3ce825cef6f8c3d9ec201317ab726', '0x95d85948820b3d6c0fee1458d8ae14bf37cc80c37dc8dabce412f739bf4f0cf7', '0x63cbb350234d2f36a3aa7967a1232d3f6380cecbd61fe5a7468d048904b80561', '0x9ccbcc8f9cb8d5f8968da8a3d1edd80675a209d77b7a23815db0e66d7db1d7f1', '0xc47431f5dba7e40d3502a1b05c92dab74d62ada2e0a70c254f4933abcd48fb2e', '0x299c82ed23bd4b6af6975c935acd8cd5bc2a0e7b3676e119a6ccf4d27fe8147d', '0x3207e8599f1cefef127ffc45a77b538c41910e6514094edd1a6add5e52b8b340', '0x69496b39f926ba0758bf68f4b3a1c3e8d224c4e6aa9be611b3b17acbdf5bead6', '0xc97735d44f7af696a19ec9ed498339c5d7adff6b76ed827d863c6738be9a2a0e', '0x035bb60f552d37bc6be8950b3286bf05fb5d27cc73e354e64f10fc049ca543c4', '0x18969b2c725cd73b06bc8f09bfea2b0f8a3e37af2b3cc75797b4ee9b55b60b1e', '0xef3d43f46bd0ebe40d13701be12559c9ecfcd30fbdca605345e8e067dfb23fe2', '0xef05c8a2a009c124ffa1ee21828b3d1ea881a87431015cc076834eeb660828a4', '0xf3dec24a9b144e16712ceb6b3006548eb80a849afbb3d22cddd7b0492099bf40', '0x577157ab84f9373be0c85c9307753ed9d350b3ef2972295f2da70bebb4dd8271', '0x0e7e83a077d0db15daf07c56716a329f16828c4532c55d79065e26843828b2e0', '0xe3578d749ef1079217fe318499cd54d828c476a3cbf0c37eac280ea4464e104d', '0x8dd1f55eaec67467c449144222f37ce0e18adc8573f98286484e74a941214197', '0x2e5ef93e682138997844800bd8f2ce4ae90f24862fb95b4fd2a1ddb6d923a0da', '0x74a304532497d9bc867a9aee48cedb3ea51e25e30c00b700bdb12848083927cf', '0x5e4d35921516cad4ae808da9487729b590dc8c387b2efb071661377e99a6ef51', '0x79efd871c3864de115d146b99f1d66171c55ff0dcfd67ebae5e4e552d4b32136', '0xca666cbe6f8f804eb8b67fc996c16f0cab5e8842e0101f5a27c99b992e60200f', '0xa9c6e8f10776ed3492a056cff87c1694f6c49641fe18b452a293bf72c6248abc', '0x396c3dd0ae807b7ccd8876d7afc0ebe65cd087c2deea6f5ae5259ce9bca9b36c', '0x827aea93e52ceed8f5e9be7e990458a7d6863ba2f826ba3294ca7a8f1bc483d6', '0xcc6fd55e0cb558503404a436e8bba3eab2a471a68e4313ddcd66874fdb9431ff', '0x0936896a54a4b5ab1092cc92a9e83214132d295353554c8714616b7bdd11e0c9', '0x6dfc1a1197f672126879264e4a9772950def7eb4d5cbd6b549a26b1ecfbdd37d', '0x2ea9cea51428c985a979878ad6f2548861bb9666faa06a7d5918549c1d9b332d', '0xc84c2bf0e5e37e5aef6366c8f0702cd6dbb4a4ed0ff77ce5a80206e83f6ab2d5', '0xe18ee3a98b59c5965aac7b2f4a9f18fc928e2fcc73701f2ce7d56f857f8e0e82', '0xf27bfbc86da46ff53d02c9146c48d3b8b062ff73b6d815bd6b74937cbf8b86ad', '0x415b7f7bc28fedaf0605011447b37ee525a29043116029c8efd58e84739de97d', '0x797b9a17cede5bbd6d740c09564a9a56825e8f30a59e30c4519e9ab9017adb82', '0x00ef2372f014fd1fdc959a2c62e38e31c468e93c8b91e93eb8f3f664f4cc9dbc', '0xe9918d6d7e13130975cfc0a4a32ea15c762c4c0f05b48e3652b958db8282eb58', '0x77c45626ac422740449cb26d0bb03328b88b30d2eda4035db5b4175539e81435', '0x7a11f1fef589ad9621731ddd8e26fc6cd1f41b0db3b9e8675d41c74baad1eb0d', '0xfd06f8c7a39984dade762ebc582eb554c453a71938b8b6ce83156b96318bf33a', '0xb4359932c3995b9df4fd8b1461e376dda11338ad176193aab1b450453305b191', '0xcc108e0448f61806c30dd86735b35aebe959b9f82f2d406bc8c55abd80182942', '0xd795e8d8a174c3b2a21d5142e2ca6020b800406ac88ff2e8d47166958d212bfa', '0xa5b712d84b92a7907d0ebf92206c0d6278d23de3c3a0924c572c93923cdb9cb3', '0x4e9f19dee411d9d50dec1582090b4c0f1935fb4f6fb33de0dcfba47dbe97affd', '0x1635b4e6597976c4f11a716dd5ac633d472f422e5baac22f401e13d5f1d2049e', '0xd16e6977e6984fc3594aeb35f71d37a1f440555a4bc7afca6063406dff7728ef', '0x39a9723c1ca9c0409c523f3bc41cffbbc992454434932b7f6d963f3ef11cbe44', '0xe088180fc848407b2b9e54a442428e351ab1b6939309f281bc6b66067ba9d83a', '0xd620d21903986e2c96396601257a0c45e5d82919fec7c2905517ffd36198b0f5', '0x9465e8ec1a9baf052fa0debfc9985e5af5ae302c1f6163b017f2021011603796', '0xf41cb679e3fc96ee7716dd12c397e1306f25c58ba9f4d8d60d096dcb0b5b1ae6', '0xcc1f973170c785010377c9db1c92c3cf42506150f78f9e955f2aead1b8ff3a15', '0x8875ca7765bfd478a24c82bfdf0fd3a966ef2905a84e9c8c9997b42a94bcb21c', '0x4bff58267b4fe85f2cc4057c5025b2964a3e1ce2a4c6c7e6d8020c409b269357', '0xd18703f0cbe748eae201296ff634ffbecfb37cf3cabbf260c8279f33bf49c434', '0x85a832eb96ab3168871ac740e4f4aebade915695ecd30753bb74aa02690cce67', '0x3bbcb9e1ec390ee5f272934193984d37c155a0d3c6c9c227d42236f7fc6c0c66', '0xd87d520827ebb7750b0f041f87f0acb4c134c4d56d978c83b9a25af10d5c27c2', '0xdda67483bf912211cc737eba9c8de811441ce8f2bdf386c9fa4eced874fc14c2', '0x30961489f1f02b8aa81440299b4464777fabd15191e46b2c8fbf7772010f6214', '0x88cd14239d5e76f55523c75e826dca6ddfb40bc3f9a5ef898f5ec0869e070ead', '0xfde93fcfc8b8a544328a18bccee5b86b5228e4f61ad8ff6cc39b664528c45e4c', '0x2342ffe7b5d1452bd2ec0e440e8b1ed667aab44dce17e93025ee5537505e5f4c', '0x5fc95de61b5e16a171e5ece47a3789e9004835de842682cdea83e121af122741', '0xf38f2cd07d63e2137d6898ed28b116a928d1be1333055dafe1f0b1659d789b46', '0xe37b87772708934dada87f9304538b57705bac8c749eb40401b892005bec8819', '0xafcecbc0b0bd9a7a4b2782571962c02ab1ea0352b8053f9aa2e06c22bb642d87', '0xb918e279182f18e5443239fa35015a8d9b566d13b6e488337f559fe92cc8b8d9', '0x2f36fc440bec824768d96a3029f301bc6180e5505050eddcf97775d7fc8ea60d', '0x8d8579b0db426efa98187adf6b9abd97936ad28691af5a0e4ebd53f4978b958b', '0xbbc2674d2ecb27cbc934453185fada061047051ef83e8ab7e06b40b11d7d0724', '0xc577d807d2858c71d5cfd1c8ac849b4777efa97464a135012a9fa086c5e1f626', '0x9e87a7ddc2cd8e84a4ba1f8dea8cbb0253858567e499899b50fac50515e3894e', '0xe41da9c150117370e727c492013574bdce43e39da3c2474691bdba8899d24964', '0xc5c0764bf12a46bb2390e9c58419caccfe969a0781b6b934b16a134101e0e5f6', '0x80e574a71bb9f2868c7121e1e07ed913b6500b144cf29b7be7b4f3fcb4c212dc', '0x227979c86c1f28eaf3d0b503160e97ae01d4b132766cc033967ba300210dbe94', '0xf0ea1577c775fe815667c47c2380102afc070adf90d938fe0d1ac26b21326362', '0xc30284fa1aa83f7d8e503acc24d7d123b2e1d35d7aa680ddf1af301c04b588ef', '0xee1fe409aa79f0ed423d56e82720f8c8f9f98d73fa1978caf5b2c0b358b7c178', '0x8ce3fa0d6d3ff6866ba5009176b01afc528f0842e8d3f41bc936d40322ede5ef', '0xce94c3d50cd033fc240b33e9658ad26db87f94d77d23c425d71afbe021ed3028', '0xbfd5c7cbee0d34e4ea77bc969a93165312d504f8dd802e09a7e6267f777c257b', '0xae4be339c8aa03ab0e938a403d5e9eaf27a1c64e3cdff146f325bdca938d4099', '0xdbb063303558aa6d9e78a702a9fc7c1e78e40ac021d83581a23a4164347b7b8e', '0x9e48c897694e6bfac9df8bd74c171ae80178f8d64d1d3d85f78b8260b85ce1ed', '0xb8d867a8e9920b728bdc1334682b39d56b0bdb81b1a75604410e08a1458aa590', '0xc33268a64b1547ab09289af2d1149a2135a29dfc5ca64964179e236ce98c47b2', '0xedf08d7a408968c49a98784af79a07da481f4bb33973389320b7b3dec2e1c2bd', '0x2e4590f01cc17a8ac21b7e5be090cd184762898a90aa62754376944dfb0eb569', '0x9475712b4a192318775415e17f63716b57f5cb534ccebd4bc28ea40d7e98110a', '0x26b2fb4b0d69cf4ff0387591b7720dabd0673b023b035fda9170e9eb796ccebc', '0xfc24f70b24fc34702de32c590561f24c9ca28bd302a4bf564ac97f6ba64b1df6', '0x42af827e401a37042850920e0612e4cfa512b9c3c3ab629bdb1a40d630cd2c90', '0xd8ea830086b109fb057e76c0b7c5bdc505ff1a1cc6465a7d60e911b8373562c5', '0x549aadeb3ef51dc7ffdd9a5566f643e1f57a62f0a0c0573f8b29914039bad5d4', '0xbb6110cd911dfbd16faee19c7598cd16475e89def2575bd889257b24777c53a1', '0x2a4138a8a8e55a03c5b533f5af6fed5e50e04a4c190874ac6106fe90efc71efa', '0x82043f406632ff68ea953f87b57de1a629ea227fc65e19969c0e26aee3ad2073', '0xb6ff268f3e511eab1c211ff55a373667f7aa5ee2e06c7bda5d4b42ba65029e54', '0x0d1efb43f0254ca5bc839c56a58f673cadb5e113fc8b555f14e7aedc916f62ba', '0x1037d226a6cdae2ee073fdf1a1b0f47d2be1118435a240764a6cf4e19c24e88c', '0xb296ec431dc3e77122f124188b6417ed669aef0ad8055f7eb1cf00c7973efe7b', '0xb60593f81643a64ab555f3450243f6e078130026870ef665eac1ff65f5e3b81d', '0xad1d6a8e0a192c9d34e35e7a516e6c7b30c212580c97d13b6ca859d1f87bc7f9', '0x564a821aa32bd89820521bd1adef2385b6b329e96e76edb8c49d7f1be00e5a3f', '0x3c9fba7a4d6d604e09c7511ad0bd825a5cf239a1880e6b60192f47c7ecfd13bd', '0x982117f87f7b5f84c815d8662862d1b4cb9cb160aed112551ed1aada2050d9fa', '0x8d7de3355010db2891e81a840dc2dec43f9edfe868c61444bc21afaef1a1b93d', '0xf0bbda7460bfbd563750e9ec32cd3d252c6fc7ede434772183166b2eeaea3246', '0xf83ccfae19af01a59c22800e3fc398242e68db28942bfcaeab038ba8c2fc62b1', '0x9294013bd8bc59b3f65e469f0a4853aa1b4aaa6fb171535a074758dbb46a7ee7', '0x9a965e8fb9fd9b41764882766015deed2ba090914537bec233175f0b3a21342a', '0x548cacab79ef829a26f77b199f398219713c7008d0ca0c6cc9a6351e52281171', '0xa086d9b6558b42bc6ed1d14346848fb01b4e36339be1b28391177942e056e16c', '0x550982cb87cf92213f88d30fd946f262337346a360fbbaa416e27ca4129da376', '0x453c17a21121972d68cadce306f5b614b0d4b5457dc90260ce1f91df31927fd2', '0x221a3ccf9957bf70a376e0d534938593e63701913206300d39fad8944befd6a6', '0x5795abe57473b0de2e67304220e196fbde6f358b4ce1b9b460f7a5b593a534bc', '0xeff8a16be9a7f9e169976bc972de687515c56d9f6454eee82ab4f244828467f5', '0x2b7906cf38d7513528869328650fcccd093af586c56bf97aa296f1dcc0aa3b50', '0x371d1821f572846b2aea6cfda36c846cdcff95cbdc7053f00d017f307d24f9d8', '0xe00799081e7431d3dff57e20b30895f0d4183e2b4179ee99d3563e4d3e320ad9', '0xe10ba2347be15e26d77b271bd17816f5483fb7ba25855ad2f424f7b9f541ac47', '0x544302625cea26ea22331acc2d954f34cd73b909f20264ddfda82e9552edca65', '0x684ebd1c46cc68eba7106309bab119e3a3b47fad87dfbbdeaa51e8225a36ec86', '0xe72874af803288069dba7b92b9837ac2e7e6c21ecf8d8664f8fb2fa7f125f6ed', '0xb3c63da403d01175510597a7413cc47d9c2260359a7ec53db15646ff7e49fc30', '0x29c9ec15c93c9631da089ab55f4fc7c8f0fdcff77fb15259fe08ae046724664f', '0x96cdf9c716a5070881f1773ab16e38480ec337ce961133983fa1245bf93e53ea', '0xfcb9d4a8585364b48a990ea3f212a5760af69c936a9280ae614d9a271f9c1d16', '0x2476c76ed6b75f929a5fffe24a041dba779bbec85ceee7dc371bc3ca5f65a2ad', '0xa8ed9f1952256a3fb864297f56ac170d9a425c526204a77f7e76c066b675eaad', '0xae95f1aff5fb469edb8b27f324bc9ce0f94f73c253148ae69f4b6cdfc890ef23', '0x6fb39912d4028e638f162bf02b0cac2afd6cdb63578bfe1780a40b097b76e623', '0x96103b1621bb89f436cc9346183fbda7ae962010c757965a9afd54b7904652ac', '0x0c27b9e8b4c3bd32602ff44089b291d159ec6cf587d99dfd6b65d000a6e814de', '0xed30871d81d824851f2be41e9fc66913d11f56ff1b95da4c08a9282ba5045153', '0x784645e21cd82bae07ab3189f9776539d543685446ef3dcd4e9ad4d84058fdff', '0xa9b2ef24fed06c5f3930f35e24796687e9c5b943e0a15f120c5375c325a0dab7', '0x2fb593b65d9070df334b7de839dd02eee28d7ad970076510601e4c7b866ff560', '0x3cf4459629749f4785872ecd3549b704b7090697e2a8371ffb27dd783eec4f34', '0x88b2a2ebb230ff58931ea1c6a793c108057e16836ec389bcd7fb357cd04996a7', '0x3f49d1d558e4b6b31bc13ccc8c98289b8dc51a3d3cc408e1611c959c60dbfb67', '0xa9f7e9cd0bc3afc5feee1a52069393bf28960b4e1cdb05df331d3a7fadc74bc1'], 'transactionsRoot': '0x3e3fa0487051abc1e3f479a913c1c56fe4d0eeaa9f6e6bbec39e2e0e479815ee', 'uncles': []}} (async_rpc.py:86)
2022-11-28 18:11:29 [   DEBUG] Getting response HTTP. URI: https://responsive-convincing-aura.bsc.discover.quiknode.pro/3e7f242edcfec9ca1a36ef544cee66362af95baa, Method: eth_getBlockByNumber, Response: {'jsonrpc': '2.0', 'id': 0, 'result': {'difficulty': '0x2', 'extraData': '0xd683010111846765746886676f312e3139856c696e7578000000000040fc9c670bac492386862ad3df4b666bc096b0505bb694da2465176c461afb316ebc773c61faee85a6515daa295e26495cef6f69dfa69911d9d8e4f3bbadb89b2d4c407bbe49438ed859fe965b140dcf1aab71a93f349bbafec1551819b8be1efea2fc46ca749aa161dd481a114a2e761c554b641742c973867899d3685b1ded8013785d6623cc18d214320b6bb6475970f657164e5b75689b64b7fd1fa275f334f28e1872b61c6014342d914470ec7ac2975be345796c2b7ae2f5b9e386cd1b50a4550696d957cb4900f03a8b6c8fd93d6f4cea42bbb345dbc6f0dfdb5bec739f8ccdafcc39f3c7d6ebf637c9151673cbc36b88a6f79b60359f141df90a0c745125b131caaffd12aacf6a8119f7e11623b5a43da638e91f669a130fcc8e6d00c17eb431350c6c50d8b8f05176b90b11ce2fd7544e0b2cc94692d4a704debef7bcb61328d1d6bf74282782b0b3eb1413c901d6ecf02e8e28ea0a6e3c511bbd10f4519ece37dc24887e11b55dee226379db83cffc681495730c11fdde79ba4c0cef0274e31810c9df02f98fafde0f841f4e66a1cdfe6e72b223f6d6cf4edc6bff92f30e84b8258249146969980e09b1d131c1cde872f9ff9ad8d79ec7ea402fa88f25361d07f8fef35da7d6903e6be4864ebca5108730f7c20f9e14a2000aa400723c5b432deed0c500', 'gasLimit': '0x7270e00', 'gasUsed': '0x115d2a7', 'hash': '0xd254c4e68cda82d9fdc7204d12284a7d36b58fa5463e0ffd56cd79549ac1b348', 'logsBloom': '0x7321a3f93d78fefe7ee4eafbf2f95bb16f653858f1269e695ddf07faf33b376a8108a7684e6ed3b79bb8abb2d3770f488137c7f085b9db527dccd476de36fa95c6e0eacf8dbfb9d1153f195caef56b7f651eba2fef6cfbaa9cac21109a736abdd6a19f276a2f6fa94adbfe49306ab9884883c7c1faca37b4bc77b87cbb8eeff13cf9f1e02607ffade4c9055afbf94aca1b7ee717310a88f9a7d8c3e98dbe5a2afbd581e34abbc351ee727995eefaccbfc7167ef14521b57a46547a475cd794482e002bd76b1a0ba32792e76d481bdad0a5bf75ea8f2d407996134daf8b02ebe7eefab6f9d56ffa48950f7215a7b112cd55e234585fc869d8fbb25574747d1bd7', 'miner': '0x295e26495cef6f69dfa69911d9d8e4f3bbadb89b', 'mixHash': '0x0000000000000000000000000000000000000000000000000000000000000000', 'nonce': '0x0000000000000000', 'number': '0x1655c60', 'parentHash': '0x646fa06e43ce97e320532c8a039c7c463a5125b68a2d154aed1031b6284612ae', 'receiptsRoot': '0x8365771a865bd0bd820b88898b22d7d829a41e6dbd0da81236d3e7b8ee9a7f36', 'sha3Uncles': '0x1dcc4de8dec75d7aab85b567b6ccd41ad312451b948a7413f0a142fd40d49347', 'size': '0xaadb', 'stateRoot': '0x5d6f5da616e56eb98ee33e251f42169d4ddc33df5f44d16c6e60db41c5a607b1', 'timestamp': '0x63837de8', 'totalDifficulty': '0x2c671f9', 'transactions': ['0x22c87eb218f7de01fae2f101d61d5cafc0d10d16166440b091e02efc3b5007d5', '0x41cdc204056587a9d13096af3b978dbdb0e04fa46207f80bac367efcbe89bcf4', '0xa3c758f14019d6ea3cb045d154a3bab6127bda12b54395b23c0332883119d3b0', '0xfa0647d5575fca936af9f20b6947c778bf42a41cb458b8cd304a3e7b8151a727', '0x51b52a7a80cf50eb958cb67868bda33d772acbabb0cc7d3c7fca99ef14a73517', '0x534d51949d293a315fd4d439c5e920332b5d71579c514916ba70354a9c23cdf5', '0x5fe184eecdc83d68322d9cfd2e7c3f77309fcf40705f8c2e5051581edf340d6e', '0x2871b918e61ea517cf7e9c4457fc162f5bb1e4a76a6b2be48d3f41d29a0661e6', '0x56d0058ec882cd0fcc300d9ae00bd739e195bdf51a8758e9e116c8e7d1a1914f', '0x46d9130132807ebfd6c60f6d7db0c1d038ca1947e2cc161dd8ff092fcfb3fbee', '0x17f0cb22da6f391f49f495ee045a031e534aae839cdc604327b8dd33b80404a3', '0x7eaccdc7d812b94790c62198f1a4ff54329eed0b85ffce8bd1dbd69b9893559f', '0x732b8bf09abc78104c624afbdeffd0da24b309927a456b6cdcb516de3ef747a7', '0x77c29e7967482ead94563d106b966fe3730fc9b354b37281a9b728f943bdfde9', '0x3ca8e554ef4e9e53ac7749d4599d3347a69ed74bb25ff9fc567236048cd8ea1d', '0x5abf49fdaeaebc24f17be7cd1d16fc52223b8bdacd4dd27e8ff440447737c8c1', '0x06efd168a2ee1a7efe2fcf29f5ba4145ad0ebb4073892b7e067509bf877b0389', '0x153f65f9cea8ac8b817a03705fb0b53fac7530910e748fd19aa00385aa973e0e', '0x6dcff74edaf87034f286cf21c8c7ef106794c9434230673783b7df8a2ee94b98', '0x27717f78d318fba095c83c956d2376a95aea5803a4d45d244d747b3e14b13882', '0x8789a9b220f8518a9f04bf9dd54a46776b694b8dbb91096820e7f56b74bc5ca6', '0xb9fbce33997b9ad53ae1380c94c777133c6f13e962fe37d38b1af965eae58f03', '0xcbcd422374f280fe3c419d018d4df88f8d660134964b9fac77536af602075de1', '0xf7ecee9b89958b1bb4d547fb619e9b8c4e3733669294accd1c85b8d1db4b573d', '0x947b329d6d4c75f9ca2d62ee29c2ce94db90b5477f86ffea730fcee87992760c', '0xffbaa1b65d907ecdef0f0e93d896ed8c076c8004a21b1dbcec7cf265011ff7d2', '0x26a5bafedd1d364251193ea1ef86359ec9d5a08e30966c2c78ae2f0ca8afc898', '0x3c1bc7ba2b12c48fc2c903528049b58683a1aedc2a45fd60c2229f56da079a4c', '0x0020c39324df92ce124ec734ea671d4106314eb598f5afb540e6e5a029bc4fd8', '0xdb4edd08f7e40814c4cecb2affc2ce31530a6ad89b4f191415f8564580f7f7bb', '0x97fe589687039526ba538f4e901e381e0c9eac50ad22f2b6cf27aac7ef18ab9c', '0x15d4a39310afde9ecf54bd7e294ff468cf8532853be8fe6b5a5d8bbe407a54ab', '0x8c32487f00456e2a3176d6ac6a611a6e919b7073eeca4b78c516cca75db257e5', '0xb0b8bc38db2c6cbdd60f58db0611a377823abd30ac7a05f3d30778def12c52c8', '0x5e4bab9a0d5f007af0836147c0da08d2cf1b1eaa503a996e113feabbfe826df5', '0x286e6a1e47d8298d1dd858b7921aa6f4bab8223d96c6da577f2323fcd06ff86a', '0x33bf78be7976e982c1216fb1446a1573c525d2792eb0f1d4736b19a0f36b7cb3', '0xacc356012f06e743972d3cad24a052b1dec727fcb737507aad59c8f1be6ed00c', '0xc02ef81af73f7644a178e34bf7d7748bf4a048510d204193818bd69cf2e55107', '0x98004c000150b581143f8cbf8c1974971b4dddd9060b968f7f329b50ecc6f9da', '0x536c5bb6fd6bb45d47362132cbc187266d17ad0264767fb5ba7dcedac56006e2', '0x73f95cd271b16f35d76dcce1953743d3be5f0a7de532221da2531d97449564eb', '0x7f17c05f9e80593ae0b024972c5f6ff4f5fbd75dd77cbe56bf4f392475ea37a1', '0x014ccff6e551f2bfcafb5aaae01076a7cfab802f4a856a224c7b90b74a428353', '0xdeaff829735c9f55c3266e2c004466de1438a5c4f33dfaea5904771174109954', '0xeb20a7ce1b6d213a39d4a41fe73754af265f22c2638329f3e8ef2ef67ff07e15', '0x18681d926d4a9b064f4abc450bb79a57bf8124e5c9bd328b72416d7b7e00ff96', '0xf0506f504c83d8c728dfcfd8b356c678e5a6d04045d198dba21c1e531eea228a', '0x251d426916137bb4895e0c8a5aac031a88c71ca9bbd0c2bc4ae4a23e577850f3', '0xa29a5b0fd7d6d612adf0de5846ec2f0b0bf3b69f86ec396b14f1c9903a122bc1', '0xe96a75cfd45817952bd80bbabce8cb7013abfe1be17784dca8faa1b3070242e0', '0x41acb0caa3d69f2d4b0ad22fa9c77fda13de7c403ec6541323fd4733efd816cc', '0xfdb0850f8bbb8dbefc64d7452db1efb0d819908b0c3d7b4ba93ad3af8bacf7ec', '0xb82bee716388ee729015a441485868aa7961873bd6095851de9807581350f07b', '0xdb0908b42a5fdbb046f23653221728456f4cc68e831b066e33b0e60103987d39', '0x061e8accbc0c879371c75c313b6114e3c34e2be15e7c54032da399de8621486a', '0xfa3d3f08d43723cdfdc04df96d2b31218e30d6abfc4a98ae0622ac52e2643493', '0xadd5daf5b4f2744e8607c7b273e591cd3d4fc4717da46700f96b29cf40946504', '0xb78091398bddb02016aabf15f021435f1315c05d81f41aeb3f90fb0e60ac9cca', '0xdc87ce44652f624fe0b135a8404d23cfffeea0f8c528e4562f907ec8c0913568', '0x44dbc1cadf4bf2361c7e21d8e99b9ae96da5ab73af3013ec5af6fb2bf76bd179', '0x36bc32b957046895b6019b568a22fb8f35b5436ce860a13ac11267ef05683658', '0x07112e53263cf40718323cf2fec6a65c8c3364a4a4589d820977a49f3fa1ecbb', '0x46c885fb6dec0b5db828a58ed730f9fc936653f378f948f878e03a9cf7b9546c', '0xab779334bd299afe13563c51114a100f81b5b38d14aa13828354b6f295011f18', '0x745904fb726b4db747bbde3945bd0865a17347d162b99fc0e488d542a013db9c', '0x058781a8bd27e6c8b8ca2435d540c2953fcc928289e6ede098082156347feda8', '0x9ac124a6f7c38f610e2610bb2080dc4a8a219e1d047302d8c486c00b10b9d66c', '0xbd26535afd3a361fec9920f3bc2402d1569188ea09bf17d7879ff1ed273cda72', '0x97d0bc245119acac9083980bd54ae538f4b09e28eb13d95af59f6c9ca3a2400f', '0x519bd0c26fb968c187e4260461ec0a8de9c0d2762158a83613add7daa8e8d942', '0x0810f7182015aab1ba10e659c305911577a20d68bffe8127c00567661126d0f3', '0xd0a7847fc4e6ebec6cf99c27eb116d345f1eb3a4544f9895070fff61b93cbf9d', '0xfc878800ffbef132ac6f6268cd530b3780b6ae40a8eca2f8ebe9e3193c8655d7', '0x7f6ac8e52acc656e1fbf6f7086a28e9929d30c396fd2719c5dd52013471118c9', '0xf4bc58f82bfd584e596fcd0b22dc4c14be60c41f06b5e8f8774244c68a6f8487', '0xc2e3ed86dd4bca09c3b99b88026899f1168bfb028775d312883a7c5905f815c1', '0x8f41b7bc72d7f5521590e9595a576a314586a0bebcbfaf45396d53b369bacba5', '0x1a8bfd47da1407eb8e7f36405fe0aed8ece213aea2a7b1947e30e664a5dfef66', '0xb5e408b3a99998bb6509d9c2481b4acd2635fcfb89308147f345affbea3e19e1', '0x95706f87babdeb711a9ea878925b018cbece5b12a7cc37a73597958a2adc94ca', '0xffc3e7e01027801c0f19f86622ec2912523c497760d4e057e08d78a19d818826', '0xa586b803ecdaead367e30cca0beef70fb9f3724581e2fbc62fd1b364f84d1b8d', '0x4afd60c4c9ff827d03620e5689da1d6cfd888d6906f3ca1656a174c6b2e9e537', '0x0e1a2cd31c55b1b18860841b45d154511a9c0c5e9f8b25bc1e125a57f37b4f82', '0x49c37c5cfd9bb01355362039883f7afbcc6af64d45b237125b0fab8a8a0083c1', '0x0f56712c0e642fe6ae3b31fa5caf69596592980aa972f217589f4a2a5f496820', '0x1bdf167af0bd04dbc0a7e523779bb6d318db1caf33a442a5d6f94bbaa8a3e9d2', '0x89022eff4fcc224308f806cd2fcd758d64a16eef960e5ecd3d68ed70f2a46779', '0x74c053592f14c628da188d88f9fb7ebf999fdc5f8770723299cc94f967d99d0f', '0x0b94641a39837b14ee740de9f92dee2cf2a3e5fc08b159992618f1f87fb3f6ba', '0x0ddf61ce8af0c017eae5efeff5ef0638fbc4452fb0c0991a5207fb9ddfe4f69f', '0x80d138fad7be76d867973fad184ced62a93559239dbbb37c2718970ab81897c3', '0x8cd1530bc9878ae1c7a57bdd6b9d0d89d1788398eb3dca693422319c98b4555e', '0x16980c4ed68748a557e837c800be6a071374bfb534deafb165c120b8189849ba', '0x3c4d2037a7f7cb263c4191ed0f706bd57e9cdf451186236ab3ca13e4506f86b9', '0xcb10b33ebe1e62e0ad0ef07133983ea77533553a32e68d6526857463a8c9a266', '0xa38c4a24184ddd2046dc79ab7b653f5da9c269de8b53c857040336ffc5ee48e7', '0xe14aacca4897d89f17810bc7a9419da5991a26f65e3d926c177247ba538fc71b', '0x5311c5b346cbbed13aeb341a676383649d039e636ea3aa7e2f66d7862a95d85c', '0xad5a192862a5ff42955fc9d72957a3ef7a9db1db8062f1102796932c699844c3', '0xeb41cf24975775bb9403d57112d8c02b4a49b2bb13f7b0342390eefa4ff30692', '0x5669ade4b82b8dfcf86a49b09c28b07cc0dd13fbc2e11e7dae2b17cd00cc5f42', '0xe7cca0e9cad09e38a2f16cc848c10b97d987005f7850dcc83f4b3f1ae3275061', '0x56f3b28884276fd6603199ba4cd3ccdd0c3dd876947a1bf1d34e0bdf649f4707', '0xdbca47be70ce8db5036002b8e52d3783de75f68b75a6414f8118e4bc060c5893', '0xd6f02d92ec4e2c7ed601a5e7e3533fafe1a2d6832eef7892d040742dd0ea2f1d', '0x7d8a5f5c9543fd7b17a85fe80911e48118e11c184fb85d8333bad234df32c135', '0x62ea286be50098b28ee4d9ea63809fd325afacee6a171ac8462ef7c8c7190e54', '0x5b654a08e3c2d9804643448c135e5c23d073ccd133413bfab203d40520c2a31a', '0x9298bd2d585b1932906f5917461b8ba209aeb898b5baed0f5b0a673ef53b5381', '0x50d6d6f894a43fe9b08bbbd4d57a49df0ce3683cbe5bd08562cecec1b7fdd7ef', '0x04fdd4eda6bd6d70c82bf301126d93944d904848e782103eadc22d2d16633cae', '0x360c57f015a9394edb2ad348d828e39eb8686b48865ad6fb2f02721d52fea09e', '0xaac3185c626a6e253e8c33675b60711569e9644c0f07e98202e572b76a5d42ad', '0xb3aadaa07d9f10d085d6d9968a1a8c754cadc562259991a7594693ee33c2d3c2', '0xfb93a896fd50e9e7739ea714e1347268e72cc1803fa17269073b66b6ece94dda', '0xc6982089ad18e26004ed209530959f27b5f18c7a84dcedbca5dfa704743916a4', '0x32c30ed158eaae74ad3bd80edaedd81d25ae2dece906001e9998e9cdc8f89f2f', '0x0255a2c86a55938dbeb7ec03e6d5a3a2926d4398b9e8a00d511b51bc395ad591', '0x9346e7e1ec00a35209062ddf17a26c791c469eee088e5ac3f3aca52e3076f590', '0x38f4f2d9ccc556278b5c32e9e0926fecbfb9bd71a6e8ad79b8ffa9710e6dc95b', '0x874038f7602edd1c713b78b6920871bd76257bf8bde7ee1a4793da5e4c493c51', '0x5c51cad22ca2b264b0ecd39ceee94bfccf9dcf1d5dc1a98b8de5851eed670573', '0x2dda3bc0d4d7c8938c53fa25d1d390a6f4dd2deb767fe322eeb35e3836eadda6', '0xbd8a8d7094fb265033364db990ca20fbe4b540730144f450455d8b77074004cb', '0x65abfde9e2f471bc373807d6341f795129016420ceb74944546be922f646ed45', '0xa07cd89100f39ef18b24945aa0f356a7ea2d3507329a033469025112d9bb2546', '0x07bc597755e871621966a73108eea9b8f0335f313aa65b3fb71a800cf033627a', '0x28d4aaf77cd8cd99af83bc0a237117bc1522df550b282626183528fa802d0c57', '0xad21f7bd9921967c710152b2e6385ec700d5e83e7f260199370a7f095a5be5e7', '0xb90d8d70af9e14938427010747bd63ac69d3b44270f4d6286bccaaf7e9e9435e', '0xe298b6b104669bd10da0b3d79a7c59751605d1a63191adcf9417e77da747cf8d', '0xffddd0095549685471cb51a183c37539b20845e11b368f04271dbf57d5fd80a2', '0x654787e8b12675ddc29bc60b9bd68b53f27d39e2bee2b27cb98e6e34e035880c', '0x306eb20517e87147657d770de21087b42d5e711cfe21470a886a2ce6992573b1', '0x5516cf4ddd382f16da950d722f6375e7f53f1de8311886e6dfbf119432b321ea', '0x70d3f27fc8438da8d4fbd0291d2a7d0ee81a8f4178a7ea11f4978219c92def5e', '0x710c37625089623bfde28319b3325e69e3d6d7f4a6ee4ecaf65c91833487054c', '0x87888b27afd550c7de21590e51d88fbf42e54831a7729332daf4503e88d9cf76', '0x6eb3cbc965d47944f15bdc0b7bda3d6b91d96516bf8e3847b56cfc256485ddd5', '0xb357e56a6f7d582d0181e3a8a7b2e44968195ed01e1bd9524bfa1c0d0f75fca2', '0xe8ace94278cc4b95ae5f4ec320fbb665fcc54383b1bc01cfc027e7e0802ee067', '0x39884392348e7b9dca6560da9dfc6f4246f4f473c8a4d485b6bf70f4a8210777', '0xd3bc1b82786cefe47acdc83aadb06c0beed5d8081977e6936e193a18679cb9a6', '0xf12d26105e2a9029f5e6100519e55dafee02fcc9ba805e1128b37388d9b209b1', '0x4658b9b750b14acb18c4eb13ade2a5f57a90d747772d5c2c7a8e290a9b0e4b4d', '0x01fc885b94a8680bffb2f98e019cde9a95ab899232f9be0e2ce6603d2a1019b5', '0xb5b3c996a96dde821cdd83e5678040df35191ae675d1653d3251153cb361bbb1', '0xd4b9485aeb223575f71d95b810cb0414000631862be1dd593c5a7d5e1f9fc846', '0x6574608da5d2681539c737a7828cb53cfc56e44c2f52ed6ec0d83b8624fed3ff', '0xa1a276678681563c96e45a43cb88b6a1774235dec667d5baa191d92489d11c59', '0x6bc3dcca9694c25fb06caf123a4d12caceb1d37731286842eebc79a5db0778d4', '0xaa632b51cd260f33464f4a4806d806f0daf05d00479be6cc6f6fcdc849b7aba5', '0x0854a8e919690579567a4c08120dc14d82f6eb1560905af4c0bb9b1173df5bdf', '0x60b29479f257d9c1e82924da450213aab7ed86d2758b7af46ced3bfde92cf40c', '0x485bdec9d97257faeb025f7d8731387dc336bb476c60f45c5c3cf66a14613180', '0x4ac15e2d6ba16be62bb5627bd1e3373507402b88452f6d0a2b7e633114599cf2', '0x404df2cde9e8b3678655fb7e3959eeccfbee6b20c57a6a10bd4282b7124c27ef', '0xa566aea34345ea9ad58fdd811135b76485a89c63664c3ce2b02222202ca5e805', '0x7bfced66af53a624c9d55319b1147a1f2f012acbd38d7322275127e79bb95c49', '0xdf4286885acb4973ae8764ad403cf0890c584ba1a7289ff0926f0c8725cef279', '0xfd381f2dd6a8d7bf481aec7ec280eed75bc865a5a85f54fa49165fffc4c329f6', '0xbdda4ad86bb01df09d5689f2b1088c80254da40933a0541aaa44a6846f3cdf88', '0x256b26984d03d784a8812f4918a466fe0575e53fd89cc7cc976cfdcb08b9c0ba', '0x28b61acbc91a97ce082711ef5deaccb97921f10952d12ecd4b8ad1faac735a39', '0xe8fdb12292aa8e9bc081dcf12c60f958c8cfb15e6bb74da2198a2f842eba5fe1', '0x03053ab30e9fd6f6ac671c5b35f18110bb41f474caf67e6a619ddebc36d5bfe7', '0x0287ed62afaa9875c3dd3910cf66fb82ed2207c35d6f63507e5453abc45565d0', '0x59fe029a0a9719e9554934361f84287ecf4bb0075bbb176ef080bc358a771c01', '0xe644fd8fe20e81865f18dd12a15f6fba62567d206a50bcee9beab54bfcde4e9b', '0x215f896e1be4db336defb098b99dbedac4c3cecf776bfc5227904ac2119acf8e', '0xc352613b8126d38bbd32b689df9b08d989c5a4b35e46cb4b3b6f10c3907c7b3e', '0x6f9a4188723fbaf194c573393cf41825ab80594773eb43df8a56853301fc3e20', '0xcba6723f01185f5dce35a57ad72131bc900620c1b1bdd0adaed55daa429f9841', '0x3edd93c2e4479d2a47d947f65a7282621bc4bf3da071c22ae8fd84bfcfe946a9', '0xc1806b8f77d53d3e71ac6244f4fbf7f6b0bacfdc859a16aaa1f3089ed41f75e3', '0x59273b49e8958fbaf84dc44d6da1cd1cc945ba6130bfe33dc57947bde863f7c9'], 'transactionsRoot': '0x1a3f08012ccb7d5522340a9363e07e93a5937e7f0657e0b371c046b19b4a6797', 'uncles': []}} (async_rpc.py:86)
2022-11-28 18:11:29 [   DEBUG] Getting response HTTP. URI: https://responsive-convincing-aura.bsc.discover.quiknode.pro/3e7f242edcfec9ca1a36ef544cee66362af95baa, Method: eth_getBlockByNumber, Response: {'jsonrpc': '2.0', 'id': 21, 'result': {'difficulty': '0x2', 'extraData': '0xd683010111846765746886676f312e3139856c696e7578000000000040fc9c67d7e3a479f3a661ae5e3a922662f70cdcc7e472c94046f9ebc1175384a5fb504a4899b0d98e986e1e9b1d20ff109b4d2ee313b2c912ab6a8232c3ef68988e14ad01', 'gasLimit': '0x71fa6d8', 'gasUsed': '0x17e6226', 'hash': '0x203fd81641c8a8e4eaa0bc6b55439735cffef71b007ccb6ce21731966acfb855', 'logsBloom': '0x8f64b382effa7ff0dbdc8bc7fdbdcd8c76f7df9e867becde6d79b87a9efcbd7826cf92cede61bb1bbe783ff1b8df9fbef07bd1df4b770ab5533db1d239edf9f43023ee68b399cfb9b5e6fb3d3977fffffd7f50bcdfff2bdffbff30dde8e55e194eb977ffef1761eee46f2e71bd96c9f97dd75551a89dfe8c58f37bbaaffb7d879fd895ec4fc9fec4bcf656dfdef6dcf9f57fbd955eb2ee08ffd992e3defafbf73fdf03e13d6a4b676d9672ef3e2faffe5eae38a2518bc770fa41e7efc4ffeee8fb7437a2e70aecfff79385f6007ff2d76fe3bc4419737bbfce757feb572cf3b3af3effdffdb759f5cd4ef7f755fdbb46eede975eef4151eabc8339ce6afedddd', 'miner': '0x295e26495cef6f69dfa69911d9d8e4f3bbadb89b', 'mixHash': '0x0000000000000000000000000000000000000000000000000000000000000000', 'nonce': '0x0000000000000000', 'number': '0x1655c75', 'parentHash': '0xc5086edb0567a1c87fc66e7d0af1f3e417086e6fc55431cee4b386dbc7703aad', 'receiptsRoot': '0x43f7fb7adda59f2fe2ed0c26c278a39b929f28d5c78929de0ec81643c7ddcc48', 'sha3Uncles': '0x1dcc4de8dec75d7aab85b567b6ccd41ad312451b948a7413f0a142fd40d49347', 'size': '0xc5e8', 'stateRoot': '0x522eb90028704c9b9a08648b21c66e1c53ef23c0c6b9871dae111136e4e4743d', 'timestamp': '0x63837e2b', 'totalDifficulty': '0x2c67221', 'transactions': ['0x273aa80af58eacd3fc81fa27c1a8c3e9c01655477408a9524940c8f0240001b7', '0x817455986d41733c96595997f9ff09da400457649c6ac7c6d1f0ed3bbc2f7b44', '0x71d871252686d2f0a039ad95b0571066fc3cba51875ddbe6d159db6e37054a21', '0xe3d83bf42ba652b86f1c53c3684dd0d4537819944e2725ea9b21fbaaf5e5d476', '0x5e340778b5e6a52472260f8054ddb411f41190bc052829cebb4147e70e81b42c', '0xe1d208ec1580082ba24c9f7a2de66e630437a6c4f08b1254dc96e6f6c4fdcc33', '0x7f0cca43c552297619ef40317a2545c6eb287b2efc2ea3d05f4410d9159e5c0c', '0x581b39ab606e4d563bdad87236017189c5f558431cdd935d30fface6700b0ccc', '0x1338738d98ef1dd6dd6fa87de8e2b64f6f5982896f4f1b8f3f34f5f524e1a810', '0x8358d555fdb4b03e90c8a68201f7a7dc7a2cb744f7fe2f560a718d382826879c', '0xabf9a87ea3e8aa5de522486adb59ce8bb257f8f096c59a92471891318f4ee651', '0x6c8e56d313bef62a2ebbc1a6f47f6bb6785492c5c9146ffe0d54060caf127efc', '0x29c4c2ecc8e72c240706a34b1e1905bf62b102d85d887aab8b2fec05ac6bc4f0', '0xc9d86d366689138eb55f2338d4066c6b6d01fbe0f0572abd4fa58a9cf1c37604', '0x20fa5b61a2fd6f7f5d03ccf353f932c6fd5c424096ad68e09ccc6922ee379244', '0x57009530725e192f869221a1a8d67b6994b39ea63b975a14d957056c0a9ce918', '0xe36e10bbf9265c1e3fdde4438471c1ddeb019646572004d2dbb5d923f2f86f80', '0xe0a8c5737aac91706b6106e53c368461d0d6f4764c2d188d752457622f9d7099', '0x4c11dbf97672e2c1eac5e166b98f7efc2d348e2723200a51f2267e439549a081', '0xe0ae80806c9fed0483102df5a99b3b03d8c1c63308e1cf901a4c624efa5d484a', '0xd4a6900213321dd3504d1430b67911f15aac62aaa036f8418f19c797972e6e8d', '0x9a120da5c649f60f250257a00db98f92c9c268e0d0652919bfd8bab6caed0482', '0x8f35fb82027170732e74676b91f224aeae379c8848c4efbff41a2b75496b736f', '0x2526ba1617b7328f453a62b61e38963385a8c297f9302d93de476930404b1839', '0xf595db97ffb88fdcf4a1686802e24c55a47d4bb3928fab000e759755001540da', '0x6d5f9283a7087e76994ee10beae481fba8905239200a3baa6b5d2ce57392f30a', '0xb80d4f2dcbf1d9f504501e1f6e38fc874843ff1cabb582ae0e28d68f4c532829', '0x775110e0dbf2cd2ddd7a890dd51f7e277b5d516e0bc00e9de1d7a5a986913405', '0x99593122e124c3a1d8cad8956b9e4b06d6169ad76c81a5ef72d84a8e68ca243f', '0xf9edfaeb9951844f47238f138d09ec67ac2ef29c90e4d364567eba3239fce671', '0xf30725c96a06c474a47e2c63c1630fdc486a226257f29390ea2b35a5c38c37e7', '0xf5896d9117f41a6d9a951e8435bce4a421ca7c86a374eca539db0901d887e34f', '0x7ccb5eb97d36157a501243102482dcbf8959bd60ff40aac55769aae3b6c35dd1', '0x789a76fff1a2f5c55ebf61ff88690edea0b90f64619b7d583b014e32e6c5e28d', '0xdb1d64f238fc1b14b386b8cbc71a86b2478f5e207afcc6657e64b63ebc9f5b04', '0x2b9bcda277831217fa5e4a077f7c89e4b91051cf74687fff0305a02807f1c26a', '0xd60859964c7eb88db2b9f42b143161d0e6f354fcbb3a37d1ace18c4b082805cb', '0xd77928373311371ff444680dc186efb694e3b62c411fe5441b1ce50418e23d51', '0xa6c910e43850c13182f9bbe958728e846696c12a4487ca639f2367748ad9582f', '0x0d91436a7404c7c7578e28a27b09bb696d176a0b7abf0b811761ad4ff3886dc0', '0xd0fcc87cc935dabc77b5c727602c79ada151d63a6f0b47b6b67488f614f93020', '0x41a8cd6fdb22ed30d0970fb5425534e1421d74c03cbad86394ee83c9f6cfd1ad', '0xac2e3e2eb408b746746cd41207cfc8da8cd4fe0325375d7c1ccd02607b796a8e', '0xf5cb99414122f1b481095029de2a88aeb95bcfc183edda6fadb23a7fcba5879d', '0x26598e429bedf59df859b2e9069218a64a4ed034120b0777136b45cabe088ec3', '0x1837fbc15b91fde733cd6b9daeacfe416c360fccf9d46c64e536109a2b6b825c', '0xe894fe729c73c12940eee554539bfdcfe6295e5c9e875cc049bbfaf8b850547e', '0x40e9c9f0f9c47c6bb728c27e176725291daa3264b13e5fe14aa71cb8c403b073', '0xcf35e6d2cca30f264f6fdc6abf94040b9dbc2e129482bc0da4bff2c6045387ae', '0xe29e020ccf04b6c922e94bf0ebb85c51235ab5683ad7b31266eac64f0eab36b1', '0x90ec6d2abb861a60b5e04c14dd5f5de9beecf48a485dd03c7959844e299bcde8', '0xc0c403fa88f5539bdaff3598b1333865275fb37c6834b7685e4000e447e7e4b8', '0x9da4f478be7b4107d1ba380ee9ff447ba3dced4fe1e89ae94a48659bca2da29f', '0xaaf7ce0ebd9eff751aaa67e24c2e274966beefb4ccabf8e8507162de8a938fdb', '0xeeabd87f6ba1dce08d7a7a38ca6cc89f0e7f9685c65d2ff7458a2024d264caa1', '0x003c06d457258b032736b396d62fa48f8485be0c9b4b7c4578075874e921e0a4', '0x1fbacf4ae4072bd64994c58ba821744623573567b5b2651cea3566c5bbed3a65', '0xdb07cc08ea89a490df4060163387a45fabfaada793bc6381a1154f65c1f3e91c', '0x2906061041b5f0ecaa3b2b1332474e4bce39862580cb2fef2984d3ec60c5f739', '0xbffa4b3fb2b0891b800778ff1e6378bdaba37275345df9c37b086743874ffd81', '0x00dbff9ec03ae2fa4493c0f049c873a55a8cd2f5cb66cbbe44922a88308cf99e', '0xe470a91ab4c776cbcf07b310c83407f2f9c9b082064050d70f62b8c99545270f', '0xde9e3454f451fa11ce33eab34505f17b3ff2c5395e58c1d43d302ed74d6db6c0', '0xd29433ab0de77c7df67ff8f128f2a3d8a46cc353aca8bb24c07c2b033e66b333', '0x6f4f20587d3fc25882230365fbe573d0c4cb102ce2771528a12f3406de4310a2', '0x58a4e61ed22c2c90eb975698c9eb9a892e8355466161cbf9140663a7866f6302', '0x239f4bb543e1b39fdb0dde4348fa37ff022772b1d293bcceda668ff6608babf5', '0x67353d6bc0e72cc4b60eda9ff2a697ea687438ba33e3ed3de65a430ad757e9ed', '0xc8f9b6a8c4d5715a0dcff223d4056907462c3f5bba7f6a459dbd5181abf9a3d9', '0xc8565eee2e4de8539613263fd742f98f3c69c384a5e8af57a62d44a3f214ee84', '0x393e9eb87febac7b8b88784145e69f4c515fa42a57f71f094879ec8b8d371a3e', '0x762f33093d56c35405fe2125a6c6c500da1d3e1e2341f95230fbb3ba55e305be', '0xb7b70de4437fb13c18330d993e26337205034f495a6ef6048b631677a3bde734', '0x42e064d81f1b8224cf0a53f0e02a7b0451f4a797a3d9b76adc298e8d8614f8e3', '0x66c6aacdf462e784307374f8e8aec96c6d15b08e5eae1a6deb05a9bc388c5307', '0x85b10a630a4fbbc2d6e5b5852adb6c885e13b5b4532c59f3b3163588a556ff08', '0x318796e3bea9282e9693b0d18dee2c72010c818b704fb43e36cefe6f1880f7d4', '0x1d7f527fed88cf53008099417e2c53161e6d9dfab9ad435fc3b88c032c35cc8b', '0xa2d63d5d760040af1ed34eae0588c26df579951fdba7ec8cfe9de5c107c28e43', '0xe267e8a16d6e22ec9f5d902f1822f078b1585ad752d40469ad5e947601e57b6a', '0x0ef2878772f7f04a4d423382f44fd26ecbe727bd82486c0c09095f14cae45f22', '0x7ce8700501748fdc7c45cc6545d1fe338a5a6f6990bd2d882de3202bacd1014c', '0xbc2ae50b1ec5a4107cb2c2d16d9cca883697f7a2541aeec183c25a7a073a1941', '0xb1b522f2d0a66882e29bafb1cd8e93cde6cd4b08fa2ecaef5c37f166535dbc7e', '0xb04500a07faefe3337a7d8e226c57448c0526a7df39b0a1b2286ea1898f037a2', '0xe04a53944e9d03c4ed02d6fe65de78988a4f3c40e1d0b95e6820a9b6a50ab7c6', '0xbf287fcad64f8b640e4152c2f3ccbbf2aef14bccd280bd1c39adf78ab09d76d0', '0xd77ec13d8d451e10ad59401adbeaed8076e8114b7e99218376d0002143c23d5a', '0x911c7c9f6b10d6df8a871f0b9e7ce2afc903f1555b426d2f18656b9bb4fcf9b3', '0x539866946fdd71a6af4b94d19abd776d3f427563960779647c1a75c820aa6c3f', '0xacee4b599b2b3f4672b550975ee4977c8466eb9921112fff474e36008360e755', '0x1adaf96b7eaaeca318960123ac02dbd81c8b1f0d44b346fa7dc60493050f6264', '0x65d3eb3eb4437a3a227c5d7fd35a2ebe02139f65709245a8e147a34c2207aabd', '0xb1d22ecea20ea23fa2dd15377754716e495e9d36308de21baf87e68059cc3698', '0x30fc3128f9e1e38936627429059ac5b47c1060b2bd4d907e903b0c70fdc0c95a', '0x39961d0ff85c45f885c4a764c5352a5f88af0d94f78cf3de5efe35417cbc52b4', '0x2aa1c85d0c34ad60819bba10a7c0eb73f38237dc989ef2662b41164334dcd1aa', '0xd3261d44d9fab397e96a2234c74f704c4a4807ff4c81e7ff2d2b4174ee212be2', '0x100f415ef2be300ab2803995367a598cfb1b66a113346f6aed2da9f663201d52', '0xa1cf5f1d358317054badc8e443441a3c0a898bf501c264caa65d5ee286006825', '0xa6f7299925ead4b05b8024b4c2771deea6c05710585824f59dce27d11ff0ac5a', '0xfc39fcea6bb4daec73a6d6967f18ca6de948e04dd0420809eccc30c321e4d7c8', '0x6d9b7527ed722839de81d55150cb45b4ada7d2a22654f6ea001c570c83eb2726', '0xe92f3394f1c3e6d9bda9ee2a60140437c285f6d6de0080fd179f0ccf762dad21', '0xb579dfc2c75868bc5938dd16c7267e5f394d1afbbf57ecd1a72fc9e3399e48a6', '0x4cde637f8194b1a85eadedda0f9339409277132d7d3c7d8517825c4ff5589fed', '0x0cdf73ef73dc0de33107d0a20fb87e04cc5f79a50dbd9d0e65699462d5d259e2', '0x1eef0fd8c80aa59722bf8ea5bf8f0aa83fbf5eeaf5ffc6d8faab363c072db0f0', '0xdb7d4ef76b8d379e1274a32cf5acff80a24e125ce6d3bd6db482b6d9fa621263', '0x8c0d1a1ed04c94799beca0ab385e1845ea02d1b54561c30c12f018a074b80a03', '0x9013e79e94689ac9b9a2f17fcfe61b681bb6febdeaffd1a9a5efb6e05d0f489d', '0xca60cda50eb58e23e9b5575cdcf0c04778ffc3b6e30276016a74acea2d0de98b', '0xfee78b8038331de56c9882dc09b1db96d9eb67fb3c5afdd88c8c83340a582b75', '0x37a610572e9be5e5fc1230384b7ffe3049737eff647f875cbf6a7315a9f505f6', '0x8361b2bb6979db249c8d1480eba9328224e4ce40c06d07db8b5a8d150366c002', '0xc66f014b90be94c934a41c279b19801d495e04808ac2df11c4626a7465ea2985', '0x903bf4336094e62d42835051465662b70ccfa1e3c1cf77c9b5d92cc6ccd8142c', '0x0f2de11f1e2dc40400b561105dec19681c212e7b58245ae6fc1b3c4ff255fe5b', '0x9378af38678c9dff0dbfa95b4e9c3a59593a6e200475d4db77fe4337e74614a4', '0x8cab15201fb1300e2c4ac8d0c2110bde94ccca7cd91e43eef9894498e6279bc6', '0xb268b74d77189baad52a0443d687b18d87485dd79c331e8a7beb0d146d8cd2f4', '0x5f6779d402e887d48c286353d77502cb2d97a51681bf3c935a0eb83a73dd51eb', '0x534cacc27a242f722f0e5f6e78631e390445218c4a13ae6e916e5c0ad71130a2', '0xb41c204983cf7af322c4f08351d254b2052ffeedadb51638efe54bb793dfeed7', '0xe5849a3fbb0b69feca4eb6c1d358494d6841b6b4256ae139636bfac868220712', '0xba49207bff5f890d44601a165dec9d422ed09163725c9cb35b97533ba1901eae', '0xf80b299d9dea7a595327695c371177674d809cb573c2b1192a01b2befbf6cf12', '0x1b2d7a0a2a33f679df3bd674617d627ea93e201525720073aa5c50b50ae11956', '0x160ee8c04814ee46255fb0c50910bf45daded422b107bbe29175da2a6f2da948', '0x27a19c244a9223473c05353801c669735d6a3b78ce5dcf0dc61023a35db49535', '0xecebf8969d4668a4f1c35fd9b55d537ff0b7cff57de025042e91bda0c08a04e6', '0x0975a7c24dacb2834a0400ee476bea12807330f7b0375388ce709643bcb7e5c7', '0xf0b57a38f07c23af15f086b82595dc8369c9f941b489567b421026bf6e95d554', '0x5118866babd07052b4619ddd7999032c5ad631ce8fa939e8684e18931485c43f', '0xd32b60b76f9d7a8732b94f1cc6f118aa4113b2556b0449974110796a4b4a336c', '0x14b1447d7e65c825a56ca1f7ca988dfeac03e12b4babb975dea03e17d6ae0b73', '0x6e25e9331b5a8c37b5deda30ce94c362bd3a5b5f2ce3dec79c1ebd1029a95240', '0x303e0d7214dce26e6d3d80a52b23361ca7d1347205134c6d07fa627b3fdb8977', '0x71c5afe464f54551770403d0eec9da939a186baec81b703d01f1b747b17a27a6', '0x8bc91a0ede4b53ff769a5a2220a92809ab29e028d31582313d3248a8030da519', '0xdbc2db83de4dbb91e4d06596999deaa494b54c3a0d7833171823c9ed3effa58a', '0x5de1a182a42e25cb4b76fa0903ddb1d2d537aa12eeb086dac18be458684dc133', '0x59d481cc9ed4d8214a71cd74387fc721eba226faba88872a2eaabdd1e1cdff7f', '0x6be9bef02127edac805689d369adce470965a40c01df2153baf1ba99cb3c25f4', '0x186c52af9fbe703a230498b4947432af6190055ff740efb9fe9a4a9ad3052528', '0x118864b2737a5cc1129103fbc73c1bf32ee6164b5c70f82ab24e77d1d2633a21', '0x87bb34863bfa304361c3d31c26ee8f28ffa961741c85be48ceeab1c122de03a1', '0x492bc8550987451337c79529105bfcb613613286be2cfa4c69d389b87d48ee92', '0xa7beaeca8b41b1eaefb8210750febdbbc9d7872aac8fc55a89735854292ee266', '0x343051d209349fb28fdc90faefb21a3cbaa6f942cad3d1855f3e9e7ed746c9b4', '0xa1cbf342bfb36830143f169ddf2a5cd15485de88698a5f6dfd8a2a166327fad8', '0xb9435906bf2aa9330c74830e5dab89918113529408760ccafd261b8390a966ce', '0x8f76e1971892a56c28076096b8b13b0cc4c3b94d9cacd66b60d4926225ceb4bd', '0x64b47dc95bb4366a34c7108acf90d19e10bc350ba34e8142e6f037f31c89a10c', '0xa8bfa28be04fe9b998be64cfea3d27c256852af9f6da28d47bb45c653a56e8b2', '0xeb9b52f756f7fdd5ffaef49243d6560c5de9929939b126793c5e567ecf733baa', '0xb47a181503722123f8b37ce6025a5a1722cfcd5f2af9fc7a4d23992d0d2b5f02', '0x9a1e614debe29f077ed26093930925798ad0b56cbbf2ea7c0afaad0f1170b7c7', '0xcec2f5e16edda03eaf2e7be64a1df9a6c6947d3efb059ce449a6eebdd86c54a4', '0xcb5f852859b0f37ee9b1152235a858637b1116da7264c7175b27b8d5b4ff711e', '0x5db2ff015373523353094698a2da593897229f81f7f21e40e539cfbf12a739a7', '0x273e399e1b65136ba0dd8eb6d133122624ad91fe04f525e6b3a2a8a09612039b', '0x90e93ef0fcf11dd976f4025ea5d67d66348a2314d67f832a1930b89f1ea9b914', '0x45fc6d88c75d9620a2c91b0506a7383baf6dea9e031b337dbfa53adcdc240eb8', '0x163af7025ba503e687e35fb32b9a985c67afb053f76934d53080a8e7f4276486', '0xaf0e2ea97f10cb7d6c536e628c6ffb4fbd7276c32a2572ff8182b42a9046e808', '0xd9540f4ffca8615e0b592f1e3ecc36d94a60090613dc60a54d2c53caed07e7ca', '0xad3622a91670a02410503a215dcf7a26f3a60693388053675a2cd3971fa0dbb0', '0xe3c979491b44e6fab0b8946900135598d670df4c7c040a0c16ed0979d34fc1cc', '0xe3462567089f51e3d73a6530f2a25fe9821db175312b8ebe5c301589b8d161c1', '0x1e08966c7ac345f0d368bb5935e7ef75d008fcac44b928155bb48f6e53bbae56', '0x8661fa80f7bd4b248558c11622dc3b2e20fb3fec753f165f3528f3ce0c13adf9', '0x20ede69636180312d689548dccb6983d378558707f7fefa540f7f52d53bcb77b', '0x8fb5047e411beb8ffda742c4337d11d357c9f71b2f0f026510246b382b9e86f6', '0x1c7f02b6021a2e7cfe4ece4bf9bfcdd6f4abe552d76131f4910f4fb1cb107fd5', '0x0eed17ddcbb7a264fdcce05d057d836cc8060c2c519f1bf5ed2e01fd2529c43f', '0x23f924880d31090996d1b84e622c827ff36b6e8a0d7188c84a390f7bbbfb3c1d', '0x304322f7768efe4bc0db4edb4197e91976672dd8406364ec8f52add30adbea41', '0x976b3adb8262d163aa8a2543c673c2abe9cddd506541268b947aa82ef852615b', '0x5266902b8e12f867ef49bec8ba5c001ea0144e24db0011dd9dd25639deb6b254', '0xf47a07f83d7a4e2fd416b1bcbdeabcb1b98cf9f2ad0e26815cb5349f09ae7fc8', '0xba77dfd4ab6f5d7346099d55ae7f50e9bb7464fad0ce30d58b3e998e0d943859', '0x60e2983a4925b258c5625fda529e347c0429bda027d61a0eb8d3afff4682b0be', '0x9f278f39efa868470c35a673fa86df14ea0ac3d5a59e97255e5c794ea56336e0', '0x54ecb29f3fbb0c55087c726294f06c03181db9b23ea06c2b24aaefd6d63ff844', '0xc5250432c208c9f8f440cf6277f277e3b43126f2eb5018052f44d27f94118426', '0x7934992ae1a999f0e220d175da817114841cf81a807cd981132856a23c643f38', '0xf065250617ae07d1141843387dedd9848748bdbb0d9a5f02df3c8da76280d851', '0x86b3b97dcadbdeb3fe75f8cdf4aacf83bb9b9691ac85f6856f63b3a442696f79', '0x1a0a35ae0f829bd08e771024ec87c71c8d9378b2e8ec27021d7a329dfd4e74d0', '0xfcd8d635721ca0e20688938d8bef23dcf8b46ee2a94ccfaf2ebd8d45de46c340', '0xbfe10e15ff0d0c21e97ebdbb56cc384ac3d889c8946f6f360f4fca2586f8ef03', '0x6be84fb8567b0062a610d5e1df4cc9e9c84a29681d57bf928a7c7fa8d7dba680', '0x223d72a96415354142b8add09da1efce51d4e2b1af7a31447d0454dc56bc396a', '0x2afc7f743c0e0d50a3a6237dd8a528d556c51fd86873840074f9d93313ac5abe', '0xd7969fdc24f1a7d0ed9ff5bd62ea4c6e2fadc4b7fbf3edba42680a139f96a1bb', '0x97b7182bc8fb8ac3f40a1268e2b1802361ce3a82f386e695cebd9bbd45669dd7', '0xa2439b58064ef65d96d97007f0feb4caa657ece5189aa818c080e990e78faac6', '0xd029dd75cd3b11a3a35c34461ff24b91d9afe8beb5967220beb3f4a042bef2ab', '0x1f3b2850120075bd565fb3dda0d20f09aed7670f7e0de1b3aa9a590befea621a', '0x072adea4992eb847ba9dbcbe54e50efe4e2d2c9dd18ae0f66837f98fc9d8b0a2', '0x3ae609c620363770a50b4f19886c33312c9d125cd783380597e7d68ed241383b', '0x83295911312e10e5fd19f4e14e1963e9860d9d57a070e7ef685fa054e6863b4e', '0x38ab27cfe60b53b8186865181d8a5bbf8cfbe0e8d4ec1baf64b1adda4ea9e917', '0x51ea6fe84c9674f7bf1454bfe1a9d205e3b905fd51bdaddeb6d743a0149cf0f0', '0xd05f4bb2969a4cd6fb8f7fe7cdf14392a1ab3011e1b85ce2a0d9808fd529452f', '0xc3f4481687ce650c521470a46f4f234361bf46332a40e4686dd4a07958303c29', '0xd8e002b518909ff523ace87da740f1bc749981cdc9de9ba0a7505072e3daa52e', '0x267f219b8aa1709b8ae405b5a4e6deccd0e9f69917c5d9de2d9471060ac79e22', '0x242276359922baba2f4f7b3ee20fbd40761a9e45cb6ee2a07a9dafa96989e9c6', '0xbcba83a5e994cf95d28da7484554e05f8be32704d57469aea34dbf49792c3fd3', '0x4d16a409a3891127b5e369848dba0265e9a641c3416e6abbf08767ec9569f5f3', '0x4dd4c74b5d4f08c23d0be944ab84988253786b6f348a8e21d62092ab6544fa4d', '0x650ef380fedca565d58443af5c4ead52bf9b6e9e3b92f378a4de175a10330ddd', '0x2ef7198a76ce3030c53c1b9c00f224ba4ce760cacc363419ad50d0617ce030c3', '0xd878a883cf9413924c02010900212338cbaa02900668919e2ad03f19b3fde83d', '0x3547c8ba23e58bd1516e153ca26e9aa7d751187755fabb1b72c0243b1c40c9ea', '0x60ed90ac615ec09e5999ced6b725fb3c59a1253b27467fad3d3ac7b3eaccac20', '0x8cf0d62285f76128e2ee3338cdb3cd638ce77d9f4e3a76f4896fd2d83526feef', '0x30ad1d737f7a390e04011c020c6ebdc6c27f64b17ea2264dd2b1c301984f3e91', '0xc93bef74641281672c0b61b020b2b63466bbfd31cf18c8de966d455d0d6be0c3', '0x3cedc552daa12e6921b54d51bbd3b02e50703460903c7dfc0d521895b2d96ce4', '0xfbfc4df6014ba2360aabbd7d035799f66f39928dc17455a8f1431abd100da28d', '0x027c35cf7e36a32828a018cf0496de065a4de445e71720eb50a4ee229ecc687e', '0x1d158f200b42b9a6fe9a6763910a515e4a64e600a94c73f4931edff30fb0d243', '0x062c81453c6329b34f6bc3e238896c406174003307d60fba8d6ac1e38814ae19', '0x644f0abc294cf57b5985066cca4719e14b306b4e231946a060e2154b3006f1a1'], 'transactionsRoot': '0x1c15e42d9fa1eacc65055cb9be9785312d11442a27e9de813a6ae300c48274c6', 'uncles': []}} (async_rpc.py:86)
2022-11-28 18:11:29 [   DEBUG] Getting response HTTP. URI: https://responsive-convincing-aura.bsc.discover.quiknode.pro/3e7f242edcfec9ca1a36ef544cee66362af95baa, Method: eth_getBlockByNumber, Response: {'jsonrpc': '2.0', 'id': 16, 'result': {'difficulty': '0x2', 'extraData': '0xd883010110846765746888676f312e31392e31856c696e757800000040fc9c677e3302c6f3f585743bdb2b799031151275692533828207027ba95088bd9602fa04b9b4713f59cd200a92b56810456c75d47a2970a64ba419a9a96fff6ade1a7400', 'gasLimit': '0x726dbf0', 'gasUsed': '0x110aa70', 'hash': '0xb1e4f6dc597b44546470be28e3c491b2465107c58ce20c2bf401fac1601b5a55', 'logsBloom': '0x41223e1bc17e7994d82e7a28d452524061011848a795ac58fd12941c3d8cbb3a01f4a2f18c931d4743a7fda3125f6be2593510cc08dc09d970abc6579e2e779a2484d4699ac908dd07675d7e09d181293395086062dd76ffcdae64c5e75f4428b0073dfbeabe252bcd7b6ad9c974ba8b5ce217e7dd894d4d7ee22e3177f82e8f9eb6c38a87079c0d82c984716f1f10e01ebccd5370209fadeb506651ec80dfecfb49887bf3d983e53cb473f40f2bcaa059eaf5f87feb158c30472321e6f695bcbd2f475a0f168a32e6caaa0d708ffbc2abd279508f9b4a141c870e7b7869fea4a8b98c033b014109addfa23f78fdca135ff71b0cdd76d3c9f9eb8b2d8cb9216a', 'miner': '0xee226379db83cffc681495730c11fdde79ba4c0c', 'mixHash': '0x0000000000000000000000000000000000000000000000000000000000000000', 'nonce': '0x0000000000000000', 'number': '0x1655c70', 'parentHash': '0xefd2db794f465476638839f350e3bb7078c15318014187dad240b6261cb26e14', 'receiptsRoot': '0xf072c1a253f297f5441754df0f0bb97edb7cb5cf6309b9e201bebe94b20857d6', 'sha3Uncles': '0x1dcc4de8dec75d7aab85b567b6ccd41ad312451b948a7413f0a142fd40d49347', 'size': '0x9fd9', 'stateRoot': '0x0ada2421df9b4f05517754c23019a07055ebc652b66df99a1ff7799ef4ccb133', 'timestamp': '0x63837e1a', 'totalDifficulty': '0x2c67218', 'transactions': ['0xfc6cd90b8078098401a51372cef73054ae072cde8f0119e255831dc145ac7d72', '0x325fc00162a64ef0db0502daece5141861af7d559695136e3597906562299116', '0x7c89f151a95923e200660e2f5fbb12aa775ab2b632b76e7025469b76a44a42f1', '0x53295e6be668d6f87999344d833bc2d1815c34943c104a3b3fcd24526aac292d', '0x8e4a609f00e4c00889cbca9a04cffa8b02a23921f6bbb77a36bc7ae9104409ee', '0x7f77b795673540c8ea0487d58102478cd4989050116ac181911c5c972b469e7e', '0xa57f219bfc4ac7235714592d671cd61344a4d5fcd3d037b07b83332d076f6dc6', '0xea01e80c836d0c6fe10f4afd429f293f88e53ec65e88ab59d85d3e29c002636b', '0xb8cbed3594568aeb943696db14eacb09218c8091fda679f0722f5369bb60502e', '0x479fa956fdee177b8df336aa479a8ba83c616b7b047d96bd64fcf8e02b221ff4', '0x86eafce6743228dca1d22a6816c80c5eafd0004348fd9cc29ba63d8c42203f15', '0x8f83443cd1ea6ad319dd3a14b5bbde4d3837b711b07afb2fb5cd0f1fb7dd6a5c', '0xfd4c0bcf325506c418ea877e69e416191b8204b46062d9f2c416206cacc26930', '0xb2b2291d38d48953caabd6cbba2b51a054fb47b07520b55778ff120488e76b61', '0x547d13219bd198687f685d4f8933b8afe2429e75792d2b18093c11fef82a707f', '0x7bc34010b91e948353902478da6387c8d9be5e74c7343818748c87a87ca027b4', '0x794db7ab9f7f1c5d1a245674b8e45b0d42d17cc37c2340ec73efb7be8e2fd8fa', '0x11dd248f99664eae81df7eadabca1b348b4a90d1efa9e057069f6d4e247ebd5a', '0xeaeed6e912033b2ae057eca491f4c2674ad7716b9c5863afd7e5005f3b202edf', '0x711da947b669ab9dbf4e3837110e00f793e8502cd0752dab8951405d5d1da5d3', '0x3f9667de6bd2b9ecb8057b503fff081222e1f836eb001713c93f0c5da3ebaea6', '0x747b4b99461e9310d19468c5d5a258d6ae45464ed04dfeacebd282aea312c756', '0x1e65a532323ce76dfdfc59ceb20cbcc317936ad6aaed78cea4da98d0796aa5bc', '0x2c209adbf96e08d3d69583ff2b181646ec49f963cc213c5de0c8d557ae3f8cee', '0x87e14dc88841e916bf7ad00eeab94d902c3261f882493f46f08e817f7f932a15', '0xd393a63292baf0646908dbf8337f72365417f7c1f60cbb1dc78e283ee81d7ede', '0xa79183422355ef3e4ad7c1adeafc47d0d06773dbe239bbccfdfaf1a27d56d9b3', '0xfdb4cf14c97e319dadd1e65edc2ca8d4c0161bfd7031654fa5a20868cda1b2fa', '0x69d57e64268efc3fc232bb6b92266d22dc8491377d3f60991ddab88a3f5c5578', '0x0dae81b9fef12447e6e8a7547f50550a7f21e038f68185d39327465e9c57fdda', '0x31b87e8d029232d9fb28fc25e03541bed75aa634e89a69a9dff61ee6050cc462', '0xb1681951de0e9944276e2cb62815c7842c590b381aaa222e94e5a260ddd983fe', '0x041c9ccca518721d2074919fd053d7176c42dfbc2e9d8ef4aa0955523e873b61', '0xe91fae2834804e04dac5480470a3cd58f0b92fc37fd9f16b8b14b49f648ca34d', '0xf46c59919cc0f239bd05ae93195383eb95fce82e97c915916fc62465752b4850', '0x343567aad95ba7e8bbd721a6892643a6313fcb9940afdaac783722dd3dc5f74b', '0xe1f27913b4cfe228d921ae99538753cfcb3b7319275e95c8658269bfe504aaae', '0xcc9e0488530a4ab3f551ea63af8166c157f0c9aee08d96fb42337b0dc61158d4', '0xebedc3718cc52a630c5bdc17da4d7f45d460cc1d6dad2e9f274c8bde2ed465ed', '0x42b8aa9b57ce1ab1d207a32c641c9c96ecf59771585f9d10b81fddbbb593515d', '0x3c1bd4c9b49e7b35cacf3fffa4a77c2e8b34db7e2c1e013f3e687c70f45c3b09', '0xb2c6a66ea53faa60c6fd1653b710fb6c6c3e7fcb21210e7e3f6de4562250fa2b', '0x52f1e9b22fa22c2ebedb29300c2786300eff560f7856312b0e6bb50bcd9ceadd', '0xb4952eb94712befe40674e117739620b5f89824f8761609575655bed7846306a', '0x9270e68d58e1736d186c39c6554f6c56b955b9985066d6b0440e7b2893133d75', '0x277cbe81dc1837fd4340cff95f6839933fc89d965e61426fdadb21f7ffed2763', '0xcd6b387a06425fc4fe7578546d7cc08733973ba3f8bd5d253b53984ab6e9df29', '0xae64a1b9c3f94758b6c38e9a7b6274c031b8b021baf97dac8aa123792520b177', '0xf02b0331da51ba9a07c1abda1aba814e3ab7b11d68fd99feddbbb2ee057c40f9', '0xe3ae7050ea026b98f6785576ad2d1204f8b2b1fcf70ca418624d6d1391d275f9', '0xf58846d06304f5b985afb6da997b5f25892779d0ff4f8ce88baa2773f1483a11', '0x9d188f4b8c48d5f6b58bd511bdb54df44936757befb51e8c85ef751eb808bde4', '0x662941740b627d88489af63f6dffaf7e977866c9b017f9436e8dfcc5588921f4', '0x1926dd1c5d83581f4808031604299b205c622d038f4e8bfd56736dc7df202b87', '0x23e295afaaaec27110cdf06420b67ee1dd2bbd985cfcb552b9e51f451283d3cb', '0x8db125f6d10726b88d916bb8bda4617596f032708ae5833706ba3e419c858c30', '0x811c02cc2e3acd3ee4197117bb0d54213b250ebd33ec4fb723732379e3fe3330', '0x85619db256a062a35f929ceb7b4b04f98440aa46c1c56e976c7677f56990fcf7', '0xf7811de2ac708e85a06a46f242a7a154583d0577c5c71e6fd137f59847db51e8', '0xfc4de8f81ff67dc3787a95c5f3525f74ec39374170c415279e9b178cdc7a20b5', '0x21e8a22d2484b4a12f88a76f9f46cc16b0d9e413583b218695d0c40140c70c83', '0x85dc50011c145c14aca54afe7e78f7dbb3a6094b97c9190355e621e8a4b265a6', '0x7640cf497c287f9fb17c956848767c60e04b918a87e3a88e5df7b122231bad75', '0x3502e5dd756c52e0e4448c44bf5a21d19ff22758ab9c8891b7acedefa50d6d41', '0x3b40ff08b4b9abc3528f67c27862f44e6263084cba76e18e17af0219f25f1679', '0x3a63716755387e13dfca13a450e56c845d4f6c8e516a39b1c2379d55e22d946f', '0x718ef6a801f59de8665e7599b37885cd8c24dcb62dfa291d2a238fe163638827', '0x124acc83ecf5e52f7050f46d373f7faea39eeeb140aeeeae91ad32fd522e13a8', '0x1d635e799a38e34f9f104b6a4b8ee6761db407de416f8bdf0f868392cc57a6e8', '0x8c69c769fe5288641f7759414f7e9ef63607cb78c986f9c45f6b5955ac2b383b', '0x204f18a7c7fc8c55718350b9233a7547308fca296d166485ad80b0986bcb4b8f', '0xa7a54fc50e0432dda0782927f964e784a2b9abfc1c5f69bddf66498087e7d4f3', '0x5c4e03d3ed06c6e26228cb5b91dea812a3a9f31764b42c953a03e1e88dceccc0', '0x58a10228ea541dd1791c6aaa5ca47d813d60e0ad16c53ec5567fb2ec14c96339', '0x48967a540bae1282444bf02e53c6082dcc867af3e4df344137d876500a9a77f7', '0x3eea3e556d36863d57dcb37e40b90ea6405034b314abe361aae98b84713746e3', '0x960da83d2542fba086342657077e270d33d7878b7906b892ccf2a883e148d5e1', '0xf7517bf505048aa94258619fa4a5e6d78a07c379163c14c472cf5a43c04af7f8', '0x5c49007465628802ea54a81e3bb0f2ef0e1e4d1cbfd8d428ad935af971d7b797', '0x9bf66b33fb180f51c179350e814ff0b6a150f02ec7f4c5ca71e4f8dd6eba1e91', '0xabe97926e28ab351b469cf75c2408dd3f189506386c6e90afff3b5f0cecc645f', '0xdd89401781f93ccd8d8998381b3e0e43d8e1ca5915de551a8985bfdcf015aa67', '0x1d1b2dc7d36db3eef4ec7d0c82919ea3112a33131900741406251f9a9c97ab7b', '0xefff8d21a0fa73ba1cbbc66183d89e65f4c648f68381b905cf3feb4c7b8cb12b', '0x7b3b6b1e0cb9c27853f1c6c286d5052c484b77ce2db317d0ef58f088d6fbc635', '0x79be340f56e2d3daab436bef73747c444dfdb01772e069f38080d2f9e0dc7192', '0xe6e77598f70022b9ae43240dc8d957e73a46b490ab7146fb10b8fe89403af3f3', '0x4d3ed8078a22e68247ee82a5be3d94010df8f83ca775e2b0bf56094aabe9de3f', '0x381ee123fedab858baa17c47a9bd0df5dec72e734a1f639856cd55255f3343b5', '0xccf5b5399c402745dabe74d94489e9abf1845c59df8f39d84c1fa5536887ba53', '0xc630d4fa9c343093b77afe7541019e6465ea48f7b389900621229e4ede694c58', '0xbe129faaf77b73e3e2ab7c2ba60f92263bcf3bcc3f7fe9d29e79b91d55a5b7f3', '0x0e8bb8bc090e66719bba93e253908302eb07e57e4e86ae40d592886b33eadbb9', '0xc0439e212062b5f729e967b7e8defadfaaa31b806bcddedc3b17b43dfa7d89cf', '0x381954c7450c18e2548821656f1b18e344f3fa9737287d567ac0bef4128e372e', '0x0fddd7f6a8f15476cfae546e0c0bab26bf322a455ae774b525692baaa3795ad8', '0xa104ab2e0f093008bf4736c712b56a92eda19808fab3c6979e91eb26c8388ddb', '0xb0ff28fd4c75095059b78d2eb2b2eab9cf53494bbe190799355c91da33afbeff', '0xbfee784177a08dd30718e39f82bdeee1cee63c702879c242b2747193abd8a9a5', '0x4144ac0d756c9cec5758d4bf789206cf24b053e84745bbcdc1047fafa4b78fd2', '0x7e17890717a4f541a5ae23fa1f961fb14059e89deb8e9fd54e62dec2988857bf', '0x6bb6f44f0dbb1a9297c23d3724cc9b2209e029114b90a00097a7190dc9b89321', '0x17a5edde117d603f110b8891a0427c329ac7079437759e651e8c9c8c4d84eee6', '0x28e976e99d89a73727d5cec84d570ae93419febe14d95948ab139d1f285c6c64', '0x13782c5bd3e7dd5cdc7cccab8a550516114e623640e002c3bbea4acd78ebc6da', '0xe0099bfd2bae73c9486b29eca0e63b5f541adbf1a19bc5d4f0853458310f9eb7', '0x63f0e98a4b2095fa4b6c2555be5b4010694a3c877b53e577c0d83f0a08b45cf4', '0xa8778a1c9861746639c15d6e98ededa9ce4b8c449ab2a7de15c0d54561f85e7f', '0xf231b47ee93a719373d7955523b76c9936a77d60ad4e7b10279cdef1efed86fa', '0x3403e6faf0183c5d8052e0130d5b4a9444db791282f492efde31a0194a5bd926', '0x2a202a8e3f300d8e23803a220c531cbe542d2658b45104cee73128fc3bface13', '0x096a911ecf25241f209aa774cfa9ce0612a34abf4abb65719791576776a3d157', '0x45400cdf31111b0a1570dd6fce7c47c6f74f64cacf30776b72c4923ee1e3169f', '0x120b1bd8b20c96936977ae94c1364d3edb4970b0e29b2eeba1b9d7f36d7f6290', '0xbed1d835952f35227a6bf68b2999ef5cf860817a3cdf1f151716270dc2ce4f2c', '0x0e558cb7484f0c52eb228ff6af1364565255cfe117b917af1d8d925d90fa29ff', '0xb847bc040794ac152ccb3172138c227831ec4aa96fa591c9a99632923d3448c1', '0x96f1d756b360a45f63668329580ca66931481f375b54e0056ad8d07d4faba83a', '0x3921cba25a70648a33ca0df38f41a3bb0028d3e2bb101ab4c46b9ae988d54694', '0x3d867dfe99003ac3045e014f133582710ac60c42c28a90365f0055bccc1eb8ae', '0x0bc890bb6ea310072be672f0325095a860d40391624959e4a95a169ee215f97c', '0x3421dbe02d0423b9f7f7f86f7aed2c9b00820ce35be5c990975203ba83333d3d', '0xffe18ff5a859f875e361a581607afd0929664c8592e94f1b6b9e7195dd26ce34', '0x026720c5cd359ea9a2e13676fa23293dddd6b250a789284f7068b475b19bdcc8', '0xb2b5bba13297c5c3adebbb0236d52170f9a565278184c55937ca859bc5d1a8c3', '0x60d60c440aca195d7cb6317f2f496e1b2b6f778320cd3536c6ef54d1f769a97e', '0xefbeaf18c3d62f9efb9955caeeb8f4c14f7e930e8703cb4cdeaf18d4a1b85115', '0x9ef95ab1c58ef66b60efe7c92f22b15b63c2f4f679dd76d4ae78a54eb7d6a823', '0x1f76bdd07348b2e6f1fd48f4c1636c161fd27b229e80ea838844e5f52a785e70', '0x9067ee739a697c3c42449f7e8e571e3110a34cafb29f08078a953ad8f602cd8a', '0x970d7785a50b0831625b70ec4edcadf5bd2526d95d20677596e87a465c528c87', '0x8ec085c0570a809ce6865c129cefe7782f2f286172addf5de5557b987d4496c6', '0x2e2e3fb53c49cade75fb388a71eaf8b8489f826cd912f5244152526b1e51ad7f', '0x1ea77b4ab6a8e08a752d1d91045287d0bad8ea507a43caada5ec0a6ffb6d6079', '0x512a85626f09837fab2f5940feebe74c3a2219beb6233a7adfccd2092ece7328', '0x104098ed7a24e29a8b84ecf50d4ee43f36de665bdeb8de5a5a5212650f1120cd', '0x24e0fb5bb25a099796d0d5a86c2e2ad22349bf5a1d8be306f40e5940c8e688c6', '0xa958108597db279f14cdece24fe3b27f2c9e0346f6891c0f0570d7c0b0b13c34', '0x416d2aab9f6b62f11a93943b87f1f6e271e791ba52c19360eb892ebf097b5850', '0x8ace9e1bfa0f60f8d8c09aedb6baeed435bbeb386273a176a2a6bf5d5bd15626', '0xdb6533aab86dfb05df3550939a89f69c813d701aa6afa57409489452caff062d', '0x9f33183c11d3b31f582a02b9f4401f015ae7a27051ec632f6e6ead6d8f6246a1', '0xd23537b76842f7cbf7af71890562ecf5f6214f4707ff024efd697cc490df6609', '0xc5c0ea1e1273f61ec9677839689ebbd806a7bbf62fa143c5fcee1dc6873ac555', '0xba79a2df6f0832a0fdfacd7716525afd7a7e62ebe036e07e599b277ced30dac4', '0x1940718bb518c8a72958da14bc4044e2949f8b31957959d73509176c97261ca6', '0x8b4b2acf39f4ac1fda261d1a16fcfbb6ff455ec488fbe1dc9b923603df1e910f', '0xf5370a816086f3fdbd4993d38c0410e2f1f725b1512f90e1d5b59963769b9deb', '0x90c96262508b79d4f74ecfa73d9f7600318a8f9602f5b35431aca979318ada8b', '0xc12a636b401744dc27e1ab5090e512131efcdbd63fe7ef803264a807df2f296d', '0x5ab775e350c0164093df7f3045841c7934e360bfbddbb0880b03297085c0838f', '0x619ec3f8ac131028b1d5dbe9cfc0003de528543aae168b5e10a2a373586df449', '0x680a22906a58d964152df8cd91a6bd4192a8e7e7d4910c58a516d0d8abb52d64', '0x80860b9a24f653bf86f2476575b7dc1a4ded0eb31a2faf06b005f77ba78d71f0', '0x7f3f3d5cc496c057ab60222940dd77fe59694301459ef4e1e6c2e7f98dd940d9', '0x047cb2de80204ca8753f6455ff1fe34d01f2e66fce7363ccc7abab651558522a', '0xf500d1f4d94c0baa0d5872865fdb0c8d0cc72a7d204a1ce57d3b4c18166002d6', '0xdab4d8b40fbb40913ab0bc89e520e0d48fdd1d7f683d8593de2cc6f690ae68c8', '0x625924985c28baec705e5640957f070cd564706f3a1ae99f59db7b8507308ad4', '0x0e9f742b71a7c5eeffe3dde2eb2b291764adcd9a801846e0a6d21318258ca578', '0x5d7289c02fa2005d25df4b0563a157cea8d88994ebc3c04210dd595a039ecf12', '0x244046e16b1416b98e5040a53e5641f89319f5f1a67e21fce03365d4630428b0'], 'transactionsRoot': '0x25caac63ef5d49f1827c8c5df746aba0caa0a9c3cb36f9540e9388dd17f5ce8c', 'uncles': []}} (async_rpc.py:86)
2022-11-28 18:11:29 [   DEBUG] Getting response HTTP. URI: https://responsive-convincing-aura.bsc.discover.quiknode.pro/3e7f242edcfec9ca1a36ef544cee66362af95baa, Method: eth_getBlockByNumber, Response: {'jsonrpc': '2.0', 'id': 14, 'result': {'difficulty': '0x2', 'extraData': '0xd883010111846765746888676f312e31392e32856c696e757800000040fc9c67f261af96783b507bbd6473cf27cf58b4705a969120e5f76e68b96f2ee5291c9436b7c8d516b4413363a6855cf61170c11ecf35a49be7b90f9a0141398d44fdb101', 'gasLimit': '0x726e316', 'gasUsed': '0x1b404ed', 'hash': '0xce90c1a9f735b2a50c59f32e02d66b6d4f7389bc9a9b6fba65c6f352cb202c35', 'logsBloom': '0xfbfffb47e7feffff7efdf9fbceffdbfffcffffdf9fbee6f96efffffaf77fabb2efb3f76e56dbf6ef777fbbf58bc76fbb8dbf0ab5e6e2b7fbf3ff7fb3dcbffefebeffebdbcfffe7f9fdfef379def7bbbf7bfedafd77fc59b9f7f5fdffd24bdfbfdfe77f7fbe9f0fff3bd63b5cef7dff8f2fdbdefff2a92ff7ad7bd9fff7ffededf277ddeff5fffb7d779e579fafffdef9bc6eddf7bdfb77f9fd9dfff73bfb7aadfb7da8daf93ffdf7ff6f774dff7f76feff6ffdbedfe7f963d6fffff7ebf752efff9ed7ef87f7f7ffbbaf7ffadfbff7c977de75e2dff976f5aafffd3f7f3bf063bf3b757df7f774bdbbeab5bfb6dcb5fd7faffef77dd3fdedffb7d3bf6ffbff7f', 'miner': '0xd1d6bf74282782b0b3eb1413c901d6ecf02e8e28', 'mixHash': '0x0000000000000000000000000000000000000000000000000000000000000000', 'nonce': '0x0000000000000000', 'number': '0x1655c6e', 'parentHash': '0x0b6d41227d4778a8ac9541ce79dd7eeb175bbea0e598f5d46dae4dface5296f0', 'receiptsRoot': '0xdc2f76d7ffaf1c9a3e320abf8056624a208ef574617daa06460cf2bb4d2285dc', 'sha3Uncles': '0x1dcc4de8dec75d7aab85b567b6ccd41ad312451b948a7413f0a142fd40d49347', 'size': '0xd812', 'stateRoot': '0xe161720b9109f0db331e9a0fc2569c1f1d9d82e8e70670e49d8b5a0d1be2e9a7', 'timestamp': '0x63837e14', 'totalDifficulty': '0x2c67214', 'transactions': ['0xffc23ae96ffd6c2ac80abf24b8596a6b084a3febd53ff7aea74347a1dfab2c53', '0xd0b5eac394d07f70fb9562ce08ed7f92a3a0cad2f3097b29f0536c461826b152', '0x2817fe0d7943d29263a0ff047eeadbc2700c33ad9db1bc2f952380bb33c5203b', '0xe32a8d8ac825d2fea164b8c2558227351dcca8c782508c6baf49b2400e37a82f', '0xb50e4ed2e2c290666001915cae701ba011304b4b128b30ee7d0409c7fd9b0be2', '0x91f07a18c39f6a3d32dd43481ed83bb323c5846d020326eea86495e68c8b7155', '0x1d1d093ffd3cccff1ab2cdf596791613b7e124c2c51b5b63ee0f0aaa066bb6ba', '0x989200a3e44a7f90d2e98b4226c7e5f02625f3bb89cbcd9e2ba3477a09fd968d', '0x1e7d40f158f9a366f932aa9daab365e5df04b344011fbdd45bff02038ba7d1e6', '0x8cc64b22484115de7a58eb1dadac6b5e2aa2433afae08beb77efee46c38eba53', '0xef93712f05cf016e64ec074e8adc8956d211c95bb57ed7e3fd2fac8e5a5c1aff', '0x15c4672b0eb9143cf1c7fadfee97df0fbbb6f208026d3305c166458ccb79ef18', '0x3898a5714143cc8d250a41531e06f641c770d64d660bff4de25c1d2ebb435842', '0x5dcb633163cce1d9ab5766b22a0f50d89715e990fe926ad8b814a302532860c5', '0xaa2eab0bbc3e4258f6cca3fafe8b0774c2ed3b85b55cd0decda988b8bef2b0c8', '0x7aafacc1b46ea7633bde3c79a1baa294edc330675b53611b20fd92f3abd11f60', '0x2161822271dbfbe0e06e68efa34d8415c37f68d7c0b85dcb66ad5ba6847db4f8', '0x79fdd912aadd34ff69d48c73a52602e523e257f5e4b15ab54ad40f7f5e510c39', '0x29bf378342a296e0e3404773ba3c77d7f20fe4104685f838b97cfe71c918fe56', '0xd2963a703aac29f23543dd78adf0c10e59d274c1abae6a0c025f70ac8b80811b', '0xcf657ccf33f5b1bbc7484bc82323b60866934f89a421fa5cd3ab88f24203692a', '0xdb1b98f7fefec2c762585eb7cbaccb6b99b90bff147145b21d5864c840a47785', '0x40f3e52c9f8596edfb0bd4b39c81afd04ebe060a7308af82f3f289dcdea73410', '0x8fd06daa35939915c629a94327fac702198813eb42ce9eabe4faf070ee3e7b25', '0x729438333d1ca01e86d36a1a90cd8d28c474d6cd418e4501575641cbf5fc51c1', '0xce74af580b9d6528263415625fe53c619cedce7230c3535b37e059fb744d28fb', '0x668133ccf6b38f9d037a104b58cbd05b9e10adb4c9f3a0797ad646ccd0412146', '0x769f078c694e38f5a269146b842ab067817d0b96205548abac2f24289a10fb2e', '0xdd854d31e209957ad854d360d10e99dca54abaaf6794aa5a841bd7b1b07944bf', '0xbab462183370aeb7134edc7fab4050e73fe4b54fe8cf56811b2cda5ed0bbc04c', '0x0864ff5ced6b3f8da83d0ec8343d32f86d095cb87c78e06acb4c7d16f54227c6', '0x6973516831939a97b2cf9cd4732878d1cad5e30b725fe5f0892b099b258d72e1', '0x6663dfe7c266ec538a6752bfdded7156cbec3d0f0bbeb5a4e7efe12d5a26329e', '0xbbe12da6e78277702e09279a69db0799809d87d984f12676e7e3d8eeda28755a', '0x4c2adfec8e2547e5fccff7a681f008adf5429593d4ada0ce4ef408f8b70629f4', '0xc65ee76e1ed14117b27f68b2c45223cbe27ee55af179d36bae0bef4300f44c0f', '0x2974e7033463829a23e31727f684376760b0cd3036b352b23ee773235168dbe0', '0xab3ee4874278435d34601779a2c90f4fdcc9532d862a6be2942c2b874fe38bcf', '0x7ce1df9f75fc2aaedae10c4908e0097a146662ee72250835c561d424187d1382', '0xf8cb722a0e0cf8d190850e687d2c6541139f813f233ee45364c96dcb7cef0bb0', '0xfec4fc4b21788772abc6e7654d807936235c5880d43432dc704fd1f499a88355', '0xffafc949709f02de3ec5958b48e60fd7bbd68bbdac6adc7c48e0832cd7a277c7', '0x6dff990516b752fb84324a13fb4b04703a199b789d18ddddf0f9d65589bb8f06', '0x5303f31024534cb6c062dddf049200ca0392677bbcd0d59409cec36c1b674b75', '0x646e1a96f30e783c4c40c62ddc3b345c87e71832d0d3cbf39cc1cde70830ac5c', '0xaecaf7cc413a477c01492520de9cd566c197b0304233613806e77e644dac96f7', '0x68b06c5cf8bc538540ee471908a03fabf6b0fbcc9183fd09cfcea813b080368e', '0xd84e813cf01bf613ee4ffbf3d16967a6455be52577e8d90970ca9c6d6a6162cb', '0x1d2f8822cb061d009bf580cba90ce74a07326b2a89b7dc572d0e32c710dfd042', '0xef4c90cc035c77418a23c0c7551ec7d282af61c6fdcb4ea5c33cac6a37393b8b', '0x951f4612a910d6330cf651fed63c898152fa5a9a8b215f8c6048dbaacffb1b3b', '0x8c04f28f35e26aea9154f5169fca756630755c33fc9dbd99424c1be278abbed0', '0xa280582a3675c89be7fcaf9ac57466f5d9a730670987b4ffbbb24d71fdef3143', '0x994ab6606cca24b569123cbc1d13ba4b29ae057f7ee491ff2134559c4c12b826', '0xa9d515121489ca7b9fd2816abc56aeae0545e641d0adb51d164f1e959acdb07d', '0x7cf21a2933bc3c46cdaa22046f4b9bb8e23581f62353b6a4b19d2a3320d341e7', '0xbc63288f130489b576b679fe37b8a73a307470b632f16bd7c66cfb1969071a66', '0x797d5aff4cf5ec2bd871ed1f1d7b05c43b6642c16bc9edf1b479f5256636a786', '0xb1f87ce6d9daa772d29b3d275da5633dcaa81ee5c4bc2d9837c4a30790242a8d', '0x220083093744528771fb132d8b4f139cf07bde76618064e67db8222e8ea564bd', '0x5004ca671ad228ffce82f8f4a1763e21db375a754e279ad4c6805b9659bba1da', '0x0f2f88cac74a78bcdfbe99347039779196bcd34de4d4c74f98620f4dc1b41a15', '0x9c59e6da19cf31cf2e22edf2bc6c73c9fdec421081cae297bde598a89c1a5bd2', '0x687a4323384a3f23b28ab62ac5892830aaaba11c003b576546d9e97293b30254', '0xf9d3f181e1fd89be45778a4a217f5890b958392a184a5528ffef4fa6f9448d0f', '0xb5e3c08994d488e09903be3ec390f04f0e77cf305b44a2c68aa04305f820887c', '0x715afaf6aaead969cae439ad31c841aef508581a3fedd59007432e74c618ec60', '0x69cb9b7c3672b8aeb0355732d9df756641156987f103676b5a3ce76bd2e445eb', '0x4c2377960244d67dde5e407e6903f0e216a74b44cb10742659dd8f8b850896ad', '0xcb565640049ceb825cabaf738bf0e85f7c1cd5535d0179b54cc7afd26491c499', '0x9f015f77157ada3fd61420ecc1fda758d52dfa92624b9e4c3e7fcaf57f893a1f', '0x2e45296668719ee1b6b50fd0d87fc2edc9db4201aa1ecf6638e007687c2a1653', '0x931163162c1b578857cb9b8e5ff28e3c93a58d7e1709bc76049764ada725951c', '0xf24b8fa58a2b8f1cfe03c72846976e16ac66400d67ff8d7627a9c8c8caeac966', '0xc88d45a8b95f3dd1aefd7fddbd024d0c7eeca20d4561ba0d770c92bcfacf455a', '0x777737689acb7e183d9bbfe76ef3396b81b0ed779c7172a60e25fe3bfbd65e89', '0xa014785c51ca36b4784b023e400811da883bca92e0dea9b76553a53d6f4056d4', '0x35e8c311b687d30f67907821480bdff86dedd8510c00de0450c97b8375fb34ae', '0x4f36b40cabdf0f611436bd8d51cf11b6200dc770d6d5d5d18e056fcbe265312c', '0xf4b7e63b1b0317c9b7c03577513215a43baed0273d49a5dff473ef6d3735bb04', '0x6149fd9ae1633b5293094ea95b1142e0f379aade8feaa4403ad8023f55afebe5', '0xae4c453fe597b53cb89a71c96cf383c8690307bdf6c6fd2104bd0acb50d880dc', '0x65bda8a9b9e1c548873dfddb3acf3017084e7165f32cce750eb6e70ad268b554', '0x0cc523f1a7d6eb2336f896410151ba8f300f525e9eb89009405d150e9d5b34e5', '0x7aedac247c9b5566ad41a76c1d18d51e20b4598c8f1b7c4a316883b818a6cdb8', '0x397c73c58a2f125cf78517bd5fbef32fc79f6781a960e94c0e5a90acc484b29c', '0xf7a888a1eed64d65a09c99819a209827e92ae0b7871955946065bb19f494e54f', '0x7bc3608d52a8abfd1c4abfbf63f60050a27d9df9298708281e4a0907c11f171f', '0x4b47257c8131268c1e54042f9adb6bc881340edb1d3b706fab0ea9c0d741f403', '0xd7c21fb47894adb77843ba79d2e9b70e39d7feabd85e1c4f6a81b11f1abad6dd', '0xd51102abcfa4c50e51ad9b6731cefac2ac7a9cc93cbc50e350108a9bad05cade', '0x3fa04cb4acf89980f1b749b8f75964805b64048a6e2f3f5b0e3aa8e75c8ecf0c', '0xdcc699cd6ed38414e2f1f5d9bff47c6a70b16fb66fdb1f8ae9c5cb8cd1dba0d9', '0xb80ac31056f759bdc8322a194476856544f238f96eac3252b359dcbb7418a180', '0xf1cccf06086cc8f880c36477bfb6791b99259b95df59109d86ca0ce8efa557fe', '0x1fd421bebc6cd8c85d1b050a35308c31440faf37579d072660cd1ef24ae871b5', '0x2de112f2c3c8f6f7ec24e9c9ec87acc0e6c5d1ff6b352a8bd6bff39615fe005e', '0x9f07a947d2b3628d1ce21e3b682296d4d7c04d85f20ba41f91c3940fb2fcd056', '0x8b2809e1d0be4fd0242622a3cdee64c479b67b65bdb3a8a89324e2dcb5f10054', '0xf8d1c0d3fb669af90612f4082d3685f8bf0e549411c335ffe512e981ff7de533', '0x9d5ace6867c7b31cddcfa5b2a4ea0f622c21b19a423edb50dd7a4708c702124a', '0x904d19995700e9f9b4005e4b5dcae6675d5a22b8bafb41903fbf94e58f7e4b1b', '0xc140767bfc8e7495fd62c268cefb971b26451796b15b4649c3f45d552293c925', '0x6dd09bf32a5f15129f59e74d1628e3754845a4529b2d8ebd5b5963ab851c8039', '0xcc7c20fc330816c23eaba6a555b79a10a61a32ecba284acc8bff38bd809ac6cb', '0x52ddc2175cac49310815097959a84d652a2f0f1b8bd7ff9e644addf53825b892', '0x290a68241d39788352ec4d37aeec97c800b73ac2fa6a0112e242a7ab569b192f', '0xb6c39f35c6a23d774096f42927aad6c0211ea1f448ba8da649eb3d537184d889', '0xc8ec0d2053151efe73fd5a32d716a3c3c3607cadefdb6e22aa64997bd08c733d', '0x9fb0afa41161ba07db7bbf36e86a936cf7ac1c95f489be0f029626e51e26c6f6', '0x72eb324e7ed85751688e102126ad85e120d513653db678c3c6f7c84d75a1851d', '0xb5bd3c58fb7cc14a95a31df8f3f1ad77131974f0e22422bb0a47d4d913905f12', '0x11b29610d564bd142ace8757e37c47b934d3f52408dc07cebd95ea7b9807143b', '0x9e1d62f8cb1ed291bf38fdaf0c564ae66c7707fb24a76c9d2a26bd55c3d46dff', '0x9ebd2968228019f5b2526731c7dc7ed769b86c0e0154e5591bf729668cdba36a', '0x376b9bd5fe55c18f5243919c15051013b9c69ac3018d3ecf709c30c3b3c7ad1d', '0x7febd170cbe4ad6f511675de81bf13d899f10cd39468470dff68fc6bca69269b', '0x496a19ce175bb8f59af681fd4a3e45aab270a10bcc30ccc014fd327a1b96571b', '0x07beaf4f9c75abc45a36633fe4a71983626f3e756a0d2930887a7060f2d24f22', '0x7d5052435371919e8a9eb0aeb7819188c2a59ad284a8ec288d6b77723a951bd3', '0xa5b346a440927b583f06f9449380ade459b89029b77421bbca512a33b919e29c', '0xc8de8d4b2d8fd47c7e24ddb234e6b006af11313d9bbbe5e0a69a4ff572656865', '0xe0eabf71248ff89fce9900e62add4e037cd47f65718ade8bcb11ca7854515ace', '0xf61b17582543233fa9f6e3e388a77cd638e60f0b707a4f092dfb957131ec207b', '0x329ef03823ce54052611a048fe32ea00b7e52151ffeacdb1b16cab964be504a5', '0x53777cf5a1da783e7343e05aac8be152f2cf8499bae5164c69643ed7ad676211', '0xcbb903fa8d2baa9dfed6e6ab1782dc2e96684c2a4d4ff3dc6d8241e979ad1b12', '0x92e3ee9faf21830692a0e6193cfc843cbcf9349e214b6be4971a67780a9d38d6', '0xbaa11883f8b591364dc6bb32ebe64f979459fa6b98c49df159bbf65437fff70d', '0x9dd9e440f485ff406bac7a7b833ddb2aa95a79ae365af9a17e7e389987a4c44a', '0xa234ef71132cfb837fc0df7b6f36e783869f24ba6c7df08ddd92ba10b52b2cf5', '0x1e7e07bbe5db3d7d929532074da2c1567f76da5da5d7786243baaa6418ecf305', '0xfcf7e36da7a5ec9e120217e78876cc7f821254a325c0d62806f6733474ad3ef5', '0x9b47f172fe639699b971d1ba2247929a1ae4b05ee1f5d22b9000ee77f523462c', '0x4923f6654ce01b1d77304dc5cd7dfb1be926a02ebb9d3afb804fe7aa4867772c', '0xbc42c7d098ccbd5caac216c9cc1d46bab1bd2088085cc60a66e833b38fc95d00', '0x03cf53bcf2f8ae0673f3ff6141b95d730566ed0b4423018561b5b1857ac7428d', '0x8324a63630952aca75b8075cbf621dce891a7ed5e75b81bddc169724462ac978', '0xb4531e2d2da422eeaffc43409034884e9dbc352c12beb21b3752544fc4d8cffd', '0xcde1ec312560f9d349be83f8fb93aa0e1cb2a5c72292c4872217316b0f5dfa37', '0x59bb6d79f6383f21d657b5d62f508a6b77d31774108cbfaf52cb3027436a469f', '0xfd276cf50e04d97d3fee02e997e3ad3bb6da59df63fbca15db639b2fd847b7ce', '0xa2f70304cf3761c2bd91803f5d461a8773bdf0ad9e85ba92793ae07cec53cb06', '0xe418b771fb09449f8479321d505fc510b6c40c203c9253d9e85feb37c41d9216', '0x1f7be6687fe40f21e40e5d4acb8963d568e74cb68d711502b45a28788d23d4d0', '0x7c2d1db29f1247771c6d493a475c6302e2c26ebfb7f783594e373b27b989d21c', '0x83e7fd072e948f9f141988e6eea39e475a866961c013affca416ab1e48fe0408', '0x6dd897a28085e714b8135a4b2c8cdf86f814484d036bb924484d864040d73a75', '0x4c6eec987dd9c507a61fd6e3fe9c6490cf37e5a0afebd67830efc0f838d313fd', '0x6f8caf6a489bba1630827ab8a2901fe53dc98d52dd32e3d5cced4cf2e72e4e82', '0x2b55b6874976262660e0b88cf35b787527724088018cfbab04b16653a3e4c098', '0x25aef458ad61b521fd478af029c1124800dec8bcb625a411011f2bd447d7bd43', '0x63438517d44ab48153e5d44af56566e98e3d91389fa8223b5f43c21bd308932a', '0xac9a7f2f9b233122f4ebd4f7e06d260161252dbe2c3f06d609e0a70fc7cbf21a', '0xadd8bdb5803f82d74452ffcbfb0196fa38e2b4070a62119adecdee8694e58815', '0xe4f6a2d46de03c180d3abb8e2331ed5d4378bcceb40bc0c72a396e9f99386fef', '0x271a93fabcea787d90da4b7e1907d4dcfac1bd59fc2e5047c55fd61dba349018', '0x33e933675161fdada88f3495c303672c4422d28ead5ba14370f05e57cb95bb77', '0xf932a532c62626313a95355582c16ce92e055c73fb27d43afd68b021ced5c6b6', '0x445a56d9134b862cfaff179c684fe9c14f820e829592fbcf97798099f331b8e3', '0xfee6aa05563af280189113a4a1d12ae7172eabb30a6d26e678f5f48edc0865d5', '0x63d9ef50f510e5f8af2d70604fe9454722e4005c6720f6df068034f8b77c3179', '0x53463d0b04d8aa4ff0ae21b8665da84a631e915700eacede1abc771465fe732a', '0x3e824281b7362338587672bb30e507b7fea6db05bfbf9ac419b08a0ba76307c8', '0x24cfa473e93e0a1b725d5dd1d26f3e10b31b95a1d35ef216794e478d9f0f0546', '0x049aaa2a835bf803f9193bd19531e1c0a4a0bfeb0eb7966cc71104698d406b8e', '0x23cee4257858407c5bbbe50f9b4224b07b8815bbacdf3f77f64f13923ce55052', '0xadc9a4fec828e31f272870cf2f7baf42dbd03a89d7e752e2543113981afac71f', '0xee40fe8f136d6eafcd74a5cd96b5edebdf1c64d072278584b3f890f626b9e534', '0xf5db73c64b73cd1ab60a4c181078d75f29d05e2929f992c2c9027b67a4eb43ed', '0x081cc2bf6d04614f447ca82ca60e9fa7f4f0e7f3ec07a6179417c98ffd603386', '0x362b3d8dd7cfe6714f14dc1001ff19f1bc50c0432ddc783fa0ddc9cb85b0191b', '0x33b237ff504339e5b0f0dd32aabdcd5a0fd42782dc56795470c8b6d3ad05699f', '0x56b7cb80f2768291c5dc5110c22c0993e859e56b84c076ffdd8154949db9155f', '0x29df3c7f0492eb6666981ade60d8a659cd49f5e5158d61ba8cf33ba94abf8cba', '0xd5782a63eee28475f910a9c17ef21e3d95c22bc148fdbd706192d9712889acaf', '0xaee40c91fab6aa4d2fe8b4de8c4a1ef5867fbc544ddfed725b66aed965f6fce8', '0x560bcfba786382b5ac078a9e2a55642ff1b87e78c565e3900d7da632fabaa002', '0xdaae759cb34f3c56aa44770e9b6310887d6f55e7b3dd3b378fba91b44ca56a6f', '0xa37a9a3158cafd6f60f46c0dcaaabcbb33ceb09fd24a6e593784cd2ad56281fb', '0x59b88d16971bcb2affacf45fa9ef21f9b7be9c5042a6550f5661fb6013f05e67', '0x2729a873df64f32b8bf1f24d571d923f37e0a2e8cd89efbdfff0f817a944de4f', '0x34c7fd193ce11b7ca3a2172975bceb82201c974ef366e89720b0413bcae70799', '0x0da10196e5b4628bfb73287ba701247b6196963701a88854ac7e166d02edc642', '0x5557aae316af109d942d8971ae91bbd61c35b7361c83fc4eb491fa71ec78da3c', '0x17249b215ac1bac84f4f708d4af2ea8f5ded004a40e4c21da8f421a971cdd953', '0x8c8dc1c1710cd2db76ecc07a6848ba0f9ac530d1b87fe1154c59960c9f3057e7', '0xcbf5c368e084a4440706f246bfe8ff73b5bc878173b660162ee6d6953c2d1648', '0x66cc40201f7ab34544c781515cd9ace11a2ba67407d50d284bd82f457be65f0d', '0xd6a41c69943493001d345d44af8c1c3c688617ca1b3ee3e46d5a510187dc7129', '0xbc126c25b3986dc36188a83b4611e8ea565337d893303d4f888c1e346257009b', '0xae00341818e3d4cc8352790ba7194f64342a0dc9169c8c81a771989557494f2b', '0xf05786191d789c2c805afe26679e815456e047b78789cafc35131919f608f03c', '0x9a3f6e0277c61b7d0608a6c49ebd7d17f98eb3d7eaf3674f8bce1ebbb30b8280', '0xa448c08b7114c270af7c4f0c241fe1f4f620537e4050d977f81c775369d1d863', '0x7f4ba22371e43fae3884b9033402dd2bd3f792155fed8a670056cf51fc6f8fc6', '0x6ea30767d5c1f124c46ba2a66fa799bde75a9b3d60b876fcfc23b64b23182e0b', '0x5f63cd757a1a638b33eec970b7abb38a2857093683be562a2c8489d1b91ef2e5', '0x3fd16b1b1389274953b09c2f21e25db8ae7f7cd0f0ce87227215a8ae2b960220', '0xd68f247f54ca64427892e156ae8b2e7ebb84707cb0c73dc7c505aa9bdc9f0dc9', '0xe3795a6739d5614e1c6d677805b87ebebf3ffd3968ad9c1e74d6968547ff7b62', '0x94ef9b381f6164e64a0e8d727766a08adcd87a71a5b1b03ddb53df539da5d004', '0x75f35444d0c06381bdf5ef6f4b01b8e5ef5f4b20ce5657bb4c7c50126a3f8015', '0xf1e38b3f63e75df144b6a55a086267fad8c3072ec9c4aaa851844009a04c759e', '0x11d59db4e69a929edfe0026458d502e12549139b8af99364e0c02ffb87a64500', '0xb9dfe2d517ad3591ea4f5eb4f948ed72bbb0a7a7e2ff2dd4bd7805eb177ce713', '0x1cf44f0705603d9ce3140e8b5b46b08fb4bdbea778728a385b5d9eb1bf79e031', '0x96a15f8bf01446d97358fe8b274341a80a3d334234a873367956878b18856da3', '0xe2efebec7c764e89bacc5b83e517bf2865f29ca720dd82ffa3e21bec4f7ed3e5', '0x5452f993a10e406ac0d0b67511430e1bd8f7eda9d6a8ff9b46ebad99d20b8e68', '0x0db9f71236bd40d3a550281733228fc42364adede61409f563e7b0f4c36cd7a0', '0x4c670957ebf18a65b16b8ca51bdb944dde7c95123dd797311f89cff11e7fda87', '0x735c856ee1ab9a167ff4f7acdf1df9456dbd9a399c2a1e442dd510c944cbde4e', '0x05aa48db14410565c57b4a7c0067a7979a2ada5e6ea06cb174f0de03d732a545', '0x083d543906934e12b131bcabb07ab584c5b58feb41c4b3edbd80a523bc167f50', '0xac844ba370ccb720165e4a818654ed40ce302cee7f2c94be5953f741c966e228', '0x33aae91af48ccd8db5ad23d5d75f1b972a752e4f034633bd6189cd8a91e2a4f2', '0xcd91f1c3aecf64d4fbd2f912782f2dca1518452e94deff20becc20fe69892d74', '0x2eea14a171cabac3e4f68bd84ebcd17ece6bbe3ddb2dc6b6877fa66dc2e31847', '0xfa67966b0937b184b7aa07d9e4dc89f2528c55e752fc641d278854e2e8d022c0', '0xa63c0e4225047c1815bdd6c4d3598105720755cc9a7b265ce08807f693fbf8ac', '0xcd365217d264d951700fabc5e8e62a2e6bb65a78f9eb7cc7b9d3279acb4894cf', '0x33a37ebea42cfeb7f4afcec09e7b5597dcf0ce7345a7c94b1841b964f7f58d08', '0xc8e74d9816ec403c3bc25cda1874fc1dfd5bbb84410923051dfce045c5514f97', '0x190d3ca5db183347d85c41793bed7b38cd3aebecc8bb10b42df0a38c49caa990', '0x9a1ac40501d21a8e7b35c07cce9784dac5adaa76065233d741a95915b7543611', '0x58eee309bee5bd3afcdfe115723b08c73eed22c2893531da4c4fe59ec9d64747', '0xad0cdaa982b668ae1f439c7fcfb3fa0b0ba017414df3c459c885801545b0472a', '0x0c61623440f229e453bb5838105540e131e75c74ba9318f41d68123eae264e13', '0x43ae2acd9adb0e82bedfe6c2a152015e1a568621bf87a51568374fa17dab7d2f', '0x0254ede3ead3f97ca120ee7ef4289bf7e511ae3753ea5d6281f3ba2b876877ec', '0xae110db8e1d052b21823911fe1f38d006a830811aeb018232cf81c4d990a8808', '0xed92691708e062b0a0ec5a7401c39f4ed3b5fad8f5587f29f43447374c2b5a9e', '0x3b961d82a5052aa89d3fc96daea5493db5184f9f0aec586d2c75a9ecf53756c2', '0x01b6713d251adcce2c83f47fe52059c212e86c4df0d182b299b28accd32b00a0', '0x60b746aac460aace7ebc68e1c1b95414743df572801a888dbad800fa0619f874', '0x6f6c1bfc262651a380e095d22f10b39bc834806e7b37e967e23b84b0e78d690e'], 'transactionsRoot': '0xf4b7836c43dd4a92be5d06a35d25b6075d2101bf2f949a214ce02f6be6b5c3d9', 'uncles': []}} (async_rpc.py:86)
2022-11-28 18:11:30 [   DEBUG] Getting response HTTP. URI: https://responsive-convincing-aura.bsc.discover.quiknode.pro/3e7f242edcfec9ca1a36ef544cee66362af95baa, Method: eth_getBlockByNumber, Response: {'jsonrpc': '2.0', 'id': 26, 'result': {'difficulty': '0x2', 'extraData': '0xd983010111846765746889676f312e31372e3133856c696e7578000040fc9c674c079fb56e6099efc62d7bb2c4ca6c26fecb5494bb4a6f8d9112fa30f731adf40327bfecea07c7559327e6d5abe2bf18b0d2168ee07ff3761d55e0151230593e00', 'gasLimit': '0x73c98a3', 'gasUsed': '0xb13cf4', 'hash': '0x55c1d72d0ac5c469d6ca5bf94bb7c9aa51b61989c0074c4e4e23d5b083a1311d', 'logsBloom': '0x0f23221d68cc0258205c26c1a2955b9c85d80002a762d439da339af3a3b84388036a160714bb5d83590eb0ba0c8100ad1909cc831687d2702014608474bc47d227e6d3824500431e5176c7ab1a34e8b0785058689f4d087735c4149da7500c880c311728861e73484c296e204008cc818f0d92c198890d64b943be3b13c42079820091b58648d3830c84b3924852077d013d05dd1c34800c2b882ac636a07c728703b0d431c22569eca4e1414fa1c43814c8b422300f5c5b2172053513f219a5030309032428236604c07905539630902042694aa260109155465c729811e39e4cfa17b6a30459289556a7d7c0212b98489b359ccf8480d88030720f3837f542', 'miner': '0x70f657164e5b75689b64b7fd1fa275f334f28e18', 'mixHash': '0x0000000000000000000000000000000000000000000000000000000000000000', 'nonce': '0x0000000000000000', 'number': '0x1655c7a', 'parentHash': '0x484b25e20c73362e4250849b9782de20f74118e8876eb93c9a31d335b13a92ad', 'receiptsRoot': '0x4671d7f4c666f784cabb594d35a2dbd9e541b7c97646d6a3dc0b79eb3adcf58f', 'sha3Uncles': '0x1dcc4de8dec75d7aab85b567b6ccd41ad312451b948a7413f0a142fd40d49347', 'size': '0x98a8', 'stateRoot': '0xba278d86a130b52144f8e023f09f9d4f220cd80f0c803b6af6dd9b00bd401b8e', 'timestamp': '0x63837e3a', 'totalDifficulty': '0x2c6722b', 'transactions': ['0x587208e2deab1d85a58f7a22b1fc8aecf1d4c5e102844bcfe44a668d0f092f8d', '0xc95d80c429ecdc82232206c8e4ed6c29af6aed8c94199a6ab54eb634f4519314', '0xde0eed0adf712b0990558f8971e1565a898b2f5eba792e8f5a23d8cd2f0bb48a', '0x7baad1cab4cded255ac44f220e2e13c0e5f5975dc805e2a0f41f06bb0d49f3a1', '0x88854391ea8f4b3ba6331d560f399c1c3e707f43f8e236c4740733e09fdc6c17', '0x08763c7f2fd7a16c325600a4c07a7e9b21b21dfc9dce4b30d6c3a7e7d14d4c75', '0xbffffcca14e58d1afe38413571a0be5cd252d05f1c265837ac859646b2ad5a53', '0x905635f21c2a456a3d9f6912e24218bc94d474241c178265b850d0b2d3ff9e6a', '0x9f77156c0c5e2eb0b7162f97dd74ed59ac6454f85706c67b646099a39d6e4a1d', '0xe40e2e4e25146adaed1e0e1cf59b8434f52fcfefe4ee0ea4172a9fa84434b66b', '0x961f886814d501bb612cd3a5368c616725c52d783f9493daacf08cf74be37e15', '0x22a02e8000ecec8ff5b3199405f94c1daeb63eb7bec52d632e919ad1319a1e66', '0xef7ad0712b0e53a7fdb65cf6ae260fd5df046364218028edc7cf405c19e35425', '0xadd21492f285a469eb28e802dcd4f039aa812cd6583d7c8c263b3afebff18b93', '0xb74658b0aa206a588a9ea87b461915a6b01d3e877a03720fee4ffb8bd43d3904', '0x9c240c67dae210b82aa725847a3bd30b2354e6256b9f7f3b49675cb9dfc605da', '0x549066439f986bd4d0f285c7ba66fa22cf488f031ba045e6f15428be9cffefbc', '0x58e7dcfc33561ec80020c4cbb8d01ee3a90d454d4e87cb375ee68ea7e1806a4f', '0x1539538a5dca0cdf2ce050dea1abfe6b5913a32212c47c45b60c1c173507441c', '0x8747c28bc2115ea6a8dc0f42750961eef223b9f79743522d19a04c5b2bd8cf3a', '0xa640c8d74bfb36ad078d83bcb2fa021f5c641202b4a51a2bf61912ea75591727', '0xe28a6545390a4f6fcba145f289f49f2499ad08d6d4bca53bd2932c91747c1c50', '0xc6777ef6b0c2ede79e7dabbdce67301aac1bb430373569bec707e2480e3f7305', '0x69f75a128128bc8e727a4c284dc2a76258b3640a7ecadc229046111428b5ac25', '0xdce8fcfcac2f0e659ccb419a70cfa65191e254dc93efa0bc8e4fc2d3e3e18350', '0x5de40be6f79350627f2f1f7663c108cd8e3778f9c16218701ed70ecfec50527a', '0x3272c7bf3b1f489eace2e38ee9d165d67c0010345d0918650bb5965a9ceda592', '0x9e3e006ef55022f4102b6e9092fb7380f93bee2422b4c80df37893a8f64bdb34', '0x7e88db418739614ed0f863c2f716579ff616ac6102e1b3b97e96fd8aa85e79d0', '0x3f33dd47537f0f5d74c81f89e17b5abb622d95342289bbd4e0c5301ad858ef3e', '0x9747f990b63716e5269d52d2789a0fbcc54ff85efaa48b729be87d177f4600a7', '0x5c8289e85acf70ff498f95f4fec7340fd7398cb213d4b9c236a097aef0531214', '0x0b8a23c7f7ec35b9b24f15ca273138bf9e825251ddee3b058ebdf002e6584c22', '0xe0e9beda74a0a7d1041f0b2f4716b6c0d6d240fe867a92bc456487c8858a02cf', '0x2f934a78d44d3d24c87fc3b2825a931d43bc82945a21188cedcd3dd3e38666e0', '0x0663ca5c186b6ec02557ba8d18ff971f2792fdbb65216d958933162c8e572f24', '0x867f071f348f021039792aff1dfd58c862530db331dffe7e16a6a9687357c12a', '0x178a211b52745ebfe3e30961415c54c9def9bf736ff6e4ea7f3dcfda396ce6e3', '0x60c8be69db551792a1775d412a2777a3de64c6fd0c6caa3299ebcf793dad5f82', '0x1c18deac63c62fe1b9f6a35c8f6155d87c761fbeb61ee166c45f84cee4c92c52', '0xa42c230cb4d703db4def4513b13e51823d1255a67e557d137603a357623c1c9f', '0xa5594325046b518b91618559a5386a26dc9a7ebcd5aafb3cd00b0674be134ae7', '0x5a4bb9907299e8d50772b4a6c247b71b4379e9ea1b269ce1a7dabdec7aa196e6', '0x6d8ddcdd66241abbc58f71ab21143dec64e361ebe71bfc476249718e8599a7e6', '0xf39afd60933e291a4ae24f43400f3bf2953e3a2a898dc6e9293a9f5915d0e4ca', '0x3081703e1ad8f1781a22540527fccc1979ff50f307ced8d8c401936abedb275d', '0xf3ae93d1f3a2d26afcf66bf605341e5b762a45dc6b59cef5eb9cd79cdd59fba9', '0xf3f07b61bdcdf72a212559a413c8e26de84087de82bbddc46acae6dede27dbb5', '0xb209f4aef2746b07f46057f3cf67b4d2046e4ec436d54472a7d7ec08bf97cdca', '0xdd473f5472d5f2d08e89cd0fadc66c0480e77408aa2ec4fd9afab96b16fb341c', '0x09bd3b36395bd309596548fa50ff647c818a338827c56efc2432b1de3442e7de', '0xb5bd9c7e5b7c4e4e573fab6d206cb09f39b5056bb7c4732548355cef3274b71d', '0x0bdc237eb97ae14194db2500bca9aab6f03e9dc2e86e15ef211a007fdb545667', '0x56f450a9e7dc59b9f4dddcc04a2fb3a3e86d41de31b3038da7834dbeb59262f4', '0xe27aeb3f96e16545ea1e6f2640673d8a4d18fd6fd345f2fce1efc4e1928d60fe', '0x639eee1af7140daa75789d8acc743d8a3e3cdbb3d19215cf502808af77617d5f', '0x1320fcbf9aa5af737457815b9f5e75e57c0b3aa0779cf3bca86e782034c726a8', '0x90e8af9c798f0e6fbe363feba4ea5f0e754d34de58d1e0108466451929b19d31', '0x926adbaa8e7ce170b2336b26efe3ecdacaee6ec4366203d5254f55f00f1eb805', '0xc2434ec410f4480f29d72ab7b5027cc2ca41f7808eacf70ddf86f24ffdd5cbd0', '0xe866411b571f1cb29855be07055430e8732bfeb4c8b130e53cd1fc6ecf0be2e8', '0xc0683c51cc8b264271e4508d0824e969df8a69c719480f70e51cec4cfabbf81e', '0xc7d1f0f0bf5fb17cbd8a2a6673daf84bea03890727612a64c5f28b947db64364', '0x5066ac8358bf2e845d0788a2ab39a5796c0d442d5480a4f7b2d7f41cfe51a65a', '0xa420e7946aaccc3a16fe3f0d741c0d6cb81163650b7860c9ec48da5a04e0ce92', '0x38988d61a3191c563820f8add67ff26a0ddbfefd0e6cfeee93b3404669ed7bef', '0x1eeac07ed28b2c830ce83603504e5d3672a147098aece9f1103b525bc60c66fd', '0x8cc53a419e022513ec32629ebe01df48fd9ef9afbb5f51f7a2fd662cb6d2976f', '0x468125b1630b17ca7c5ef78d059bc5e9e17059c05f067b3fc6e07b871f4f1f02', '0x6da939c8de430368c613353d521a906322f747033a9a1ad05c40f3410667b33f', '0x3793969848c4457d8dac69951cdb15cfa143f121a92c680ee084f88ade0f19ee', '0xf982a63410eff2943d2aa4feb55b50fe84bb5dfc26fa05c3e1b7c133ed0af737', '0x554e495d25fbae8198a3e6c6cd51b11c2a49041ce4b0eee450adf5c72b4ce413', '0xb896d5e723b318e2fd1647094122df22ccee7c2f4118d3ca12d68aafa9e1a8a0', '0xa7218e4597e1a0beeeed0743448c8de35e7f7a18e6948332365d2ce30e194270', '0x6aebe1d670cbb2f3be258350093432bee956f0d958d4c0078228fa29c9a2e703', '0x053ec8a0bce25776b8237c35883011eca0260cae04be49b42cc0603440422998', '0x20f092ef39d87086fa1bc63b8ffe553a0415b48efcc3d29e0c83169123c41bf2', '0x9c8a87c0c8c422834bd1a4f3aa2b2efdc4bf7a9b4427f595164bfb9f2cbb44e3', '0xc822610be767128462b97b3d5edde1b699963271d602417c5a202af18851395a', '0x4fd2ed4160359b906c10e6ff2c7ee4108ace1ccc630cbd0998ed9950fcd3a1ab', '0x76688d6e0a537fe8be85969929e7fa0e8cc7fc4f149bcd9c79515f52b01ef94c', '0x1f5dd885e7a2874d5f90ce2c5556a478189ccf316a26cc2ad5ae0a771bf2eeff', '0x34a71ef52da0c5888bd93af5a42e5cde92932931a2cda3a37c25cc94c2b56026', '0x3ae6646c9555e1606f66f0f748d44b41945a10e2d289f3c58ca6f88b07746898', '0x3a7a856fa930f654e4aa51194a12249b80efcfe085d463659385b53c0ac86d35', '0x61052b77a235e93e4ab9bcf3ffc9012a5e99cd5de955c61022109f87b9548309', '0x00401f09915a12591487f4f8484e5f2b66431f5ad4e202ae20da0c11d07a7d71', '0x678e08f57548fb82b48172e8c87ce22bdcb6783e4018d91139538bdb46e6fdc0', '0xc9c57db5f6ec9531f8758ab200de4cd504124697c711dc106c0a05ae466a56ab', '0xb6bc155975b379d31280332445af60994c16c7b7df32bcfc057ea6be7fe35bfd', '0xb7e7449cb2b1057ae9a5e1379dedc40b19b89d4a1262b952fdd7b17f1cd67dd3', '0x80db4279942f47023c701c6ffe958f30d073e9f8650957e78bc96a2352c44626', '0x7e6553e1dc3db5c81619a3876e770d5498a39721e2a2f9decb21bd96808c0c49', '0xc9bcfcb140dfd38f5996a66b092de2753d0b5b023b03fc5cbc9419b00fefadbe', '0x690a8c44cc0680db9e186db685a48cb9769fb57c3368fb123bbb451546ff8cf4', '0x76f1aabda8723e51193e1cd28c659af50b62adc138d7da55c76a14a7367c59b3', '0x61e6e6106f64ebd7f94feb89395d6881acf25753828f2d7f777e5e83fa505572', '0x362c1be8abc1fe464193d12d840080a83aa28661e8cb0c4b44e637bb863c074e', '0x76db7f61f80b8f2e6076b110fabf2e17083bdfff249ef0328582aa28fc24d404', '0x5b9f001c7890d0a32c3d7f48791da851af1c8a5842e5285225b805aa44777fb5', '0x8aaf93444fb9a85bd8460c6af114fa4fd5babc89e839d9313869193894bde567', '0xcf900c16bd6314f5aa982250e7f123584ecf33bc94065901fe44ed17c5c18424', '0x1d6712c09897637779cc74a51fc5613fe5fd42c55310c0db09c2375e2ba6b7a0', '0x26392ea0c0da1aa88356b321b95bf83a233d4a4aa6b173b3b747dd1c1bf06e8d', '0x5381c8f847d8b685793c39fb22ebd32b38dbea7d31f7d05f20ead0025792dcab', '0xd3e5cdcf5279ec9de20525f81675dd28db5578e4fbe960086a5519f1291adff9', '0xd6f3f6d447b70f282dd59d6d104441a5e2e6b7c57385f986207b42b5697795f1', '0x7ff09e6928039274f760b89705efbeaa16e3ed345573fd6ede346fa5a52dadfb', '0x9f7b2f970d5d8e41238c123ca94a5fd44066c281b4d7ec8c1bd237eab02e2bf4', '0x8461a987c6bef08dc743c8fbc569b451aeafb59bcf26d2a1b23484470d776007', '0xc3f066b84b9eabea36a4562aef83c7bbfca4b93f4ca10b5cd499f9f8ea10d375', '0xceb194681aceaeb709a3abf38873b3bc7676ed13132c34c1f4e61c2045caabdb', '0x52d38d137bc60f9e3f04a63c944f31f74434229c3a48af6f0af53d13ebc1f84c', '0x3dec666f71cccecd4eb9b52b6c8f4ef92bb39585422b407a5028bca25f15b973', '0x5a717a7752f32ca586a00040cf0971cca7357e4ba1fe32c1034229f87146ed6c', '0xde10f40889d54fa29b28e6efa03cdb6ad27909ae4fe0a304c8dd933c76348197', '0xacebd2dbfb338e3591ac5e57054eb777da3d838e6073feea9c2030545089eda8', '0xbb24b382019457c1a84940b8e96f0998d9486f2d1104d0573dec0f253ada58dc', '0x511f8eb277bf392b1104e18f842c5d5f6b78bb385f2cd6d9a41d8d74681a756a', '0x037e6b2fa9f82c09ad9ff239d8c34dcdf04c8b2f455971387c33f6400e5355aa', '0xddbe6533c7fd89274e07626dc695add2539d5a9638de15a4416014398caacab3', '0x3c4f383f4bfa4b81c0ac5630316934b29fa76c7dee022a57f7b5686141663402', '0xe29637b5e8d73c8788db15bdc428a26a94ce24ad33e2777e24ddad118c3c526d', '0x57192de0b795ed43ecb22d35d8ce1e08e0f25475cc8c6e590c1b65849752282f', '0xf3b2648295ab3b6edc9334c6fdeee64b5752886aac84771f4b12e30e7a3fb91b', '0xe89fd1582f21521a9b01bb08ddc475fd7892930ad8da755875b363f43ca658bc', '0x900cacd43e2e27f4ad65c6b129fce66d3983b34972bafa7077025119af68b0d1', '0xf97c62120f9326cc690d25a8a09b18e3ef3beee1e7ad4b192b2758eb0b987133', '0x5eacaf8455a33aba4e8e321c28808fe37a88437eed87b2bd5bfda8a7def8751b', '0x5260d22220c4d6d609ceb5f680ffbe27493cf78101540454902ddfecb4d18861', '0x25e6936eae1863bae6bbb992f56380dd3fb6e945a1b216d4e9f78c0dd6bd7367', '0x41e6628e638e199da53a6ab8d3fa6653f52b932561e6673cd4a7594e09290347', '0xa359a1582d41fbe6df003b38a755bfbfd20183673d85ba81e69bf1e32b7f9a11', '0x7b525b7247bf62a452f56de643d7ee7b85ad7596c50d24e40a2327cc0599a4ea', '0x0bea017ee48373db0a049c1f7f46bd01a7a20bf6c368c6e5d0a36a351d513ebe', '0x980f8b32106111597c3b4fd7fed182b2ca6e6fa9f96da78593ca32801ae10c45', '0x2675c623b7182d4f9c63474d57066790f3568c8f5d25757335f05107caecb98f', '0xe1cdbc231834d57891c2284e0c36e16c959bf3fe09d64c578cf159ff835ce57d'], 'transactionsRoot': '0xa824bc54defdc0afd97a081b063be687659a61919a03e3ba4f0298a895457cfe', 'uncles': []}} (async_rpc.py:86)
2022-11-28 18:11:30 [   DEBUG] Getting response HTTP. URI: https://responsive-convincing-aura.bsc.discover.quiknode.pro/3e7f242edcfec9ca1a36ef544cee66362af95baa, Method: eth_getBlockByNumber, Response: {'jsonrpc': '2.0', 'id': 3, 'result': {'difficulty': '0x2', 'extraData': '0xd983010111846765746889676f312e31372e3133856c696e7578000040fc9c67e51324055e7289a7c5c5661b2525a4c9cb1b2626c6da38e7c5c8e6691b2b04bf7a4599a1f434d76ca2141d0540382034fad2d0f2559d19ab2974714933a30c9000', 'gasLimit': '0x72e350d', 'gasUsed': '0x155d97', 'hash': '0xe8c837348093d5a36bea54fc4fe92669f7c9bf5176474944fe9795d25e8161cf', 'logsBloom': '0x40200200000008100004000080000841080001400210000000080220041001220000000000000000222004000008000000000000001080000000140200220010040220808020000801010008080002382410000002022000004400021000201000108920020224000280001014010c80081000808008040400203014048211044021000002002004048804102011204000a4141000000008042000c002820020028000000000000000000400428008404000006010200080420000011000400000801c02000100020008420e004230002880000000000010000000020000a0800192080502040102812002040000800000002208200802002020000000010000', 'miner': '0x685b1ded8013785d6623cc18d214320b6bb64759', 'mixHash': '0x0000000000000000000000000000000000000000000000000000000000000000', 'nonce': '0x0000000000000000', 'number': '0x1655c63', 'parentHash': '0xa1259aeca83f02a5f0f925c0d6659a6841cdf579dcfdf28fcecf6fa6015200c3', 'receiptsRoot': '0xa82b6301b3ae11c589ff2c08b2daca675a16866c5d058b427311a6d43b497e96', 'sha3Uncles': '0x1dcc4de8dec75d7aab85b567b6ccd41ad312451b948a7413f0a142fd40d49347', 'size': '0xf95', 'stateRoot': '0x44a072c3e1a258f7004e75607786cb417bcd1f5a1e34c869238c9aaafef6b68f', 'timestamp': '0x63837df1', 'totalDifficulty': '0x2c671ff', 'transactions': ['0x24830f781a44d9007d2bebc521f7f86918dcc9e6ad3dca52467a3437c57c37d1', '0xf523ae299f823e0f3f5e67a1aae4b93b4eed4270a28af07900beb09cbdfeb8bc', '0x260a1fa276a20ad0eb004941d4775205333028939c5f486e54adb251f07e3948', '0xcea0e1f7d9e19d3c6702e4979f98c2f2cda1a0d52b0d7951b3755b62552dfcd3', '0x20efb2c9653fb7601a403c0d920488a2547cf8f1cd28c56f5645a1fae75fd28c', '0xaaa9aaa7450754f0260a6988d77a2048b905dd971eaa2ace6b2b6b66b6f9ed9f', '0x22b4f8afcc28938f873e8eaf4db19b3cce257e27deeb350c9f476e7302a81f66', '0x068acd58d719b292a2016305862fa8d08220f0aaca1a146667b0e99bff4cf973', '0x74afb03dadbdf24352116c30816052beda3467c05e757b4c2b5f06972f5b11be', '0x95d96783bb791707bffe420a98166097c0cc32d93162e42eb9d84ac37e13c51c', '0x45c97db4159ffdef6c7d9976c16f1a691e74ee59c80f9442804e43d198546871', '0x4565139d61eda7b6501a1b093fbb5af29f70861d012a08082d221231ff6ecf50', '0xa860dd3fcebcb1b31f6f560f590938764dcdb6a31b94f80b886963bd72cb7cf6', '0x75fd6b03d5474bbe56f0c9e389801f11207dd090f0591b0760eccddd83dced2c', '0xe540e733f0884ab9f05a887540ee668aa5e4a1cb57ab1378365f455514c616a0', '0x2f46cae8f3f34db442737e5c2a8244206393a9e5f5613865b210399961c76359', '0xc36acf10d29749485f0c088de5c8276ffce686fc13564781b934396042bd0393', '0x251b310aafd7dd68db3a794da8dcdc500713b8a4ed8a7e09712f3b72d36bbd55', '0x4d3f1a0ee9444aae2c8f1cc6ae6534ed4f48d29781c790ed448be661de212443', '0x6f6766955c87f1cadf3fa6256a6643db90183e6396fafd73ca5c4eb5a7101380'], 'transactionsRoot': '0xa7d34abeaecdff177c73f303fa28ecd4e9fe81f4b41c46e3aae2b7e5b417af9e', 'uncles': []}} (async_rpc.py:86)
2022-11-28 18:11:30 [   DEBUG] Making request HTTP. URI: https://responsive-convincing-aura.bsc.discover.quiknode.pro/3e7f242edcfec9ca1a36ef544cee66362af95baa, Method: eth_getBlockByNumber (async_rpc.py:78)
2022-11-28 18:11:30 [   DEBUG] Making request HTTP. URI: https://responsive-convincing-aura.bsc.discover.quiknode.pro/3e7f242edcfec9ca1a36ef544cee66362af95baa, Method: eth_getBlockByNumber (async_rpc.py:78)
2022-11-28 18:11:30 [   DEBUG] Making request HTTP. URI: https://responsive-convincing-aura.bsc.discover.quiknode.pro/3e7f242edcfec9ca1a36ef544cee66362af95baa, Method: eth_getBlockByNumber (async_rpc.py:78)
2022-11-28 18:11:30 [   DEBUG] Making request HTTP. URI: https://responsive-convincing-aura.bsc.discover.quiknode.pro/3e7f242edcfec9ca1a36ef544cee66362af95baa, Method: eth_getBlockByNumber (async_rpc.py:78)
2022-11-28 18:11:30 [   DEBUG] Making request HTTP. URI: https://responsive-convincing-aura.bsc.discover.quiknode.pro/3e7f242edcfec9ca1a36ef544cee66362af95baa, Method: eth_getBlockByNumber (async_rpc.py:78)
2022-11-28 18:11:30 [   DEBUG] Making request HTTP. URI: https://responsive-convincing-aura.bsc.discover.quiknode.pro/3e7f242edcfec9ca1a36ef544cee66362af95baa, Method: eth_getBlockByNumber (async_rpc.py:78)
2022-11-28 18:11:30 [   DEBUG] Making request HTTP. URI: https://responsive-convincing-aura.bsc.discover.quiknode.pro/3e7f242edcfec9ca1a36ef544cee66362af95baa, Method: eth_getBlockByNumber (async_rpc.py:78)
2022-11-28 18:11:30 [   DEBUG] Making request HTTP. URI: https://responsive-convincing-aura.bsc.discover.quiknode.pro/3e7f242edcfec9ca1a36ef544cee66362af95baa, Method: eth_getBlockByNumber (async_rpc.py:78)
2022-11-28 18:11:30 [   DEBUG] Making request HTTP. URI: https://responsive-convincing-aura.bsc.discover.quiknode.pro/3e7f242edcfec9ca1a36ef544cee66362af95baa, Method: eth_getBlockByNumber (async_rpc.py:78)
2022-11-28 18:11:30 [   DEBUG] Making request HTTP. URI: https://responsive-convincing-aura.bsc.discover.quiknode.pro/3e7f242edcfec9ca1a36ef544cee66362af95baa, Method: eth_getBlockByNumber (async_rpc.py:78)
2022-11-28 18:11:30 [   DEBUG] Making request HTTP. URI: https://responsive-convincing-aura.bsc.discover.quiknode.pro/3e7f242edcfec9ca1a36ef544cee66362af95baa, Method: eth_getBlockByNumber (async_rpc.py:78)
2022-11-28 18:11:30 [   DEBUG] Making request HTTP. URI: https://responsive-convincing-aura.bsc.discover.quiknode.pro/3e7f242edcfec9ca1a36ef544cee66362af95baa, Method: eth_getBlockByNumber (async_rpc.py:78)
2022-11-28 18:11:30 [   DEBUG] Making request HTTP. URI: https://responsive-convincing-aura.bsc.discover.quiknode.pro/3e7f242edcfec9ca1a36ef544cee66362af95baa, Method: eth_getBlockByNumber (async_rpc.py:78)
2022-11-28 18:11:30 [   DEBUG] Making request HTTP. URI: https://responsive-convincing-aura.bsc.discover.quiknode.pro/3e7f242edcfec9ca1a36ef544cee66362af95baa, Method: eth_getBlockByNumber (async_rpc.py:78)
2022-11-28 18:11:30 [   DEBUG] Making request HTTP. URI: https://responsive-convincing-aura.bsc.discover.quiknode.pro/3e7f242edcfec9ca1a36ef544cee66362af95baa, Method: eth_getBlockByNumber (async_rpc.py:78)
2022-11-28 18:11:30 [   DEBUG] Getting response HTTP. URI: https://responsive-convincing-aura.bsc.discover.quiknode.pro/3e7f242edcfec9ca1a36ef544cee66362af95baa, Method: eth_getBlockByNumber, Response: {'jsonrpc': '2.0', 'id': 28, 'result': {'difficulty': '0x2', 'extraData': '0xd983010111846765746889676f312e31372e3133856c696e7578000040fc9c671e9fb942030ac1e24c809c771984c65e36906497867d829cdd421f5155a65af5331b6de4f7ce5a06e3eec8da9b2be565d6018eab42baebf73b110b10ade3556b01', 'gasLimit': '0x73c9167', 'gasUsed': '0x2baba7', 'hash': '0x11faa652fb4fb3e7fba0fb33040f383becbd3de3193746e5b888fef065a4f63e', 'logsBloom': '0x022202003402001880000202a0002000000000080018020000000000880200008100400008100000000002000020000000200140401400080000004000600281014048000000000001201088008010202015010800400010040400009000000000720028021242210008000080000800080000000080000000001010030020001000008002080408008c00200a02008020241441000048088400204280044020020048004000500000300000024280100001040000100000000204600090100102044002700a000200100000000090022800600800004010084002820020a0004010001480044008052004800002020098200210000000588010000420001000', 'miner': '0x7ae2f5b9e386cd1b50a4550696d957cb4900f03a', 'mixHash': '0x0000000000000000000000000000000000000000000000000000000000000000', 'nonce': '0x0000000000000000', 'number': '0x1655c7c', 'parentHash': '0xc47a50e3ae3d1300153533d5fa9933e19fbbf14b77b1890c7cfb57efe2b3d825', 'receiptsRoot': '0x7078b2f57789a1832c01ab371fe37d4e9bb00579c4b947f5a3c315cbbfd034eb', 'sha3Uncles': '0x1dcc4de8dec75d7aab85b567b6ccd41ad312451b948a7413f0a142fd40d49347', 'size': '0x1942', 'stateRoot': '0xcf2ad0331399ff1de3d490f5e35658bc520180d52c00507e8ad432eb87025cb5', 'timestamp': '0x63837e40', 'totalDifficulty': '0x2c6722f', 'transactions': ['0x21c7ff5b41cf163e75134ba421137efd5cf09aba5d33fd56256648f23fd1f798', '0xd02b65bc22688815f54a2c8b01187501875167616af6bcae6675d2c4292f4a76', '0xea5c455fe7765ba1dd60a3c48c479487ed1e6918357d1c0c044cc016ec60a411', '0x3ef6b891945d871a331b6b59d25371ebd32bb6739df0bc810512b12ba704c161', '0x4f1edbaec89d856116e95616b183ddcfc7ea06f31173f2c218f7b60d0ef6fbb4', '0x7a65fdccd7ed3a72fabbb99ab420e245f063519ec9dab483a1b98347adc3f5ff', '0x3505360b10ea90efa3e765ea10aa26697c54a06e4e11a00b478b8000dcb4b0b0', '0x22b882684211e9789142ff1013b22ab400ea422e61eabe07a1a5cc9f906feab8', '0x962b9ebc573f9a1ef504aa5ef43be45f41c998e8362b92aaf435b4ca363b7d03', '0xe78cc62658a214b19df67ad5252b7a0884e94f23fa2993580f0eee8bb0766af7', '0xd4ae3135dc66fe2b182206ea7e40fb12d357bbc6eff0dbf84b65220fd97f58e9', '0x9b176ec83b1ba4e0316f0a932e66a1c21515362f7bc67acad6396e286b2ef14e', '0x867849b24912fe93547e12d7525731584c48b0591685726a5d1708744dd5dad9', '0x9c3fea05f0febc0f877131d94ea9128c68c6d710471ed5a23f9a31a65984ec2f', '0x50be91b13947670663786fc5634b74cbdf362b90ff851b607f7f97b7d9b844f2', '0xca5dd70050dc733ab50838d9242884926be60e69779a70d125fe52fc8632a677', '0x978eb3dd9493338e6ec67c1530e47fa6c69f7cf3aa31e60ef083fcaafc7fe50d', '0xe9310c931d86f58bf65b0d833af263fcc59db5e5b119d5f711037b27726579e4', '0x366992a2038384f3063955e7d44d5c7bc85909d9c18d79072e610fc792edf00f', '0x0a051ec37d9a9225a290650b835e2037832a98f92f50f67a86be94e58fb57198', '0x97453e8c6bb34991e73907d587d9d6fb5e5947151994a9d304b66051c6ef5a5f', '0x956e1ccb4eaaf851516946e5db90a36be599f63ac75a40e02fc1104f395ae211', '0xa3ad804fdff30f0a2c398d166b5a9d3afc83e605fb3ae166242406f574bc41fb', '0x85c2da8526b01387e33c75742594882675a6ee0e2225ee63e22568fc22d9872e', '0x03488b665c26d0872be21e8c14b1a09fa32ef913cc06847f7bc5d464eea3f024', '0xf6a481b22193a1095cefc2257479973dfbc8906cd718d8cb69f4be0101627467', '0xc55d49bf0b87cdfe944c99b7b55d118ed6dbcd4da3bf0124a7f5fc14806a6e92', '0x34ef803060607570fa52fceb90615e25d96ae97c589373bb5327ffafd21ba69f'], 'transactionsRoot': '0x33f8128dc6b7014ae9096ecff0569a03a9ec0b61db4b82f12f711f1a94ccb7ba', 'uncles': []}} (async_rpc.py:86)
2022-11-28 18:11:30 [   DEBUG] Making request HTTP. URI: https://responsive-convincing-aura.bsc.discover.quiknode.pro/3e7f242edcfec9ca1a36ef544cee66362af95baa, Method: eth_getBlockByNumber (async_rpc.py:78)
2022-11-28 18:11:30 [   DEBUG] Making request HTTP. URI: https://responsive-convincing-aura.bsc.discover.quiknode.pro/3e7f242edcfec9ca1a36ef544cee66362af95baa, Method: eth_getBlockByNumber (async_rpc.py:78)
2022-11-28 18:11:30 [   DEBUG] Making request HTTP. URI: https://responsive-convincing-aura.bsc.discover.quiknode.pro/3e7f242edcfec9ca1a36ef544cee66362af95baa, Method: eth_getBlockByNumber (async_rpc.py:78)
2022-11-28 18:11:30 [   DEBUG] Making request HTTP. URI: https://responsive-convincing-aura.bsc.discover.quiknode.pro/3e7f242edcfec9ca1a36ef544cee66362af95baa, Method: eth_getBlockByNumber (async_rpc.py:78)
2022-11-28 18:11:30 [   DEBUG] Making request HTTP. URI: https://responsive-convincing-aura.bsc.discover.quiknode.pro/3e7f242edcfec9ca1a36ef544cee66362af95baa, Method: eth_getBlockByNumber (async_rpc.py:78)
2022-11-28 18:11:30 [   DEBUG] Making request HTTP. URI: https://responsive-convincing-aura.bsc.discover.quiknode.pro/3e7f242edcfec9ca1a36ef544cee66362af95baa, Method: eth_getBlockByNumber (async_rpc.py:78)
2022-11-28 18:11:30 [   DEBUG] Making request HTTP. URI: https://responsive-convincing-aura.bsc.discover.quiknode.pro/3e7f242edcfec9ca1a36ef544cee66362af95baa, Method: eth_getBlockByNumber (async_rpc.py:78)
2022-11-28 18:11:30 [   DEBUG] Getting response HTTP. URI: https://responsive-convincing-aura.bsc.discover.quiknode.pro/3e7f242edcfec9ca1a36ef544cee66362af95baa, Method: eth_getBlockByNumber, Response: {'jsonrpc': '2.0', 'id': 32, 'result': {'difficulty': '0x2', 'extraData': '0xd983010111846765746889676f312e31362e3130856c696e7578000040fc9c6761ef233c18d24295aa64b333ff0647aeab5ac85e644c7c31c292aaff15e2d0716caa080548f440a3fe0890509bdfd6cd295074c4d8b4eff1549572fc890ac04201', 'gasLimit': '0x72e1855', 'gasUsed': '0x27f6e9', 'hash': '0x1e6a57a5beadaabd73f6a165765afd4c14c18973c6c37b55b2c41ebd64f8d70d', 'logsBloom': '0x012182004042193a00102040c0c042c200400400010000800014095a02011010001156c20c0852800229800005840820005235da0a120041611014c220210200160084000a02c008272049490829406920d040000340681c01140211e04000000002066616021241803f0200aa8148220800005900100d00000008551302643010012001840d1c0220aa140013250022007514855000e22c4301404100009020422001249008100460012800aa8a05ac0105710004124504000820400012200f30800c2ac4203002404002050201325025d8104040203010080300068c80a02019110001408400802506421112a068484040040c0100006a8c03000000204816', 'miner': '0xaacf6a8119f7e11623b5a43da638e91f669a130f', 'mixHash': '0x0000000000000000000000000000000000000000000000000000000000000000', 'nonce': '0x0000000000000000', 'number': '0x1655c80', 'parentHash': '0x5234e3a354a6bfb5f40acc4bcbad5e1508f4d0f70b9c7be9aee8214c106d9075', 'receiptsRoot': '0x64e44bc440158ff5678beabf891fbd54d8d8cdb0c66f1e8d5e257fc7fb8e838f', 'sha3Uncles': '0x1dcc4de8dec75d7aab85b567b6ccd41ad312451b948a7413f0a142fd40d49347', 'size': '0x1938', 'stateRoot': '0x147589214b1b4deaf2265c18959d5253e9ccbe484276290b7f25e7d16376e6ec', 'timestamp': '0x63837e4d', 'totalDifficulty': '0x2c67236', 'transactions': ['0xb467374669d4baff85c265ceb3d195347fcd481d92e1fa32b029cf393c14a688', '0x42ca8c42703f4ac460bf0b3ea28714082cfa27dfd93d84f737e11f6ce5aaf673', '0x0f1cd252c7c77f3cc7c62f3fc0c319aad76aa7ea088f5cb5bb6d5d0224d5b819', '0xdda0b0fa31ab81578ff47944589e1a16de42ed8482611b8efa1c890339ed3401', '0x83c2f72a894a0f0531a44a21cab86f9be73d28451fa2cbfe724d7ba3df9c71b1', '0xefd76c0a510aa71b8e3279f280358529edd647c2a4efcb57e3eeb604943fc407', '0x2e3610d9cc524f479ade5bd780329f1b08bf42406a46b9fcaa766056b069fb76', '0xadcd5986077912a287a47896b5859310dbc23bb4d9c7c039be737fdef95ae94b', '0x315fb0a93d1966d93385101fe23114b03ec8ea10df5b9bf682edbc9eae0422c2', '0x599e34a2df53b8685b81e998abc34c3189fdf30a126d8243d4e929b3cdac2ae3', '0x35725380eaf566cdc68f1090118d64b0feafa4388b054e07052528aa58f310d5', '0x22b7b293f9bf03b1e6aa4633b8cb316cbe4e47b8c148ace55949e4a690759868', '0x5e87862f6ab7768281d4e9fb9f63b5e2844a14d4f903474d9b7f95b7b56d3831', '0x0ebd3fe43b497737df22e19f5b9dc6f48af9ee2628298600deb799820a4f51bb', '0x01b97b6bfb64e3298808d1d7613158bd0112cabeadce09508b1a78564d9221c5', '0xe4ed441e943dcc8aa69057d802c54b6c6ab6b038c8ef24ada2a997a49649b742', '0x4eafb6b33c24def836bcc0b3e320514d7480c9675d77e485b1f367067d863e7e', '0x0b8434f95a9b00e44b134beceb26b873ed8873bca10267c5dd1a0587ea5e2d5c', '0xfeea082c3ea62c3028a099a43ed64f8a294a7b41eb18be63dfd00ca525b3ca5e', '0x74215cd3390afc4eb74c285293757a31654ed0800855d5cec5e98b7835118b68', '0x970a19f75c8affa96b1c748285efce40713a38efc8ae7f1be50a23d625838245', '0x35a5f96c89b09606519b924842b8bdad0c94fc5c543ea3d8016e5ae8d50a7a30', '0x98838fa4eb010c3ee518be8800d0bfa024449d5170d4922f840ab87be0ab43e9', '0x9d1f9980facd27ed0cc357dde3fb234e53160297bf47cc02759467fa82f6b7ce', '0xfb64badcfde5abcdf560e9d303377e1abe734fc3541576458262e932d0287136'], 'transactionsRoot': '0xb0919acd6d9294acd1bd0d405080c6d0bd7d1de15b28dc5e2ee0c1625043ac9c', 'uncles': []}} (async_rpc.py:86)
2022-11-28 18:11:30 [   DEBUG] Getting response HTTP. URI: https://responsive-convincing-aura.bsc.discover.quiknode.pro/3e7f242edcfec9ca1a36ef544cee66362af95baa, Method: eth_getBlockByNumber, Response: {'jsonrpc': '2.0', 'id': 27, 'result': {'difficulty': '0x2', 'extraData': '0xd883010111846765746888676f312e31392e32856c696e757800000040fc9c678b192607050eacf23e13cb883a94f2f3bcb96610d27f49b978fac69e569ebcbf459db809a60165850b2bf77827240f1b88b21a3e63a9859a8967d949add28d2b01', 'gasLimit': '0x7355c0c', 'gasUsed': '0x1af5ba5', 'hash': '0xc47a50e3ae3d1300153533d5fa9933e19fbbf14b77b1890c7cfb57efe2b3d825', 'logsBloom': '0xbbffbef9f64f77fffebfbc6cff6ddfe76bfcba6ed6f99fa9efffdbff7facadd767fbe3ffbcd77bcc9f3f3bfd775e2ff7fff0df3d1fff7ffdfdfdfed7ff7f7effdf7dcf563fd44ffdfb7ffefffafba93df97bc7fd9e5fffabced7fdffb1fb7bdbd9b67f3fcf3fb63dbadb7fdde93fff6fb9bffcfdfebcbff3eca3bdfbf7fbefebfffff5ed4d5f551d7fbf9f3afe3ffebdb6ffdff79e37db5c6f7dffe39caafff7bfff1ffbbd7f19d6ff53f0e5dbff98f6ffae7dec77f6fb273efa32dfbdf729cdff5adfff3f7b6f5bcaf7ffc577fab5dffdceff50adf9befffcaebebb7ee8e7bf6efa3fc1cdfdfffffffbf6db97a3badeeffffefa63e7fe7cbef66fb7fe9fdeff', 'miner': '0x72b61c6014342d914470ec7ac2975be345796c2b', 'mixHash': '0x0000000000000000000000000000000000000000000000000000000000000000', 'nonce': '0x0000000000000000', 'number': '0x1655c7b', 'parentHash': '0x55c1d72d0ac5c469d6ca5bf94bb7c9aa51b61989c0074c4e4e23d5b083a1311d', 'receiptsRoot': '0x08c2f1aaf860ae4e134dcce308a58f4912f5689b3d9f184ee52a4f8f9063ada5', 'sha3Uncles': '0x1dcc4de8dec75d7aab85b567b6ccd41ad312451b948a7413f0a142fd40d49347', 'size': '0xd13d', 'stateRoot': '0xc44cbd306a0d950cdbdf2d858a6cfb9fd8a6ac737e50717e884be8cd51b8ef68', 'timestamp': '0x63837e3d', 'totalDifficulty': '0x2c6722d', 'transactions': ['0x3a0a172c34cf5b13893545204679cfd756c35703d9fbb955d242d2bad542bf36', '0x1adb1f26c0e0cfc16e85f0611a181a233493016655805da4a4669fd32dd7d134', '0x09df16ce21502f5dbd1c51455222808989a2fb2a28fd36f3e0fc5b4a261ee54e', '0x08d56796c46f2b1ba5ae9dc12974861c5358a8a682b80c548ce2809a29f84a07', '0x3f34032568f1ad172b35868a7f434f9896315bdd6f77709c8343647e203ae023', '0x12d1aba37252380e27bec68a37cb98cbe73247b74ea62023f352e92b85f42316', '0x5cf32495b15e150304672a4510fbc4984287a9ee7ed3f97c4162292d37d5a35b', '0x4395bf00b0f6f5053fbf88e2ce321a780eaace3294c5be5e60714d9d18be0204', '0x040b0643652cf4063f15ac0aa30de5e8f7b064380bc63c5f2f0394fdaf9cb2ef', '0xbd5b431996acdcccba0008b0aef943ff285dd59f15f06a005759da2f798ab3a5', '0xb845d78e4aa76c90384cbd2f6595895e9e0133c161e80b8730637c13c8020507', '0x35fab03803d9cf8a145cd4589f6df6ef167776cf0e1a9028576f96ec00c7d677', '0x069e84b1ac7ecb7fab68d154569bfd2ac05b66d29f0d106a8171913c66f25f48', '0xb0004ca0c2021ef08ff00b2ad4f0080e2a1dd1a4d68690e600b702ae08ef386c', '0x66a9e0a7ef2663f64f7eee29264cafa59310e6327c723ca39b4fcbc9101ec760', '0xa2275fb254e167acdc03ef42cf3235105ef396a581e60ea32992e061ae9b0e8a', '0x398aa800deb7c1e3142c54ab5079c71ca4d194feeb3b0cf4c767d38f8567bdf3', '0x5a20a2571bb3fc61237121a87fb2e4bf76b668703c8d26b3dff7b57f05ec5a53', '0x29d9f4ee68ef68ceab4b1653d0a93e566edf766f4d969dba48edc820f2558dfd', '0x269bdd4a2dd91d09df02a16415e81252424c8e79f897c2e814359f235863c3f7', '0x84ece8b941bbd34c281943ebef2ae2725841d3cb6a8f21a9c7b740c2b4aa0323', '0xd2ab8b4c92e6aec93cf95c51c4387b8e2ef27ef55b27a0b2e09ca0619303555f', '0x1a6384ae98ce25f5edb9a3cd1ffbad02dedd9d04b90c8b4ac9719790e651d7a8', '0x2d8f3b7457ee6b121c1a94838bcb0cd1e7dc1d46b7c19f4ced38b191c823282e', '0xdc48f2aaa2a1a8b731061b8e68f67fc1aa68957a471e60f9e25a8bac82dc540a', '0x57e771459a5490f1814161ab7aa936bb4bd4df302a601bcb90276bc6acaf6799', '0x950deb934f54833c2e21c2d2da26b0955e0ef3e43ebc90aed2bd4e0d70c8a43a', '0xfd907345b8004213f862c4ea8c530ff0fb476b50b0d70ef41c20974a94bb8eec', '0x64bf448d144d8e6f21d0d7db25c0340920f68927c309b7707b226174b08327d6', '0xe55fe76bc3aff1f84219f7d5375b225fd5bdd081da3ed3452e6bf106ee985789', '0xd5ba6092bf5a8da64da759870d6fb7ef0bd23cf0132cba318668bfc58ff8f329', '0x8f5971020c90bcae4e5e0be10c84a998f05dd687b492c18c7bf092aeedb416a0', '0x4e07e71baeda31f89d9402b910149a72ef994ddf25a0151bf39b7acc12c3da33', '0xd602a96a6c2916437b0a38b420c23fa13b977142b21345f195c47efc60bb2477', '0xff6ec3d739e7b1a96900d54bee4d9ca30d3313ee1cbc6f127effb3779983f242', '0x72221eb224904c98db221e854668b04b6c03e833d4b7f618638d22d80a1f1352', '0xe599af38341a7ff3f4519a9f7751b3c1c70b3057f9e6d8504ab4fad752bc58cd', '0x0ddd4c0cef97e48ef769a8f3e641ce175370df47073ce93f2bfc97f2da3e7f66', '0x7279d3262015aee74841978f4dfe0f1711b7ea40e9dea1b9dd862f4ffd3be69b', '0xa5bb5f66eeff9eb1408aa6accf5ef3e8bb450e28de2156514a96f0e66be800ec', '0xd47c25e5d074fd55a3b7cf42d3e8102c79a88c5d98e378467e801392c9d6b611', '0x6478e1e70e2164be15d4c2d1ce08f911735157dfbdda3b7122a39e8b1b58628b', '0x667196400a0cb81da0829aa9a6d64f226635627f31508e68fd48a4ae680588a6', '0xd327e387a9e4106c4b3dd3e1f090e72646e50fd02f4aa3a2a6fcd1e823f7f577', '0xe9e4e8cd1cc27021bec3e439efadc9e158b5a2d13681cc4b092e4edba50ba55f', '0x7947c7dde64c85a97b5a2053ac47497e8936e4dec16217373c3bd6eb3a39a9b0', '0xed6e3f2fcb46f5a461c6f58c94a1bda4e1a8dca658351bf188a2a1a58041db46', '0xceccdffdd4ae648f922bb2323f441e51d9dbf8ad7c927baf86b5f334d4fbf71f', '0x158856a441e56233b7bbb3e44a8371caa3134ce9fe0b4d5aa07d707d799f2e6e', '0xc1e1ae13ff3254cedc1f527219c9244875df913580dde52b61e3549b3dfc6de5', '0x1a0eabcde8b57a2f19fed2a12dafb32e53bf547246283fb024711724dbdef4f3', '0x115cf2af4ccab79aa63536e2b330416ac5ba3e308990a12a505583f4c76d1a47', '0xc252c33695c3c3ae362d2e7cc5537fe705fbbce76647574e92d0353989f880bc', '0x861bd190d5f65843b87dd34b11f0723cfea36d30a263bc3e3995de361b215be7', '0x7ea3cb956403975bf87bd4bcd21aceaa849dc0350ab5e3b79ebbc55056429570', '0x049c1ea0dc7610b0d34c4293dad2621eb4540bd384ae03eeae87933f12eb07b9', '0x5e23276c9e4997202f71ee9da811b4a81efbbc49df52aa349acdc2565c73d2d8', '0x21b51a124dbb041227e0ad4d261f553f7d71876e3b374e04f8409fdd8e170fe9', '0x452766f34059e8e2398893597f97aea7dcfc28752a41586130965e80b67cf916', '0x1c3e8236b741aa52233c33794b8155d13bc4ca71df93d39da66facc06634c039', '0xee75f88dd35a072540a110e4276163ee9d3a2d90b58a1d1197844f24d07d4d54', '0x6782fd9caea344f23d8863156b5b940b09911f4c31a05105693cf04adf23a127', '0x71ae263c911ffb06c9e53555a78a31af9be131e4b48d29800145f1ad48a78cce', '0x3b6c8316cad65ca2cba08c28c4b494c38259976213debafe1c8e50456ebf55c3', '0xa336e86a73ee14bc8cf622bdf8507473755fc7216acc22dba4d89d2ea08d0933', '0xe05937fe71bf5ae0c1a911ecd3d7393ec30baf491d5e9a423a62f38dc51785c9', '0x057e02d2b67742ef1431ba8dab646fe246afe4792b80ed08be8b7a33cbc40fd7', '0x9c763ac01b104ab8c4f94d6cfa04bf35d4326960b663b58b7aa616376e27325b', '0xa4fa61fcac0717b07355a8282e83ca21c921184fe23e0cc74f06baed3bf2b333', '0x21fae211c6f624e783d284b2894f52210ac9c0fc9d4888ea8c22aae5ba7f2ac3', '0xc3cdb56950d6e99d9e3ba5555ca9efe7bef05ef76ee4b81c109881dfc6755985', '0xa245329255747e9f7622635a0d37138e155a1bfb4fec1b20c17d875f2d959eae', '0x296798aba9bd4acb9125f65bf272e81cef9e2e671066840a31a878793ba19729', '0xa712b86bf5870680bb4e492d1abdf788ab6a43266148f2e84a79324b7da7022f', '0xe3c2fc54cc718c8cc820440f716bf0dc0fac718b06d2b21bec6d3911ea87c882', '0x4a2341fb8fbcbe25c50983889a6131d5ed86281ba961c17eccf7477426343a29', '0x932a0eaccd3543723b99f989cbd358a4abdcfe54bd2dfb0dc04679d3c49e1483', '0x9c9a74a5e88835c40422ac894651efdc810d4d8d0e2984545e29b671fa5766a5', '0x4dbf4fd7e21e83bb1cef366ac243abb441d2daa29a85c7f305280067c1590071', '0xb539a9ac436a6f254673163d7c15f073de29439ad72a70ce2a81b30302ad24e6', '0xa17d40e9b075dca26112e4c3b851fac138b7e72afd94b04bf929a4422129e56e', '0x567f9ebbf9fe7fffc0fa87392598b23d82a4b1eab38a388f9197df70d3ac0d9b', '0x294e47be3ee880f64b9fdd43babd6d291ed1aacbe49fd1b0fcdde1b961b0b7c7', '0x2e3b2ffa680c49cb378d450d58b2b8d04f1483c0f6154ee3c9cc13b7567f603b', '0x55ac0bb9eee61f943e6b443035d83657346531d747a4397bc665476f3a8d17be', '0x838c798193c3aa3c09f0cd2deeab786dd90f0e7b4f4780ecc03dddaa6e91e5de', '0x9ae9107c654e21a9e6e9ea29815504553f235a58fa4376cccc8b9ec6827a47d4', '0xd1ab9f432311b5d52a881b5004691a4da9f3aff0700ab6ea8780331368e64d49', '0xce667b4283fa4c316e70eee07c46a7c53edc13565e25df2a8f6fcf390ad202e5', '0x945faf1965f4909f4f24434baaeba670403d7dc2585a602e9e7b6288befdf73b', '0xc012282bc8dfd6807fff04bd45638d0f846836cf04bdce6aec88d19a0158394e', '0xa804e9bb7c081674ade1ead1e7279e74de167a019fabc3b24a03b0fadfc0135d', '0xeb977ef8a239022130afc6a7a5f936bef3334f1947a3441b6728f03859fa7e31', '0x5b1991aa247fa205c9c57672cd7dc6609398b61ac63915952d337aaf6c291922', '0x6f53570b36e5e1d7844401aff245beac8bd9099e43bec2a89ada5ce4f22b1338', '0xc06016dad87cf8d406a31429753bf94d806d447454386feb780b6b885b4a3c62', '0x9e5bacfdb5bc4e72099869872e61f851261f8106180f7e7a43e332694a3aae19', '0x42140a986449fd13cab9376a19a001208fc77682904dd7cf17e2519f7de20968', '0x5da518d28ff86d80981a4951e839382861ca806b9965472a65ed793d147e3007', '0x1a5a15a5e5bb08940b3a1a91083d3e097597f735af26b557526cc6c6c8e80782', '0x4c3f02622a00a0ecf32b7f531d30c70c4b6501f6ec946b39ecd490d804dc261f', '0xd880734c458fc0f76e263c6fd1288e04a78153e334db83a4548df8c286bcc0f7', '0xfdd5a53b84de23a03ace79f5c223054b2ad1c6f3cacab00392facbdedf19dbbb', '0x4a1cd05c7eb2504e85b0198b2cdaa87f01c3a52f4c6beb0d0b72c7cdb481519e', '0x78d84da27240c6ba0b2728fd2b03c85a7f15dc571b7cb1ee09042a35ed13e961', '0x1ebc5d9aae2fc20cce4858d76a65ead2e8bdefdd03bd80b4e66bc7c68701d11e', '0x4b157a79ce34686ddf25152e9d8b96b522aa9bdc12abffcb28748b15929adaff', '0x3bc39be03e5b20d584b95dc7f8f2f0fb2de3d512683be122d835fb89722cfa60', '0xbb1835987a7500c54e16c372e308c98ffa3225b90a55acb05c673e91912f9e6b', '0x774a3c80895c889c44ebf2534e50df46f89c9edfb42865dbc742e8106cb3102d', '0x7b76cf4b413e6a1dbc85059a49058de6a3d39f03c8b3e3b5777345ef34587db7', '0x865d3d3dd2cb90f9c563014593476c981904743972f3a3e2668ed94b1cb3b7e2', '0xa44d73696528d0d0d303c76e131a3199ffc546dd940fd6ef5bcb269017e4a86d', '0x45dd4293d03dd4d4ce7547081829983738bbc5ad235dcee893c6f738ad412645', '0xb20f3af88d99335ee09d60792b9f3c0771797c3b0c4f2e0628f163fb93fa9031', '0x4b2d2e3943908e721f7127df61f271cf06ae9372db7746a0a2c322179d9db240', '0xf47e2eea31bdd8a90d698b3a0bddeb37e768d69d5d8f3f02e483f51c2e8028c9', '0x6e706695054fd9616c5cb0bc618c356a5a402980e2c67be90ccf0a3d42b95b95', '0x7e039c2f0fd71aa2eac3a23b8c8bae28f47162846eed731442477489441d18b6', '0xaad2b99b0132440a46d4d2ac1b4d13e285cc6bb285df0002f29397c9fbd4a032', '0x7dcd766a6f8024ff126bfe09e9690b022b087aedbd7ab06a6a2f3961ab729c8e', '0x180174bbed65ff01528197c2d3f667a9931c07aec0c95b9c0d0e81d851094f5e', '0xd8ce991649e6435fbe49368f79965969753c9760221503c3008015d617d9da6f', '0x248ef0c8cfd622079503c8a874beb02f411de0d28280cbb2316295e2fc966083', '0xab0daa2830922d2770c0f953a3f35365ac721bd6ce83d9289ca9c4dca8239007', '0x81197b7f059a977a0542a29a888262ba2c7a60cdfece5af5ebc40ce5f5615dcb', '0x11172872d8bfb6fc9f5aebbd0e5f7e65ad096e686d27709a2c79f0b96484485a', '0xf6ef75933796fa51ac498840b2e29984f417b517149deef43154b8d8ad906983', '0x17d11f4924f2a4f214c4d97572ef150ea457033d4d482555cf993bcd03bf3b1c', '0x4961d687f46a95172f269c8daefe0cf70017e3d847b3492ce963e2808dead792', '0xdfda9dddfe82fabb3a50bc26d38a0e105f27e3f71c492ddd86ed525998f26062', '0xccb372ca7cdceaf5142a43bec8a1cb36c4776b7c1fe893fdbb196741508e1e3f', '0x55a4e92f277f0108d197d5c9549c1dee37f5cecb979e8ef32b0bfcc55f60ef83', '0x43b63d56e026fff8df0f5634d805cf3ffb8ec50171e3e1a344cbc0c93b636215', '0x2f22fcfeed09ffbb6857b17691e908262142378f860b0996eb017bb5d5096773', '0xd4226630e7b5933c1da14f557adb4a32cb6db16edb18cc0b69cbfab72fb1bc04', '0xe5648b0570281809303035961553c7a540fcb5b34558c34f5f124f963e20d507', '0x005737c48333f8d62e715b0d1714ce1f28026fe82b6fd46ee8d637f608843e0b', '0x514689f27a1035278f26963b26a2f692c0061cd68d01854f48410c8bd2f9fc1c', '0x81243c343e3a0b64d18798b03057f7838c8d3953368fb4b593e12ca93e576590', '0x81fee03cb28862f691f2ad7bbc31ef5be7b3b3a318717f48176ee5e06ee3b27a', '0xf65c54e9c2fc3d6fc3369652a9e0dc0e6014a4a41d580191633a57865fd9404d', '0xd18ee47c9caef488a47371269cc064cb8d56cf677e30ed72b724ad346c6404d2', '0xe82b54496f2e8118f45121a8a517de2fd46a5c3be41e1e273f2e7816257b140d', '0x80a794740ece1698184d3bbe4406f7a18829f7f1f315459b5226e26301672bbb', '0xada2b2cda4f02bc9c30fd33d24387cd48665cd7bc89e3898f18565e5a2b8dc98', '0xe1c7084d9b15fe25823f5fa5068242bb72a70cfb2d84585d853a6282a380e463', '0xd9eb45d948bf9319aae32bcad468866aa95127b428884a226fb2a3f345ed32f1', '0x2663598bc75c2134a590ebad18c4e82add6d11ab8b668588152349d7639845fd', '0xc044c99f1375405c7577e5fa238b21e04a3db4ab1306b21e8c5f8ea68e12bc8f', '0x0e620e56dfb7099f2b375d8b0c85cfeb1fba377be6bcc88b8cfce6e5f7503ff7', '0x60b5e7fa106e3ed939e9f0a7374cb33d75b8f423b475dbfa070744ef675beb39', '0xcf7fd09e05c5ad216f15d8297bfbffd3ca2daedbe7d3a4e258877ed2f1566f60', '0x710768dec4749a86914631fafd371c4b5453f50542d77df14a48b3de544ecaa4', '0x678fa885ae97204c1aaee204b7c395fe586c1c79ef20eff5b30de5cc451e826b', '0x42bdb1514b90bf1cb548faf35bc035798c4700c1f47b758070ae60f5a5db313b', '0xc0b53f445ba4332bd0ccac9baf0fcfaff5b61fe17c811a17759759163c309d63', '0x16ea6bd8d05d59cce500be405d54cc928bc1ecebb00e40366d94608d12b6f3fc', '0x10921f0995c3e20050008d929c03b4dbc42ba940772cc369a0a2f0ea24617eb3', '0x17f3d7e53cf7e48ecdd6921ac50ed7abf5d143361037754e57d3fa931b49b52e', '0xb1a2a4f104b9f4c601957d01fe3c96525ce16a5ca43c773fa3a1ed9a6471453f', '0x3d34d6ababe9a4410cb734cecc500062428e116855704d1b9a8acd1edf6120fa', '0x05b7d68f1e799aa135f897b2ed5a8954edf9981884e2fbbf8ba5ab32d3047698', '0x182c49419c0c890224db081cbabff4c89335bb5591d9fb500692fdd0e100ffd5', '0x2f06999f9ba2caeaaa6c97b98310004603e42d50d9b90dede16fce747b8a5442', '0x53e3597973532c4f0f29284973bb848e2407cc814b54a8abfeec69a2f03bd8ee', '0xd534f1ba9032b596a07c80d702b0272fdeeb7c79c3c8809d324462eadcf058b4', '0x9b62c4dc6b94b954181d92077ca9126f0709cee45ce6045c5aa4c6b6fadefb9c', '0xd2506bd68a9db96ca810920a37c28cebb7389bbb5b9a9fefb89352aa638b2a32', '0x52dbf3625a20308d1b72b72fe8bc8213a9b066574b2bbda47fd1eea029421858', '0x34433f22c73a44e8c53db903a67a554fdac180f7d070786159f3829de393c92b', '0x307bbb3ddb97ff337d27c288411c04e096a05666fc3a3b88632638c3a59fc72d', '0x2c6bf1caca933b727fff0ebeae725170165625b611ffc9bc85f01abd7fde0d74', '0xd877cfa52d2483c6e729c6870f53a589ce4ed3554278baa1318bad3ec6f7c6b9', '0xf09fa631411e494c863080fc678f6423db285a3ebf83898a199f3fecbf4eed4f', '0x9445210a3db8ec0167d644ca79dcc15ed74930c0658e4c9967048805b1fd919c', '0x88ee53eb6fdc9f84698a82596424630170bb709d4bd6426fdb45230f8621af67', '0x04a44e44851c5adf67dc81c2b9866a95791618b6761b629f63e6cd06d5e0a493', '0xc9b634dff6d4b6fd0d3406d2152e42713730c36d39902578bf12c3d4506d42d1', '0xaf4d54b76fbdd757ae595afad1c5b27df9aff17ca8a46ce9844dbf7479ce0739', '0xbb8a95631395fd9ea0ae70561f7ff1863d2bed2a34a2ff7e1e3ba7cfc7868061', '0xfb54458fb61674025f35b1f6e3c39478e9d44c1e09352a6c8b51db7d2a143acc', '0xd8d2ea40be4b67de66fe1ffc80f5969f42b1b8cedb17d53877747d8343098aad', '0x419367eedc04b087870f4e44bc9b2072ca95cccf68f83a8d760347256d67bf5b', '0x4f9892c3d118a0f7400237907196c8500cca2acf2e2087b002a8ce7e163518be', '0xabd1acaa5d00a9c011ebbf3179db77b44aeff932285a0bfbd846bef41aad1e5e', '0x58bbf2d721afd3140186f62f588c8e4adc2245bfe67f7d36738f5f440fed0df5', '0xdc3966dd395e42c1975a5428b37312af14545f864f63ed1a2a87ca52190b998d', '0xdfc71763b309a9df5679ce43c4ef7cb26a24705c36fc6bb6502ce92d76af30cf', '0xfbd50e6bf6dbc1483dcf034b1912351a3650581b214f65a0e3b61bb87c28b6d0', '0xd5c60d8c7270e4a97ddc0a1ba5b91436bfd329760deff512d0c76e041732ab57', '0xc6d9a6bb950e737badaa8c38b8da5dcccea7c1082ac5d162ec695e92613f13d6', '0xa2c30b2f190028d1072d57ce9ecf85dd9db20741067a1ed1bf583debd47a7b17', '0xefa8666aed87b9d7d9be7f1c6a0968c1e2f94976505c33815e17cf3ed02ef231', '0x86dad5b94422518a2131fe380d6e96dd4dd7d6f7db3858cdfa9ef5a2f63866f7', '0xc9626362ce4905fccc4bfcdcfbc397fd71888df82ebb9f8dd336a9d9823903bd', '0x0acdf114a9610799b796804a9d7faf1fc865d7a74180e7d47f12309cee8a688c', '0x0042e467979e3436f43477bcd8f800e1b7d90bec5b35816ffdd16d20ed775b51', '0x3f389471753c260d45f8a8b9dc635c41314271617e152dd0912d9126cb60b714', '0x588da19b833c7a989bdc0ed08095cced8a483e0ff89d676c670a9b50c63fb1e5', '0xd18d87f0b091d57f197a36968fcd8fe2177edcfca9edbf9bc73b1780c4362912', '0x899c9c3fcbcf4ed67a77e6b600f3241216a892cd297e2da346c44e4d5ca34779', '0x52bfa039761a72dbbf7ed85819d896f609231b94212aa6e76be8b196e4f5d606', '0xe77902f41e7e4b378c22af3d97e738012e6bf2a29507e73218275e64ef4f556e', '0xc2752f18ec2fdd5c0e1fb2d3f5104ea84e3acf3fbeabe48e1729f5007d63530e', '0x222dc91edd3f659df7c2c2a7c58f716aeeb9f0566d01ba7a8339ba654cc7d93d', '0xb68cc5829f1857917c6ef36698d3927bbfb072ea71ec4340eb980c9180a8c8ab', '0x4e7015bc2374cc84ce52ae16a39f43c2ab592f56eadb73cf4153a727c77e5fae', '0xaebf678bd40e3fc5b37b271eada084a552f91769e0bb502797805d32e704c803', '0x1032a43499d357584d8c1f328b1f5ad33bb34494620a21f12eedd2dc370d4a31', '0x0bae84adcdfb860acefb15473653414767e83edbe90dd2e3e668798f63251f19', '0xa50f7f214e6f041989bea0e3ba46cacf2cae52466bc00617d8edcb233d3fba4f', '0x4384620f9987586446b538ef3997c0caf860f0af7dfcd3dcd3a148d9d2622b21', '0xde6c081b8e33ab4eb4ea8634868d20e8f462c6953832fee641f78cbcf805160a', '0x06e7153898cdba2f20570855c699eebcee4abdce39ad5dd771f5caf86366c2aa', '0x23c948b435be163d54866cd74f99f08afc9b9dbcc9f89ffb9618e53549eb831a', '0xc25c17a77cc54d18d421b4df473ea3e6083576454265f039fc901c529dae51b8', '0x145be6828dad52bf1f0639912bb603518f2cda86a62d00b7adbbb54ba30125d4', '0x1a2791d327453fbb67854f3ffa9710d5f69873152aeee7b3ad5628dbd282ae82', '0xa4d77c0f8a0e9407fdc411fce10fa497c96bb7acc700341ebab64e8d03c1850e', '0xae25395b04c254981c98f70b5e049dbf5d70b8aa04fda09fdf1015b66f29b21c', '0xd9737697817c10477e0ef5e5e673b6a5d5d724e56d20bd69cbe5d179ae0a9a52', '0x9087fe8b0f3a743adffc21e2daae13b9af973667ebe37023ee4626dcf78c3a93', '0xc22951c76f9d2abea663e60276480f9a63cb28163be21a192bce37fc1b37c518', '0xc4aceb2a64408887d5a67612d4726741b5ad6105e9098c754b90ce922dbe02b7', '0x3b8fce5739cd91a69c054177c2ffae0e4361d58c358a2ce91c9cf73da62f9844', '0xd30cd8d0823bddf5d839ac24c91b81bf3fe31884d5d1a37dd4775b7b650498d4', '0x044a6f55f8187d3cb25752d25157f5d3b089f69fa9f8bef91a967b0118e2335f', '0xf944eac180a580c38cac8bcbe6985453165aef1e34b682b58b9e9ca2c07837a7', '0x2ffe58772f7c9bc55df7a7da03d258328ed673bd5b3ed0b9c61d23f7eaaccda9', '0x1b33cc1f86bdff49c22d58848583daaf0a6db177317ad6cc7d2ebb63e15d4bab'], 'transactionsRoot': '0xe0648662f454672e7ff8f05edc8330c7ebe54909f86b67df35bf5c6711cc1872', 'uncles': []}} (async_rpc.py:86)
2022-11-28 18:11:30 [   DEBUG] Getting response HTTP. URI: https://responsive-convincing-aura.bsc.discover.quiknode.pro/3e7f242edcfec9ca1a36ef544cee66362af95baa, Method: eth_getBlockByNumber, Response: {'jsonrpc': '2.0', 'id': 30, 'result': {'difficulty': '0x1', 'extraData': '0xd983010111846765746889676f312e31372e3133856c696e7578000040fc9c672749f4e019a5f29998573d48a47cdf337cde923224088932964f7dffc8785d1a1e2d2cfc3c4ed7f7295215e612b7608ebf1b221c575a17402ee2bf4269bfcf7100', 'gasLimit': '0x73c8a2a', 'gasUsed': '0x201a70', 'hash': '0xced170b5a688a3b77d6508ee10af646428d73cad706bfe378e9d41be28025646', 'logsBloom': '0x08e142180000031135008108910028000000402900081000041826841401040a1aa08264a808100c02024000180080011c0c0405004808124403003000a0221886010c0a000100b00120004a404005282012000091410e48127401018004000404440020021a6088000f00500140080008014040001104000401419001000c007202731024154630808b000020640800c0249c9414a40408012004e9060420210a304030011c130028000040220a00008a10a04400e00500030826042006112c200080020400018201000200921a10c220009004000a6010c20280020100e0211c1040112402810181101000200002014400c4040880000000024a4000500004', 'miner': '0x2465176c461afb316ebc773c61faee85a6515daa', 'mixHash': '0x0000000000000000000000000000000000000000000000000000000000000000', 'nonce': '0x0000000000000000', 'number': '0x1655c7e', 'parentHash': '0x77f839959fea4c9d28944453878db60d1eba4e9d90398400c2b11777a4f7f653', 'receiptsRoot': '0xd493eeb02651c4f482a3a622717797128a34da18dc831306810001a0cad63918', 'sha3Uncles': '0x1dcc4de8dec75d7aab85b567b6ccd41ad312451b948a7413f0a142fd40d49347', 'size': '0x12bd', 'stateRoot': '0x452201afd393b85ac1bf856ab22a07e7133c5af087b8db220373818413dd9140', 'timestamp': '0x63837e47', 'totalDifficulty': '0x2c67232', 'transactions': ['0xad59f0a632cbde3587f0608d11ffd4973d60f67a70ff86e22f8bb30c068ff01a', '0xc0248ccb13d940cd72a8bb8daaf00b9b1e2e455f18135e28b246eadf8a69af52', '0x275e720ba001a82168a074792180255e8ae2462d158cf49f00adf5aa2fc648ec', '0x2a3b5f8b7f3e1ccc620808e1aed3dd21934887f1f909ff842776fdc17766e41b', '0x8d4eada1a7410136e27d8b1d3242fb78ad38c41c4a59ceb91beb66eaa136e793', '0x46681c5cf8add254fd9d5d1662503560acd5e995ad282b25ee85315d5ced3c89', '0x32dfa045b97a8dd748322ea92e73e6bc0097312a432ce0b94fe7c66e3a2b4f72', '0x8bda124c52f236d811b4ff318d83fc5b21caebf1c64d38e90f166814409349a8', '0x1e2aa6954804c685404bf9fa4ca7f040fc1a2b801747db20e4431c223e75740a', '0x7138e31262e87458b1e82da67fdee2f2f158d19bcede35d56a3eae69e82d208f', '0x1b38ce906b5918b7da0b23ecbbabc64bbe0e10b8c6823ab34cafc2df67ab1250', '0x7fc2fad85cc0839362bc6af74302dae7fea4200dded483d2223a3d9deea3973c', '0xda607f1e08db8a6aba487bc62b6e3c1104e5ae43348bb7d4e63ded3da7fd2e4a', '0x1458f4758bbb6a40ee0320029d2066f31f6c78faeccb16fbb6bb3b251a7383fb', '0xe006823db113b50179b89ac01b2e07f6a92380fb5003fc1e12ccd32e9629f1c4', '0x2521d396ed1e68ffb117610ea1a5fd55bfedbb27542cd3b32d67bf7e1b7dc4b0', '0x18f81bc2bf4439dc9d31f4f9e4253f6ed4663340a6015e9f7b576174d081be31', '0xab81daaf8e1dec3699a35ee3592dcca142236cb642b21833ad6beb726098987e'], 'transactionsRoot': '0xfe487b722862464fbef4cfc80e9eb7a93931bf56062e266e7960f6041d4036f0', 'uncles': []}} (async_rpc.py:86)
2022-11-28 18:11:30 [   DEBUG] Getting response HTTP. URI: https://responsive-convincing-aura.bsc.discover.quiknode.pro/3e7f242edcfec9ca1a36ef544cee66362af95baa, Method: eth_getBlockByNumber, Response: {'jsonrpc': '2.0', 'id': 34, 'result': {'difficulty': '0x2', 'extraData': '0xd983010111846765746889676f312e31372e3133856c696e7578000040fc9c67aa02a605f18934e2a6bade18d6504a95e2e9fe35abf0a34a8e3e19c3fb38a83015fef087524c1ab2eaea788426beeced14de5a097536233a9d8b52e936ed532d00', 'gasLimit': '0x72e350d', 'gasUsed': '0x78220c', 'hash': '0x15cfdb6fc334355eb2cf169ed44545d849cbb0356e056e45955c0b10fd7524b4', 'logsBloom': '0x002c1741780b4ad86a2ba3a8c1818921a010045a42e304094c920069640120600291906805005658222a398358f2200820051862a029c220f201c4c084a002990662cb12810141090123220920870330a31d4000a2508c0a530c95d880240ca0009000646e620298820c040004504a214c0450f42f0c873c64600131e7eaa59110816081a54902130cca0610421818aa043416850282b188236408c8700a0b280201c065d4389143a5002df40e1e70281138b0e90112212a440278d0d312e9282b0282860159384306144188e812940aa830201a98018c1540a99003a232e86210b6811b25046810250092fa08428044405784084181004aa86a10040822984c', 'miner': '0xce2fd7544e0b2cc94692d4a704debef7bcb61328', 'mixHash': '0x0000000000000000000000000000000000000000000000000000000000000000', 'nonce': '0x0000000000000000', 'number': '0x1655c82', 'parentHash': '0xe8aab8aa7cf3bc078f9bc743abedff5b2f7131f7752812eb82707438f57bfeb8', 'receiptsRoot': '0xdb3e26d568862382f091fd935a5ac73e249c455991c47bc84178f28df215953e', 'sha3Uncles': '0x1dcc4de8dec75d7aab85b567b6ccd41ad312451b948a7413f0a142fd40d49347', 'size': '0x5052', 'stateRoot': '0x42452e7930cf111b0bdd1831a79799ca6882f3f40f8f94ae6417a1c3761421f8', 'timestamp': '0x63837e53', 'totalDifficulty': '0x2c6723a', 'transactions': ['0xd0ccde066d5f924c1eb357c8f29aa81489787a1964098e76e22040713a989915', '0x8fa65b16cde20a0796f8484d48e156ffe065908f81844b81d9ee7cda8e9ab1fe', '0xc1c24c40b94ee316a721214c87b243d696ca8b06032ce6267f23ea74dd04e163', '0xa38a27279c97106749d0423ee5d24cf169113246a587338e05b0df9762828e21', '0x38eb40944dd1089a21ba3a20fd39a61f18a9658af0eebdf8f2fcde770642242e', '0x8227d893358778d0ffe545a022b0fff744257312ab69a5846c49e9d30b23e645', '0x39b0df4a85e76d613b0e494b81310b86bdae3e851f45d997266bd02ec779fe2b', '0x579fa2feb9a79386207c607343204974d80e762aa36c17b7e0b72d88dca2ddb1', '0x470945080c8f9c6e24555c5385d38316b1a4cf47149343b03bb5799dddc5edee', '0x93e0c4f388c643130efd093bb56d9fda8d69b0dcea2d57e5762e9b41bb7ef810', '0x777a3db48b3403dc745674c6ce10a7d5f3918b1c06f6bc3c4c9701ad68e2fac0', '0xc798522d026fd7813ff6adf07a9d83d22ab19d209264043e8d7ef89c85fbce83', '0xc899e25fc693bf9a652524f2dabd28459725e095617e5320764849ec95598d9d', '0x416cf2c92d4caffaad706f59a533483678af78b6b9fb43184917977374a3eeb9', '0x41e2769c26c42965e43c5df163640713af69a320adff61ab304c43071e4ac214', '0x60a3fae1dd7e2cffdd9c02b44c34425c6c4c5287f2568cccb00222f6610cbed6', '0x557acded5c81232591807e0121b8112db0418977616569f9942996e984b5fde6', '0xde089f9afd18733845fbabfd5478fe25b4aa210fa959ad78a787edc9171a06be', '0x5a4f349008709fdaf91a0b9d00731d3adff863d12a2278af527896778e75f6c2', '0x7f9c2d8df1a9d7e0cd7f4ddcbbcdca0c76e35d758ed80978ae1b02df3aaa7775', '0x1e10e318e2c6ccebb48a94a6260a0054c40f072c1b9e66d9cf423d8a1202bbd8', '0xafabad3871cc40203a6e0ab46d3a1ab80c2546a5a55bb7e2ce759db7a4ab4771', '0xea05547b955c134c087b190afd550d1f7874fcac0b32f2f4424e076c69377f94', '0x28b6a1156c1069e47078081ff687208741d2ceeda9fcf0382efdd1dbe970f888', '0xa6536e9f18bf84ad3661b7d4436c8a52be18b2ab5f8cd1293d335936f49ffccf', '0x20421aec75547bf06df883a5322ecec8c15cc576d6b2d338b045ed6c9bce256b', '0xc0f133cf337e54cd8e7b2db63a149f8e8cfa5e4be686d51052fa2b6f58812954', '0x4864ac5bca312739b66edd17d57acfd0c19ae58e9828b45956a5e043dbe7b3c2', '0xad21abb63e36bc97da3bd98302e7aa6ef58895f9253dd505e166bbec9ccd0164', '0xf6446b0bfe4fabc581db2fbcb98ed531d5ea8f0e7e4e1a7b722e30545ac96328', '0x27c4581623701fbf699aacda81173daaad602c74c1afa618661dbae89ab5bb2b', '0xe6dde26e52112af0ae33122a9ddf4f12abfa10397ba37eb20a2313768bcaab6e', '0x2f0bfe91d7a6d18d8a3527a97c80e5a97f6f097169351cc9603dfd6b0625082a', '0xa3410783328ea9f3f54ae76481e63e7732dda0ff7d7ea32dc67d94abd2695b84', '0x2b4d1f377ecc7db4644835421af0431f9053efad31886774d8cc880923bb2365', '0xe39c507e11ec997b5219a5ef10dcfa3ba302da5f75a74b16cd8429a8fbfe4cdd', '0x0fa66806cdc7b93af21a48d912321405b2ded0ca4be38ed11f09a8089e8f15af', '0xa879d67728f80b96bacab8dd91d5f1f7d5f89d0419b5cc235f25fb0527e53d1f', '0x5ff121f7585b424c1795e3eb227fc12ac85d5c07e4677170535ed2626447a95c', '0x3b8722d680e3062818e1292b60bba7e262462411e55cc4dd2cd9b1d45821d036', '0xd70e15e8f9445381036dbb07443ca3fe0eaa628f5411441477802ac6348c24cf', '0x08bbe58f90d3de4725fef5bc844225248037017ef63358ff9a8defb0877d6a5c', '0x1ffb8d9f619a3ff326c0f590fab01f67566deecab1f83eeafd37cb3db9b2afa5', '0x68ce0425c7a46fd9ffc563fde870dd3bc5a190c3eda0ac6c262afb46894fb49d', '0x4b21ebf6d836e4f5dc2fbd953de4f9f6a061ffc33d2040e68df5d826d4a0e8b4', '0xfd44a50b99450e6d4cca4004e73792cbd86b03b5c669d242c8e07ea6db587a54', '0x585de1c5502ad4db5f36d4347d1d1d0c96450f0270108e95e47af10f837331fb', '0x9dbaeea18c7700dd4575ea082e492a42ca60dd898cc7f570422523fd67ae048f', '0x38681052efaa446affb5748020f6d3050dfe758f31fc2dcdcd90edd3c9cb034d', '0xa59f9557b8d9c265339b01b42a9d4279e652f9eb93557898165c19db49704414', '0x0cd06e4818c3a41e696c798e9a1e3e207fb7f9fceb86823af3c524c20b33715c', '0xe7ed109bce3e0945614a3dd45757b1c08d8d37015d7e0ce1551fb44c8b13890b', '0xe52539a64122cadd3f5d5df3b6d2bab6d7af485a574e69eedde52bd496d87f43', '0x8d4c03be294cc95f91a48fc145abb8985313868cb30a1533d4e52c5d192d2a50', '0x2d031478f5ff0f7eeba4b8e9bfae2cff370881746a387c6d9214e334f9ac21d9', '0x549df1e993d3811bf3d136dade33d5fb013df08e4a00554d225c2b7c2ea9c1a5', '0x687b08c9a3fcf66793fcd06ac674edc27336c6aae04711cd4018f32cba9c1a1b', '0x520d3dd16d65d321263c3d4b03b3c4cca77ddf13d391db15070d655da82cfa15', '0x47f5e8abcbf47ef740bf74f422e75b61c4657e78bf4bb73bd1360003eb802cb8', '0x5d4aaa6631f15a1a2ec54532dadc9f9e33f81ca289eab0f4ed00836f0029421c', '0xd40aefe70aa87152d91b6c46af18cd935ba902fefeb8de8d7b8a9e06e505f326', '0x28c1f34730b94e42f6b45a5be9e61211eb7aca99204682c101ab1c39ea548f6c', '0x21ad0540c411436d892106faf52c59b8ca8f9a959b52d89471e9684e662f2d10', '0x504cda7587aea3e1342de6e5bd0d6b47b090e3a7a99b7c5e166abdaadadfae5b', '0xc7eba362d77ba7f3c14101ce3ffcc7060956bafa74193cb073e9d977930b2730', '0x8bccde2746ea84f40f5add45570df2efee3646bdedef4c16f778543303df1b2c', '0x265d5491ef7cfbeb1eb5f970ce846ac7434972c6753684aaf771303605cd7a05', '0x8d15c695e6dc62de4e5fe210c9583555aabdadbbc1cf07e9da59910877345038', '0x1def15439aef7a64aee9b78d1b16f46e9a39fb46bfdddadad818b56be3c91796', '0x798ec4c0755caff47a1a092d2547806403e597b769aac2fa0d7a9e259b50d202', '0xe4714b784ef746930210b0997b1de94cd950de547d51f32e9637cd595c93b93c', '0x8dba47e6ba742766ea4cbbb31e1b130d1637dcec0ff3da64ba8f4fc0085721cf', '0x4dd303e7bd3d97a5878858b230376a0c7bcdbf10a63e105a67ccad48ed0659fa', '0xea42bcf523e7cbdbd8fd3f52e9299e11c13692cf8a21ab8e90b53539512c30fe', '0xe5cee5920f196b716f8b356ad8703e9a163849715bb304e8f2f3c4b4bb08867f', '0x8a9c9d8cf6225c951397afb1260d9f4a7f08b4d080b19164de744ba023c6ff5a', '0x2d39d99e8bacc6066230fd8eed35aa473579dbab569f5ff8f5e7b8aa81d931ac', '0x9de8cad1507b70ca5f32ca8951ca474aa2667864cec0a9984ed85f419410754d', '0xc8355c8835a7d175326ba31f195ef53970832772f367ff472f7923c6df6d43c6', '0xc9c754e0d04ccce483b55e35c7daf5f201274300765241e6dbedcdb5d77fca47', '0x664f986c5c2b1ddb768de957ac37423c1c44c3ad7b1868375773cdfb92d2da30', '0xdf427a9c3205433563ee2d1500cd2d420a883c6ce74d43c8f22759b05e31d226', '0xf68251d9fd73c1779734a477963a93500ae83027092ba8a03a5af6cc087d2a3c', '0xc3129941b57c4f52d585ccb687e90f46bd6cfc82d288830b880b1303e6e8d511', '0x2ea2f0a9ebef94009e8f0b030465a2718d6e7e1ae0b0d46fe7c1239856295831'], 'transactionsRoot': '0x9d1a7d50439b3e3e0877624a3519548ad8220180b4f115de329f1f6d775000bc', 'uncles': []}} (async_rpc.py:86)
2022-11-28 18:11:30 [   DEBUG] Getting response HTTP. URI: https://responsive-convincing-aura.bsc.discover.quiknode.pro/3e7f242edcfec9ca1a36ef544cee66362af95baa, Method: eth_getBlockByNumber, Response: {'jsonrpc': '2.0', 'id': 36, 'result': {'difficulty': '0x2', 'extraData': '0xd983010111846765746889676f312e31372e3133856c696e7578000040fc9c6787cb3aee366732e615128883aec83c52e418fc6027bd316cd0f1549720e41bde757b1466fe1bfb72ddbb004566943f66d0de972f626a5f8cdc16aba73915d8b000', 'gasLimit': '0x72e2dde', 'gasUsed': '0x35313c', 'hash': '0x4281988478ef8f44748f6e6026476840201ac7272eae8d66752dc5c4b1ae103b', 'logsBloom': '0x002002021020001000044000c00041018006213420200404080000a00050a0000280100008003040000020001800000020100000000a001000028007042000804404040010000108010000090021002229180408030008000086001080002000006006200a061209200906300000c90908010140480000100001c0307700000008102008100000200080000080010080142404b5c100000a61000040000010288300c00011008000140082820200800085004000002000040240000200700000002200020000000200a20400100012802040024021004050404202220400b00000109204040058008900000104020000023814000042244a0001020480108001', 'miner': '0xea0a6e3c511bbd10f4519ece37dc24887e11b55d', 'mixHash': '0x0000000000000000000000000000000000000000000000000000000000000000', 'nonce': '0x0000000000000000', 'number': '0x1655c84', 'parentHash': '0x8cf004a50515fcc8478eb0b0e121ed88f5385f681d4f134bacf5ce7dd811e615', 'receiptsRoot': '0x7f77a2f17217dbf876fe8bd37a9346cd7cc75185ace1b883a31e317ab9701e72', 'sha3Uncles': '0x1dcc4de8dec75d7aab85b567b6ccd41ad312451b948a7413f0a142fd40d49347', 'size': '0x20f2', 'stateRoot': '0x0fdc01f4246d0e8a9bcb5aa9c10835da9ab8356806fe5fd1309e4c672e903d9d', 'timestamp': '0x63837e59', 'totalDifficulty': '0x2c6723e', 'transactions': ['0x3549f864bf0eed8a5713b287dfb4e3249f76c08978ea67aad14faad8d59839ea', '0x91ad9bbeba921a847bfc8122940c158603261fcf455d339a2e8cc67882519fba', '0x0b205d25c62c26599e8fedc1ee503acf13b988cb4f20e376909a440f81a3c4dc', '0x262355e061f944963fd2e031886872a8f367f29ee71d64d919dcee0d124e2d5f', '0xfdd2b89736f296f6de86594938530de6c7a0acfde1f24f67cecc37afe0d0e030', '0x4db6ba67924d636f9445eabc6dd5992e199cfdc4454d4189192b45081d9c4967', '0x8784f9f111316150d186de5b057a99bc0325b2166097fb1d03008543d4b7793d', '0xabf1a74312416dc894de68b83f2ec1544f9d6859ac530266cfd69d535906fe6a', '0x8aa3372623791261f101309aa48363ac85b01ec2b7f3bfd27cc9af60aff0b0c6', '0x2583029032f04c247b21a06f17847c97cd03cd95ce84dcabe149da1c7c35bc3d', '0xc8dce636956a7f88bb442de18168f08b929d54e6a248385cae6617243699a63a', '0x9facb84195f79e5d145e50a516a954dc7b576b89e2fecc819964ce775dba4136', '0xfc659ab342d847cccee547a04009d2539ad6c6065ebbadff3e9e5f2fa4d1c9de', '0x7dc9307a50d2eb00ca2dc9a09a0911a7fa554765c0e8c7f758db1c74fc629c4b', '0xfab2130f04be02e17398b307f5c859b566fa27d40a597d85fd88b601dce4d83a', '0xe197ce6065a96e4d8b877eeb33274c3c5fae5dce5cce5f565e5043410b6d78eb', '0x324ea6d62c0343a504e8e15be29d586ecca6332b7ff38574716dbc581243df02', '0xa4035db6fce812dec711c46676cd5c7bdec5bdeb7186b1336ad44b8b2301b74d', '0x98a22b602d9e73ace671ee51bffcac541f51a5b71c96a2f874bb819dea9508b5', '0x2ff149570610d36067f9117a8b97da89e6790b4166dfe542993477d76be97e6f', '0x62f9c59cdaa0e542d46e215e2d2db5c2b18ce1071f4ab40668ea46336eebe6fe', '0x04c32df5d2137e02b0fb15c22b91b26832fc4b8517ba8817ef81579d2f583435', '0x5d00d700a3d14c82bc2db92b15a0a04561d3b8032a33bf5d0c0605293b7f8dab', '0x805302ae71dcd7d248c8611cda28537994700b2b05a72e2768a1e94e7d741260', '0xa16ec5707cd9059a9680346420947d70a1c535c0d8e03fa5eef1ff9051e60020', '0x49d465da59c5e8a02c119b5e04e2ba9de408508c9f3a9f47b97fe829954198e1', '0x47ed446114b5ac2636169985c52efd84daa79eba75eb880236150ed9b08cdfe1', '0x5597b63e4f76a1a75d686a32f029c5fa107c80f5785bede9b436ce6eca551b47', '0x3a2713971dbc9c6d3ecb124c1f7a23f3c4d5170388d39feb7525e6e451e7cc5d', '0x52158c2c246b23b507c3f51b90c04af760487b26e84f5facf8c5df9351769ea4', '0xb812f54822732a2925762ce6d65380bf2296ffcf1c108ff66998dfb7e5167d99', '0x6247fbee24ca1b08c7ff1b93364066c26e1b3ef5f6aef4b6169eea09ab4a642e', '0x50f6d294131fc0dc7f4dee3bf4c599acb59fa6e3dd75c5b856dbcefd55a4ab4a', '0x63d3af4a9cf74e4347f290e318082831d8558d5bcccf5a15a98dcd207497490b', '0xee65849b26ed1a9eac74d349826cce057128e5755c8ba04765a5dc59ad21eebd', '0xb968058174688cd9045c67b1bfb45bb73abcf20e569a596b771b8951c084aff3', '0x23959b76efa58f7da9141f7253aec40ff8c15daee4b23e70336ca687269e930d'], 'transactionsRoot': '0xf7034ca0cbb3adb0d88f908aa72d5d5d8e4f6060ed6e3af5cd10173a862f9803', 'uncles': []}} (async_rpc.py:86)
2022-11-28 18:11:30 [   DEBUG] Getting response HTTP. URI: https://responsive-convincing-aura.bsc.discover.quiknode.pro/3e7f242edcfec9ca1a36ef544cee66362af95baa, Method: eth_getBlockByNumber, Response: {'jsonrpc': '2.0', 'id': 31, 'result': {'difficulty': '0x2', 'extraData': '0xd883010111846765746888676f312e31392e32856c696e757800000040fc9c678dd89047bcd88689260c70212f5b1b4f835be1cc4dc250e98ed710570baca7f4613be01515fa0ac8e6cdf8a696637dbc668083eac20cb0cd8203a8eea40b9a9801', 'gasLimit': '0x7354da1', 'gasUsed': '0x26602db', 'hash': '0x5234e3a354a6bfb5f40acc4bcbad5e1508f4d0f70b9c7be9aee8214c106d9075', 'logsBloom': '0xffb183b9ffdc79b9febff67dcb3f036eba933e7bffdabdfdf4bb9baaedadd136f7d7ffd39ceadf8e5bedbeb8897869b601dbcc4cbdfe1c7ff7dd07d696ff33fd54637cf2f778aa35b37fdbf9f6dfcb2b699efffffa5ebbb7f6d7dcffb963f7ea69d77fbfbebf374fdebdeddd2d3acbe2bfed58c5fcec7fdf6df7f1f767c7751e339bbb9f5d2f5e38adae6e57adfe5dffd73fc4ddbd7f37ec753caa73af8deb2abbfbb87d5ffabbc3f7fde59c8fbf58ffcfc7b9fb737fb1673a7a635569fbde5cf7bcfffe541ebf93dfb3772331877e6eece5e78c99c836f95f3ee53b7630fdab7ab1fe91078774fcffdf35fef5aef3d5d75f3c6efdd6ccf9fabf6bff0dffcf7d', 'miner': '0xa6f79b60359f141df90a0c745125b131caaffd12', 'mixHash': '0x0000000000000000000000000000000000000000000000000000000000000000', 'nonce': '0x0000000000000000', 'number': '0x1655c7f', 'parentHash': '0xced170b5a688a3b77d6508ee10af646428d73cad706bfe378e9d41be28025646', 'receiptsRoot': '0x752237cde6231562c80f6d080f069f1ebb04aa453dd6b4b669019c71098efc45', 'sha3Uncles': '0x1dcc4de8dec75d7aab85b567b6ccd41ad312451b948a7413f0a142fd40d49347', 'size': '0xe5db', 'stateRoot': '0xc4fc73933407ac55879bc89e167d374f5f43c26259ba18e9275d7140d70e4296', 'timestamp': '0x63837e4a', 'totalDifficulty': '0x2c67234', 'transactions': ['0x2d4e47b5124268caf2687f89b2a994406511c0abed4a82f792b1230d32914524', '0x085febd4f3766e1009c6fd1155acba0fa81a923269cb6ecc6b5d169b57abe999', '0xfb6723a9170ec80e6ddd083555bcafe23489f7ed78a0e688bb8840df46d25d51', '0x785418ad70360aae4d439029819da99b2772499715030a7d38a1b0b963f91423', '0x0ce946923d3b4d1eee05121b1a5a78e801640e500091486225eb7ac19db2580b', '0xc4bad7793291fdc7e16296d2b31b3fb16f0d787377de6c2a1f801f486b0b0aec', '0x7e642e7de100ee4683c232338e5a9762232e346ea666129dd082f92cb255c782', '0x05712760c2c0602ca4b9d1bdb844e7bcaaf5501023a9c45842e7eeedf809616e', '0x70016e5b9e90edc727cc462ff769384ce8f1473ea0ac1b1bdfb5571a357be12a', '0xc13f2e9a6d668fc44e2c975a94621998d99cb02fa3fa9afdf9b95b2787a39213', '0xcee734f6419d40b966ce19f8fb883b4a6678ad9b3895f3bcdcd02b4d93029815', '0x89c8ff361f3c08ea4b74dd23f177fd4368ca22ee38cf2c2feee5d2d071de5dab', '0x730689d1336cc14d94589930f3cb8d76c2bd1865327f2cf5187e95ed13bb6c3e', '0x9f37d1c57a01f8eb7e40b270771fee838f390544c8a2a7deb12ddebcb3fe5cc7', '0xc8e822893c780770452c88da8cb92d2afcfedb339d8b2259cef92c7a8227024b', '0x7ea525b93047ff3a34e9b07da0afc4d9bbf7d23554c89cff643689bbb352dccf', '0xd651b999c8a5062d302b14e2155ef2bbad0f308e5c066f5895636be2c4e8ce9c', '0x484214e6a5182515557b70e88ed3844100dd9e5c6faa804d3c4f4fab3e913a94', '0x385830cb60bbe2a51aa7f3bb1b9af50b1238d01047367a0bc38fd144a8807b42', '0x01b414657cbe8c220b76810d31f69b011bb57f05eec70ae171d99a818948f7f9', '0x7397228f218269fe1d6724dc6a15e409a4ca847200b4e2596a0fd77a48e0d7bb', '0x012a41c61b1b1e8d92ff9b216b31189590c147d53850320d43cc2b8dee675d67', '0x34715e266971d5a011c838360fab1f460dbc55e42180c5ea44081fac76a41f86', '0xff403e4d514aa50b5c5cf37353da2464ce3eb186b97073f61d2e8482423fcbd7', '0xdfab466c46c29a91c801323f3a865fa6fcfe8b5bf3bd0f16ca45003fb6e70796', '0x42be10771dfe3ff3c3debc52e5eb98be8a4ace02a0c080f869b2a343ac03a109', '0x76acd937597a97f9492c4de8096bfee8e1bda8457f01e8db70d6660dc779934d', '0xb7e96f629a590b770c5f6ab7c94ce732a3d4045f74bdc57e4e3534b6ababc9ea', '0x3d856f9608ef0c842473bc0998d0b58bf91ada89b42440cda32928649909465a', '0x3fc9fa30cf1edd9d33b13b994098f9b2c4e8a314627779e28781623a28c260a4', '0x1cef745bef68471db3ad52499a711918261f2e90df528b59959304b2ab2b3997', '0x836d021fed8b36306a607427dfee1a4b2adf13aa02927ab7c2572cce6e1b74df', '0xf67a8474b29a0acc6808061c9336c41ca3c25c8d376a64cf48f43a096f22cfb4', '0xb5b154f207702ef4a0128051ad358255911781c161362e56557a24473ae0af02', '0x8b4f3cf5668c7a33045159aa1d142203c4f958ef5e69592d8e72dcebe535966b', '0x60359f62cdfc4a562ee4eab63f32cc403b97ff10c441ef6b1a23249cc4e6ab23', '0xf9b9a337e19d8a872436f7ddd8fff77330f00a393a85fb8e3899ddbddd73029c', '0xf46d2b25ab75a9d328ed5b7a95b6f5a0844dcf82563cc37653247e0c5c5a7f4e', '0x2c5eb28d14adab561fcc9a5778f4b3808972d5b301e69af3860d42a83b423c47', '0xe25d84d877becd3ae7d919cc53bfa2cd1234f26a6de5a8d99ea1afb54c30c39e', '0x21362d150c49122002c376a637024505bb1d3ad01c6341b4c4f7813a9455becd', '0x047be11f95e360bfe2d2ddf4108f0f8280c09f6854dcd22bd940eec338df5c86', '0x6cc4edf9f68bd24d451947769f9a01d4f2ace8dc9086f64ebe2f0be0618f90b9', '0x736e6d7a0adf80f30fb47cbfa597838ca40f82a6a5c02c901da79d2a189727e3', '0xb2decfef8fc463c959adda5278c44e91165b8d5d3511da1e72eb06630b416f55', '0x9805257f53f9904632f44ba1b5d74e68bea5dfad7614d3092dbf85fe37aea392', '0x34517623dcf1d58193195284a6847e631bd773053b1fdf8d56e73355ccc12b8b', '0x24e26db4ab14afe5ae7bdada1973c75a922d3015165b72fe989c2b68c97ce6f4', '0xf663aa431854bb24651554709acceff43ce06f6382eee15b6f299ab401283992', '0x5629efc7fe7782c0e61040428b940d1a6f36d116f1dc8811c361cc50eba5d96d', '0xbb17a5fb261f3f8b0d8348a8ad0b1b003d327d62b0e6731482c9e7b506a2c327', '0xd435dbd608157169e4a3e0254a9f38bd4b30a80d3bdbddeceb0d87901754a837', '0x33c1b8b6a2137f212ec6f95dabd5bafd988ffd2a305736c055368d1d32efdddb', '0x919194e67f418ca483adb485d763cddcb750ae658fa84e6fb9cbcdee3766560f', '0x6f13b84fbc7dedf7f568e16bf372232dde88ea709678d5658701213e65871db3', '0x90f3d216a8b46d8a4534736a0a9c9d817a223a96b7b8e56f348ccc8f64d87eab', '0xb2b7d0b6ab5d7028ab7441ec54cd24c6a789082c0e2bc35be9469414b355e78e', '0x528b610960d7587bb0d3b47e8963388efd14798a6da9d5dfcc3778979c0aa078', '0x35560695a8676b505096460ddc5f26e25592d3453e432b8923a7796bc9354b5f', '0x2ef877a04d51bdc3e7c588f410ab3d1dd132efad46869dec988246416157d695', '0xdb4435cff1ed3ae1f891d3f3e413826f23fc6c9cfbebb7f57dcc2ba5ee4e08b4', '0x62235f6f5f1c135f37142448657d75e7603eaaea5dbf1b737c2e3ef27b2f51b1', '0xa7a038c68eaa8961ad1085d5c426a63bdae1380a5bad0e5da77d53d363035389', '0x2950ef67e33db3acaebe1b234610dc0f6ebdc1885ac3bbba00ef3d2d1bf8247c', '0x1ba6517322f45d36420bd7e8e22ef5feb9bb5fc286604724c7dcde6b08f0e4bf', '0x98fdc26e6c7837692db1bd629c5da644a8d56598f57f1e5d3b7bb0925b79638f', '0xbc86adf25f279902aa3af4527025e4e301538e559d5c549376120aaa5711acaa', '0x7cb637108fff3ee85e0d9b205ee9a7d64aba117a1c33d71c11cf3b7355a2558b', '0x22aff8d5b430fb94e5b14b29a6573c1ff46eeec4acb856e1e05771496d2a685a', '0x7ea8ec9b934a76c3c2e4f05741631956a0da67e60c2a566a188566f8a8c5a27b', '0x174de0ab1ff004ca1f40c4d0c1599c37e7990d15935da5d6818d6b8297b07347', '0xff155e199b1be72457f49d4ae2365473aa6957647bcfbad49aa9b816143cd859', '0xc82f19129ba863dbe7dafa7b9e3a9da6d1c0bcfe793d3f509221a043917ba39d', '0xd86a1a1d34902e1489f63906bc67829ecb90ed3b582590d9394a547d04f44434', '0x48d9befcabb5e255380ace9160cd3b9fd0da080ad6e983b8327eef546a9dc1d4', '0x2a54413915fde8203bfb52f1b1ed69bfbe9194da69aef486facf78b258a48332', '0xb2f988a66d62b7a00d7da6aa424ac8e9eadf7d7ff23539a1cb0ac99cb0bed209', '0x5185045a36e24dab17dc22ae2cecd9d07855663b14bce64ddcdc98196c0ca599', '0xb750cc7f577c6a1da35d29f79399a36bc083f000aa9094100a17f4b6d6eed365', '0x5f5b5a149a7cd494787ea859b2fe7534526b1a6e5579eab183f80c869bc4bfd5', '0xc24eb4b2f28c5daa4b92ce1f010e272e6d34d5194faf9417a0778a742d58b893', '0x75b43f7caec35cc787cf65b3e4ef782a9b1e4d88130f37510081ff00c612141f', '0x56721751d870c5cf52de50a2aa7091e546802e970a44775bc3ed80aedabd95c9', '0x351769fbe0c58eef959eacb971240ad0ee1bf3b7caaff22ec935fcfa63213eb1', '0x273edc975fb8b35b8b485a40e0647abe23f59e7e00a02bf9d3935c681adf69a0', '0x41d3fb2b4d69b3309c4f0d1165f7e740033dbc8c84aa6486a06da8e09c484c82', '0x26cc25622b206a47ab96538c7a2834ae7e22b60816cf05486b170a5d5225de79', '0xd7870685df8880e115eac49c4f318a2adbf760ab1bb8d47e119a95ae06c14d3d', '0xd2bca12a0a83ee0dcae3077b404f2b28c42deff1f0f0da45a2c6352ec935d96e', '0xa8efc9aa3290bc4f60bed361ca2c577444e441b465b124c4115fbe8bde873c6b', '0xfe38235834b169ed9f34613868dd74d9eff151fd15f1541506fae2e71695e5b3', '0xbac2498e88062bdca7d23a7de603dc3fda65a32356801d528f8d00877d720c4c', '0x6da5da2047b0b96fe0ef945283fdb17411f1788893ac36140d036407b9e20d98', '0xd91954ec46c19225665e9b228676d2afd4449d414dd76a9d7f0fa7506d318e67', '0x7e1a49df9e2bf7edcb2c146e091b9beef09aec3b108d8540ebf4721a6812be25', '0x95a405460c455d6a28e967d2b63935e0748363d0b77046d02613994c92112d3b', '0xba578398da9c30bf4e36653da6733434bc2e7e16953cecd4af9ca4f9198267f3', '0x081bb28652dc167d4b9218f8cd91c2e9b0d061314d7a932a8ab6828389fe7d95', '0x179244236f614fe6660a5b287f39f7e1a68ee94cd7c4f18670a07f2f01a35395', '0xf6cf94386e3b17462cf55508d9d8fcd4ed7268438480b457fead45521f7024ad', '0x0e85cdca9ab9c3a45c6dcfa420270d1c070391fef6a7d419e7ba236463d2c1ca', '0x5d25cf899c5043a90feb9abb160194f28f3a2fb99883dd1c907c8aac3bbda7f7', '0x0528425071687d39fdc6e8fa162c5afc0727fda2e6763460b6d1af0cdee8bb62', '0x2506af998915267547d16d4fd57e3d73a8fcb8862dfb7c24af85a4db4e7d54c6', '0x7038118073f59f3e0c4030bb863844e22fc494abfec9030d1f9a8dae540f45f5', '0x2bed5047aa465d569b2e1c841a7d6952004973a56deae1f7c651778ef9ce9e60', '0xc05d31fcd73cb1b445bb6e7f16740164bc84c4d25fdcf6b5de6ce4be697e0837', '0xa2628054c693301556d2b5d82d721c87c699107bb8f28d249e9018c8632584db', '0xc61329e809102e66f0695d877c8ce36d2c37d58a7585501f24cb9289084960e9', '0x4fa5fbc77d038b1bbe5be524d7ae9158bc7618280219933c643d2a916a24f07d', '0x02a933bb10c559907bb298a43c0c0dfc9e060ec071f473e75f889bcb14d51138', '0x41caf7d1022d0d2b26a204a9f5eae188902e9f2dc76a2ea91275285b534f362e', '0xdda55cd225f77d548900e4ed3c1ce72bbb4d4a703d7c6d55ee2c1b5c4baf23ff', '0x376cc7b67e786a7f5210c0e0907b1f3c9fcd209ab0ae86a8520df28614068f8d', '0xe7329bbb83a7eb1fb91c0c3dfc66457db12324b63763bfcc55701215a2cf1ef2', '0x8f0c15a89d3c2c4a4a505da7407b90073b34348285fef5cf67de2103e779c348', '0x39b273c2ba6d2e8cccc63b9b582e75ccc76d4d38bbfeb14522231e31a82cbe17', '0xb167d4c97c71cec13f291a2657d7695e7f1be00dfd294edb222b6c2ca3e48045', '0x24e88aeba41dc14e56f0bc8e3ca3f35bc85193ccca1b06f2222c1aa7f2387e86', '0x64a1ea8147ce57ba6fa0977c08231efe1c82f8e9bb7a7ef4effea30a16d3602c', '0xc984e8a33941bfe115e47fde02072582150abbd3cd520d10260c8b164ab9fb78', '0x26bf2e0b865f1c271fa314b3061fc4cdc3034e4958bda6c7b36ab8da9a24a311', '0xc7f0db0212410b9c3200888c9cafb97cc051af81da71a7a4837752cb51da4bc3', '0x203087a6645ec094968838885c3f0df8fd4eb032c4864720635fed634419d1ff', '0x8ee87ef67a6d3fa48a7a16949d7ff47d165e6e6e163aa11cc596d399936c6fc5', '0xca84cc2ef82ad0f2dc20a11d00ed3f39f602c99f77af1f799b8f3ad8bfa78b95', '0xb5eebb629a58458b6df2f372d2daa8134c9a3b4e850a7f343c94603868644eed', '0x041ff0e88ad5da24efce0df6b71177e3edcb77d899532aec1706d2778a0e951a', '0xd0d5d301f64256a2c2d298b8fd7af88512ac588fd173c6c16e7eab08bed9e09f', '0xf2618193a41468a935fa3276e2ffb41a3f771076ed2814c2d69cda37014b802d', '0xbf052c7a4ec26c0bb3cac9ae9259b587e45c52078a867c7e60a836732b9af5bc', '0x79bf899f661c6fcc2061d1e573b014cb55dcb457da9b8bb5c52ea5192275c7a8', '0x594d19267672f6a2980173344710a3b76ae88d0023ca186d7be7c9c1d7ff5164', '0x2648e2d0472727e7ec59f81ff808f99549d04fad522ad17de51237557b39157d', '0xe70245ac588481ed5e08d56f6d53f0bfd485120f0209cc39aa05b937b4ac6cd9', '0x7d5a7598da405ec566853fc3d8fb4b9c0f8a2ce42ec6cee1f6c8c98075610849', '0x546a65adcbc7ac506282a75c385eb0ef78cc5f374802a5adde65f9683b1b4d38', '0x0511b15482a956331628d1d1a164f133e7f047ddb9f7567c8c37f901cf1b9e43', '0xc901aa179815b939bf964b1804a1cd771075a57f0097965d0cc4a28a9ad92440', '0xc0092061f818f3796594ae10e055f80daa34d417660de1200b7f0a1a00242bcc', '0x17e55398158bc20a613d2ee2aba690e00777ffc7fd20735b9dbbfb0c0f759cbe', '0x5c23924895ea02df38b1794b6561b315e6cfb7c54c8d89e9f36fa77392b0446b', '0x9c35f76382c9d8808e4ccdfed3916d1300a32b9614c3762e336893d59fad55ca', '0x00839fdd97b0f6779dffbb7816408e950490e00ccd1a731c38c3768f1cfc27f9', '0x902aa5db3f12655ecfdcce1f0de79c7e49a7853c31bb2ca908374fdb28f76f41', '0xc23c63c1809198292728329759e2b4dc235835a1f5baf722965fa55865ae2fce', '0x682ae21934ca8f7c3aca21f1aad7b45d26c82c2f601cff149d2d749553b6c2cd', '0xbf32912439df7c3c334d50bf591d0f5eb0429540b5802fc59a7f26edd50770df', '0xc28384120e9c9cc22212e35ac9423d114af791f6821e3b5039fd252ffd2f9b07', '0x0fa3fa3c0229ad542c6a39d0adb2a1190c72838be5d5a12a91b252bc2906bc9f', '0xaab61876c023631a4a2acacaef2367215b7120270d4ecc5ec4b2a5bc35a0d91e', '0xa35795e9d8cd6bc128ab46b135dca2b219f5e72dc765515c2e81e8bb3f803937', '0x99f7ae5355f96298d17545828b3ed9b39736b9fed80a3776c7f2f0b08e54c98f', '0x98bb618a0b8c1b0ee9eb1e98dd3e1abbd7a2e4d3a612b68af1489c5b5a69359b', '0x184c15b8589c9722e2bbd613a97aa80eaaec387b2dedea5662cf633b2a50285f', '0xcfecebd4a38b77f5f3c0d0db5bddf06d96ff6e1fc1487d41337f3f49d3032f62', '0xeabf0dfd4e8c346ae0f1eb3ba0cf4d183a2799056376ce82edebbb7ff5b520b3', '0xa8a77dfbb55a6d4fb3647bbca429641bb744d6230cfea3075a585efb8a855d99', '0x3a4ac871584394c088c9ffbec55cb5d453bb7978fdba94b7d1a42151b60ea6ae', '0x8319a05f96d60479b8e47c551838d7e8c6dc896fb6a4671f9bf2dcfe555bf409', '0x85346291bad51c23aaf58d37296a40e0ba3209fce8f2afae74008d07c779424e', '0x0ded0a119dd2540439ffca9da4efe1d63b813c59ff0673f5b54df41687ed95be', '0x987391b285cc743f00338d47ba3a84c76087aee77957b2aa853c06edfb3faa65', '0xb1afc03af0c1b93b947dbeae5d37769c873f001441fbb8cfcc9f402e121ab5d4', '0xd2c04030b6f517e544c42972d44798960f3cd984e66d96be690ecb4e2448ebb8', '0xf13a69fb9f718a5d2449ff33cacb946f6778d1477772ca57a7be3df332becbd0', '0x48ad9918af13a7f117f4f967d3c085c0a9b83c5677f4406fa1422e8ad7ed4714', '0x6f34eefebbcede4525e3070d24a0cd1a148164e8b7ae6b19076fa6d38619d42b', '0xded014fa117a3a6ba60402d0301955ad8833b8b9bcb10d31fba742fd0ee834ad', '0x847bab8784203f80f95777576734b0550e3373d08972e5271752468096e4a167', '0x1a4132d5b5037583931ba30a1194ae0732710330eb7669c6bd6fd2979dfd8961', '0x1eb9e7a482104183eec00499c45e8acef3ee4bde5c58947f1f8199e3d672d4ba', '0xb0d273f46c7536115518061fb8742a3539a33879545470c65eec5ca48b139ad8', '0xf57f3a6fe0346627a56bbb402484b882dfcf9c05a03d2701fece7f581de80503', '0x8f3ab8b0599f9ed5a73edced05960a526469463c40b06228734d4590088c83ac', '0x0cc9c09781ba8132b24be70c27c6eb953a858dcd03388a6132cd904775adbb25', '0x310271eb196df59af10e752cb2588d89889130fcf72336723689d9f08f8760fc', '0xbdab5dc0df4874929d8f9334adf9dd6c005b161c2b971ea002f82d41b78b7cea', '0x717e11cb9bb8c644076f60750f925cbfc8a9a82dfc60f423239b89c0c8f6d634', '0xab31a1f64d35f0054e156b8f7d02fadba911fa8bd9652b117469968dce2071d5', '0xad158a5359f1be13581acd4112f07b4afb27896de82cc7d53758925ff7a2ef31', '0x9bd240e23e44860ed9039614b760da03c6936351d3a112cde41cc3604f04fce8', '0x1198753903cb9006dba8f33475848d0631f7884f81091d0a6f8552711ed49d3f', '0xdd6b9bc50b3ba018c934361702ce2695a71b0e718a0f7a8e75c4d3b189608f9f', '0x586eb1cc593cd21da33f91ef2c0fc5baddfb787835f051a58adc652a746de1ab', '0x2060d7c1e1ed60599105bb8c4707d08da5196446c35636fce79893a9c1eb0914', '0x977bf9766bd7e4044bf74a9ba91421f461f55739d55c4f1181ead991a7cc0dba', '0xd5fa1b773889a2d8db1134ca22758e45a4ec8f018b5a4d19706f3eb99bacbdd9', '0x14aee7cf452f3c65ab332b03ffa25fe183b395a3358a8e6384d14989c400a4b5', '0x6274ef6695d6297703ffde02559ef2c59b8dc5d59c3a86d6746551ed35553294', '0x220e43bf3d36692cbc177c024b238ea1cd5d70d4bc9766653f0cf16210ba4816', '0x6c5f4f0f5c5a6a3e08b9b327c4e7eb0e26fd40f00992cfabc1e9abd533ac087d', '0xdac914521adf2142913fb03627f73dfecb86aafe309aa73f639e8592f114a116', '0xd56494e00d37aa429f927a08fb923e96cbfb4929ed33452a858c9e5ad04e154d', '0x1a7ddb2054514bd9b8fc1a2ed78a4bba3bba2f46ab6d92c1f1309be945782ad3', '0x04d097e287e38c63216584ceeb47213b31c0ce4eb41ffab1d45ffd2d98850988', '0x0e2c8fcace3892e34311dc837557fb42ec4738b5fc97436fa0a3892fc856bb6d', '0x884153bbb15ae9d060148e7f40d6db6d60723d5001e2fae14923b000e1bdabc0', '0x0aec399570967b749e5b8e59f7e3d5575785b548deb0c31821a92aeaefef2674', '0x4078036102f844232b0c7524e14260fa06194fc108a30c10cca7810984f64e0f', '0x4a67a820cdd0c84e4ac19328e6889dfb57bbf5bddee2d1a7c11bf44739437fdb', '0x62a468a0c5f09b7b8c1e020e6a193f765b7671bdcffd3b1df977974468034147', '0xc0c7ecfbb7994eab99a3da57a281f91ada0fe79a627f2ae7a7dc9b995dc2a844', '0xa35f824eb4b4b7d35a5acaeee56f33dcfdd9d064ec3541bf903a50704a96bb38', '0x5b6ec70b310e12d9b605c1d71b07e3a78a6ff60e0073aeabdb2815863991b861', '0xd8e9848f8f85448b894e8acadc4e20e93fbb0a53258e45ce3e9391771845446e', '0xedd1ee80676c4d0175e5f02608b60d7724aebd5b193b93dcaec3a8f882a7478f', '0xba2a1c726295adae3e649af536549016115ba8ee7a62c6fd691c8807dcd234be', '0xf7a73431d1499e993b08c10de727b22840d83fb47d2e84f35e2e947c7aa970c1', '0x7c71ef4e5072f50528f4adf110e870cb2c84c496f0e1e0a91c2992e4698b2c63', '0xa3887dbae5c7171da5714b03b60706b2d1965cf5f607b32d2bea40949d80b27b', '0x3d776b41fe44269fc9220d7e6bf61226a3174d7f65c57f66401c0acd59590a50', '0x34946cde5f4c148f2690b06fc934a3bdc0f63b8870ed4e612f04895a21926b82', '0xfb172e1d89fe19c3ab865afc4f951529775dec6621233837fc2f3ec250e32351', '0xdd84c57d8742c984ae634870eb55ce857ff49d15d455ccc1ef84b3e8826ba162', '0x72b64b0087217d1c4a1cf6a9010f9371451f3b3302ceeff9cf2d09d8f53faafa', '0xfa098289ae3ce6ef22ad09a0bff6a3b3072bf8dcb11ba88a44ec5f179a283c07', '0x458554d4fcf7b5b2db86fca5b45bbfab14621f3da1aead082583982840b98820', '0xdd84e72b8ae47eb8696d3317992a17319b4c281ecdfc55963698847a9c48eeca', '0x0255194fe53b5bed7310a83bd9a4f0ef4d56f3ca2e46a32d5b2aaa94abb4dd42', '0x4e19939011ba09a55cf3128087ca2977010e881d2b0ac52a51d64f68db42e9ba', '0x2e4effb366c26694cac27a594a176df466ec262c2d2089e705fe503844cfa835', '0x4010f689a0788e770e3177574a8a9c57c8f3631fec3468b9b5e2e286b35ebf9b', '0x865788da0f823df49dfec3cf845ca18bc14f2df258fe6ac43497fff4bc602992', '0x0f91049616e2c238ba402c44dc2f2e22d5817f75c39eb4df9cd3ad4db4b34146', '0xb42340e90bef80c66537d9ead055f11733e09e2d7b70efcb00d3685cb5e0f050', '0x355c0af09311fb7200712eb113b08290adfd075c6a24fbdb14c38a6886e714b0', '0x180896f9ca045423870d832bed997b8dc038fb96b4cc0d2bae166e4e0e3911a5', '0xbf655afb0cf8bfeeb4dd54003a3798743713b2f5a76327fd55c12a4c80332130', '0x7e3d580eda7c020704922520be507b2e7e502000fad040f705b65a4804c6d8a7', '0xbc3dff72f7aa0f3f40def80193b4bf479e46f1cc8a6c778ee7e0092858d49633', '0xf19c20044a2a0b3ea6a134e7eb2b08b27520425160098e5e9ab389a9e37dfda7', '0x2cb7e9f280207d70da4ca39773b8e2873c32175332551186a51ba9cd49237b38', '0x8d51f266200501f176089e39f66d35f2e6ec7e6acd9347d219fa026847043bd0', '0x16269cef2614bfb99c5dfc9f69c75e8188062e7dd75c18a2319e365927138bab', '0x6a14af00025bfe6fc390c6e677b9610ca2560ae24d4d00609f92b51739ffeb0c', '0x6bb73d325e239c29c38c2cd611f1032de79312d9fb46191a05e360c889fc59bb', '0x25e62a90800bf583c009259239f37cea8acefac9ec5122b6c9420e00f47a8a6f', '0xd5ed265aa95feb83537297d7490149c74c8124d3eff3bfd97e98efc59523fecb', '0xfc9ae076964bb2320e5097e2806aea2cbdbfff6aa8312d0b33bbb43b50fe9db6', '0x0bcfb2ed1a85d0e045ce0cba18bbed7dc7b023b4c0cc5c1034b2c7685514232a', '0x6f8f5510b37e91b5bf7d4bea2949af268f111ccfbaa4dcf3f423e0e2824c01e0', '0x2f81159608571f38b4985edef2e336eb51c85b02bca9642693bf05afd350c2f8', '0x8841966f367e636ca1aade25ed388aea69625589e140369909a22c051309d39a', '0x632128ce4eeb1d54034dc0a58795d829d9815bd480aac86a2cdc5de4c418f60f', '0xd6d036221f1b9d1683520c3acefadc034dc31bb4b2d2c82efd1a3ccf555e4f70', '0xe38a6df9924e2b03064a6ed9d5c024aa2ce663271d1e81e0d10e0e8e8a764b57', '0x68e6e2407b31f36c2d52af7a7d43961e7dcb7edb9dd4e14659cd25fc699d33a6', '0x5d9abd84c23a109e679d974b57df0a4f6d48d190feb4c1374645f803e22e80fe', '0x40a8647446e91648cf04edbfea043e7bd840ffc027df184b615edc199563c555', '0xe505788ff443af272a817a5fa76c2481e5cc420762e8ca23dc56625210aa9f85', '0xb33d05f16e74b4ced2759e952c61e0a8f0d6a8f579e798285ccf41f798f1c20e', '0xaa8565b9ab94f913b133ad2672e40f4150af36d6a61c3850fa905d9da0d61dfe', '0x218815a2224fe6c58df544e14ea424994fdf9d2ddf56265168cef794440df0a4', '0xe853dd923ad8d5464caf22ed8071a042020e01449331e0930bb0d538283aca9a', '0x31d986eeb62f1d083a7e984c45efe6486923ac404f95118b61197bbbf15556aa', '0x9fe9c711df27813c771df3a03c884be96177f3232651258909ff794ec530272b', '0x9ce8887d4d894283606ab3726678e7fa46ea70fe1674bc35b139009a86247895', '0x42fbd4ad66478ed77b0f1226b5e11655b3a0a55980b122d9ddb468b56d464640', '0x40511993bcd3ec566a9b95af1020334611bdd77e8571dac240b2c19fd0628ce2', '0x2a54aff11d73f4bbf8764ee3f93dda82a7de6646bf3c602d0a0627601cf8a038', '0x8261eec6985797906dd65b77621b7b68ec8f3c35b291883ce4f0294cc7a65d31', '0x5cfdb9f906f2ce1fc0e81e6e06ccf0c62ad30c7a4dcc3446f82c9b7cb885c360', '0x72d559b8b24f23ed381bb091dcdb6c7abfa13d281d03ba62ba7376ce5e311a0d', '0xb3b036ffabe20653d11670752ff7ed460eae69e2de787177c483118e178c6b89', '0x27c333a2d1b6e63b6d072d7338fd756f4ec56086268d0def4fcdb4142d95ea60', '0x492ea654d18c195b210fb75a98ce8c05ec0ca3703706e6d126ee411b0ac87641', '0xe6dab1c46e19dbfa08bac259e0ce0097e08143f0ecd387fb1dc9d4736f090fb3', '0xc0fa00d94b9a6b1d31adba3631627de893beeb765ee1b89124db6dfd50d73151', '0xe0f2b5bc4a757df4a06dadd3f94983f25730b1a223174591cd24ebe2add22ddf', '0x1c7b6d10d5435e122d4653a86683c4649b5fed6ceda7a65ad99f30fd644f4cf4', '0xa633dc37751e31f87b1880f608c712a59ec76646041c6c24b681c6439dc2adcd', '0x3bcc7adda03b56844fe302456df9d88d83d91c0555eef9e81ed11b89c89c8375', '0xca297202647128e8e20e75c7cef34079ed6abc5f4bafd34dfd739604f44776df', '0xd8cf3f232d4504ef68fd5033669896a3eaa11aa571b34cbabdec35f8d915c039', '0x1dfbfa66b1839168f128b6be0364d68f1879a499b79cb5382e9b2b421841b843', '0xd085151bd74bfe1d504067705cd8aa1b0851f931c683b27724d45fb38ed8bf19', '0xf04d3ae9431efe653439affc7d02f2f6edfcfe7a80a73c56a0d713a4a4767e40', '0x906faad08d2b5bdf54ef017b9ef5fb4c2da44355d0954d7fcf0cd9bfe25d5514', '0xcca0076aefc977b775fdf8c9cefb9431969724fd679cb8cb778dd9c4cd169cf8'], 'transactionsRoot': '0x1ce54a065940a099d64af82002717fb5e09c32c5dd91080d07fa77cdc36fb91a', 'uncles': []}} (async_rpc.py:86)
2022-11-28 18:11:30 [   DEBUG] Getting response HTTP. URI: https://responsive-convincing-aura.bsc.discover.quiknode.pro/3e7f242edcfec9ca1a36ef544cee66362af95baa, Method: eth_getBlockByNumber, Response: {'jsonrpc': '2.0', 'id': 37, 'result': {'difficulty': '0x2', 'extraData': '0xd883010110846765746888676f312e31392e31856c696e757800000040fc9c677e246378cfee170bf139158728fb1bd1f0dbc445e409a36d7f104793b03dc44e591b270c0b6e65aa2f07096ab876eb58bad43c0b3a00be30237409f57c1ffcc500', 'gasLimit': '0x726ffb2', 'gasUsed': '0xd49ee2', 'hash': '0xe289acfcec6258b35b1d3a77f5774efaa83c19258b6120fc64fa3540820cbcc8', 'logsBloom': '0xa276373534289a3c378e284281c016d0a4b016d8340052ca7619bcc2284b204243204364d6c11261f3387b712cb40700291fa0801d7b82b1444c6df7b4bbaac0c081ddd493406e2393f7554b400000be211b50a93e780f42f425f458908b26dc099b79ac020f1659ea31e878e8404a7b1b25caffa1903dd6182328fb535e6cae1809e7ca3489dc2b06ed8cfe2a04aab83a3d26a7516026ac33212c49dc9168b1b24938490d8c51fc78305ae8132a8de140740e28f25283e04a26672706721748a339648e030881a6063625856cc27220e6216b282f2b4c721d0814520132af780fba05124d9f584a13b673cd0505021f5a205f2b4d05cc5a8ee24912e1c63fbd', 'miner': '0xee226379db83cffc681495730c11fdde79ba4c0c', 'mixHash': '0x0000000000000000000000000000000000000000000000000000000000000000', 'nonce': '0x0000000000000000', 'number': '0x1655c85', 'parentHash': '0x4281988478ef8f44748f6e6026476840201ac7272eae8d66752dc5c4b1ae103b', 'receiptsRoot': '0xf70a67a1da536ec483b04dda8914cae89608ce61ce4b9d7398c52c583908d94b', 'sha3Uncles': '0x1dcc4de8dec75d7aab85b567b6ccd41ad312451b948a7413f0a142fd40d49347', 'size': '0x7204', 'stateRoot': '0xc383a3af3a2432afbabcf5d1dab25768a649a1c621d3d75d1fe5fe95a780e513', 'timestamp': '0x63837e5c', 'totalDifficulty': '0x2c67240', 'transactions': ['0xfb165b307397e44817ec50e5e45716aed05167b916fe75080a311873ffc6986d', '0x155f2440e25239cbb95f6c70e70943750b688f5db4b08b2db8d235ab58581eab', '0xd9f4f372aa3ce90f244ac111ef0c09524df8a84f5f04461106be930578f074d9', '0xf863e35ae4c9884e4bfb708b4ed10dfe386e6426d3816f922ca8365691ea9f57', '0xfaa56eef3e0a884a522cdc717c517c00f27fbd418be44fc26ba506e30c4327a1', '0xd7f3f1c5332444962922673f4d098b058b078c05e24e6dd8500ea744b43756db', '0xb4ab80f1d9669c39491d34d8a8008d77eaa0ee84db2325602668dbc9cbc01cea', '0x7ff3c20a19f5c74173cb7b16f81d531ca999aae7561d8fcd9e712486098faf17', '0x7642f72cdbf385a313039de927b08eedd3a2ff41910d134c04e08fbf9cdf07e2', '0xa5382ba836674d72a87310a060b9d701f1a4a9e2e827b8b45e0add29ce02cd85', '0x863a8286f6d6b2666fa1a9593866463eefbfc3352c8e49ba75c3c2ba1bb1eeab', '0x6dd1e6b2ba0e3510ed4ba44575d0aca1b2be8b63082ae65d3cfb433d38a97dcb', '0xc14aa7f34d191fd97b6190e80a3ee7000d65530d5718aea20cc59763eee67ca3', '0xec13afe1d1987f014359e0003f597c02d455f764f1a41ead2b863b2b0ea40d2c', '0x54264c6bc37080405650c49b5d016bf6ca9129057dfde21cc9976c6aa8e2b670', '0x36772d66a0a480ce27c0100b7b53c4ad41d4b8b899d3503550e0b2e48ca7b1e8', '0xfa94c39bdcac506b98a30567a3086a769dd64103171e066345c2337693360041', '0x3f9ff411245091f6bea1368e8335f57b0e8f4f4b8fbcca1a24a000ab700556d4', '0x5d940f4c7ab1df2095ab346de4be1610fa1925727ec723cd57904665597dd94e', '0x755cf79890578a7f530d298b82e7dc4491d453e1786c1d9568f7e965011f04a7', '0xb05d5a66c726638cfacacf797202326256dc6baa44d7fb946e84ac58831abf13', '0xbfe6646151497b4b866c0a6b9e449e3a00341247cf07d092dd1cd3940094de1e', '0x313064c5367174a40f027417d50d69c555cbeec427e76752f7544f06230dac7f', '0x21600274db891698c2aec21d1534ce024a9287f90e9e56afb7e0fa316e4c6634', '0x7e37b68b303e44d63e2aad1c974982deb869a82b92813f5e59175fe19a4ca0ac', '0x360f97a6f1c82bedde4dc6ed6e267622f3eb265f0ee0bc02003005587df962de', '0x891315d1c312641bb7851c1f5c2bed9e369d27d93bcfa6acaa4faeafb62904b0', '0x178830a4ace2a0a07eb74a56feab14ad9d08fbf89f76310fa917edb0b005c624', '0x103af67adc5c42db0a0e4e9ffc87f3335b17d11b4f9605ee178ff381053d73ec', '0xccf2161e961c7be1a8a355fefdf6689efb935bcfec53933e9bbdaf96e6029112', '0x40f4932232f5efbd374e78846252efc4091be1d2c6277eb53b01b8c5f8d7d6a2', '0x427629c7b1565a5485d354f806b92a3d05dc3c5bd99664b3d190a5b4dc33cea5', '0x73daf683cc7f9c602871673bd2cfaa3b659fb72fe3630430cd595d98ba541054', '0xa5366569c03e8ba00adbffdb9a1e029d13c2d8c7376e4498a013255443d02257', '0x13ad512362049f7a9b6c7024fd7a73d411b7200aed621347548174cf578bc550', '0xeffe438169c45ebd75e557620a8b2efa108cd8765b792e5fddec535d0cceddd5', '0x3e3c3fab71a23e84a4c98be25bcba318a991c44578c861c92ca2a09937700004', '0x94f30b5fa83feca341a9ee7ce6a08c8fd32db2c744ba237cb40e94675d650bb0', '0x3212843c28b39bfe269545535483fc94a4056718ae80fec9b9640a89e4029db5', '0x201910e30c1ad7915c8dffa26cfb38cbd0c497736de21a7943daea58e7d2bec1', '0x72e0742131f04b2bb682db8ab796ec4ef9f3a2e3db088f374707a1105888109b', '0x592d803112ab6209b0d02e8b7be5ae8cb5e713a8ece58c33945a75f350d11e23', '0xad8ea381cbd63d6666d5f166ec328270f33d87548baf1a893cd4e33fa6c03734', '0x4d0444a2241fe7130cca0cc4ceb26dfeb5f047c512e88206f0f897ab6196b0fb', '0x005c672627c3fa29d04f525f97e78ee410c4b2bc5ba1822e6cae19fb2f64c55e', '0x0dc9c1e1de02157ec06746c47034a4ab867643594eab81b8877f585d82b065b7', '0x371c2f0e3e7a2f1c8f27decb6299135c2e029f47a30bc5121a9b1e4c1baa680d', '0x927186e165006cacd1a65a80e8da9450c739668e2f3b744e5f2eaa1c275f193c', '0xedfd515ec98fd90116a117db7ab43d86bd8d62d050f3167f85e014c687c13d67', '0x772adbd0ee6bef5d9cf0d7c8f88ef38cec12d14d399fc6f71f604c08f669f2c7', '0x9d2c1b6454c98eb61de1d106c51f1af5a4e6a7ca62b7bf91be1ce65f58fb6616', '0x7e4385156ab660c2d7e5b0e4e155967ff9c22619cb15b9ce44477196f2cef25d', '0xc607508824ad38ea244ca2685936082fb9caad9b7b2fa0debcd6da969a30c4c4', '0x109d803008205b5f24fecd7e63dc5509ef4b5632505fc657d4bd1eb321392d45', '0x7c1e38adbc996717f1783ef9bb1f591644fa64d2e184a1abc36a0dc6c4c864da', '0x3c47cf96026ff6db78e3db38d8317db4ffcf0802b0da1869eef5115c9116bd7f', '0x4d8a15fc622c69e52e8a5938f49a280ca2cab678a717c32d8760c267ee2dfec9', '0xfcc14c7bcc0c29091f6e4fce5fe71a996a522c09e8affd755f592fd0be7c1b2f', '0x8675703cfef2d1bf52ae5f3afdcfdd2f070fd2c4278e0cfbb08a6e52aa37c305', '0xb8876b6d61e009a12c442f1c8c39dc89e6d08c8b0867df5a3234557e75351768', '0xcd9331a12532614bfcedaf8565f3d6a6c7257df9381c3095398a331ab2808c69', '0xbc991d8fe11091c0355bb771e8f10f82231d497afb0f36e2285caea424a8bf8b', '0x56276febf6b8ba3754f4e00534b45e7b3eb925ca3552554116e171fa5585757b', '0xdd3d7300c8af405d9716a7cc2bf3f5f39d5c4183883a01f4581d52eafd116dce', '0xec0e3f6392f8429c7a575c9f92493cd5d0b489b9a9ce735ea109b1bf227bb3a7', '0xc139fe557dff0643fdddd752af09e2b802a956f0797799ea86c8761632bc8c92', '0x23488454177afa024e2d56901596a27bdaaa62f240c0fb9b330da2e7fe46fd0b', '0x986e1851692710cd56491d84f0cfd880b21036ae8012c598816d5dabd9314d7a', '0x18c2a9c385517a8d711fab3eb706178979ea3e20d45dae137d144333af170a52', '0x81349692d2e7e205a51c148b12778fa607e591bd461be1c772ea3aca7440b576', '0xd999c403756ed384cfdded0c7c31e17fe8e489b306ce4b93059cb15e27854c5a', '0x6855ce0317b1a3b71a4110e5622d9465b4b870c9e3a26f14b061170149894e01', '0xdf57b474e870f2ec3fe571e0cd7daebb60c87fc5281d454aeef831107d183b3b', '0x0c7d7711eb5981b12d2c609559e667fb947a7f658fd43a8ed56c064b42e01342', '0x02d021057805bf6df224ebb968ed7e5b4b9b7a2f7272970d7c6c4e1a5b9bbf26', '0xa7cfc0964e14378b23f6d3702188db9baa54e5e303dbce454d2f0d7e3b144526', '0x114d7a34a6738cc8fd3c1cda1e68d7da99d7917ae0f5ef3b64364beccd11ae71', '0x38fce5c2e982211885cc74b3095cf4563a1de08ccee887c33f476cc71c9189d4', '0x6d30f61455b9b9ebefba78aa7a5829261665956fcbae49daaefd135ab6088f9a', '0x58fddc1b0ad2c2d8a00efe268abba8c85940b99bee78b886e336b7a6432ae842', '0x255f86b6a6f1a84f488835d92689f88df1566d24bee0ec058ea074dad4df69b5', '0x8cc1999e816fa45610d43875da277338cd8192fbbdd820a10d2f37bdcd504a78', '0xf7ca4a50b09f4629208549dc66eb07a6bd6c3a586651b8cb1d50578b3045100d', '0x0e3fc3700a51c61666f1a43fc06e8a1b9902b4d1663e685bc8c6c00612f58ab7', '0xa1aaa2b3079bd8352b45893b0f6872254e781408b72301540e37e569042de76d', '0x1fd6a05ec4317594dee670200f7014c55a7b737ab28db902448f0f35fc66cbb2', '0x85105f2b70a56aeceba5cfb938dba8a24bff488f5550999b365a82efc0feafc3', '0xcdc3e846eeaa29e950c162244dec419ddfcc320883637af348ec73220fc94bbe', '0x19ff1df09446ac1f2f18197870c13afda270171dc0f5120430e351d156a0c1d7', '0x9e76850d18b4ca9cec15636658b772a20bf1c750e280bf86f410f5e3942a3d1f', '0x3d7c70a327bbb9502657ce344123c2b9dcdfae4622d8411da430297fc2efe0f0', '0x97717b72f555db0651123dc25eda9d1cea1eded2533a6201dca340a9063f832b', '0xe951793dc1aa75c96e2aac4807ce16ce82e41719254ade12e868d5ac63b37ac6', '0xf3341ac4d226e214e4bebdbddec8c2a959f4e9ffb58829c30ad0e54611a28b79', '0x57c42449c6e44aab053d03013e12292027f5d643a2867ed00aa8650c935c2883', '0x16e58516468f24ce77ecbe8689672c18a03186937add65116fce0635fbbca98b', '0xa144ee764cb2acc00fbbaa80740b156ab49adf4ede2475efd09848d1b6d954e9', '0x015dad446d0ca6cb719201b21e6ad23172ed89f4b968a33071ff8f939185a5e2', '0x3441d46c97c2c4b68fec1e54451a00f247f848443ea43a28b3fa64370c127f22', '0x3afc46b16aed7ec5013ca9b11bf0cb1259f8c3502f6fe1ef912ad9718478f847', '0x6f0b0a000f1ed19fbd63538d07e4e79fa371a0a773bdd9d5df669632f7eac30f', '0x54a83a8c91043d3293aa092345d37b6d3335ce1cd4012e7f172dcd953e7d3efc', '0xe29d4a096a872242e2a17eca032e8e943dca94534c43fbf4c9711856b3422f9b', '0x5d85971d5245a528ba16a9a1e9a575e498c114d915327061339a35ca998d8881', '0x3972d4c95ba3eeb5a29196ef418f6e8bd728fba2e9980c8a345dcbeaadd0b708', '0x8a321fbc0fe937971447b4b3bcc756d0b268170cf0ea0c3ec6474e87f804eaa1', '0x1c7efd4e0237c8332c7e1e3982b0c07a8363e1f8339d2282baac2a3156413aae', '0x42165eb5f2a5ace91718518edbc616edd5253e0ecb758c16fb8772056cf5d498', '0xa6dbbef5523693b53ab6ca2bbc943dd339d6295fdb6f4b7122fff953facae3fb', '0xbde514ccd67fef38d14d87639984b05b8566fbecac639cde58634c65820892cc', '0xc3dd78be315a50fb08a395a041f0f13bfc8c993c1b50e08513d87d85e3e96b39', '0xccb7b84e701f1f4ad81b0688ce18ae85d3f830235b6bded7e95da31e46a68a7c', '0xe7899be2ad32e1cb36c9a828340229e44b4fd0f6f58b20e620849249c8d4719a', '0x397c9be75d50090158318dc45ea12b3496eb74c9dd13cd1b583c508b020205ae', '0x5904a94e345eb1f42c7ce7c27e67b09b930a6ac0f4f4005884573d7db8ddac4e', '0x0938f37f59061e2bc08d855ccd1125d21ecffe50ca8f730a1354b6b2203c7fc9', '0xa7a35c0b74421e1b23a215c1be90389d76de6a324acd137aed9b0a7ae263ea30', '0x8c54f5fe4c006a420b9dc21ffbb2e09b42f1a148d7b98bb0bfac680841aaf368', '0xb97150d7ced63cb21a8c36b1abf8a7bb8a457640728d710b525636259f3c972f', '0xfe9bc2bd2597f6ef49e5d852cd8d720df18b7d7a03f864887f02dcc61f88e849', '0x08c6ab28a1589dae03dab463f9a4d98de6f5af370de601817a767f1aeafa6f4e', '0xce6411cb979672dd5c8daccb0c5509a1c0c95d6b6c06a43454a1adf227b03019', '0xd35f909bfc9f8b703bccc19966e416e330b98899f3e18796c1cc84ca7f5d6e83', '0x712c3d57abdf070292721ed7316ff173276733ddb5baeea24819ae41ad67a114', '0x04a33f3c8633343a20ecf083888d17055cce2b7663b0fb1716a94ec78c894ed2', '0xcb9be751244852b1723aa17adde6cb4f1a2e8c13761339650fa90d07d41a5e7b', '0xa5ee06d118e95b1227b6aa4b7f5bc00ca257aeb67f69759c93fdf508eaa08d39', '0x5f8522ea12358629934d336efa024828d7106fa0516db6c4c95038c473815162', '0xccb84d86e6da796cc90535694132a3b999f414711652d6e5a68375435d072d7b', '0xc34f0caac11c376b4b1c6c82d8f09fda70c0161ac159d64566df0f0f54ca4b3e', '0xec4de15fe48d991a8c96b5c06182776c6c7be58b1ec1115a8905a8d610272226', '0x2133fa3be77e1be45bef1bc3b034f5cc7b01cfc8beabbbae80f83a4b0b636a5a'], 'transactionsRoot': '0x432e5021958ce1a5c1edce38001bb44ad211ea419b026060a428cb18ba217ef6', 'uncles': []}} (async_rpc.py:86)
2022-11-28 18:11:30 [   DEBUG] Getting response HTTP. URI: https://responsive-convincing-aura.bsc.discover.quiknode.pro/3e7f242edcfec9ca1a36ef544cee66362af95baa, Method: eth_getBlockByNumber, Response: {'jsonrpc': '2.0', 'id': 38, 'result': {'difficulty': '0x2', 'extraData': '0xd883010110846765746888676f312e31392e31856c696e757800000040fc9c67cd19c2cdb3d3e0838c66eceb0e2d6c15919ef3c072af77edc7698fbbd19d333237f9e7024b12c19dd1ba43197056634512808e3bae844d85763c0fc55910024c00', 'gasLimit': '0x71fd8b4', 'gasUsed': '0xe84e47', 'hash': '0xb8e6a5e702a10962403c1d53cc731466efc4b55f189932d152a4003eb21f3c9c', 'logsBloom': '0x9ea5930a695e1118c59e085c8212d410b0f77043d49fa49e5e7b2e6d22f199050d0114545c5e571a932a3433603128f72d07cf561fb24e325cad4fe2daf678ee30307e81c1384ea2c12bc949d839f0ada71902f8ab74f8edb6eed311aa4fb2c10c91dd7eb22f97bd2943a6f152b4aae9b8c1d677e807e7472b70a177834a79b02e05a1b30f5d3f0736a6dc2e6a440cfad13d3c87928a30d877cdc1d709e1b825afefb1099d16c9643ba4f277733c5dce4c1639e1f1359d1258ff3c288532b746a15994c6b2c7e20ab29c7d6ff6c49eb96ff4b9d4cb7a3a965d47168e1a34ec3534fab9c72565dd18adc3709755cc3045797c1c165c4a8041e94509a40f9b531d', 'miner': '0xef0274e31810c9df02f98fafde0f841f4e66a1cd', 'mixHash': '0x0000000000000000000000000000000000000000000000000000000000000000', 'nonce': '0x0000000000000000', 'number': '0x1655c86', 'parentHash': '0xe289acfcec6258b35b1d3a77f5774efaa83c19258b6120fc64fa3540820cbcc8', 'receiptsRoot': '0xef29135b03ef74c7fea05b22f417dd7b54c076da087a4d288728066a90e74d02', 'sha3Uncles': '0x1dcc4de8dec75d7aab85b567b6ccd41ad312451b948a7413f0a142fd40d49347', 'size': '0x8bf6', 'stateRoot': '0x8fd98715004f0edb1db9b40a3e8623632dcb359f6c280a05e0ed18ef5ee63539', 'timestamp': '0x63837e5f', 'totalDifficulty': '0x2c67242', 'transactions': ['0x2662cfebc6549d72fe07361a09e4df5506da6e6e7d30f06e0ba198e4c451315c', '0xfe7a7d85a3786e51ea262219bdad95a6205f9d4a87198530b1c66725f6f7dae4', '0x32f595a8733012e247d86523a341cb7e2ebaa0020e08176006b74c6939cfa60b', '0x43ff5da8345076e78f344d810b2e09a719f4e62aff5f9425a5effed7516a196c', '0xc93aa59721b6671f460adca772cd3c61a6f9aa487410cb167ac96332fe4cd624', '0x82805c59e1277530e15ee23b89dfe159bda414e13a3dd3425c1feb91d9d2c66d', '0x7ff4300844fe96007b3b170f50fd97a69854b729af4c275b41651b99300c525a', '0x44a1b8e3a45b03b643b1440ed0cec6634d4778e428e2eb9e45598250ed5eb10e', '0x834f2353f6d2ca4316a32dc4a9880a570a45305cd092775d883a24d941c9ff9c', '0x3467a40b86cffbb4308874512850496f74abd8906de711b8eab8a48a3a510e64', '0x98c79eefae0e21dfdd9fc573fcf27decf1dd27e4ba89619f2b3320bed54177a2', '0x6154661898ede8751b4224b1077563c2194e3ac6c5a38823b731151f00508952', '0x4d5722eab4dc63e40e32652fcdaa809986568095d40a05e97b7e39d7e482082f', '0xe81f0580cc3e481fbbfc2cdc627f23c7cc9579e5a1c05ffc37aedf775fb869e7', '0xe0722a4c3f982f6146e267efee4993b7bbea421880a310959b8c8d22614e6c79', '0x5a17d1a8978c2f1e2a3ef759dfe87c469e232d8ccd0e1b3f15b2f8a2373f09a7', '0x7a952ea72593d122940a78b046e747e2a816af60166d81ce6eb7bbce38dcff41', '0xb02f6d9054dd7eeb42cb400e1d173da690afc671b51c34d53c83d4a69d9d2350', '0xb1981e79672a315089626a3da12eb56f72aa1a78bd92937fb3b201e107cbc139', '0x1f638471fe5513abb4decf2de3b147bc326d7f086bc4a98b5715d32364b2e30a', '0x542fd882eac9d545d78c47c9a42fc80cb1286f0fd55eb8e9f3b67e869f08ffad', '0xf554c6ed9ea8cfd810b23b1873ec62aa95328e887cc7b6e327e206d8ab2c8e15', '0x82ff3f9aa3a01e92b35a60ac9d1644543097fbf48b62d1eedffad84266170796', '0x1b829fccdc220f8cef637c879d27491fa14c7fcc30c229030d4cd5caa9f3d48d', '0x46b59537b8eb1eb6acf1119034114fb512ffe02265778749026d555a4d028c3e', '0xabf80430aeec963cbcde843cbabba4728b3e39eb7aa3d003ccaa747de3975d0f', '0xd9a42c35a080c62aa2d9e947b868916ddeae45e2b7288ff0ba9e196377d0791d', '0x1c7aa6b2854abf1f396e755f776842955546593d505d217f121dd1e69fd47b6a', '0x16f664e9297dcbf459c5d97aad72e9aa10ab341ef57fecb37e248f2d3e08b98f', '0xad7ffec3d51378c1f283e462c8f94f7b963375f9cbaf57f766f3d7295598f868', '0xd447e377e832e5df3028d47a66817b8d60af22837d24b144c9fbea291db1086f', '0x0a781a080ab589d2f909f91c383231cc25e7bd975a3b350c65f9104c52ddb751', '0x521a83b0373b02ddcec07dbece9bf1e841799a6b81ba8865467ef9a71e232b75', '0xa0931f026d2faa1d73f8fc889c0ca27d7f93b1afcab85149a50331d06a519ecd', '0x53b10b251996b05a546387ee3fe7416b158c89e30300c7fb7c5f20877dd49ebb', '0xc924dae40a9c5cbfaa7c7b87ff246f02737480fde046749c83aa4bbb958eb345', '0x42488bc027fa37091f922c6182e1b6af1e3a01a1ffbceabf4eb9948da1d3bc5d', '0x62625cba3f5dfa0b1ca86efcdda75b59056ad5803abfb8c154da045ccc996e3d', '0x060dc3869c00c636851912afc330a662dc652fe17d49556435ab8f50673ba199', '0xbc6df2d1d2b003d08d3bd212a538a05858ad26b486790991997d35e40cddf298', '0x5dbaf98cf6a72090e92edc4242c51fe100d4202cbc284b0fc8691a15035e9434', '0x4a1bdddb21cead80839cf308a81bc7a9d326790d2e1e60505a3fb09a14c03bc0', '0xb2fd73509c4861340c63e05daa8e608f19c815ca124ffd2a59c104e0fc3c4b0b', '0x4278873364ec386535b0dca69d461bbdd6f8e9800a7b2e2ea6f7b83f47c21151', '0x704c771de568bd2b1d60aa0adc8b3b495af51a68e64881391b511fcc8f3b1f5a', '0x496add840365ad112dad29096c818f4eb1ee1abc6a4cbce26bdd0d25063db9b4', '0x7f0dc3b3c4988aca844e23d64e4ca84da98545bed1e9f9d8ff767551024448da', '0xd5a4b17b9cfeb156828da1b2f55c21f665d49456d1fd20eb7fa6fe49b61ce508', '0xc7fae467c162f0e75b925e6bc0966eed0af1cf1006544fb4f1878ee26dec5a44', '0xb885e327a2ac2967650ecf6749c1e20a084d7dcfd3649878c7910e185639a881', '0x3ac7f59103133e39d1ac9769352f24f11e83c7e08ba2002d5361a337f0e67f09', '0xd34be9f34abb2a8f9cf29286a442856bcc85eeb53c97c12f880ae7348584b858', '0xdb35f22f65b5a240ed8ae8c4ea0071e70f6533df76b22f4b010d683b740eca08', '0x69910f8fa43ed23a64ef8afae1db0c32b5a9f1ffb0ca98e0f27cdc51e92b8401', '0xd43968f34bed63118e40d3bb21d3fc3065c35a1e63800768bf968b782ccc937b', '0x3ddd021657ab126c130afdc4e944e3d2ccda6970d72543d34a6717ee6b9347a9', '0x106c2cb859f50ed2ebd28e5011ba792b3b22988380597df5ed8fe414d341df91', '0x2beb6c605ef2cf9e8cae4a96ca25765131336ecadd92deb1cb63ac1e8a50fff4', '0xa880a339afed4049f1db09304eb79c0d1a12656c8232e1d03ba3ac3b9276a05a', '0xd9138a42cc3aa68fd7d1bf392a8a217d0f12483b0c8a12f9fff0bd94de1fe256', '0x3b6058b89471625f62ce08bfe0ed5c379cdefa029391f837528b617fae4b801c', '0x5ab7b66218f30351d708efa0bad00f440312bdd84de38139a2c9359bb466443a', '0x6b23ce397ca6d631b778d1910c02df5a554c84fba823a6816b76715b2a236103', '0xa24788e04161fb5325e3c0907e102e82b01f19b8b893f67d9ab64668ab067245', '0xafb01e8505c1305fad2569835e5de20808c0424bd017d28248ddea5ea3efe170', '0x8fff887a3780d9367e4a806a37f6fa793d1c8691727e49ff8389909981a78962', '0x3b3746028f5d36eb90089fe9adaf03e62e7736d8d777960423eee6e2f9c5c886', '0x193c16b1dc2367466b817d1e84ae7f8afb435a1aa0e6b8b6ca556b0ff7153188', '0xb183fd5129fa8f2d0cb6071dccc458482b1b8d7f1538deeb1574a5701168b4c5', '0x3ba2b2b7b75ea8daf667dc2388535ac7509bc744f5b33b1f7810af2bd00b3186', '0x127cef62e5258f39cec702d139d73f90271df99e46b05a986dff6fcbb01b662d', '0x11b1dd9e9c04fee8552cbade8dc5675d10b9bfb7d1f028f87d50e122819ecd1f', '0x65ccbd4ee0026d997184a18334d555ad13917e1b855aadcee00449a1fde7a17a', '0x0cd2d44228f91ffa59131bbd3b697048ead95a1fb03e50af88196928f652a083', '0x98845ea35b66d891bfae2dc73a3fcda9b638cafb940ff52b6b8164693ca44bd0', '0x83a00a2e80c6d741fcc19330ea8f9a1fd5a521a9f21ab9852a105cb2a0393c63', '0x945ea51075feb6ed9068f333a9d38fb9baa41d166267a52789b70ff715e80c88', '0x99b28bc2edd33852be08bdd17c722853cbbd7e4d24056c7ee44ba18ea09efe4b', '0x7710a126ef5466f7b4c3c941e1433a3371e3fce10e309bfb094159587e9bd746', '0xa11c481396cb6a750fe970528c4449d01b176b6836ce66b8478d4b73b2a414a9', '0x29ad2c6a552c135563bea373f85e90939d5e3fc9a2f17d272ff57b4d4732579b', '0xf1475b6b37d4987de878aff84c3a2f88f9f0ac28bbf9aba150a07b23d36ca76d', '0x1b5f84f970ca3407b2b4d6cf7dc046c784b6867eac10a24ebafb9e0229786952', '0xea2cf82f74cc98a7bc9a29b870aefdb6a7cebd977094e2fbeee343d358bcc287', '0xf99caf394091bb5146a4cb50975a70e61d7beb9d772cfa21b642bbca3127b291', '0x0185b74cde70ab7895bd90206e1ca23e77f2c868d79b5b5b1379b2f5b6b35570', '0x640c129391e4497ec420fc322746012d30849f14f44f543a684b8502bf0eb85e', '0x43b58a1292ce4e4ffb8a8aece5e5af22494cb4fc202c416f1239de0daf3bdadf', '0xbbf0cd7ea3e786f60d8300e701d329f5c166797c697780f12515ab34c1f99dc4', '0x0a54dcdd2061edbad20824626d1aec41c26ed08f0267968cde5ba0a7b9f0059b', '0x9d35f418887fa468cd9de5ef4c6f73a10e56c8c950d64186c3d56b2547561192', '0x0b5152cd337866f0dae3f000818e16a3eef9e8da2d16ffcb10d0136dae0e4992', '0x65f446f2dee64e412b686bec06e929dff28f8a3c8f9c8455c8c2d2e1551f02ee', '0x672ed2e5a14db7cf64beeb728a44008b5785bab1e1f6a48f1fad7fe92f202adf', '0x811f07898a8f5efcd134094c8caf831eef427060b8723974ab8535c2a126bbaf', '0x1287879bb57f719e03d819fc03cafe5359c1b7be9a3306429fae72c23f8e4888', '0x78e45d8e3adc0491ad4bcf8215b4bcba687d2ecb100eda56707365c38d59b739', '0xd48b26f45c5857011b145b1ce036d6d5307ba67d88e84d6e304bb9a549917a4b', '0xfc65ba37f0c03092a66216cca6d33c3ecb1ba26d386e40b2a05f423e7a75a3fa', '0x7a6a16159f7ccd427d07ef388d037c98668c3bfd9f020368af918c6cb48f2291', '0xa70b3ee4c60499dcdb4586665ed5eb58a68ed15f5fb30e487157472859cb425d', '0xeea43c5bb8981529b71f2582744c65ba1cb720f9c75455247aba97052d0096bc', '0xac8632b0b7645ea8cf9e1188e9011ec9181f0119174196804d31207f0da406e8', '0x4d5be656634f7e0088cfdab230fe40fc142037f0512df6e28b0788a56248c433', '0xa8c114c10e1a92fe2aea2d6c90e316e9338feb239dd4d39e41a067a4a41c7c89', '0x72cc5291a3f7892ba9010c12e5583220e6de49e1e50ea1645d942941af5e4af7', '0x6688e246f609814214c7e225de5ceff068ef6416a24797d6a3908044663e72a4', '0x8df9a757dcfc5abcfb825e5794edf580469168449b61f67bf30c29c2516f3310', '0x7b52b57c8a556728df01e4e86bfed5c6ae767d26a27959cf720f833f72af08b0', '0x7114050dc267dbc2e1034ec74ceaf47811f6f9a543c341a1ce03a7c3952b0555', '0x0074e3028b15468e7c32b728a1f624867924d784d20d164bb781456a162b1e97', '0x0939bc5536b1f626985f87fee9e9e744d86de285cf03ac42e3a06a5362816a93', '0x6fcf23a64218d4fc2857162277835e815d2669633b136f8d499a3d724065467a', '0x3e06a1915cc37074ce23b4088c67d01ee96f8ecf51a244ed88f03ba0e23cde37', '0xe45fe8d777b09480d35d734d9ba8f31da7b263cefdaae7dd7b55036886eefc4a', '0x96ce6b7bb82f7653c6979e5a1dd0a21b22f47cb9a4108b19da1320ff1585fc26'], 'transactionsRoot': '0x4fdabdcb1ebb52048e252828806a2d91a20a2a9b0e373ba030db8d982e43b91a', 'uncles': []}} (async_rpc.py:86)
2022-11-28 18:11:30 [   DEBUG] Getting response HTTP. URI: https://responsive-convincing-aura.bsc.discover.quiknode.pro/3e7f242edcfec9ca1a36ef544cee66362af95baa, Method: eth_getBlockByNumber, Response: {'jsonrpc': '2.0', 'id': 41, 'result': {'difficulty': '0x2', 'extraData': '0xd983010111846765746889676f312e31372e3133856c696e7578000040fc9c67b7909ad85a9a9aaa8a43181ecd7fb9f7df86dbf5ece920d7be1cbe7c98751e1573c7b9702a902af116f6235fa2cf0b3d808883b5d4123dbcb445ec50ebe7483301', 'gasLimit': '0x726f164', 'gasUsed': '0x352573', 'hash': '0x6947578ec3e0207b324a65a88da26193eedf45a8773a5d9f44558abb220fc49c', 'logsBloom': '0x0420521000000a1a00054014c232702400102006009442104420804d280101002002102a0c02100065080545014103401080400404020810010210321030280000224c21010080003150088c060060a4221805388045a80080072090a148038d008310b403025012e0082280021088036d118041a01013002063c11673842105b0000010054204008689019c68200809002d54450100101801040040111698208284400800088048049590812223b481018c11e0400208014000c0281010108400002182820048da01812800020416002483000009084454480280520100a008f210160100504c0c810042509183024087100612644000400280094408000103', 'miner': '0x2465176c461afb316ebc773c61faee85a6515daa', 'mixHash': '0x0000000000000000000000000000000000000000000000000000000000000000', 'nonce': '0x0000000000000000', 'number': '0x1655c89', 'parentHash': '0x95e9d4bf6d53845925129d7889ba2491c36b1579f81ec7ba747174ae42a35c70', 'receiptsRoot': '0xfc66aff16c216fb911ca1417cf3708b25c248fc4595ad54c2d5ef6e1a6bfaf95', 'sha3Uncles': '0x1dcc4de8dec75d7aab85b567b6ccd41ad312451b948a7413f0a142fd40d49347', 'size': '0x1deb', 'stateRoot': '0x1abb903c4c7749d26f67c0805e4c1edba8cb2d12d2139f5b1ab90391246df30a', 'timestamp': '0x63837e68', 'totalDifficulty': '0x2c67248', 'transactions': ['0xd6df6c7e81a529583910a29e5f9362530c464222e036c31ddc7c107a0329d37d', '0x61771476d1cda458c0c25981464b63341fc291d4a9a15d476421c88e15784c43', '0x2c783d46cbb1cd2da18be663459fc2a409bf82496a6263afa2aa69e3258c9e03', '0xae2bd90c8de43d1df7cb48b3d2e1cc607a336e8d4ed529f17506569c6ab14742', '0xaf8fb0ec09c6956bfde56d2258ee4a9d80c51b9e0a848cc5f993fbdc1a7df63c', '0xe3937165f18cfb3f6903053301ae28ee064ddf83fac36cbd8dafb6e5f9a49cb9', '0x014bc75795eee95c939cc23c0ef925c6b6bc2990f8389f66364ddf43490acfd5', '0xdde184f3c50ab75052110868418afd2047106c4c87db03557e9fb648d6555c98', '0x3cbe762ca152047225f51f9eb6870ade34b97317c60ff5e77edaf3061d5f334d', '0x823eec062ad621df21b2fe6a9ea8a46dc8b7943ebe3a96990d2cece1cb4162c1', '0xfbf3b28eca6cf3df87f3be142bf87c68c7761358f7f19337a14708bd1ff914d9', '0xaaaca1c73058e0c2ca95afa9d7d9e42a90878e2bc4fa659da0e501ea6e6d3f3e', '0x8aef5331f40c6fa7fc3a06d689c37595c38afa317b1fcaf54a4c3a9c88907e56', '0xb70028f19289e8e5dd3db5b99b8142cccf3f94d7a10dfcc65d3f4f83b613e438', '0xde3e5a854f119398a8880eb2c62e8ba361f40c3d6e373379c1194d677c26e29f', '0x582249ba79768b98d27a658db866f7b2cbaec5c312ca8dd7a54ae0014d9e7a14', '0x4a7ffb05e53be690c7279b64782cfbd9d922fef32aa5da91c6920088e30eb254', '0x9b14b6fb4687c8c5313874d97b42ea4ceb352e60f1bb94f4abaaf5adbf47c8cb', '0x68de1843aafa89fcb32f572fa83ce23109b1cf47558343508f1e48202735f0dd', '0x56032669437dcab7a4512d46e92b4af936f5dbe680b1b206c3c336e38cffd32e', '0xb1118e538a90f0b1f5c03d6a952fed400ebcb5110dbeb0756594381988e296c2', '0x865b30278d9c18dd80470672983b66e20e3385081726382c6ffa2fce4e95552f', '0xe31084885238a27b8fdf1c5ff363815b2c3b812d6982b688a052f2a4ce332f90', '0xfb38ab4620fd7c05b810c28c5ded8e95d25e2ab1ffc6febc708a6be14777eb09', '0x5132ceda59cbbb5c7efbbba1a3c64c8d29c167ff43e09c83a7dbd3063e2883a9', '0xa5a23962f809ba6b6fdd73e9d97003a68e2c99c84f42bc2094e654dbf90ab65e', '0x75af96c78f568c7d8d7a6879171539217e7b64ef02c24c06f6e8ebcd27f1c121', '0x94cc235aca3534876261167cb58ec7c9b2f623376ab51010bb7aae9a55cd29c4', '0x848a8a28ca25d7302711b4c560f0f45d778bf4a03cef3ac8bb5bcce977c7f7ef', '0x032b977a8b1985b86470b7ecffb487db42eaf36b30db6e8ab2fed6891819df36', '0xc86a83601e50a484d74d44b833c56c64fcca389c4961adc1bb2e48c83b6edbe1', '0xf51cfe013e3dfd39182a0fa23c6aedda46144690604507797048ed6cd83162c0', '0x6e76c0e33f0f1a3a023a7af57240798144cb87ec724422b4654daa7f40de9fca', '0x34b1e0c5c07f0f001ba5ae428a70bbca258bc6bca83671ad68f20dad0aec90f4', '0xa48dcfefa2b737e642d8f94928c03b95fc2838698688a97553e97785d0358a7c'], 'transactionsRoot': '0xfd0a81b73bc4d502b78c2528aa765a458ccd451273404036e02c266c76dab0a6', 'uncles': []}} (async_rpc.py:86)
2022-11-28 18:11:30 [   DEBUG] Getting response HTTP. URI: https://responsive-convincing-aura.bsc.discover.quiknode.pro/3e7f242edcfec9ca1a36ef544cee66362af95baa, Method: eth_getBlockByNumber, Response: {'jsonrpc': '2.0', 'id': 29, 'result': {'difficulty': '0x2', 'extraData': '0xd683010111846765746886676f312e3139856c696e7578000000000040fc9c67d9e8ad417da8300c005e929247710e122b77f8f80209fc9b5939f41e51c0b4f162b37b3e32c125a80b291bb81a82b6ace2c2d1e2a3be56aa57a5ca959f8af27f01', 'gasLimit': '0x73554d7', 'gasUsed': '0x28584eb', 'hash': '0x77f839959fea4c9d28944453878db60d1eba4e9d90398400c2b11777a4f7f653', 'logsBloom': '0xfde9eba7ffff7dbbcffd6effcf7cfa7ef18fc7bfeffeffdff99fbfbeff5bcdf3d77fff5fdfe5ffed7ffffdf9ae3ffbde5dffdffffffff6fb77edf4c7debf62b9dfe7eedfefaffdfb797f6b5ffeb913fdfff3df7db7febdfffdcfff7fffdd8efffff97fbfafffefb77fcffefbffb73bddfef5feffcf6bffb8dfffcffd7f1b76b7b5fdf7edfe2dfdf9e3fb5f0fbfeffeaafaffa5ff7ffdf5ff3dfffbfffdefdbf0ff6fb3def9fcdfbfbf87fecdffbfdffa1ff7f9ff3fffe77e9e7e2cf7fffbbdfdefdce7e7eebffff7aeee3befbffbff5669f7ffeed5debf3fbdff57ebfffff5effc7ff5fffffdfbfb7fff7e987ffeb967da6356ffdf77efcdeb77ff97effffffd', 'miner': '0x8b6c8fd93d6f4cea42bbb345dbc6f0dfdb5bec73', 'mixHash': '0x0000000000000000000000000000000000000000000000000000000000000000', 'nonce': '0x0000000000000000', 'number': '0x1655c7d', 'parentHash': '0x11faa652fb4fb3e7fba0fb33040f383becbd3de3193746e5b888fef065a4f63e', 'receiptsRoot': '0x924324d502b9dd79843d5959f4eb437e3498e28818dbe5eec900fcb09b0e0fa7', 'sha3Uncles': '0x1dcc4de8dec75d7aab85b567b6ccd41ad312451b948a7413f0a142fd40d49347', 'size': '0xe5fa', 'stateRoot': '0x39af0fd9fc6ca3ae4e055a9740d022ca9334611c8d6c126b681270cf87b365c1', 'timestamp': '0x63837e43', 'totalDifficulty': '0x2c67231', 'transactions': ['0xbf997016ca7ce6178d0eef8408a13b08a6356dd6cec974f42c603bdfd418a33b', '0x3cf855b0db381047e6c59780a51616ec26598fb29b018f1a1e0d46239e8249de', '0xb3b7535fa6d65305126548cd850e38cbbf36cb2d96400da0dd656414c8254187', '0xe45e42c26851c226c53e0024e3f2b2eb5ce95b12e53684e1b6a4215aac0869c8', '0x64cb90ade9f4fc8de39d6b0a5b441b3ac1145b9719f96a9da5f9a743a6f04dc8', '0x248f82f1d91f2ff3143c7457b6048b0f69a4ea2bb6d262f492a9df4158d2d710', '0xcd7b459c4df506257b1ac149fabcbf20eced71bff597e480a2e4e42163c4cfc6', '0xba371afe8dee199e195fbbb50544f43cfab1c510c83eb59d31adba86521542e2', '0x74ee9463a1ee2fa85761efb985f8df8f7d498b1e73b437061e4dd9d5e8d44a82', '0x7a56f83d8a20dfc513966e96d13eb02c0cd0be07b84a23288d4488fdbe87e05d', '0x7a44d56f5fcde5878191bd4f5448bc27bb470434f4be862141fe6ca871edc7ed', '0x0729b9e8ce6a70702181d554700b93be110931c2a0fc86275a7eb737d7b08430', '0x959708b149f021ed23df70f5d5cf02da386bea653ed5ac5a1172c7596a3bd054', '0xc218232f5f2b99f856bf9fbdec23d0d53b7d7eebedae6968d42639a70008d9c4', '0x8fb5b6dbff7ea704fcdaac9b7be29255f1f0ea5d5a88075a5a84dc5c4ba0ca5b', '0x1d902cc62ef45c6d37a2a74ac220b90174003b4e6c84d64d09a02ff41b80ac03', '0xccef5ad8416b99f69264e0050fc475912c3e8bdb4be90200afc57d855b2b68bf', '0x09e3458d6b3668088d9a4298a71d914421c454654f09db04a0961821d9de4367', '0x463bc63c6a9ac5b158d2414c0bdf1a1f9d3b8bf7293bb5dfe3969b95f49309ca', '0xe23da96554dec280a492477a2b7336109d7015bb36b4a661737a052adc358c0b', '0x7e3937eb44edc19d216a8c82269e54ce6ad4e11f425d18731111f64a2aab2405', '0x4d30688f0b4686f1204d3e086f57194751c1d216e4ca97aeb2d6290d20a970ec', '0x0c37a2520a7c3af636d4f577cdefa407e323ccb00132a6caf2de9cdb1221407a', '0xae256027e1caed9a0e588070385ab7d4c6c6a617a8761bfed167364a91186995', '0xf1fc21759df14757e2782939ff85d64bd9763b2b6a778c6891da948b13f0293a', '0x44925a253919d8a01951a0d33c5f485edc0444bbb9044af54437de5c784db57b', '0x65918ea86a09b00c3e26e93c6a7dd8695774b87454a261fd73120c4526d31531', '0xcc8ab976ed98c0929d67efed5c9bb4a2f342ef712399df274b67b46e32006681', '0x9294700f2d16f3ecd5911a713e820552eb7490b4bac22ce8da9a36f608c41fad', '0x4f7f11b75af4a95a566fbf77df0d5e952f1f25f0826731e6ce88e34609418099', '0x04aab50a7facf913446f92c031cdfb96eba994d368a61af4cb0620d472e76fba', '0xa8228ba9445ba8f638100224470e210dd31476c51723fdfe5829cacd5ce744ca', '0x07f7580c48487c1e377d2e7b32ab631b97ffbdefe7cf940b1a433cf24ae10845', '0xad87f7cbba021212f87026b306c29fcea134ee280a3c2dbc7be2833374296699', '0x24c5344b66f3bdd232734be5badf34b375520bc5ed3743c689cf1c85d8f0e858', '0xab24323036bd0b698228003d03ee11ee86f12aac792461a709074622df16a3ee', '0x05b6a788ed0da9fa81c4c3545ba5cf01b267540e4fcbf81f4aeb4d6ffb65b118', '0x1f7773597d600b44a09e1a6fb87caf62f7737c8992bc4c2297afe34251cca539', '0x45271599a13b42d283da852ef403c105dd7c710d59d10dbe8aa766063d4a67ae', '0xb48ab3011dd146125f25520148cb6dbcef164f815dc393bd259d5458ccce0234', '0xd929292cf3e2ea7c80c4c7596a73f24d2ca6a98f58a30455ab65bd57873a3f79', '0x93ee823740de91170c8dd289dcf6ad645ce789b3d9ca9ef6e16790ff5f1d9eb0', '0x6002bdbc74860620b5e1cdf11ea93e77571b0fd68c59a1b6321f0e1cccd5c396', '0x671bf36f67f18830c646dfc7cb5a6807e0cba2831e1d10580779cd64982c3567', '0x54373dac06ad050fe2a0fc87b19a90189d5583bdc042ee35cf1e089e37f26416', '0x5cf7b98a12463ab5f229729c5b2730a21b8db78bf25c817d5e51c3092be76eee', '0xb4199e7216f66b1112ce73416dc88fe9a478ef44ed9b882a556e467e483da8f5', '0xbb998854229f341e6259e78577133e238155443c3c4652344763f309eaafacf8', '0x2739e9310c86438387c9b21f4160d9405703479977afcd54721ca1a75d412309', '0xc058f568b094b9a7991d78d0f669b486f502a75fdb6311e2a5efa0a8e4c8d4fd', '0x4d04a3be827452be48601443a7027c89311d8563b4b683dee7b30073a8b12dec', '0xfdec9198f3a721a8e62d6c659f75b5c502625c13df7d3a4bf42782fe25abb256', '0x79858418c01d5af702e40c2434d1d21c3e9c2273a6c1f6d76cd2554c6f4e453d', '0x3b3766fd5911792886082f3eb1240f85282a7da9a4c7ff9794a536e2586f56a2', '0xf57ac1e8b5ce0d1b254fb87be39ef966cba7d45bccf2515d0c4c3ecf2268cd80', '0x0c67895ebd3b8d2209ff942bc47d70d4b96f6357fbcd8ef799d33f0f898f3625', '0xe27cf367d8031475f9a758b7046f7f445720b2fe2f5ebebada25a22bef389b9a', '0x001da4c58096d1b62752b6959c776d0506e7706d247c1785e836bb57ae2db468', '0xca914de3f54d931bbf69bda2bd5d8fe25ac44631b7d6f432fba62701d398126e', '0x4021d99252f1b5dbab2f08ca7107e49185da9d781d2e078075144cf0e1265f3a', '0x8d6701c0fd4b1c7312fcd035f20c3a89353d78f3e0f93a26c1626319710dafe4', '0xda6ca56c5119379be235e6bac30f511e142321a632a5f4d41055a2622b5103e5', '0xdf5eed4c1e15e35046408cedfa203fb6962b6731a7738bd728753a09bf15786f', '0xdcbefc4b9006961da2e3d3909a8929a2a048e33d98fade52657abd165a1cf665', '0x6e9b124bb12630fd992c4c2bea0287510d51375fa4cf2cc7d878c0620f5db755', '0x2cb700de9ea9a547b4a0784572433a617ad3a6ce04c542b7176612d755c0d5d7', '0x2b79843e66dc6c9c144cdb37a9a564ec2bcc0073133b28cdc8a92053333b8537', '0x27fd8278ad194dbb6ba0cc85b7867160ed8ad54e09525ca1c4862d1b9a6bef64', '0x7985e8eec911d7d4e64e43ee982fd0ea3faa9ea48dd48c38b709d2149a0ba6f5', '0x494ce8b5df181be94b84563afd9dcac056c49be1de58b6c213334cae40d24ac6', '0x9e32eb7f1d923cab6b7d9ac974d7e6368dd3bea6fe5c30ec37a616fa2018a936', '0x8da6f77444ed50fcf9ea2a567b484d4e98a80d2213beb06efcee3c740a491d29', '0x7a71fd170283dd3a61f99ffdeaaec1405f9c01e89cb08ad903d6b5c1c7e4d507', '0xc793d1baecacfa3035dcbfce7d32def3f5873681b27b52dc00723ebb74b54f73', '0xb329a8bfbf1a1d5635332c8b8bcfb1b6425ff675ed8476d3761bc51252d778b6', '0xfee177972ebc63ec4b4bd2680cc7e262684a3a48a100c0f75f732cc8d96a8afa', '0x17c43c144ad77682c4b7cf886f9f5b54e029515f19c532fa50cf4d1d65c39dd6', '0x2acf5e6a3461d9c9b1eec9bdc2ad1ae9d014a0784743503c61cd36fb85dd2cad', '0x0d806ff8c25d0795829a60070cbac23c7889051b47728ba77d2657ba62908f81', '0x7d820e0681b46eeddfc07bccde413695e7f2b2495c1adbdb2a0efdbee30a108e', '0x0b87fd99238261b54a3abccaf75b51834a0a4d96174a721d6d6a352b62615721', '0x112e5a2d1f761086f1cef8946f6dfc6e2470c0a727a0baafa31129943b87c2c6', '0xc00f1bfdf72ffb49392ed9eb566011d3c64e6a2ae0aa59badcade7625c438f63', '0x957983ae65df5bd0111ada60c22d2895175b1758ed5355e83b907db28748fa5b', '0x37dd7f0ad98340378e8d4424890c568949d021344518603beada6248ea560dd3', '0xfd4f3ba5c7699bdf23ed64cae39a574451f54816608fefa50311f6f6f85c8446', '0xcd3bb76a77fd6ce411668709e8da1f82ad52b0aa88e4b362f37e5bff18031651', '0xb2d811d903adcd4eb2008df484dd31414124d761cdab4ae9c8a17b9092583d37', '0xea6a9729aa9a3066013b64909a114794af012b4326e523b5ef29cf49c3435c3e', '0x0342b63f7c727d1f1f65ea3be72e7bfdee91f5f681ab1f7c4f78a2f745028b1b', '0x3c9b93edce9a6e1e72f40c1ac15021ccd3af8187637c7c69381d2cf95733db8f', '0x41f80ae1b3cc23eee8e33a339ba1c0db8db7646fd94b8acfa722f3f3e3484de5', '0xc661867aeab511b0449656d7c16e9cdac917ff3ec7972abc5bc07fadca49e840', '0x84e04b5000d6569a35157fabe5fb002de92cca35b95de0a915de0ca6ed73bc5c', '0xdecdc55dc95b84e4672d090e3f0fa1741c4dfce8e2e8463c8bf4e63d7944678f', '0x7daa4318fe43cedd27e21558d1f8293b513cded9c08befc227ebe899cca8dc72', '0xba9cf162587fe819b313c56be008386e90afb8e584df9cdfc91e07ef5d679e73', '0x01d12b0543bed0467208216d647f127200e3b2b05630758ec180eaa35436939c', '0x3023b8af2845f28b83f77089d60e6697e55497a34c5d36d6cda8505d57f2c100', '0x883ab0037f373d2ac0fa2b46957c4dc2d3767e308e2f7d25306fb41bdbabe958', '0x1c3dbcd264bce122919307df5d2fbbc4d3c0d14294d5f52bc014a466ef2805db', '0x1dbcad6b07240826dc3fb7a9e5786b4e54f6b29d5210317b721319bdaf935d34', '0x82d477d43dec96315a944fa4620ad41cb8e77277efa4360147e3029556c6e745', '0x8d6583aa7b4a00e13922f452f30eb401bf47b8c5b4262179762506e06982f6af', '0x42ad58f6c0fdb747627a9f6161ce5fd4a7ed3a81c3ff820a0c7e14cd7fa39060', '0x3e91f2c11ef68a4a7452c82984de17e5b7cb4079666c44e1bce518505cc392f4', '0xeb3627a60174a78e1520e93cdeeda84b9efbfbd0a031cd39cfa7a52f349e2eb6', '0x0a8f46dac8e89650035a332bfa2a4f6173d36535a3a792b96bee1ab50ef92e5e', '0xcd0899714d1f2e1dec6e00565e247a8e1f6d18577896cd89bcf65588eb948e57', '0x29fe8425ca1f5643d1894c873c434e2666100f1c7a1ed0642656e84aeb97ed82', '0x1af859e1a519ce517de1f9de1e9ba371fab413fde6e00b9c76d8d6fa476763a4', '0x2fcf750c9dac6bb59494e74e47dd6d5e6a28127b003a14eff3fa8dfd28701493', '0x0e2ce6951d09ad17c446c4bc7ef51c513eaae657f967670d06bb8d1e47462f13', '0x349152701036f5461df7d7c081d10d361bce15c49e0e3b22cc1fc407e2e4f0ef', '0xb0af059ccca807152a210a1a2ede28bbc1ee905c77ba5dae2c4ea9111e545207', '0xdeaf4b379c4a5362b1ab1426263b213c7c85d2e93770b08ec894a4db628843ca', '0xd1d17d1049aba0fe5c97bcafbf21bcec83e2f6596d06fff4baab332553f15d9c', '0x759bf9cb7282c0ba7876a9a3574f720410785c24a30fe99bbc9a1560937ec2e4', '0x1dbe5b21ad5cf90ad7e91fbe4bc726b9d623f0c652e3765311ba64ff25efefd3', '0xd8200cdff3645b31cc8a34730a7b2b0e6f8901414699f20774297b2033c16ec2', '0x47561ea88fa4cd750b8c68366735814b7f7f862ce72ca6f96712d12a06e9ed6a', '0x4bb6a70dd8cc3783368551220d1827dc79a979ec822274cea82e36a715c2b6a1', '0x9c935fac92d9ab658d90c9bce781d857d3af318c26297874bcc7b03b026a9231', '0x309b53f4d7749d7d09754ef4c7406db3713f6f812360b14b221bc7920362cb58', '0x8b3acef533f6deadab513bd1e5489aa141c072cbea7272a00f4ca4dfd60eae0e', '0x3960b111caa3becbef2eefd076bec55ba745714344e5b3f84b89eec0f9d8d0a6', '0xe3aca2f1412cf4cada9b6134828a0d188e49363e840eb199da24a9c139f241b3', '0xa7a37ff963a7414f7bbcdd0f7a75c5eb025ea18f9d6b6b601d2f58a25da0cef2', '0x1297bfba3931bfb3c0ba90362819f5289571b3bbbe6b7dc24f6fa7785cb4903f', '0xe8277e43d5c8ef1f5aa68e17fdcaec8c6725cecf2093aa5fbef2f214b1c79f4b', '0x63adbd2417ca864a9fd16d8d8c8c074af31cff18374b6af41a0531a5bd06f103', '0x56da855a2d3f31eeea9dcd3cf781e2606cac63a2918e878705f8b2fa4655465d', '0xe7d4812038a0549f1e13d3d0ce5a3884c9e00bfc81835aff8d6b23634b1b4515', '0x6a331e5a30a006b8957fb0566c2d7cb0b02e2e3dacf5e97a3be3435230a7d2e4', '0x86acd5850463e0d0e7c9d2412c14685465c81c54c0c7fa7e009e711641e230d9', '0xb326035c3f0ab13a7d0041183cb6ca62735fcc8f0c38da94d6819607d8c87bca', '0x37cb15e1f630317ac5df9afd6ee8b70f67b0b55b6e6421245fe795ab6ed10242', '0x1d82b5b3eacf5d97c608d120ae4e1124d3e6a6ee0cc777b39eb680345f55ce74', '0xbe8db81b90e25e1cfabd8b9824505f4a1101175e9d43d5d4125ff1be1b7e5b59', '0xe0fcd5d112b27e39ea510a3c16f59599427d8b3155d7f4d157a1384431baa0ae', '0xd857d6790d1be066acf29ad151d4b965bb238fd4629d595c112a427e04103e26', '0x0c568de59f982481475b4eee4c36997d28c55c2ec33c94e3e340cfdab5166dca', '0x1e00e5c23a9479b2ced710294beab22c6935b97427b91fc4e3da88114fb2c8d4', '0x20c9afbacee8b8922e97316a0dcddf2e4170e1c9ca30c06d2ba24cb998e48a4d', '0xef3bd710f26a80a5a38c5c29f18b884e38313a337109e0318a5d76dfa5ceeee0', '0x9019786278fef7ffc9ac5705394f72c168d5bd343946a431c9cd78d6ea5a3b95', '0xd04b9ec8746a6343e3ba5a5519f07dbe84c00595e5326a4e5b05cea23dab2c80', '0x03d16fd6603ccd7bd3f08550a52f3337d17168d05b576bb2c1206298b39c91b7', '0x3331221429519191a906c8480fa9caaf1d3e82b5b89fef1f065d6da8fcc951c3', '0x7fde59a10b24a8566ef096439301a78e0471f4ecae55603dd01e07c8ae130c57', '0xffefc7c1a5bff02a4c0f94a0e68a198f7b348a8b6fa3cf0d8ec34ee2ecc2bdcc', '0x4e43c86881c96c3bb7a004696b11816228d82cab92182948b0aa0a5e168447cf', '0x337b88478cdeb1f18cfe8edd99c770231956be9cb1f852ad67ddb7423b1e5405', '0xb4ab18e2cc83561855036c5c602dc937557aa5ecb8c09d636e1d9299cb978035', '0x0213e5bdb76640fe6ce09fcb8dab0e62438358c8ab0f8526826d46d9f2d4afd1', '0x8bd69dc415475ae866fbe64dc7cb2724c601bdcf7d46dd4db1c6fc4cd90147cd', '0x01cb755d2191f616c7e05d2086da5b8d05f35f0313eafe8c6f960cafe4335891', '0xcba12ce732eeaad515e7c2248a012848d52ce5d645987b6714ef16d728af3028', '0x4542e11e01d2f7218163d8cecd9ede3a4336df604221f4fed68c3b929f439d25', '0x0131db73764bdb0b06cd9a8d0f03e6be67424f11f8dfad5f3abcdcc5c8ef021d', '0x2e3c1e454a5b69f403c0fdb08b23d41a472897beba32b0810a00e7ae2e9a45c3', '0x1c686296ff6dacae3b1091d6f04dc60c239fc3451c951cf6b319489a92dc776d', '0xba055f7fd1c25167458934698d92a6a211d2756d0fdfada4dc474c41994e72c2', '0x53162febbaf023a76ee7e1e310310e75d06ad34f8e1136b90db3cc11c88cfe59', '0x2a8db2acc9eb26ba875df7e0421e63e088930c42c06b6adfd92bacc372cbe9d6', '0xd61084e1c577cdc4a57aaf2c19d3d388038c7266febab5d4ce2601845bf59e8d', '0x9dbe741b44ae61bec93800f73c458bec37ef42a073a3b2c46590fe6154e7851c', '0xa3919a782b63906386af283e98b6b14590e1a6b3b7d220b8d7de6a79f5e538b0', '0x5fd3c3eb6f6738a0415ac6dade224717028cae051ded0679931374036dae0503', '0xc6d73519d8fe2b26cef8cbd71e412b7f996407afde6841a0f9652cee87827c41', '0xb919115160e94c690f975a8a9f40aa00379bac2e940c4a18d5ad90a524414d85', '0x29f352f28d0b5051c83bb6bcf5947f38238b801de31eef8e249fed344682fd9d', '0xedf04b2392184a9c2a80ed03f0c2dd71826138281d71632d8b0fb86b2cd0ca48', '0x25c5e7093dd55e7f5ea87b712bb1e6ef59adab6ac6cc8b30dbe978434665173c', '0xc53745b309242d28a76463435ee1fc95fc59d903af0dc1184f7e4aa36e19f972', '0xbc0470074340c3e7076f297c84185ca09e972776692a01f2ef0f25986d9c3fdc', '0x5ab28b62e5eae1be2813d6fd3cb521a14531cb5db982e34a56421523023c8efc', '0x402df94279ea2b01f249d084f06cbf066c62f2b87f0cb2cb8034f5d958ffb044', '0x10284f1ec6ffa08167c36428cef01fdd534e642f7625dd0558fef5837f1ef5a8', '0x975c969da455b7da35dc38fa629c4a0d1b9faeb6039b4141126ae5bbf06f0c2e', '0x6363ca981ba4effd2da977828d73256c1dc4b6a77547165526ef7250f8eadf5d', '0xc103f3bc3c7ea1ae5d2f5235f4a5e884a7ec12e02e2bc30317ad78bad16ef2c0', '0xa0af8a799b5d1613dce3729e801ba85523e63b0bff2ab1fe3cf6f6e91cd7bf04', '0x645b44722d4203a1c2f61cebdca800dbc9b5cf7e2f5eeb5a36e527e9951074fa', '0x69c1946f1c88914c132f78a1f20d3ead02a30c803da7dd45d448fe6790659394', '0xb616f82e8a38d54fba6bbbebc9d23e366979a4bc1b54a30fdcab5f749d8e5629', '0x2e8fed71857312713aadf9e5c2e92aabde50784a4103d9654cf5c1252dae37fd', '0x7d5e4d94b30e527907f37856cece3949b6dc71af36d41b19856db4914c9ce1e8', '0x2808825a35321d77478b7c65fb7ef8c767d057fbdbbccb5d6fc4160d9359f2cb', '0x3d42e359da2d4f8ca095b53a7c35a6d327aab3d28d297141251968c25985f700', '0x145dab8f4072f4b477181d68363dbd88ea76072db028988ac55597e6ccd9d245', '0xd4f81c9f985bb7835e74eb8f2afae52b6b97ea8bccbd957172a1c7b996913af0', '0xec5b9a0ee65c3bccb36a5c5540d7ce767897863cc82ab5d30559a82266968247', '0x09ec1f9f2973333ead4866ed648e4cc77cf2b0c0f8450baf11f1aad711e4b5f7', '0x8e201b997a982a33bae2920cec486f29c461ab74db08e0aee9232341f77f9616', '0x77994f88a4237fd025420f5119f3d8d33062cc12e07855a29a30d19e5bb2d641', '0x9130673cbde1413b2697c1c2444217a5da2b5b48c7c006cb74838382ec7a8d0d', '0xf56d86a84b1cc248c58dcb48bdcfc18b01287cc7054a587b2df720c8bce3cd03', '0x0662b4835ea38e4ea54ac251074e86396d88e01a4d4d632e7cd8a46ebefa53cb', '0x6509e8f57e8f2692800237280cc038e08835f9baf9bc1777795f03e039d96a5d', '0x60859e57a3c35631d2f1c807734a077cd5dfab0e442a9c0f8664344033ceaf05', '0x1bcf3c6a39d29b26a58d81ce908d9a1d5456f0591c58665293cce1a709120ffc', '0xb2271617800f580f0c6fec9c16c52fd1dbe30ce60caf4dbfba6df6c8f7cade94', '0x2c75e934710294aebb6ff6742cd7b2362f926e08db2d7dd5ee2f927ef9ac52be', '0x6b48df1cf14c054b24519fe4314c651445b82374419e52a7b22524885f3bf4cf', '0x7914996e9da18f714a9c6159f09db8cc9f23e6c82fbb46a675e3bc02cbe216b8', '0xf768fc2d88d386dce2acb3adb463f319c16740a899111d38e7463cfff2224975', '0x26391218eeea156ef8bdf69872d96d93be94415d3289bdbc72484256964d80af', '0x062a36e507e62cb4b5f6864bc3695fdfb05be02f13465dca4beaf43508c3d964', '0x617f0830a5c8023fcb018a09036023c95f7e8a21d56ca74ff0b0bf22455fce54', '0x2f553d00e04c28408c731f0909a1d8d501d6a66d5e818498cb26ae3c64112a4b', '0x79a7625fd7a749a4a2fa5526b1d348c8376da579018f17794b51aa7e91abb90b', '0x84cb1c340c897d7a573b9968a746795b567eea8665aab8f5e37abe22a1cf7c52', '0x1e0ad6e1fa6432a9d55ece14de5ee0454ce694423119358aef90b117c0a20225', '0x98dd930faf209fec62dde717e6fd03068159800249f91705d88c7d66096135f6', '0xc752525319bcf7260cbcc8e3b215d282c99c12a3798648cac2c8b9060a6d1917', '0x67af0c9300436ff722918cb2f94ed449c453974cccbb4bf8540437e0bc3056cf', '0x0b2679f91a2a82492413e1a2f25dd353b8d981dbd0139cba34a0b87e68ae461f', '0xd022d3d8181f39fbb191ac3ccd6695c0e81cdb560b99b20ca32c361e52ba53d0', '0xcdf8c4eb7595b1e84856675a0d2ac1dba3f572a725405643fd5a4ee149112ff6', '0x87e4d77fde395bdac3a74788bcee2764d0c4d5a9658cf41525d8276e412240ab', '0xf210c35d0457ff14c8889fef345e1c4c1bd6d79f08828e228ef1291008214f6c', '0xb992231bd569401f23113d699eac9ab1a54648466537ea53e83288d936e28539', '0x9df3409e12053ba4effa2fdc4b55ee9a92ee79b600f4eff3249436d067079457', '0x47bb0bcf4dc1b5a4427ed92b3ee1bfcad7d57e4f61e8c3cc7d6550ad9aca5039', '0xe3c2d74307f1fe2b8d0d6af247df2fc1098a8ce99ec1957a2eb346083c327727', '0xfc510c2838f7575311e1875ef8db019f3d721dd1ce6570f0c4ae68350a6d955a', '0xc79177c4899684a6f7c1071e27e64cca1cc0ff51361f59a7aeb4b8ba190e26a5', '0x7877f83577edda483212a2fab941e9c4e13501c2d9787ae8a5c7bd650ec9ea08', '0x2f3fe3af382d0905bd2f08614404fcb6076e544616e5ab893470dab640ae7893', '0x27151254ea6532151b68bf0d328177808c13b13513eaf9b80614ebeae9c43ee2', '0xc4d7ba1d886c625e9d2342ead8375f297e7066fc3478989beb9e99355ce9d8eb', '0xb0c168ed2c403cc285109cba32dd4e1f5e0978ceea36f4771d46616eba41cdd0', '0x2afc0b7418e88c64990228bb9405baf3d241a7084135f01fade46939b484ca2f', '0x9d13c191de7be8d65af7e344096558aa4e4a1c14339a48ba2b44214582354222', '0xa22917f1b087e77784baef79e7c479f134d7891dc0d9a8676fd1245f15400a8f', '0x051744698e77b986fd1b12bb0978af21ddef7d46ff4f13efb46d66b9a461c3d5', '0x8eafef8639a9a619f7577190f31bf9facd00657fee65fac093370f6871e1e800', '0x165f45a54cc2274fe24190beea0201408ac341cc160f7a7a9d4985cad2e37c2c', '0xe24d5efdbe4b9f55a1fe522abbe770c078653a9ef513c1c78de853b884453a11', '0xd6e1af1a0c35f60f0d0ceb6f560a4a2049093e267fc710ae34f696cddc18b1ee', '0x2a72c975216f72f124711d682da85c7cd1b36f00817fdd63d2c83ef0eb71a3b1', '0xeb6661c8afa3a027737f1907073b870073c2510634cef287de2080b231b8fb66', '0x05ca831ec71bcd3c97ff26ec2332e23777650ae3b706389db6f77f6dd99e7ccf', '0xd9036a7ef25f7d53ea7f6c5996bfa6a2f1e22bc0544bc4a1adbdfd5ca8d1dbe3', '0x5a061a9dac225574c922489c5d5c3cb5bb456a4425122808c4924e8b1913b915', '0x3b6dccc1db0925ae4f7d5320da9b7636c4485ea78edcc09d8428cfcd4357d506', '0x064802997c6ec3e1f8508e9b996cf10abbff6b28d2d0ce14254e49479f3b57f1', '0x7ac7e114db8f4fdd88baa2b6ba9268ec2fb1fc79fc3fbb8f078e290115617bcd', '0xae1258eed2b97b726808b781a5e26ce5ca881e8bb235695d49bf2410f867aafb', '0xf311efda83526b7aa0a15a8d929bb8d22861aaf7e53804fa2f4aa9ce35d57249', '0x33117c11232f2caa33e3706d448d8e7978037368f31f9d6c26443730806e09b3', '0xb122a34c5fa701508f9f6823ccec735c24a554858d76ec63a0f85ae74b5d0135', '0xfb24bbf2e3c8b2bcfb50a45ef809d3cc69aa392d6ef924f625b0f0ba5034ec24', '0xd69b86bf0769da07a303cd9c0a800c6fe32ddfb79828c755c0cc2441fca8938e', '0xc9ce435813c8784d0b8f1f161987b379752cf11eacf24fdb446cca0458674a63', '0xf38cd64b8a288168b0366144c115672b6d24d428118750d4b8a35a2f39ad40a4', '0xdd166f04f7767cc25ff5bb3b84c451e4672d2c2fa6931c12ba9259e5f609575d', '0x016a61444af0ed71b85194dbd13b7b9f20349c675ccb8fbf01783be02625b29e', '0x72bfa6e22593b28f96a7ef294396587f2c74970894e21d7cfba364feba53f7f0', '0x23d16d166dd1eff7064fdb690cfcc06ca1c559a5d1292d7047cea2f852e3a36b', '0x22ce9e0cdb73890c9788d4336523d351dac5b173333763e755dfe643ac40bb89', '0x8f42e477e33e00928734f502c014f460223fd8e9784789e1b6df2effc6ee7328', '0xdacd5289576487262b2ab840024dc7ad3388ea701f5dc9f0939a5cc7f822a063', '0x1922ce5c7f7d7c26128f8da9c413aba494764820280c55d52c6657c668af8dea', '0xfcdfa447e19fecd23f901ed1c4dc7d90f75defbf7957758a2dd501412493c725', '0xe8c6cb2422c8200fa9e69ab504e817b8b3d68f6649bff771a518ef5d9f7a047b', '0x918f44564ee409987299d12f8aa083b2eb6532cf7e03a5421683eeaec8bca75e', '0x3a817c2a7667dd8d3000769647740d9f1c05bd2fa7be6722db8661e0fdfc5e44', '0x018b07db1e81ff0007389490e6248e0ebce7a9fe953efc17c4e99c5a92ba7c6a', '0x9a07f6fb5bf3b4ae721149ff131770b29da45231e6861d2247648f485fe51a3c', '0xdb222cc0768e497f1821d0d091133128b5371b6c5eae78864ad5853da07b051d', '0x88025f4dfb6e6c322d0fd3faa68713b20b01c313e764dc824b06474c27b5ec65'], 'transactionsRoot': '0x432fdf4b9d5a8a1ca062d8be97dc9c20512e2dac7347cfafd1982fbd865c7b25', 'uncles': []}} (async_rpc.py:86)
2022-11-28 18:11:31 [   DEBUG] Getting response HTTP. URI: https://responsive-convincing-aura.bsc.discover.quiknode.pro/3e7f242edcfec9ca1a36ef544cee66362af95baa, Method: eth_getBlockByNumber, Response: {'jsonrpc': '2.0', 'id': 39, 'result': {'difficulty': '0x2', 'extraData': '0xd883010111846765746888676f312e31382e31856c696e757800000040fc9c67ba1e2eebc2879b636a35f97066ecbbfb82a6c0b25c1a4fb8a3b502355ea3c6bb6a5086ae2aba6a1ebef876453f96d30782888f116071dcf0bd0be9eeadf5721801', 'gasLimit': '0x726f88b', 'gasUsed': '0x111f6d3', 'hash': '0x8b80e41f73f97ee59da073de5d63c7b578964d564cccc0be130682e67ae06a85', 'logsBloom': '0x0c221a8a887c7a305a44006aed28318ea008616295114e025431b02c1980b91a8389714554dab62965321421ba5a3f000db42ab31bfb5a00746c87c5b832100206cf82230b054652c1945368a891893a6a30890a74425caec004d114d041068208943c6b1a024fa09405a580604848c358759f419798a5a06f23285f4bda2ccf18833f2f6e0119100dcd061335a081cb12244ddf7aec0e8a8d316260446808aa03eb00615943b2606cbba3c62e3e6ce86804183704869900007068251c1714de690cb58a990658233308060d1a56f7f1284431688923131cce004cc60d94a8599a1088052f00d905d31713259e00a147a5365df043c30143ae66a1882a510c5d', 'miner': '0xfe6e72b223f6d6cf4edc6bff92f30e84b8258249', 'mixHash': '0x0000000000000000000000000000000000000000000000000000000000000000', 'nonce': '0x0000000000000000', 'number': '0x1655c87', 'parentHash': '0xb8e6a5e702a10962403c1d53cc731466efc4b55f189932d152a4003eb21f3c9c', 'receiptsRoot': '0xc1c51b60fe8bb44f3f4101830b2552c5d067cd0c07c300f956b17450f18f10c9', 'sha3Uncles': '0x1dcc4de8dec75d7aab85b567b6ccd41ad312451b948a7413f0a142fd40d49347', 'size': '0xbe6a', 'stateRoot': '0x58956ce554668406f542467a6b400bb979b66e08cabf62e6c470cf81f643dc5e', 'timestamp': '0x63837e62', 'totalDifficulty': '0x2c67244', 'transactions': ['0x45ddb006c104aec50c35dd54361e93155e1939e809eee2ef3543c14b9b27c974', '0xe9d65560a674fae017658a65bc971ecb8fd69cfadaf69d66c221e7ec8480d15c', '0x81183d257c88a4eb698e6bde25c0e598cea0dd1275d3a96a8069b2f385f888b9', '0xf60c2592043faced9e07e0e012d2282d3513b5f8e1be5799e24d346467d7b610', '0xb158b5a097a31e52fec2cff9f4c74347edef18f2715466634d3bca8e3a9632f6', '0xb20cf7eb046cd0f5ea025d152e7749929a70acd7cb6b6910c29a06608d0e293a', '0x43454d933801c677f29c0a03cf220836736630c72701e3d8382475cb8b080202', '0x456d6c0c28eea0e528953db9202fe44fb84bb576ef9a1b3624ef895567af94a5', '0x7d2f4a9515a2e4348b6450dd78b6aff8ffb76aea47f25b1c0b44f8fbd4ba843c', '0x7d4fb693d365ca9c6d9f2fd6cafba96adde442ccbeada80517a63973eef3cd3c', '0xcb8a2bb3eb32ab7303c73af7e68d5695302c620ecb5ea3c0773701d1ca8df425', '0xf7f75ae0cb1e2756519b8e84a5e6b64dd1bfc6911c519538de5ae8fa0663632c', '0xfdd1f865cf3161a679ce018260400e580ffe04a531bf687ed7ffbe6cc574b1c9', '0xbe27d042d755465d53b164d2ce9643835ccac03fa1136496fe2183e1864125cc', '0x176931ae5e1a9de40f24ef35c691fa2bb914c26f3b2989265ffe4a4da81bf31b', '0x0b703ff1fe9a11fea689c376691bfebbaf10d8ec60a95eb71b0eb4ade8aab1a8', '0xb7c092522c99fe04ce6f2160dcc1e369b7a8ea384093f3408010a4848e1bb18a', '0xa280d16f61ea946df379bc220252678e07feec1083f6ee47ebd28d93f9c0da00', '0x0f316f868fd6fe080deaa7e2207f37f740a103be2bc7eeadf71ef336cf5b2da5', '0x3091ded2b907025ded6249f06267ca8717e5e7eca10cfadad1f66c37a5610e19', '0x0cfb0715562b682c5d7f79e9ed6e872dfd43db37b850be669b0811b4d1cba3ce', '0x91570779aae3626417d5da413ce54cec8bf8ff7923394cdcdbc1ee7a1fa4b88f', '0xcb7027724d3b229d06a5c0b8367ade5b7601c2ebd80e0807f6e8129eebcfa937', '0x7348869a4e185887a93699bc69713739e1b3d4190462f2912dae877f076f60bd', '0x747f12d30c81363ef0654a72c32a76e1823ec10c31c70f831ccf8fc28cfb9fc2', '0xcccdec09fcec9eca28d7aae2a94a10183c26ea76c8bb267b5fe644364709e146', '0x50f2f10c2f1d7e3243dfe314525235b83c6f1ca4dac9071054684d13b67030fe', '0xf936768a49703169f29a70e5ccc440f7ca99b966eb360c984b24c395aa8d5e92', '0x4f655a947d6d0d0ea265203dbada947106a45c5fc233c0fbc34b1fc424b9f0b4', '0xdd8f6c1a72f458a4a7058fee00958e5cf4fa5ca30f92b4f8a4eebf48426f3777', '0x247e6923daabccd01715b9cf1a0dd214d4e5a90999b56382afe5108f4dbdb6bd', '0x378c3b5b729244432f96a81e5c352bce09992c8c13ec3bdfde158895145cb222', '0xdbba0637ec6b36031cd1c4bf0df1c9c4cd7ee8ecc2bac462d2859393c2f16e97', '0x8fbd226287f0fee444fcb36487a09c5468a6d0d889acf339812fcf122b09362d', '0x1b847c400798c534c1577bb325f7463c7ce6e8175f78402570b48358253f2da9', '0x9287f341b134554f134dc1f4da8fa3346bbe9d3f3b66fc477062edda176e902e', '0x2fe57a5812aa04251928f65f0faa0639a3429ab6293798bcba132d07fcb51d73', '0x76f9e700633d44b3b4b54d65293a1b1aa3bc0436ddbe9c2436028ca66d8b4b65', '0x105988f06a71a2bb3bbad311bb7a3f4345b86fa7f9e118163555fe6ad3f64e81', '0xd1538d113a0d88922e8070950c2b8afce84cad9cacb4e1d91ccf82b23e7909f7', '0xb48b48f347b2a67ff0540e839540bdc0b4de8025f4695518e0fb8404ba3eb72b', '0x4da19fd3538f9f7f78b933f542cb53fa146a207c470d8a1c3e89bf436b8c66de', '0x5798df69ca741444abcd40c2e4e12fdf3ae3e1bfeb5ac963aba77fd04cf12990', '0xad112f7b66be5e1ab8fbdfaffa2590c15aba0d2cbcae9aec4ef45050d9c837bb', '0xa1b0c522853ba81d18f7208f5091b1baa5706093194351ff0e4269dd454088c6', '0x82598732c54e5083786c5f6f815356a35c86c6eebb870664967a78dcfe49b939', '0x6ae595d73ddd7e0c8e76846182c529eed844d5409d317d5d7ea63b165f5b5f01', '0x74865266963c17dcdbb7a2de428f71a92d38a240632943994ea6e79841c97251', '0xf42d5d3c8e5bf853c8cd78e92ba87694f5ce52424f611e589d09dd3de4bf0cb9', '0x876b92e15068dc9d2050e4084317699f4a55274b8456c4aa15a9c90bc7a7509c', '0xc7c36952b6d128a27aa3a6b9308467582d0b15d9523bb36d298dca0a2e695b76', '0xb7f5225f74bff672bc095472ebd8955a743323dce930f08e0de97852443bc341', '0x5c3d85463a13c4df971d27a955966a92833be7202fa80514e10cc9dd23c87928', '0x2e8f69bf3c07e97bf52696f5f0f8e5149418ea3de0889eb761831fac86e964ad', '0x01b061a77c814667f79e70fc58a12da8bd602980e83c8374bafae3be5caba0b5', '0x9f9055a0361bd121c89e7d4292172f73def28e2a9e25c35203ac8a066730a5b0', '0xb9431e95baee0dc9790837bd797677e1ee09b4989e5ee04e2dc7730b9863f05c', '0xbb2bf0068013b103cc265dd4412bf76b809b5d0fef57e4cf5124f2b00c8883c1', '0xb38d33a40a3eb27040b484225c781062747a6da4013dfe40dbacd9f40baf06a8', '0xda681a5b6f3a0680cbeeb516f5c8593385e19ada9014a58bfb957442ece73501', '0x8c0347377b544b8b33d013e08cdf98dd6ec67c871cc1066e2190de88fb4689ac', '0x93c5a2b3ee47bec50b48f2c3f30340d1f0ee1114e5febcbae8f0a0dbaa34d9e8', '0xfbc290f88a392b889200998ccfaf3e9601dd2f3402758040365b78911d5416b5', '0x27b7c052bd43a0333ffff68f107d83f4367b0e6316850a9a890400d63de5ced4', '0x620e37bf645b4e3b5166e5d798a9afa957579d8c096c96ad8133d3e1197ffcde', '0x31cf37d63eac49b8b9c7983863af0bff3dc9a89e23919848db672743c158dcaf', '0x55b46b6c50f1e484e69cff47bb57a3bfaa37dd8feebe1d8e2201f0fc702c13ca', '0x283265a4d35d91f5907c144be7e7040d9aba4cc851f51dce2330d809fc3e9044', '0xe6fcd8a1925c02bda98167bcb5da09563778327effd2b05951e50091374df7e1', '0x5bc62e2989ec8159c07a1ec93f85633fcf36131dadea15befefebc1c736cf292', '0xa18026797a9876a47dc8f6379835e9969f8bec78c89f7fb63f6382d2f3ca423e', '0x8a32d828050f32ec7bfc6e1c6fe4fdec1c290057845269a21931971810e9b9b0', '0xa3078c4996d7bdb5585e2fc036a56f7e56876bcae2dabc9af1a428a299e49fc7', '0x9b6804c32517330ecc2d3c86adb0e077759f34d989c388ffd0bebea3d903490e', '0xdad52be592fd8858965b427977f9ccdf2820a2d32758c11308069f95ff8c3d0f', '0x02c22100c724511887456ed34ea3e6ea0915a30062dba5bade3fb5f98ee7922f', '0x6ed06925c6c6bd58358e06c770e622909a05eca971c3288ef0de0610489a86a3', '0x24568c02f2c8b4f700481521467a652fcf3d975c57217f2fd5e8386677385178', '0x7b78d687736839c85436934f57a786fe9fdb3d2ec21502eb76fab7e70cf5cfdb', '0x1010cf034b57a904de4fba982b21d427014e1ba2e2664b0450488d6ad9cf5846', '0x75b07501e0277de9703f560939ab039baa3a8eea9000de7e11b5f150e64dce5e', '0xfd468932c4b187749774b88588c64e29a52180cb08c59d314abdc141ea14cdcd', '0x5cb48ef1e7b8a520a41cbf1db5849369d57a9c04ebaa7a727af820a9f4199f95', '0x7aecd29ed21c36f4f2f0abfd776bf45dcbb6ebefc4246ef8215eb4b8cb4c8b8d', '0x7c053b64bd52df9112ab47a5767c9007b8bb2f0dc205996a43d976af3f40d83a', '0x90ec3b13738344f571c9649864c6bc876139ca3d23535c123270a0a137582a6b', '0x3b54225297fc777bc5409f4b5f1c1749faa4823ad9a73f199bb12bfb2899028c', '0xeb5bb9ec4ca5a6fb3d3fa5e658aa626c01396bd2b4893dd81445bfe0b1a818b2', '0x7113d325055fd56dcd9d7f179a031764568b673af8d9c3abc3537255ccb85aff', '0xa17235341bbfe37b0b1813c2138d209883a9ed548becf22f90ece44620680ef5', '0x01f43f72e65d1e5052ef420d839de1e0623a834faa47d34e7813eafc3fbf389d', '0x8352123662ca358be433fa856e2503070a75fa30e3980420c9b08c729f7541ec', '0x7895271937912d6382bfb473d207c1834c446a017ea962cbbbe9afbc69ff7c19', '0x0ecd7f46fe739bc56863aba563a5856ba57d54e8e8cf0b874695a8aef3a6ec33', '0xd7e12022656920a8c3f7fa500afca9df5dcfd99dc86271274a0b8c53c75e8ce6', '0x7f4208c24dcd71caf4a90a6d792e6ed6483ae3a0c8a1980cdabe776675d5cd0f', '0x8dd8c1dbc51ffbba4627daa9ea2bcef97059a42cda53ff8f8b2450405849046a', '0x57893f3d1f76b4c863e88ac2209799853468c4abb340689318123b0e3d0de953', '0x1baeb57f3785ed9c40f3b139f9b12556a5b1de4decaac4397da9b53a11ff41e3', '0x2f74ed5be49852702f8d23c87d2234f6faac75ab57922119fe71e28bf18bd0bb', '0x27787d481fef195e271d7e552074a7b3cbccbd2959330786e510ee0289179fea', '0xf78e77855287a2e60b6a42a96a359fbcf5a0a9a225dc414c184b2a80852d4434', '0xd0314abb41f0e7fca89c4644208cb4e7992d7e914188fabaacf9b9f0ab1c58a7', '0x028c54d0209cd2e8821a7c61e3a4d898879044bf2cb1e94d0f592bb33e279503', '0x32f212554d043f55ca2af5a3ae08cdbcaaf2a7aca05e687dd1828aa28498e384', '0x118443932650afaca2b5ed8ef3802902ea296226bc22a6ef60238267a702fc69', '0x47c9788b83984f4cdfe449064ecfcd4b90ffefb8d40440f1c964510e90f2def3', '0x4769cbf61fdb9f8e98a06a99a85d25f502813262542c65076cc7d47649eb1b5b', '0x091f72336754fdab6a927dde5db74d909f6aa2d11625af2df494bc27bf67751e', '0x626e16fef76e413ccdfead3f144cb80f1f66a01f6d67f64ed639bb064ae9ad5e', '0x1796bbef389817981c1ca6e10ea8b5b2d85893a3fcb091d257c2278ef0eea1f4', '0xc1a699065f79c8d9008de9ca7b6194fa009af3ea03837ab00b194d32bebde0f3', '0x0a7f413e82dc0ccbd3adcb2b068ec0dcd75c1699315d8b4f0d6dd4f327cdf75c', '0xed3f0cd426f0bb6c21992bc101c62d1f1988fac903440abe77cb034b16472140', '0x327ec61a325827817a6175d0f8dd91351c6c353d58c360abc2ef606fee4d96cb'], 'transactionsRoot': '0xddc90174ec3533aa99090b819ca096558e2cc15c1c445a5907cae2e19cbd7f50', 'uncles': []}} (async_rpc.py:86)
2022-11-28 18:11:31 [   DEBUG] Getting response HTTP. URI: https://responsive-convincing-aura.bsc.discover.quiknode.pro/3e7f242edcfec9ca1a36ef544cee66362af95baa, Method: eth_getBlockByNumber, Response: {'jsonrpc': '2.0', 'id': 33, 'result': {'difficulty': '0x2', 'extraData': '0xd983010111846765746889676f312e31372e3133856c696e7578000040fc9c6725a957305ec5d2c5a46a0b30f1071d13b8bf45795ae539be1aff7f24a7975d8506b11219692f43a78476cbbe816e7b27e8cf3c8e4b719e7759b27e6f666dccad01', 'gasLimit': '0x7270e00', 'gasUsed': '0x16c4610', 'hash': '0xe8aab8aa7cf3bc078f9bc743abedff5b2f7131f7752812eb82707438f57bfeb8', 'logsBloom': '0x6e658355ff287db8774c527e943e6c7fa36f43f3fd03fcfc7bdb046efff7dd18b7d1f3c67cf35f9baf737cc0951b0bc6989b93206f7ecf23f72ebadff27edafb7ce2df933d6a4fb127f2cd39cfa63cee61bfff8dbb5fffd6ef74fdffb8cb4eb7a5dd7c7e87ee566f8f49ee993354fedd2a4ba054f7796fa77f7239d5df3afd6f1cefc46e966377be1cab1cfecd635efa173f14df7c6b9f2d353fb5f4fb97beff6abf5ce7fdac73f137b45faecb3ed6995decfbee70b691dc3a4f6ef425f7cdfff5a2349b5fabfa73dbebbfd58826d7fa2dc1bff9cfdfaab9effa77737fadf079fcb28fff6935fb3d7f3b52fd97a43253dfb2777949577cdd346220e7fa7f6f5f', 'miner': '0xcc8e6d00c17eb431350c6c50d8b8f05176b90b11', 'mixHash': '0x0000000000000000000000000000000000000000000000000000000000000000', 'nonce': '0x0000000000000000', 'number': '0x1655c81', 'parentHash': '0x1e6a57a5beadaabd73f6a165765afd4c14c18973c6c37b55b2c41ebd64f8d70d', 'receiptsRoot': '0x1ce22e9ace2c06a384ef9ef8df641dccba118bb7d70e5d5e4abcfd5eaa045c55', 'sha3Uncles': '0x1dcc4de8dec75d7aab85b567b6ccd41ad312451b948a7413f0a142fd40d49347', 'size': '0xd222', 'stateRoot': '0x05de477c6812be8298a502a04cd4bafae65e81bbb464a596deca096cda9740f4', 'timestamp': '0x63837e50', 'totalDifficulty': '0x2c67238', 'transactions': ['0xaead88bbdeac0a449085c768223965ea4434fb028aa389f8c9307a38ea03bce3', '0x8d2323578eafb8ec0d89307e2c1477abd17aacf2afdae535b414a79b49fbbef3', '0xe617e86edf147e90588c50dde0d639f9a9a128069b150f36c7e0d0f575151d3e', '0x3caec479f3de50e60c9613847afa8b06d8c1be731120195271300e713db52cf8', '0xa65db6ede3183ba031716cb55d321c52386d6015ce712dc1c3a8e9abe64f768d', '0xd7a1feaf9778d246d2d15e2c4961d9626cdcba0a09492fb92515ad247cebd726', '0xe84481968abb08f0268319bc5c734cbaa2f11d0c4c2e5dae7b6d6662ac63e375', '0x548ec7b2a4b49a58613c62deed6805fb7801454dbc83202f541b4ca5906f0cf9', '0x1feba61e7d25bb23176d1688f4e9176fef965686a8120beaf02c847011abcd76', '0x91b5f62a1e5b6ed7d2f88c855d9e63f4aca1291c45437f16bf7d66bb92729390', '0x15ec2ce08d34ae3cdaf14d1626f8e2218bedfc7ab26da4c13f6c07827cc3339c', '0x3452c018ce5b5f599f50bbf075ca9b87b5d595a198f66cae85ddeca0e6bb6ceb', '0x87676bb9eb0305dcbfd4474b884eadfbb0c8c051d0b9a626a96fe525c73561cb', '0x85cec2f0401db8547c83dd94da11a7a6df409cfad3174fa286d980f5d0ec1bf8', '0xe686917e3440f982c79d4f97091c6d0fc8916d9f3ae7fd30ab6d8a3b91d74481', '0x5a3e00184c28dd5b7520dfe6c3a610710f6212e57fcd21a79ce4c0ea68eb9a57', '0x7f4db09e9049dd95d60fba0059dc115a78bde13b7f80e68dce002e4e3de216db', '0x38be5b5ac7dd6a7ddfb8b68540a58e6253f3c25898edb96127d1fc8850053a5e', '0x0d637b16214aa46c57ac2ea4ed9d64d99f6ed838d42db1ecba41a9347bfc4832', '0x22e3d6f8a6b7434f381ddd78ea1db418d7916e57416a0b0c6d307974a1600d87', '0xacc73cd0d04448c01d1935ea3e40b4355ba05a70943512632d85bd4132bdb5f3', '0x4dbe98e58579b531c6c0c156e8d53ae65e61f0216a781c529efda5792805cd4a', '0x5e922ca646ec303c53b4b30efd869d4c1061e19685ad22264c4afe5016c689e5', '0x5def206a47aa7ec8df1db3b2626b979e22370051e8a2487c7e5877335573dba1', '0x5770b9f9c1d08930071669fe10d2ea5c8ffcf0a9a4896753d1d6dcca5728210a', '0x1dd120e014b7900cfa01777e930dec87174056665dec39e1835538c88c7d8441', '0xd2f984e6c1360cb5ed92557a9ef182af0d9ae510b7b02f2d61364ad075ecc853', '0xf0d3b1c306786c16b6d80ce31b7160fe3135f9369ed5fa8c97cbfd68a8b3a2a0', '0x9376f0384075d47b40f7c3ea63286e58f1d95c6469176451e431c4795765712e', '0x6e2e3ceeaa8f774304464360e3e8e3d57537354f4d5a0920e5c30a1a29d29a5a', '0xc4ca79132de8429e29c91af5d7c00acb980690ba29f63fa38516bcbf1ed7b92a', '0x33b8709bd15230eecf79196c039d4c5dd251e20d67e9480ee42721efab9a5d34', '0x4cb3ca84ec9f94488feced7e0e2d86a8cbd76e448890b3aff5ccff3f48dc98bb', '0x6ab20ca20d3c64a186fc2ce5140520abcd050cdea442bf5ca481f19420b12279', '0xc8186d33167f287c07444ab14225be7ce70e7edf199076b8119b145e2740bf1d', '0xe228846d26cbab92ecc10cbab764d59e5ad70b99b1f06a96aedf27eea7d7968b', '0x85fb3b87bd9d570e7551d89fb27ff675976c45e95c037375903870130d3f8ff7', '0x06b9460b19bc42ddbcbbe55d132e778cef73e49452d035fac81afeec807a707f', '0x6ff9a63540cc0250b5661ab8afea2e7f88432a2fafe5f34b1f6c28f459ad5587', '0xbfa55f70e902e967c985069ae1898d0e625b457a18690449cad44ccc461124cc', '0xe8a105cd37274dc0053eca6a9ecc3ebbbd37104f6404cf22fb739513865b3b5c', '0x5eba87a5a88295a258ccb755c4de796fd222a61684338b003d9facf2868e6016', '0xfdb7e719ab9449c987c7a9e72deee6089b90580904a168dde38b5b3f63de20af', '0x84a714080080f8aac522c0ff58ac40186fb8b5f1cc3d3c779916b5e1b5be997c', '0x454b1cd0ffaf15e2a4e5e1f28ec0163f119b3f17344d332598c6532f067bb360', '0x33018a6757373fc1ea524ec4ec15eb9c3b2b9a8948db5540980b67798497111e', '0xeb13962b1ad7e592f584a52610d7ee4b74f33d97ef334f1d21151538788b2cc4', '0xf0cadad5e0c4b2a7d89397aed551b7557259b72c9542edb5820e5179bd53b186', '0x947e465590169804b8c3c509e1acf2a6eb6de79e99c2c0c8d07fb7ed4a69584c', '0x72b5dea5329c5d6aac8d03552ae3d12e133113bbd1d0eac3dec377662b62904f', '0x61145b88afe8f697c48cb4af76b0d1c24b1415b5e1bdc1cc1284cd6d30a5c0e7', '0xa5508657b272c75adf9ad4788e5bd2784ed094ac11688594e2779c00a0eaf361', '0x7989c0e839a0a13071a9ff6fc6c4ad5e821254dcf371108a96541e515abd48c3', '0xad8f738fddfe452766bfb668b2b8e9eb3f0285f488676bec2b843f98765f7d95', '0xf4adc49ed211326dd820d426cbdb9f615101fa9449688a28607d904f223c0593', '0xb329414ac8b1f17c984658094da436ac53aac9a90500c2f343c6f0fd73f567ad', '0xa97a5e1a16fffe956788d0df56a07dcfb38c8e313a1d854ff1bd96935f30d52a', '0x1f6e5fa89d647143043d9abcb2623200f125b5461c3a8ca4932c63b9a80c22be', '0xaf52b742ac2cd6143f12ddb3c9ea1105c382ddb6114695f38160c0d6a70fa74a', '0x9ad8664023260f00b20f20f2cf11c306694e69b15222da7fc09eaf4db1b97ad5', '0xf3421b7bfe7e147ddf6d2ea81a5a30487eefdb29d83523be9b79243784c4b31e', '0x0480d14742fbea90149d6b820d95d5c3496d99e4606b3f216f8b435a0410c742', '0x720cc4c5c8e23e88649e327bc2db07a744ff4cc3b2e6e224d25b8ed02695edf7', '0x5e01e76493af2588d547fe5f8ce510fef586b45c97c0dfa1f838035c0c8ec949', '0x68486d003c354b2eb7352689aa964a945dc34fa285f2c8669556de02c3a355f7', '0xe157e3b8ed4caf3bdc95815249478c3d7150039339d3341afb51a54ef2461a9f', '0xa4d38e72b2fe279c58f4ee690d0c66d376ad83701c13eca87656b5589c4e54ee', '0x06cdc618798f7d03168344c725d1bd27e8dd03ed9e6fe84809d120bd3066a79c', '0x97102037ae58c5b1e7e168804a6c580f1c6e39ed852f267282200150276aa075', '0xbb14f2c7e2dcb1d5d90916c982272effb4dbf3d8ec8364cde44dd1df5cb6f197', '0xca39ff719f1e9a18d67fbd0dd89073813a3536b4603aac3e6438740c07176eb8', '0xca5d4514603a6326f400962502fb44bc4e37284cc52ce8ff0b270b6484df6893', '0x32f6824ec27e43f3cce45f11a81e4b97f2e766498a3c49de20e318e382f0910f', '0x20998247047b592b847193c3ddeb4c26b2891177d2d416f7e5093b24cbe69bbe', '0x59eb08b93174c69c01af4b542bc913091bf1d05443612011ec938882361581cd', '0xd0d5dedd6a85bbd77e5fcf81d9630e94f0a530e62b2e789832a35ffcc286f85c', '0x409dfd7e25c073973fa1a6548664fad851d63150e42586961f1eb6e3a46cea27', '0x97cf4dbf7f26d925aef641b8f8dad54b0019d093d8cb1c66f0a9d803a0eeac64', '0xfe81e69ec2c8cfdb6da8b9b15d51fac1fe11adc8217f961b3062f7086db34c3c', '0x2986e774ab09d47ba099ba2e6b7eb6c461323fa92c27b787fe5f68479d461e08', '0x618b0e3bb3aef72cfb876bb117b6b60e5b943249ccf465124c4a6859175e9384', '0x49d57ab0cd81e7d2d42658cfc3df89b2e224079077ba962c4c8e027acb973be6', '0xaf8a129456cfe440c7b753586ab691bd6387a029ec9b9d4b7fccd8795d1ab6dc', '0x1ed4f11781883fc164b40d558ee3d890ad7b31f75ced36dd58f5f0450b1abd8b', '0x275add5bdf0a4d1214d49d0f16b9cecf54106502a623638e6ffac90545e1b970', '0xa89bff125e808d0dde8666886dee0b6379efaa477b1a23aba1f6ba35fee2230f', '0x31b622609b01f4e60834df1254ff04b0f8a963e889528c52bc88b74cc293d696', '0xe6427d226b612e7674eb13498e4d91567da365dbd3d2d0b156450a67b2ec1901', '0x0180f5be874040eab78d72cc79733cbc2939a311f6ef022e65b7dbf6329c4edd', '0xcb959d64f873d28d6487c7fa2b092d3b283021bf5693ae120112cf0a82206d77', '0x5c5d4219f416387c8dc399b61ca155d89a449f124c0318b87486bdf64729551c', '0x406f831195ad098b69dafecb94faa1f7174b23f59b57aa56c4ddcc385a85978d', '0xd14938ce3ebc1780b90474f622398d175cb35916386edd50c5e05c18eff8c3b8', '0x306c5fbb7966761957721ae6b3ce41dca73855f6fd978e0558c8a2617d35c3de', '0x14ad597cfd4ed39bf0539eb82d2308248c6222e10ef9bd4a0c1f77a3a350dcdd', '0xf31aacf1553f752a0d3bb4bf45b0c19bca2c92ff0e26e2e408ffdbbca8257eb9', '0x6ed455241a6e5c4f11562a6773269705cd5b089c9e209a243eaef78fba04c764', '0xcf20e8394c43f960f40dc355300e61d4bd4f8dba822915ec44f1feea349dd460', '0xec280282736a7c57420abfa720b598c3d76086785274550910736353e9912663', '0x74747dbd2bdc1e90eddd511b8457dc82f255cabbbdbe72cfca17476729a85eee', '0xd98ce4c5103ce3f4112f476fe033b888d88902bc8ded70f5f882337c53c1d374', '0x6a07acd0d2b97a98adb3d4fd9cda3e51f12ba24bbe434b8883aad1359aa52709', '0xb73115b7d2ce4b9e1df157e7f9cf9950be1804d032ca2360b235eaf46c1c932c', '0xf258527321ae813b34fbb3f4c6b9819e9cf4eff130c349ad75826618a4ed66dc', '0x1177e8e429b7a101806f5d0672d5487c97a807bb738d653b870b6bcf751472ce', '0x525e6b7a7e9f9611495adff1501f7c05073914cd7438b71e53a777bdd02aa112', '0xc57d735ec9d4ba9de79214dae0b65ef6de03bcfa99e33a6b6785a7d0a0c214f7', '0x6a22edd0e21e2b228245728e6919f649198433ba5c320bafbf3c3d6a1e0d002d', '0x88844ed5f6dd642ad2715950f6f4f542d6b105c91c43af9a3bac0bf95c744c54', '0x76bcfa957d47dbd2ad6d02262c02003682aec903515f5b5223d213403db25635', '0xcdd433308736a24409dc98bd89c042251ab80148afd07d41107bad6d14e9256e', '0x6d68f2be2fae1baa8bcb432c8a04711cd26f0251819845191e1f8f24013a5412', '0x51c16f6edc6c7fa00a5f6953f01e495ea0ac2a7b1b8d1071f3f213ca3969195d', '0x2a76d9eada84c42dd5f5f59a66bd890774915293e99325e3b9f7d60aad48b535', '0x688110ec48abdb54496358edace283523f4e41cc9c9fcbbb8c0a4220c81de089', '0xac1a8d2f28af51ad3a8adff0c7931498b4c4519b197065359c8912806583cbc1', '0xb04b7424b64c22b3d8359e90b7f7614e08e572e1ffb5f1847fe92cfb5d1692f8', '0xa288d59bdcc63b7477b3bba17aabe5c246d5ad237cf0b795766b3f770b8bba00', '0x221b09258ffaafa598c5ada72823e59639b98ae1456acb08c0cd0da967ffcf7c', '0x681485b0ac9cf8e7c56cfb83f529f1a4075452ccf9006bf26bba498a91bf84de', '0x8dccc4b318cfb283b69f3c7170e07c7587fd968c6804d911462bb8d4b2fb33e3', '0xb6b254ac7262dc6b9333312ef55cdcb5d2bffc9dcff4f23124369db75809757e', '0x2a9619bd72f596fd36d0fdfd5c53424e63855029b9793998dbc7f3c270c230d9', '0x7f2dc0680361f80522a121651a360854b7e2d8c7fd38151440cf27a280b87f50', '0x2d31fdd60d99ef2d3ab43624b949621a7711221f4dad90f9d9ef82dd0ef9a5a2', '0x83157c4833755e0893f7656065118f251fd620ffde9ab5fd35a6e4c0269228e9', '0x148774336740c71bdc3d05c88950b982a608445d57115caf4dfaba3c74899e8d', '0xad852aef9ca26478bc864488a1ef294f2d8ae826b5b12ff42febaaf19764c691', '0x4b074dd60b7403f37620f20bb4c99d919048882bff95398e207fe68f72331dcc', '0xbebdba6a4a55f895640bde368230cd7c6115ed98f9d4e87fc6207d7ab5950372', '0x153a91db1dde087344ddcd0b0358f79525c3fdd359a562eab45e8cc0dca0beed', '0x422973b26dd977f1c6352a7d20e03bb21f6a3c3cd706388c7051712c121209c8', '0x331b6be1b818ad62b0171f7e17a71f9d9a1546828c90831041624b2c0951f97d', '0x1aa1bce3c9114fd3c9f9506853c413761d8ab3b4043981857125c4ff62eac57d', '0x1eeef0d086f4117ae577486c39c3c83b23f3ad014e6ce95e781a228036a4ea41', '0xb60266043e5e251ae69b4591eab8f2128b7589f9b1d2ce064ca69f8b79121edc', '0x65e99d50750091684c9c7f6c2bcc88da948a838532723bf7a9266dc59e60ef0a', '0x35d82a71b24a1db58b7aeb2c1ef402e4365747022616348f1bacb9f03328167e', '0x4b924def5862b179c61888df25a220e743651d7c5ef2bcb823245e9269f6012e', '0x1dabe1519e360108d8d9302b6bd440aca71577c7a699addc55e02aac795c209a', '0x83540902c68cf60a0eff45bedc84b9a8f54903a749cacfad889e20714def1dac', '0x798b6f2a0d99b0d97b70c91dd8cbd2f402d969d1b0f4da50b7ca836cc9359da5', '0x6fdcec57e99e52d4b55c36916030d1391f5353320b5ff789d7d553396be5b723', '0xd88d82af3fd6dbc54159c55ade221b94a1f0e224090eda3425c30c4f4bba1e5c', '0xeb30c12869203ae8877375ee1418dd56ae44a483b58cd383276804ec44483357', '0x82002e73a14a54d0907eaf9dd1c283e19a50d2881b940f7e089e174b6b56b20a', '0x2a9557dcafb09b301853b7a1d439e64e9927de5071af967e7202a96e2d022bce', '0xd1464159e90de05c426a83e5423a08cfbe85687d3baaed19cd8e3e839dd93aaa', '0xe30aecca3edc5f9f54662ecfc39eda6af2639a49dc62926cba4bb9c19ed099b9', '0xb7b8b16782138a983d88d50d48bc9bdcc6d3205007e786ec963395de7766a238', '0x1d11afe45ad753ad099531557d966e8180b4fccfa6a3afddc842df2716b715c3', '0xd1b58fcb6606b4283bde132d3f1617a7a67f0bad9221b10b68c3d07826cb3e00', '0x0893b4bb9b79439965890f7deef9503a2c7da321f2958dec95c0ec27768015e1', '0x48bc27f67046bae45fbc413715b708b0a5a67087584dc25c48c4993a811fde5d', '0x3ffed48dd1ccabc129cb2086f649400498179c4c5eee48b0df382a6320636ced', '0x9ac86a0f581e95ccff3b82580fbe3297d0d1fbac452349348bcd1ab8381adcc9', '0xb329111be3ef045c76cb89712020cd9317efb8d9c8457773d662b40fe7118e2e', '0x1d7d65143eee3ee96a09a0a87eff588bf79339c2df7082aea925140fd4679b89', '0x78dc71ea69398ae9beba61ba9fa49f5728666fc5886439422c6057faffe76ea7', '0xc92d20d1f4d9e0ef2eb384c937029c722cf90bd6acdcf549614f0d4c7249cc6f', '0xd843f5b2aaebe2948bceba6d0fa2958df8d0d07c022a1eab90ccc71dc6a4750c', '0x6cb0d00a4361c8ac42815a9b25d0e51af3c076e1d4545c57475a1f8085e05885', '0xc0b6cc0e454f28aa0ab46aa96e3484733836c27cbb204874ca05ddb049f34414', '0xdff7f2a9f971854d9031e92b87373f139002973f65737d2e2bf8db6d42f423bc', '0x9afd6fd9af5d24209ee294415d048088b64963a5e29e932f238b8f93dd753b9a', '0x163bd7f9caa5a290c24de1e743b3ac1a0a33731591c0e7b72b6299589abafea2', '0x7221a8a1ce9a41f95ccf2cf2bb553909cb68f2b1f0145786ee40851569e1231b', '0xa8204024eaf52070f400c7667e7b5b8361005d2a63399f1043da0c9638c58e58', '0x81b5a47fe3fbdfecf82b9bd8f81027187ec0dbb7794519dd6be2cad078268c54', '0x1b918bf8e14c9b5191ae66e14a15b84d6651c7c4d26f48babbbdb355f20af03e', '0x1bc233d3b85f7426f7f85feea63489502c27c767a131602143091e2a0ae83d20', '0xcebc4da6aa929f10f6ddcbdad18b159ce4e51e0d275ce8070955948358d5ce41', '0x3836563d6420bbcad155b26fd3d4a8390ea2cf9609d4628cd903fe400a0c4671', '0xbba997ca5b53e760cbfca6e5918229db30b50b2e523ede1c9c31580bd403cca2', '0x4354ee63082ef534a78ff0f7e29ef2b6537ecf3cab67e65ec91dd4377505c1c2', '0xcbae3e7c7511d3533575dbb40773c6b2710c0b5d8360075c831c281ee25541ff', '0xac5fc1f830c4823f451cb0a2fbccc917cc4d0947066bc0794f57b8bbf09d712c', '0xfa67a92775e9cf54ba963358a47660c252114818dc9919370d59826b54543311', '0xab1f6cf03184abe917987e9f47fd20393593a3b9abec3f832430376459146877', '0x4b4af8c51bc7645af9ebd58e5ba40e17aab03778b27c14e7b738c7bf13a257f8', '0x8996830ca0977d1967b54d5543dc29802e29fe5b69882b02247e8b78066b6bdf', '0xd846ef36caa97e9087aef90a126f83f9f25b39b78f6e7fc85a60b467e28acd13', '0xe3f48f18d1f4ced04a683ac77b92e211394fe114eb050aacc711eb73da50f0fa', '0x3197ef3b2773952a09158eed6de2def17c5cebb9b5a0624dd95a2a80e1929185', '0xd8f4c9f87602ae461dad2edd4887bb316956ad25c1ffdb1e806a56146ea1c1f2', '0x386adcd5300c6e7484956a11d726d7e5210119c584fc94945fcb11101a3b5d64', '0xc0cb604a7538ffb291d148a9772d881fc4b33b80d91b9bf25fbf737c513e49fa', '0xf8dfc4be86f9c14c5e661ac90f92f63377420280897e4187f425e60374a812a3', '0x1bfaaa11957cbe4211ed13975eff894f4454a17d0c6e8a8a76cb4edc81c1a881', '0x850e5d391863d03661ca1e50b107c2de4c4b09239556da80a25c3a3e077a66fa', '0x6261a97e7a056507e7a27829e0f1e45d7e95b0678fa9ef732a1de35cf6b5324a', '0xc2dfec3bef08836a2857210428f6311dd1c4251e3216a618574cafb444b93aaa'], 'transactionsRoot': '0x3eb13f5cd83df57037fb12a081c0346f10a3e45c0cc727ab16062dbb1576e771', 'uncles': []}} (async_rpc.py:86)
2022-11-28 18:11:31 [   DEBUG] Getting response HTTP. URI: https://responsive-convincing-aura.bsc.discover.quiknode.pro/3e7f242edcfec9ca1a36ef544cee66362af95baa, Method: eth_getBlockByNumber, Response: {'jsonrpc': '2.0', 'id': 35, 'result': {'difficulty': '0x2', 'extraData': '0xd883010111846765746888676f312e31392e32856c696e757800000040fc9c679f139809f93d76e18aa793638c649d1457fe088fcd0af4aa7a21bc6ea79081de121dc2e3fe7daad9d8d2e535305ebdd1b3c64eed24f3a53aec04cbba76fb14d700', 'gasLimit': '0x72706d9', 'gasUsed': '0x13adef4', 'hash': '0x8cf004a50515fcc8478eb0b0e121ed88f5385f681d4f134bacf5ce7dd811e615', 'logsBloom': '0xecba17b8fb6776395d3f6aeb85cad9ecf4f4b56fcd64bdc97353ac4ef8b141038f41ffc7597e158ac364fff5a87fb8714c974eea17fe1cd3dd5d03d6f56f62bc9ce88e3f02c0cebcd1ebe1b9cbeac32aa95d6879db554ae3fbdc60f5be2d842aceda117f67ef062f067dac80eb712ae31a3262d1ea6c26b03e23f1f1c71afd3f7311bb949e3db6f5fa9e9680f8e45ff307775cd5b7a0bcb9b157f6c5c4cf5ebfa7d14b777d985751fd54f5e302ebdd28bce6fda1def779460bd324e873fa44deaf0fdd76183e1b934b863db5c4bf1fbe28572f487d4ad011dd63ee5a1d12f9e5e3767c193676f16b9fa3f8479fe4b92d7690bdffcdcfc4d89a9fab2d3e92c12e', 'miner': '0xd1d6bf74282782b0b3eb1413c901d6ecf02e8e28', 'mixHash': '0x0000000000000000000000000000000000000000000000000000000000000000', 'nonce': '0x0000000000000000', 'number': '0x1655c83', 'parentHash': '0x15cfdb6fc334355eb2cf169ed44545d849cbb0356e056e45955c0b10fd7524b4', 'receiptsRoot': '0xc3f8cedb135b1a1d58d9711beb17eb3af3204fb7f0008e0a60e0f2c1c894098a', 'sha3Uncles': '0x1dcc4de8dec75d7aab85b567b6ccd41ad312451b948a7413f0a142fd40d49347', 'size': '0xe55d', 'stateRoot': '0x12b8d5f70af07fcc296fdff7c6fda8a70f9ff2e108cb5f18f478fd384e03a2fc', 'timestamp': '0x63837e56', 'totalDifficulty': '0x2c6723c', 'transactions': ['0x9c37478361a5715b4e86c4b7f29369ed70c09ff16284fa2e01e289d4091f2640', '0x30d0120d9bb694f06070e1ca0017c3aa37e72a862af57cb1430e284c7cc8de0d', '0xcce1b10d49662b819c28ba0319553c8a5199b88f4484d03e54422e539c5a064f', '0x2bc264827330a758816962e5bbc4b811dfd203ad6b5f9078d7d99b10dac1e694', '0x0681566d0a87d6d34af62a3ed35a36c2d614a5748fba416f7fb31fd7b4cfa76f', '0xfe3b1e73179f090c5015d4df383a45d85bda471b714b35a035d2ffdd65c0acfc', '0x625124f054e675d365954c0ddf595e8d0bd45980c220c5c522ee852bfa70f9e1', '0xe94a995294eaf59f25c143b927e2e0ce76553ad178a980a05f899d4acd135cf5', '0x8d934a24811c6219000f16ba704098e97ffe0595dc3fe1184a995306a0082130', '0xae0690ed3cd8af6f7eac8d3ef61ca6f0a1a63b104effe949f584dbbcbe2e9429', '0x81997b5947f3c4ef5da242d5f1212499edc50abe06bcaefd753015a7e1e0de93', '0x47b8dbd4416fd8853b943df8d7a78b87464a3e95d746b8374c7eefa7d49fe842', '0xc98047ffce8a1ca2103f912ae822bf2e0ae2e33a951c77f06f9b0d4c5f4f2676', '0xc1f07f6e44b43ba73d86722cddb5f0da052ed5f6de4ee3bf280e78ca73c0816f', '0xa2390e838ee6789a4490a0fd23b595f7f793534468ae0bea969be41d9d615b02', '0xef90adbbc7778581ee2e87c4baea5c2ea7ff0b8b2abe7efac3eb83a58a222673', '0xd8a625b48ac2b0f1dade925dbe0c4b54afe8919aae1aca0958881407c9986473', '0x87c5034c42238729ae34128e38412557af87356436dde508c8797bae4cf7a5d0', '0xa2921270dcff6c5dce36f1a651b18a18a700dde5630f78ec0857665bbdb42309', '0x6d1396fc93bb06e8f09e42919ebe8cf2b8a8d8d10eedb3d5a3990f434a42e27a', '0xc9508c55dbcc476c410e9021038a94610d57ad930f224ed8a2b0697a2e77c465', '0xfe1fc550169ac276780027346080cb0cad78949e9049f512abded8ee13bf059a', '0x0c2b217f6d8f8199a645d21e393738eb2d83c26df7ebe58d5fc5235fd20213b3', '0xc765fe0624ea25512aa5ebb6650bdb789c8867cc41b2e2beae6f3dbf8debd7bc', '0x2bfc444e26cc4a9314db06d13c8b427f42ce781f609544581cccc9fea42087e1', '0x9c8351ee8e0cdc1a11a76ed39b3c5b444ef78b415483f247a59453f9eb1ab16a', '0xc03ac73b38cab0161128b0727766744a8b0a565b12a74bf2e1dea3080c71464d', '0x95078cc40c0a893e8b798e7b95c1cef258b4a2461e67c5196120a7ae0ffe407c', '0x471e1f7984bbb8b134a39f3ec2b18203b52393322c158a1371f214534f994f64', '0xa8240836c6ec9190d1aa78a7bfac2a54b6cffe8bcfb02726da5aa408b887d7ba', '0x98aef0d59bb15264d211c407ebbe6650175efe016ffad9936b431ec3befd01ea', '0xb25b613cf27b6eb4a24806192b7c6ca229be1c7d2fedc593136437d3f08d8cf7', '0x037102ef26c3e960bf0424609ba811850ab45a2e13178a3d3562ce6e16589851', '0xe01d8455cbacc5d246dae3fa0041ad94ac9923b8c48888afbfc735b568f9a99f', '0xc79c86526b5327b5b49a02525e7150fbeded7ec77211abb880c2b3643b38a316', '0x9dd7270a5a35212c3c131efc82d70ca43804347a3c5d611ee8a0c0cad9dd0574', '0xa2b99bc3930ab78380e91c808fa3ad8a7c3509547c792817acaa5a11ec903448', '0x0d8a193f751bc1d38275980cfc84741112e371535e429349f2b31ba521b28184', '0x8fb318e068f7d77e541898c83f4c350c2ceec76802933526a761b7ab517f4ae1', '0xf002d4e6f406d38c88b28d3f4d6cf77d4ee9a2df575066de125813c4d0778d89', '0x81f902f61e635ce14f60964c5e85086cb81be07376d282b3f0d9062b2a9882e8', '0xf389efc72bdf9e31633210d02bea00a524d3c45b90ce1af9571d29e751225c61', '0x853ce657317d6747298280ab5364c8692d80ccd3aa6feae8c0a30a0b1c4400fc', '0xcab3668007485617993a67d14d6d57e35c2e6b0a67b6312d8c3ff2b929e724a0', '0xc2596364d82aaa8e78fa1660c736836ad12abe3ccfac15a3253621c2e8fd729a', '0x3c724519ba6026dd9c6e3a39c7a3fe9fdd5a169ec1f15cb718c944a93fdc64a2', '0x16e77c24e962f3805eab070cdc1a12e0fd6b9195403bd430dd271000b15bf9fe', '0xb69bb27ea25bd08a53246c6b8bf1cd71a9d21f0ed8aa4703c44b015bdcf9eec8', '0x87d7477692b66d8ad6522e36ec601417ae49df0504f98ed36d9ab13df31b774c', '0xd07b55422909785d60ffd27d7970f28b4e959f5700f177a210af20799a906fc9', '0x5c04c6005ec0045e9cdabe92215dcc917bd7cdf86033135deb87772d6fdce25e', '0x29fa2c259c0bdf6953858520b1e71aabfff2c06bd27187d07c3b72b4cabd2664', '0x69d2987b72183f49f2c2f70ff44686963074793976e74e2a24c2b3c3786e95ee', '0x55ed73da0f9005ee80f0ca1afab97fdb9402c5644aeb429a102994dc5d739f68', '0x150990b3dee0eb72c0b9f3f9417ab4e0609faaa82ddc56f03c461890815f68d6', '0x4965ce4bb2703b2ff52190fe315f4496dec95c0591f8c6cf61d00686def080dc', '0x324b89f6103f008fd8ea04a418d89cc31aa2feb26628c87d7e859d48a7e634d8', '0x7b0c454af96401987d20c50e484ace19157a1f99cebf1ce70791f02b637a2485', '0x319d8b3e81616547595dba3d959194977de0cbdc0d912bdca1b2a67fda3a76c4', '0x13c6ed26893f9995002ed43434a11cef61862676e63fca374121d45f9dbb5302', '0x73b437c23a2b2e26f9fefb0e5995bfceda656e5b868084696044c278b853d78a', '0x5212c67f8620390d1cfdec8c00d4d6bf44533d51f9a92c4b1525a7970d335d04', '0x092cfbcdccccb190cfb378ae380bdafe1f7b00080f6584e211d148f07f61c289', '0x90e153f2e8b0399aa2e64d791264e6f37e73befe5e7bc65645a4475faff6d3dc', '0xcdd153aa02f2be93a8045413a0641a2e6b3515febe64dc5f43a2211966c98426', '0xa5015578ca3fcf57aa0335b793e2fb349d8164d39704e33e2c53992587a28846', '0x34017bff8763fb15e6ecc46535e4363139b9debf2b96663b352e2ba64d9c3329', '0xe714d62afb393a8e58bc2caa1f9eae75c910f96cc0a5248929da025129c78396', '0x0fe08d703f7acaf9f0c6932e587e43c0a0cb431c15bf0494f63069b769ee5960', '0x398575cbb5c1e26f5c4aeda9101ceae91f271fe016ddd679bffeebf34c575a88', '0x92bafd65f65e9837d638c8ff24a3402077ac334c37b5c2739829a3eafa19c2d4', '0x82c449ec2d9c7f41f522ad2687ea1e219e8b596eac5624b2bea7e9a1137e42fd', '0x375f401dba08fcbd8eb590384ce6586829bb716fb977e4f94f190982cebc15c7', '0xa982e780686bc240d5701e84b31726cd0369d36f60028422dc1c9e531bb06f3f', '0xcae983c73ae6c713a9b42febb0ea92fd6577b8287dd534489375d748c072da7e', '0x44bd027cc8357ed4779041cd8e4746568460b124021ed99c3f34afff9637e6b8', '0x8a9e11cdaaf1c1f69b4bb65bf2b15f31c5f1fcf0596d914cd909e7116bbc7596', '0x3a4d09291f87278dab3289360d0cc12799c1ed96aeaa59e714df6428e8e7e88e', '0x47fbd3646cee672d81e8c0b2e0b888b1ca895bc066b13d1206744f685cdbae1b', '0xcd240e982a3dca1af0eee37aa81190cf3f674bb5eea452157a7ea61bd8440f46', '0x14eebe75b1b902b94cb7d214f49aab7100f5de36c36098226e4e70e3d5366d33', '0x333001d3451c52e9a2b7c17d8a2489dd2e3a193ecd11933c04ab26858e0d720f', '0x3a7074fcc8ca73d757ef24a7694db6e06d0a477795d7747d52412d8d257b2d85', '0x004a230a89a4317ca2d783f052ce6cc120aed8da34a8e60b53f7a03fa617d2c5', '0x986db6baf8cfce3ab5f91704006b2291d7db99ed588198292be88cfd8c129141', '0x204ac658a9b8e1a3510207c0a9f1bfdb777e03b5cb76a9573a774294d9e133d8', '0x91fba581b8547aa9bd00ef712d2d385ccb83b653266e1e2c4f0b264f94f00fde', '0x02819fae8b49beb88eadeaec725ec92c58a37175208ea5732fc7b12c06673a0a', '0xdbf58017a4d572742ea2498aad2b52dd90cf7774c7879f9ec64e9dc039bbcf20', '0x8846b9900b0930c31faee8d25205b3cc4279d8d961297facdb52e1b5a83db6bb', '0x80dcf8615f115dc2ad94b30993cf0eb1a8e24f37af4a81fce52b1f52dec6e09e', '0x0084533823a100298b804cde2c16fe19a0d42eb0578e57ff507424801a1cc9c7', '0x652186bea4f1bb3418d9b76490217d2be19b034b4b740686427c6c1002dca5b2', '0x918f2ce697e80bf28390688feb1bc6b2d441a58f0053c8f2c180305acd9db411', '0x42fec5044e7083cce5046d6b3afb47755a85dffed63c86750747803a37c374a4', '0x8a0bad181369e868ff97b1a5c9006e10a29042288b2dcfefd22f6f453c36207a', '0xbcdd477d4998b1bd5a6b3ff6d98a5d66c5679af5a8f3724cb4df8a38fdd01d1e', '0xb19c52c89677f21797f31de156b039181df964647a696473c73f01d19376e500', '0xf854a409bcd545bfcee090ed041349fef89f5f2014709f41c18e21d2ceca4819', '0x08aa9a458d2c4d3e6915749d26f8d4f31cebda3ca773ad72acdb392f7651a69c', '0x1646ad09787aaaa638dd9b8d02f5e1c2207174b5e36d0d620c7de0a66a3e1f0a', '0x67b525f5d384f76b7b811d9a5301cae2ca8cf2afaf355ba879d76422a1e8eeeb', '0xe43d4bb57743c7f061b5c9525f62d00ce9485758fc93129d6060936c056526f0', '0x8394be8c20208f5561d5af9a7c3d64b79925a95470b94e1c6a351150a989a922', '0x290beefc77ae761e146f23af86c5287819f6aa4db51e0e7fd3cf1c9d51fd832d', '0xbbff80a37c0f1c3c913784456b763475e25fff83412fa22ce41521fd3c414cd8', '0xe0eaaad4add846ee56d9043e0274b5149070ceb7fc7422d0ca5cbeed38d96221', '0xe2a3f00824cbeab42afbb758001dc1e9993ba146056e9cee7ec7b36af1e7c867', '0x6a3af841b0575e1fad5a761998f3f638f1c1524e9168676fb43d4153a90683f5', '0xc3217ac0edafb05173824eefc200572d6b81130920947fa5db469353323a4ba3', '0xb0eafbac57a108c43bae6dbcf4413eeabc9b23e072d786fb5336f88f88be7c1f', '0xbd0b551911d5df50d899e4c4e2368c1408e1432cdd5d2f7a7430a970c07f4516', '0x78acb80c737aff21e374cc03d6e7e887d06c319d7089fcdb141f3012c106676c', '0x8b73e82589111d816ae8bde6f9af92cb8503bc05b7d8674df028fcbd0c6b87d1', '0x41c96bdb04a55fa8d4e56f2b612d917ad48a77ac9f797d62d85f7b32c59be070', '0x3ff33f6aa8dad75f67349cdb181dea69a85f73aaf5fd1ebce3c3fe67fc3174d1', '0xb0ec502802de59efc981ad10417158e5498e8f70f53285b151fa3dd1d33b91e4', '0x9fc0ab15e19620aa8f8d2a79e36eeda2ccf48897c13847fd181e08e4a6180348', '0x3a20882ef02a1006366b376a0f07ecddf7e0924a170b11b79c790a853b3712fa', '0x2638b80c83e6c8f8ccce19a7b892bdd50e879ca4e1a5a3c5a983d103fc42bf66', '0x5d198b140a4065f7796a4947d856add20e31ecffff20436e8ff5923d5207b2d4', '0x53cbe418a9830ff82abbc816f4ca050125beedde876b15ecbe66f27e7e1cc5e6', '0xc2b8cf2f3a887c72085b06f3872aa4649a3bb234731bb6148da08577814652c0', '0x81453144851fb773ebee243b69377737d7e0074b8ae5f0c1b4341b7edb23119d', '0xf8e003acbefc1f2464805d2efed72478318121b6965374b309cccf8ca53cb500', '0x92a577404209f343451e20a19777ddc144ccb902b06247463e3c9320d8288dfa', '0x7a1904b832f5847738c4e0e1f2aef4c513099d08d2053e3871e345ef97a9cd50', '0xd0209abe73a72abbf7dcbbeb403c5e91dc7fb40a4dd80a540d639a898434375f', '0x6ae25c698b29c7ba2058e688117e2a4e6ddd9d71bbed7f578be720e06fe78d0a', '0xe30cdcf0c1beaed5bd6cc743fd6a81e59b5cf31bf93a3ad1577ce3046243fb07', '0xb2d089648df0bfb8115556d04e3008bcdcc8ffa66134edbee37f89e251b3a6a2', '0x92e6796a1250cbb70ebc93597f1c4ae35898451032de63bb9cd8c6058b7f6bf2', '0x2499ffa2571c8c2fd15151eb7c89e3bc85d2c8141b0ba8fde98264f7aa0d7037', '0x74da3152af189b3c3025d398ae54d22bbe9eb8bd088e6cf9b7601aa54a0cf425', '0x5c03c7ef90309ada2b84b2801bb101806e98ca57d690518a44338e45ab6e18ec', '0x4b5f967b66f509dbfc5d58c78873965432c43a6fdb94305cf4c24fcc40b3b465', '0xd15c86f11db9399bdffd13d3f6c7f6401d8cf59a4f02caf25261c549bf1a1837', '0x6773f890fcc80d51807718648d69745d88e00432c05a84ff55543be5bdc0a6ec', '0x1994b303286bf7fa63c07a1a967f4c402d62910f0a04b3347b35698b3b24ee3e', '0xdc958c7d2575dca155733a3c3752ae6802dfcd9f760cfb179de799a2f14b21bc', '0xf3acf715bf8eaf10a751214700fe36a0a7e670a772e18c382f047c8d7f5053fa', '0x1f8e0b59aee7c00a5a7fc39d7b68f678c38ff46195453f0784da0aaeb7d8d2fc', '0xd248a40afe0159fda3e67cf289a7bb5dec317d8bcbe4e2055d91a444d318cc3c', '0x0df8b1bbe3bfe03f8d9daf04d18ad44b22519248f3221f6c39a42a47b1739dfa', '0x37332adbcc21414071207008e53d855c9985fb7f57681029c92619745ba5f457', '0x684c250dec6df9000871c01233eb6f281e55ab230216d0ac4eb7136d9507778a', '0xf9c741643559a4086f7ee5e1089d946ba93c854c749cfec4f07f92d7b6881201', '0xdf5d2c9bdea88fe5b637a7b7582ee394b55f6f3dc301d6c9f1d52a9b4336c012', '0x200e4cf3e4af037dadff185f344f9aacffe40702acee5a4c515dbaf34100eb05', '0x27014ec7aac317002b19b40cc69ca602df85048ede08165356679611ce25f7c5', '0x18ef092f79436592369cca90d2ed2ec8d64b8e1db7a872d0cdc8043d82a2b47e', '0xe15cf9bc27b3d47bd71594ab1949582b522655c69ffe5413cb3ae5cbf11d0886', '0x0edde96ecfa5051a39f94800431ff3e03727f193c3680b78d88754254dac03d5', '0xaa4d03b6f5e64811ea98db490417f4dac7ea7bab8e8fa480bff54f75215b3974', '0xc9aa78a76a937b766b672640071858764ab91038828fb9bffe9a2f84ab4c8593', '0x8f3fce640b608a68c574138f97d1778225ce5c02b124626c37cbb3f718b4d6d1', '0xdfd63bccbd8b4a816aa0b4548947e5a1214b2fb2463a2a583974074957864816', '0xdb71e088c4e5d198bdd81ca68f579d47a65019a0ea8b7229d4e3347698e04212', '0x857240b933db9be58ed0805ac51ff809b378ee768fc08cd6eaebe7611ca423f9', '0x0c7606d1f622099881c1ff7989bdf22d04e357512f1bd478324ef34eb51301d0', '0x20f60cf05177b81e62f116931388bb1831fbb43cf7583879c496575c6eee27d8', '0x6f0ba9263946554aa939efda6f4e3d5cf7aa63a52d5a5b8956646b93648ea014', '0xa6c4633d6b2088efb8af331aaefe2fa7d325f3e404a618c31da9cf4a9b75762b', '0xb61892a421ceeb43e1fe586870c25b3671377456fd6e55407a4a8e6fef73207d', '0x22db30e86cc0a0b936c1156f4ab864827517302d69bdf0e250a5cb154ee15b38', '0x3320c477753c5bc26f09391c0fe69e60bbd4be3e5aecf8367db37deba5190dbc', '0x14cdfb31009a5272ec2d3fd4021459b0bd2c1476623ed833cb0b9d658680fdc2', '0xc4f75ec999f6e9cb7cf0248f779b3411d5343a0b00c96a8f003bdf4e866691e1', '0xc85201c5eb9e607223160e48fcbb2a10927a8eaeb53b8c0bf51cfbf96ebc1100', '0xda7b60c16a59d45142a5c6dc8050965b5f20c250f0c73f4d4c8d49eb5ea34aa7', '0x591e85db214e756c4283ec6d76f95a5d2e3325cead340d749b0320429f5be98f', '0x9f3343a29c3d99a57ee400ab93e21847a9de5db7916265f0e7cdad0540525919', '0x63094360d29c32f87e3fd43a51397b4c14fc27e071dde4c1f63786c291268a65', '0xc3b236cf9bd64867ecd8109402b7d38726a4a7bd91be68fa59691e3b5a67b289', '0xc9dfc8219c119e40589c7d8a2b3b9d61dcc1f8b02000179dcfe7a5fe63a5fb3c', '0x58b36057c0f853ca0b9db360948cb359b040cdbca6f3e7b27015519588bff548', '0x869a21a3f420f7bcb6bdf6735e0f952b03383ac6cad08498deabf76b7f701fc9', '0xa2f655bd05a65e202cf522e5a99fbbcf13ee819b9fef808cbe163a4feecea4e7', '0x86714ff39003bca1e5d5e69fc66758b3f717b6b128cd777d8b0b789902b07881', '0x75ecfb70462bc3006aead57d0131a24ff5e364e859bad9c656dad8ffac96038e', '0xcd1a02a20331d43507e7a3c9c797fed0b501b29a55a286d7b9fb063dad09328b', '0x70a79a8bdcd5edc0881dfe8e9d22a388d26187ef469984ffbd049e47422465f6', '0x7a7f9e60050c3d347da79da1b4dd6af8b4551d10c0c48581e50178f83e6672a5', '0xfd173b94f6a21f5d937ad4356a4544b3414660f16ffe7099a126ec5990428bad', '0x11e4f2d63f6bd64c928058485700f31c71c492849c77b2c0841951bf71c10f1c', '0x60055f03446791910015a54743c6493a540bdcb917aa8245e1fa3cfd752e19b7', '0x4f432b46a5c373d954a25a5fcb331a59baafc26c783a3324defbfa57eb03bf30', '0x3af06876cca2f8b428144538d2526f0fb6a14230a778aa3f986c0f4dcceeb855', '0x2831211beec871f04d6ff00cca27ce50903114789835606969cc53594ce538fc', '0xe9acc951319ffa77cff85a47c0b95838215f77d69aa81136c9e438b51f59e75e', '0xd6d3324a991069b25962d9f8a57a92eebf405aaf79fe958696a2b5cc9482f37f', '0xeea26f53552d3384383cbf85007961ccd4d228e4ba94c43c2426e78556491626', '0xae4c96dfdf33d79a691d4e9935c9395c3067569d39f76096e04b6f1e8fb0c11e', '0xccca9684a9f5937889e0b7c2b2c09ead2293c06166fb9b4ba072946ec386b505', '0x582209db744c12def891960b6a32b2841597ee3395a912751df86bbec16c8b7c', '0xd86e7947ea59e92733581b7ea4662d092b0a9a6bf45b4869d16627998c53130d', '0x7ce13419ef0b6b1db9dab3243c0c55e46ee1d2f9dacc094f820876a633862e0d', '0x6d0ac04408ce3c0bd8321efad3c3804eef90a847183b66e95e45d6044d36088b', '0xf89c29737a75a76f156d851b5cd812386a9e3be2ed42d13d9bce08ec633306fa', '0x8d82a7543e7c321434c65fd508c126127def8d547dfde0f41bbd8744de822f2f', '0x128d3ee6e92c4d54ae88f56137c0533b297aa9a8eaaae94c6f13cfa91c38b50f', '0x557c9df3125b7eabf8405fd0ee32cfc9921b124d6df7432abc0b76c5360060e9', '0x08bf7b89da3aeb47c224893cc925f755ae1881470a2c034217233a22da37c8f4', '0x2276dcea0ac12a3dd39ac935312a1291a962106064871fe040233eeda0d7b256', '0xe547eed1eb43804b754ea35dc2df4ca7142645c1ea89bcbe3983506434047050', '0xfe1d21b4bdb82ee49c64e8c8a6804a5f2e8012418ff3a980d50be970e2e1f895', '0xbb3102363a94a0043f5427b3f23c93f2cbea7a308b2e477008ca81f92a915ad9', '0x35b17572b61ebd0dc73be3d187e87f2981a5ba8519a37c036e6afbc408009f9d', '0x57d772b3178fe9af180a8c27cb990ea875f80a24761f09fcfc9c869ce6f82032', '0x5272cf557b835e441910fe7cae9f8554e2ee09fb288a488e8cd16d2aa9eb077f', '0x77d648518ab942572d35f66f304466df92969c105ce675d51f4dc2a3dd0669bf', '0xcd6f6c802a88802284ade48f16cdf001f6f7ebd690354b951fbb3eefb5109126', '0x030f8c78deebc651ede0d2b22127efec839df66bc44a2dc75e81fda551d892c6', '0xa9257c1bbaf3057aff583664138d9ec409ebcbaa30b1e6ad24e8be8ebe7931b1', '0x8a0ac4f2bd42f37e93934a57063a4e49e06207b436aea984d559df6fe656d0ee', '0x2eba845ab82022030726540080cb66289fac803cdda8690411777cf099c36e2a', '0xa69e0fb92477e8a5b5082763817d8d583e89d947c2099237511ae76ff15c84dc', '0xd3a08532a38e391de7fef4bcbb4c02fdd6e7b670b1a8cbff9baeeac356ed9a72', '0x0e083f42d5a5573521b925a1d1594d9355d576b231516ace772f92ec8ccd1e32', '0x8d40268c27a2e7db92a208f9bfb5cfe5e3905a0ec8faa9d7022806fe93e69276', '0x505b506e4ca6291633e6e468a170574dc85b1d17c0e31a22259e43334c93080c'], 'transactionsRoot': '0x6392cc7c64469e1549bf56752012771b24966b5b1566e638d451a992461fa24d', 'uncles': []}} (async_rpc.py:86)
2022-11-28 18:11:31 [   DEBUG] Getting response HTTP. URI: https://responsive-convincing-aura.bsc.discover.quiknode.pro/3e7f242edcfec9ca1a36ef544cee66362af95baa, Method: eth_getBlockByNumber, Response: {'jsonrpc': '2.0', 'id': 43, 'result': {'difficulty': '0x2', 'extraData': '0xd983010111846765746889676f312e31372e3133856c696e7578000040fc9c673463cc3aa8bcf7ac27a38a31309047882f5c3458060ddbdace1606e2c2674e237f463dbd6e119a299c1296723f0cfb888e5fad07f24e62f3cfa18831cca7b5d101', 'gasLimit': '0x72e350d', 'gasUsed': '0xa9beb0', 'hash': '0xdae66eba1e56525a56e054b89186b43bf3ec1f48c4973ff323d4470ba88f15d1', 'logsBloom': '0xe5a4c608c3bb5a137d8a762eb9bde393b1daa14193dbb2ebd413a7ed32822b0d1b230dd5dbe717808fa715a0b24e92f5c401c643f8aa96afd93c25175b6226254529451a4357586065666b5bb1e38429ecb3a7303279ac77e24f2993b27414646f8e3de703b7cdda6147ac514d554eeb2b8180ffbf4867c5b839adfa87161d1bd298f1c86c313cca85af43c05f737ee452f55495393a56dc3f77186d5f83a8231a8e8ec074aa4b52ec20e0c602aa66b4d57714c540ad6b71e6e0305b95db78fd6d19881a0a02cf33453e1eb5b397b5aab81dff1a7166e33ccc44bc378400f0b975f00e3384a0286e379192a517872304f580643fc1c347e2d3e7f1acba710896', 'miner': '0x2d4c407bbe49438ed859fe965b140dcf1aab71a9', 'mixHash': '0x0000000000000000000000000000000000000000000000000000000000000000', 'nonce': '0x0000000000000000', 'number': '0x1655c8b', 'parentHash': '0xe1eb5d9a36a4477c9ec5b8f0b80754e02fb900a35813fb4d9741c093eee4c19d', 'receiptsRoot': '0x8a00bcf25a72a4e37beed11a8436eb3c234a7039eecd3ffcd20db335c89a9945', 'sha3Uncles': '0x1dcc4de8dec75d7aab85b567b6ccd41ad312451b948a7413f0a142fd40d49347', 'size': '0x6dfa', 'stateRoot': '0xb769bd444e4d68a897b2a3d7b27e28173ce8ab2abeaaed7ee44c67107f099183', 'timestamp': '0x63837e6e', 'totalDifficulty': '0x2c6724c', 'transactions': ['0x80d7115161590fad3e6692935f6ae3d2fab87eae937597a9549a19c5545e21c9', '0xdb21c9e10723674cc83fe326a0ac77ee4d9a35f2fd3c1b6cad186ec7508cd520', '0x969d0550324dc8d4321ce4f4434a2f0595e805cac3ab4ec04e6106bee98682b5', '0xdb36e3548e245bd23779a4dc31eae45c88d6e21e82abd1c8b6dabbf3abc7162d', '0xa30a1c5ba37951f032167363c2f021281d5c49b99ec33c4c644a06f1a43e68c0', '0xa289e0ebdbb3cba063ec37a9eda44a1c555d69ea18a8b7f8e5eba130f4bc15f0', '0xc7679e363805d24c8d5755607bafc437f32f3ca4588b0bcf8df9e3ec5254ca6b', '0x9774722586029159431fc5c5933632be901dc9afcd777ed84685c6de8e329f6a', '0x5b12eed89d86375b3c64db958ee9dbf0ef71eccec33484d53d6323c95e2be55c', '0x1979e37cd58f5180d9d25cae746257424f926715ba8deed1a77b7e8828acc73c', '0x4b23bc2e93b21fde18b2e8181cd2237deafd1a27cd0adb135f08ca7c8d17c845', '0x1d9ca750186e5b3330f745c0403f5744ba5ac79a2eba80030c2e7e62d8c19732', '0xf77a9ffd13eda55695b869fd63665e66ff66d61aec4ad524a3b0a89e6bcc59e9', '0xfc98faa66ca7063e054266708d4c1087dd7710303853a71fc7265c8b39f6bfbc', '0x390bff50c47df997d7626d34403183fb166e8f00de36bde86ae52e9e17e930b8', '0x40b2f250d6ce9ac8046120d7d0bf32d556db1d3d22d4c6edd9332f1ac38fe53b', '0x113f304222960549d72550688c30b1516839a866c1da817abd9df26e74f196d8', '0x517d388447f4a044f235a3aabf8985eb7a008bcc18551feca651a4f00c711ed1', '0xd34401e1cfa5658de5d93981bd909bdfb43a5aa6b77f7e49723fde09221fe0d2', '0xcdb22fdf5bceb627743799c1141dfae5c3857bb1cde31dcf5157afe589a61dc5', '0x2c359392fa420e7e57136b89b48143b68b1d557ffc9f27d116ecd831f4ad4805', '0xfb788c37023dc247756435010621c9a158d52d1a450a0dc4ced05d1b18e02985', '0xcc34b40fa8014895063cb04300ed3c43c349033810d2997c57895b5a2f9e30b7', '0xcd3a9c4a08963d98dea489815587eaf19689e055c152fca206d409eeb1303363', '0x180010494f09d3249833b4fdaa9a5ba912740dcb2344714c4e764799ee47eb03', '0xf888d2b7d6dfa0f36266a167719669920f18584e4bea6d21419b2be48341c290', '0x98ac44673dee122477a44dbf161bd702380530947307214c4d04cd1f87ec7dc2', '0x0b35032886baee2025a76564c2a40a042b0e3e9865292c8f98e2fa414b9ff715', '0x320de47077edc6f2c1d6311f42184b79b8a85acc62a55f746344a3b8c92a5587', '0x68cfb29ce62feef56002f3a19ca43fe720593748886294d84f860354cc9b844d', '0x7ce5f362aea8e95d45bc71acfbd03e15cda67c334c08ae7f706216b0b0bdf3e7', '0xc62788e40ca165d85748422bf462282dd0fe118b21c5468db28442645c662185', '0x70d73feb00f555a9634fe9aa38a5a56e72d2df7e7d60fbcc2811c6529ff2ed36', '0xf3a0e7e11fb418569934f43fe32edc55a44c88ca6144e3c28494f78e512d19a2', '0xf6022cf4e6a348fba0672b8ce38539e015e35ea8bd9339df4652b917d6826406', '0x2b70ca14dd3cbe8003d697451c0442e88db214d9423e585d150a092b0b5ed979', '0xf3c2133e5cc5f0c138fb8848c9a4caf38c2169d2629f581dcf24bad431ee3be9', '0xac9704532ef21cb42969c3c1571a19aa98b86185fa5c8cfdf8632f80bb8ffac8', '0xca923a633f18150e3950ae65f0994d6d0a87fc688736e7a9b88294dd0da008f2', '0x1c847f3d816843834cdd5bffc223262c20c1ce98cb5e5748fa510031542ff5fa', '0x17b68ecaf067b908131e24716526530b0d7f6ac9b6ddaf589e76d850b138c55e', '0x81ada34f8e34c4cb0e7c040b0d93e589d81012acea3e1e3d2fd938803e37a0ca', '0x48df92df379661d9c5bbb6fec632dbfc7cc5a61afba9bafd71e8299786a68389', '0xb11ef51abbe76180b384fd9cc279e35b6035ebff520c6d429d4eb9a8a5d5ebd7', '0x8f2cea8cd9663c5943800c0e4043207dd5f12008df96fa194b9724a42d89642c', '0x5f149fda808e57855bae1f90dbb1cc3bae840f4da097e4bfefbe228bf9841e7c', '0xd6301a81d7501b1862e9ff7d5d6325c2ff433cc2b50204636cf7b37366e15567', '0xcd42ea1882fb58991d8a7d3adf55ecaa7946dc814296f899ed5c19213c690f4d', '0x5a9bc3bdd3a5c4039944a17a3c32090a569c1a9009093927c2c1319ce8f11b01', '0x551822c5abe187bfe68a381becc10c7a4b27e7e3176423158ad49ab36c9d3d86', '0x6a6d95b3f89599d76b443bf4af5644b1ca8b6668fedcf096d29f1468554d1475', '0x401bf2648069e5fd5a18708aef86814f7759318afb875c70679eb0932fe0672f', '0x931477f81790deb3baed0e4bf79b880d99157d1a261e141c8353db628f615181', '0xd2c423d706a3915066f709d0865bdf9d2768ec4aef972ebbf95f14e6e02892d8', '0xb7a51e72721b3298ab0f1cf7b83d820c13d768ea0062cde46de26e98494f1949', '0xf888c0332ea7b5649f569d0a4163f05d0ab5a8c4abf37c8426dfdb687a33c08c', '0xed4fec6b2b9a1b5b759ab49c506dd67e6950fd74206a0c40c96921aa522633b3', '0xeb2fff5f0794bb6d06d1c4a291b2e8f0166f827815ccb8894d9f6d302a4a8327', '0x4ff9808686435299da8f8a81852616287ba90f8f0a25441ab2285893e455e877', '0x01468355b1433a5c660eedcae1e6402e01ecfedef75064c4fec5bbed1db4f397', '0x6eb21e708cfecff2a652c807560f105a5fd679abd8bec4e89ae8830729b186f9', '0x2801ec6b85adcaa1c566f49ce1969ad76f5041a712e22c8befe3641912da4a52', '0xf1c13d9b1c425485b6e24b9934532db226b1b554bdcf19c3f1229677d0e87a44', '0x80b442aa6cdff8cb6f0004d17f9bfb432f458933a57cb319bdef84b7417aae53', '0xc8dc2a4a0afb087a01428244552813c71c82c925007e769accf38e2b3bdbc7fa', '0x67e169f343646e7041d50e454a7fac6c112d8d63a5a5df5b16c452a30de23274', '0x681a5b1c02a90596880cdff19a1e294ccab4d8b1927a8757ffde99d04b42bb0f', '0x3fce50ba4a4c3b21f3bf5671f9c3dd90cbb88b4fe1131f8fc233215eaccd44ab', '0x94b84942950ccc7b1cbfd497add91d0d847266fa925135c15e3189e4778d6b63', '0x0c5744dccd437bd05bfc5bd86df5a9feb26dc92f2d7dddffdbdfe09f8deb8336', '0xd6ab773465973dc1c393bec8c8b499607d2e814b964292053beab3ff9e2cf50b', '0x6b6812381cc171efcf12a6254bf365fa7a989f3e4096770bb899c2a2d8656f6e', '0x9326ec42e419642c447fa29bc084932f276d0e4c7b025a3338e9b1260060da31', '0x85eab9fe9122a1775a9eb7503245e7f43f33c46b93ed999674aded613ee49642', '0x04a05a560e33dbdd4388f77440ee63a50af953e7254671ceb0f43a7f9d2818f6', '0xf355924c6e6ce586a20144f95349e80acf718b422484f6adb2044a015997b5ab', '0x76b3e917ba5d20e60ceb4d3a373b46a7e4ff1c2f6909db7b58f38075cec619e6', '0x4e0cf6e207016a228325378bd68de582399f28d9b4a11cb8b720659f6ca3359a', '0x297a011be84ba57bce67c0005a451e9aa6ae2c4bb8735637bffb895380ad1f15', '0x3f1b42d62235ce220f91883416e91251b1961b876d88808dd552f7391beb3c4e', '0xd297d979f6e7f0a0438621ddb533bbe13de8fb380cfb2d0427eb397f8c60a639', '0x9af8098173667799b08c925848c822b51ebe1e8fd2b1b57c708a36ea65b8adb6', '0x20f1970e9a51c3d4b08d46415fd3ca884df6e032fa272e1213a5e1e254db6614', '0x00ca2fb0919e54aca81b108e7a8fdf2ebb75dda94e8adba0643c0887229564b0', '0xbf7d5d20dc5b4da35b7a638249efdc589ccc16f68ccaf87e751df7eb323e23fb', '0xf192d8c1bf225872b867197fc86b96ede1d1eb567b5f0b2942fff320f4d4d5b5', '0xe5e5a604658862bebc191a0482322a545129b7813a097200d4926d4c21b30e96', '0xb106e7cc38fdedf81a4f1ded387308f79b08413a9247a44b6bec3fa9339a4349', '0xc4475575b548af697ae44a36dcd1d327d5c71e4cfa1f8e892f8f4a8c2ed27d53', '0x0ea559a1e760015c5bab995d0679e57c2e6a7e80c8f09fc99ab869e3413eb2be', '0x3c652e8297e65c87198bcbfa413462703c196129218968ae04a5ecaa418a2a56', '0x1046a5f2d8a8291f1a28da594490fb07356d69b2996521870613d33102c28458', '0xcde93498a6ace6611f099daa6451c6d595672b6be44fde5859e63410f0e7bbd7', '0xe1dc33e055199041032d6d3135a0f705b6dece5eef1070a6764e5a569257aa97', '0x9ae00a6dd690cff89e07d9fe703a3983142ccaa125dc29b47509e4be807ad800', '0x35af1fa31c2504d680f69b97c03c9d38126292f94ab8eac31efcff87cb7ad91c', '0x0bec9b2ae569a442d46d7e7feeeff526c5d969d9c2afd36e10cbe6e6785f15c7', '0x3c65b42898caca0b1a4055496bb3071b12c74419d1ca39abcd499b5c97028b75', '0x4f01f366054789e91fcb3e87614f70574dac845fc153c27ee7d378d82d763c23', '0xfab3e3db4281eae6c5b0093330a6eb97d3eb1781d298ce2a058bb159da91d9c0'], 'transactionsRoot': '0x312b77a15092ce314dcbdfc8d052863921f91bf0de703ab052c6ef3633e55184', 'uncles': []}} (async_rpc.py:86)
2022-11-28 18:11:31 [   DEBUG] Making request HTTP. URI: https://responsive-convincing-aura.bsc.discover.quiknode.pro/3e7f242edcfec9ca1a36ef544cee66362af95baa, Method: eth_getBlockByNumber (async_rpc.py:78)
2022-11-28 18:11:31 [   DEBUG] Getting response HTTP. URI: https://responsive-convincing-aura.bsc.discover.quiknode.pro/3e7f242edcfec9ca1a36ef544cee66362af95baa, Method: eth_getBlockByNumber, Response: {'jsonrpc': '2.0', 'id': 47, 'result': {'difficulty': '0x2', 'extraData': '0xd983010111846765746889676f312e31372e3133856c696e7578000040fc9c678d5bcbac60290fd29469e6f3af5c726439112a3e36ebe4f95d270d656a71bdb272a8ae4ad0de7603a0b59deb0fce7c17e96774f20772e2d05885b56894bdea3a00', 'gasLimit': '0x73c98a3', 'gasUsed': '0xd15ffb', 'hash': '0x5623e694da2dd484c38d5e1017ca98eb86e01c099303f08610156ce90481c112', 'logsBloom': '0x69b2b7391f62193532af2908c309050760520ac7976a3e4e609e063a3334e30191882f4608323685835019299ab8bd619b19e1061fa47adb520c8acb54f3d63984c4db9e1b41aa338173389908f78c33727efa789a4c2935ac47b796b8f88b41b4809b2e323a03da851ba6d08771dd793f664771985d35a428e8d35b63d757a1189b19102767d8c14d87becb7d0b097223bdbe07502ad0294d51a7490e84cc31b33b720741cd93b93b4161e16a7eb9b4e964b84225663b202a97315180171cfaa127970e57db54e2c12e5daed49f36e8249779300f4d8059a5151e327520a0b989bc1fa2d5031a044d9e8b9b35840844e423fd19fd42c4cdba939c3f536c02d7', 'miner': '0x70f657164e5b75689b64b7fd1fa275f334f28e18', 'mixHash': '0x0000000000000000000000000000000000000000000000000000000000000000', 'nonce': '0x0000000000000000', 'number': '0x1655c8f', 'parentHash': '0x045694b4c586be574778bfd45d11a48adfff3e0142e3707b2d1cc10340603583', 'receiptsRoot': '0xfb4af69a8b38052d1b29b7e9986cac7fd4b29121ca140f59bd8a90f90e391311', 'sha3Uncles': '0x1dcc4de8dec75d7aab85b567b6ccd41ad312451b948a7413f0a142fd40d49347', 'size': '0x7e3e', 'stateRoot': '0xc31a171c26f4fd81afaed79568a08923b205b5a2d30102fa513c60a41b447764', 'timestamp': '0x63837e7a', 'totalDifficulty': '0x2c67254', 'transactions': ['0x18f189bc4d7463c9f046e6f9515ab36964740c7b14818d703b2665cb3cf113ca', '0x235bf6b9e11915f5ecf9a4e6f7bc36d3d28d7c1c28dd63e7c88f243dda19600e', '0x076cf3812f2a40d143702b518b5ded84e500ee8f11870a7cc6f7c8189f6552ad', '0x3915207f7b6248f83bc22d7ac7a6cfaa862ae42abb9660f824b023bb40176738', '0xe49b482abc6d940f6906c5e76733096e618714c8f0a0bc8efc4e826ac0fcde7c', '0x80fb89d598118779947d172bbef9c420490ff4daab1167bb2e3ba555b4883cf6', '0x3b7ec6d872df206b47cbef6ef24fce2551aca40d49ff66c45c7d640d4ce33c1f', '0xfa3e68c35a86c77cac64de09f51849a76e53c5046325664d06edf3e1ca1a04b8', '0x27723e47b109b2a7d92c745e6b83e047b59aae691df7380b320ebc1ddef352fc', '0x115bd89b8d6430e7837674bbb00df2900b8637d323f9b5f3d4db126a547a88de', '0xc168e04e2c450cfb3a356e4d924f6880c5811f54caef7e84cce62f537cf1d2ab', '0x9015fb06e036cf23be9a4586c527f05be74fc6844cbef1d51df751427377c784', '0xe0a363fc8247ed61bc174fca51aac2b03b35db9ac8c4933c97f3ab42a2113231', '0xec39998c4cc3cb8504874a22d9899dbabcd6cdb13f08360573f6381a9b75f1d8', '0xb040be4b2f8c42b25725bb5be8e10b8ccc5e9bd96111b10fc1311f68a50ea883', '0x25e3eb4fc35afe95a5989c7388b59a8a18cbaf1d804a60d49c138f8bc19e872d', '0x848226b5d64a5ae475182d4d8f24b4de9a9a80446985b734808bb950a706f73b', '0x74ed17348307c85430461d75707685ddf3b479aa437b027b816a169607ec5c83', '0x931170b08e58b16e8308b9344a016509a185a82414021d4f8be29f2fc4a034a3', '0x9824c1641b3f6a35b7b5cb5a8dfc1266c7faa8797db5bfdcb03b85c17ffc8fcc', '0x9fbe201ad05cd8885cff9a4eceabdb72f99658331221aafaf74ba708f31cff90', '0xfd5279124e2f0210d60d52392196e6e8137ea0c353685be51d417487d71fc368', '0x852b1bf4a38b525df5e3cdb3a067bcd3453ad0e12946c298b4488f3c711c1d0f', '0xf8ce513d731fa40d0682355cf389b25dfe547f847982c8686f1044ca93bfc883', '0x92f3a112a97502dd14c365be06c4a0519a9e2259b7d0d966e0e4a5fede23ffe1', '0x770cc8fddb0e8bd8d4e8fddf6bd0ea4a4974c84f93009c2696870bc3f31fdeb0', '0xcd094bc0cdde6fc6b4fa3324bf3a46a5f7111587e66591c66f00d53b3b3e3515', '0x6de1abe3945a0ebab59755413b60f1743dda88cd317387eabce7b05929437e0b', '0xc80078c4cc8fbbda577e1294f82d3acebfd5a9e25f8787280e475f4024f02f61', '0x2b1206062ed4150ea9beb36e78fa1d0df06385a743276c238bb1ec516e316467', '0x52b28c8af64ea65e24d0f20e75bb9d711920d41da8864403ae35b20473b367c2', '0x250e926da41241d8266de6ddd33b38b299f3d9e108c639090e5c9bde9506f7a1', '0x51a2d1f5a80f774335382f28f62dfe5ff0324c841516f8dbaf2f719d37cf0a34', '0x4d520d5a72b18c375cf4e29a96ea3886168992ef01ff9dbabf0338f5ac19e651', '0x7a9a7d8bb67083f15d523da82684593f870cb20620bd730c7cd8ed2196d6be17', '0x5ecaf8f85b5c592840b05daa39dc78140d70da792ac23ee6b27fc35618681094', '0x618693d471ad89f406afaa8958106ba233b9ff0f134403b4936660f9f3834760', '0x53552290553ccdb6e35899dfd350d75b2c0cadec247de004b4a8f0ae6d7d59f8', '0xaf2acd6429b35ef849f10f43ba6825477187941f1719e43d910503445b68b25d', '0xf63724d946c1e52139f83677b2da9f44ab098f03fa044f29a8f7746af8372e93', '0xdf7cdc562d039b9fc8e6f1c270939485622fa0b2edd7c94ffb545cdd54a02606', '0x99fe7ee8920d68d1d682dda5f3fa9b4ddb1ff83f7923419baa0826a32f098e93', '0x5041b3d27816136ec6d5fbb7f7931d2ea168de54dc01f71997142da9bc9e65d9', '0x3ec3b0df8ba63d03623a8d8d96ecce03eeb55bb133f29c9c8ce81495711562c8', '0xa5b1cd8e0456e9810ff49120341e3ba6e3155775ba3691208c9f21e11072b9a9', '0x386c9c91a51ed0900ce4b5fd95408bef8ab3270cad736630096155205337c9c8', '0xea31c1b4ac8cc694cd32ce18825b3421feb9d07e1fc61128c87c0576e777e3ac', '0xd0df757549cf8454c8a27d1351691308697ad457b0d2f29293439b47f3fe8780', '0xe52c2be588258ef86664f4a99585270f7309a694ce44973edadc1898d69b6532', '0xb12de914ec8cd9f604b6564435bade481ad482d3e351f327239e75a8cec024ad', '0xfb2e63d9a0fef7bb54ebc8bb7f05543ed417a08b518d6a2c1ad3573790940b34', '0x88426eaa1361cc2f6ed304749dbb7616d396752f91fd234c6f16648837f2e16d', '0x7f8424da7e220ea6bc21a421d956f1f4082b81ec79e181725e60d747e360e6a8', '0x0662285f20b7bf221af036080bbefae25f8554ebbb4ce633d224d5985606012c', '0x0ec2bd7a7f9439ead5b7d92eadcf3c93c5a9e505bfba78c0201f90845bd7ec85', '0x7be0a1ff753f29220904c05f95d74b4c72d202cbb9c70e39741b846d534d134a', '0xe1dc770d231a034cb8b221a75ca3d7bfc69e6aaaba26ec0ec790f27c936557d4', '0x852907eada72b38b595cd48a99a13f834125dbce81ca0fa5e8469ce5c1bcab0f', '0xc21a2206d745985db9e1e92fee3338a5eb17f2690e5ec2ce006bb0642566ebc6', '0x4f3790e401933d98e38ae863e0304b80fc1412f51d72e4b7d6eca73d923e1700', '0x1332c07d4de6aeb9b53ae5afa32477ee62985bb4b8dc479b7b3b55b69403e9f8', '0x5d3c2317174e20d22c8ae6528e3863d65431489157b12ea85c70929de12cd19f', '0xa65f8954e94b06955eca12625d246a15a1cb04436424fe923e2bbf6ccda95158', '0xd4f8feb3e8d4328ffbcd7776d0e1c05b7fdc8741017e158706a5d2db7d00729e', '0xc27b5ec0ee02427f3016ff910ee854b550286338994b907b88e79a45c497bedc', '0xd73dffc432842c9b03983ea3f5c3b3bceb632d1150e5d5a83cefb7314c4caab3', '0x17fda7b91394d3316c664f6d2c02efaa6d16ae33033c782aa71942c2fd09d893', '0x58d147316b393b4583d4fda3a03cd69a628dc8a93102cf618533b4aa04c47576', '0x12cadd13e2c56e3f0a5a716d7bb480ebf564a60889257e7d9b03e3553dcad4cd', '0xde78af62fe08df07c4dbdb85ff16ab16ce74a5c37b8805b78a48acfbcb949fa6', '0x409fd737f0e794a9b395cb2451eb6aaf4e6fd5d84d4bd888402f6fb149172031', '0xde8cad391106018d614e457a4485934d11240a7dd2a0fcf42302a7bb4154ed82', '0xe2feabf66340f65e81ed6c64b2bf8d6e4d0bda8b948163d7fad630796e439e62', '0x243c5c4c7513843385917782ba87e93f10d20bc33f7d54dd3210c7d0ff66f5ca', '0x165c65f585b44e575a741b7c377baef5e81082ce5cf10e46fbfb1f3fda521a21', '0x082e588768bd2521628f119e960c28ef81759dae15c4e40125ffd8aaaff73f90', '0xe35cad5a16aba64bcc5b66d2db244be65ec256094000fc6b83c83c428ba38111', '0xd44ddc58055b6c58c0a905a3b6538d0ea9678f8ad7cf8b190e78d23ec2ed53fd', '0xb0f8439d34744e04c474767bd6133727f8ef900b15d4ee3c267f30800d46d586', '0x48d889abaf4371edb13b706f701529cf5dcf829b54c5daf80af6897fc158551a', '0xb9210ef8e7fdf9ca454e5368cbe9595ed460023dbdc8113e59c90adba87a213d', '0x85bb368a6d7b477f5726a045946397134fbfe134755dbc1bfb03a5e3f7c26f42', '0x6651fb76655c25c80666c8a978d7f4a2838bbc0dcd2c4ccabfa97c3d514eb342', '0x90f6be72a82c16d3ddd6df5339260cc6ba5f68728a2320b5a843d1232c8aae3a', '0x105ce21fae2c547d26f2537cbfa210942e472c906ca0f7022a3a67c698eb33da', '0x5404fbe6114bee6827f72648676837eb2b4478fe0ba52f0be4e1928877895940', '0x6da7dbc30b5874ecdbf85794f6a92ebec2d3ca08a16e325baa2a10f0383acaff', '0x5f22b087a2033da8f604d19d15f9e2b4e72df14a2264aee4deb4b21047c2af44', '0x8a2d8ded6914e60505238a5d8a9fdccdedb4afbaf354038c6bffab935dbb18ef', '0x1df2dabed5af602f1c61def8946d6c5ee817e28b6de7479df35598a8c532cf53', '0xc09950483e8f40ce3d7749c6e62f912f6e9ca1d82e5b71b1139987c4d61fd4c0', '0xf9e69332e613629b4a2690587b25b4f21b52a3bf3b778c2d7e47d4aeaa819225', '0x791dc739420887435c5ca88f4a7c0f64dc178beb450e9a04cfbcd0aa0020d607', '0x5a7f18c420cae74d8304b8196b8b02b010ea39ebadff8dbf1d82485fc1d3787d', '0x881fa729eb77339293eb83206db434567c2fe968651d06ca75d5fd0bf93d7664', '0x17c3f695897cb5cb7e726cf6c851ee965fe9b0079102cafa4bc3af3f0ae99746', '0xae1e42b2e09a27ae76096fc5e1b6a0cae41eaab0a06a20b5de690e9b328ec5a2', '0xd5eec209f12cff47154abfed7c3cc3bd6b3a6bb1fa730c29292c8e221793eaa7', '0xb79952baf66f34a54fee23f9601919057ed4c7215f035c73c34e75f2178c46a8', '0x8ac13c28b4c1f083e6b4ca36a5b875850d632ef790f78e49e08a12770b1c537a', '0x27ab460b2509573389464ca79da53bd37d76b0e604d606284c11bd51593ea30a', '0x3a3d141633d7693bb18a5683421c327182a9db41147b7fc262dd84b11c92b5ee', '0x96067f3ab847fd2aa9b5f23122db8806435f484a605e406d8b76b60325ac6783', '0x989d3cfb35fadbe32c565c89a1ee21e31bf67a2ef800322ecda298b747e0aef2', '0x553ac513762d9cddfd6b4e941ff1715f83a46e87b8cfae8dcb399c170a036bde', '0x5425bce81262aff9744bf1171aca31d9611aadc10815af6a7e5fc45af867c324', '0x3d902125c0714bc5002890cbcddce90a7dee4b227acab9b18fd20f993fa4d235', '0xcf2bf0edbc5fb4dcf6bad3fdb3ac2f3636002901685425c1f33671107f8f6a44', '0x4c3304ba14652cb25c1939bb1cc8603a7314be68f3a147adadc164236955219d', '0x587cd4be43bf03356c1c5c91ea6abe1f310957f36409dc8805b2568d7f4b0621', '0x61d4cd996f0b33eba2ef0549a37c54ff450b0c2bd0cbe909c9e3c17292e0bc22', '0x15639392b5230f49e82f4c56e07daf69a754ad0be86a2b2a5885626a46329a4d', '0xc179cdf7b35a84dde3899ab6e978e93d4c99b8d6b7fa3c14f9e3928d3c3f24eb', '0x6b22bfc28dcd1d8ea87186bec8ad30050b756dfae11e36c33fdd8a26be3bdfdf', '0xf55bdbccf9bd6dbb94465be062ca1e46a10301545b11f7f07364e87816b1ef0a', '0xf1e436bc2b36ab5c63b019cd2920d5652b352de7af184081a6ad3e35ad8412c3', '0x8a6572f2485af916b84549471cfd80f4962de88705dc3a94c71c25a72e243b71', '0x6226a03a0216a915396f15e4567f3c96724a98e47a78b089560eccdf7c612147', '0x066fdafe50ac4ceb5759f024ed62ed97b49464fa0054a34c76a590467d1500a2', '0x994224f3e9a5825daab9d1ee175d01b293737f9cb3cf275e42d3bd1a4fd6f535', '0x7500f7ffe0a7f846b937382d8992c870b26b8fb883d8aec886d14a212c5b94b3', '0xfda7050df9e84674dd53f85bd3d50c666e6988ad721f466d74508346b2b79212', '0xcacc2ca7271b8ed2207537799eddcabb5a441f2f3bc8917f91ecbf310e99bf1d', '0x4b08338806a423cff50f61eb5d2ea445a64fff440936f249c09c3e207b033ca2', '0xd2156e3cf9636da625ebc2bebed4799faea5d7d89727bb6956c6599523274696', '0xfea7bea8e5ee8e07b5b1ce9ae2ae4c67ec9e9e3be414a6f76acad333e34bb7ae', '0x4884621aa159fd8c64a61c2d49acec43fa1c4465b54b34864eb9810390452992', '0xed5bbb8d10730dcb1f0b0c1d68dd0f98d5b06c9aad81d759b56dc102a94d7aca', '0x6d2b0e0723456b0002a1f8fe494b9c1cf53be5942928962ae3b1c001cba9e890', '0x3c748083af5500fe923647763b340c22a27cae3955901560914b6e9ada8846f4', '0x117840e894ebafbbd27737ce3236feb118ba6234144538e1b6a6ff31860ae83d', '0xa92235528cc34151a46eea47a755d2f9fe9ad1d47f45d77969dda1deb4105b61', '0x78c7a16ab93fb69218a8e2f665a20e7699b4ea0c5d523c603561fa10ab92e4dd', '0x7d6679278a7094e0295890f4d834d28bcae290bd19615123c61b4fc29e2591c8', '0xabbbb6121dd4bee2c061ab5d7b05453498a8a69fa06fb7ae81567efd01ad8d46', '0x03be7dfd9860b8ad8d3e64fe794bf252340d7a9db5756c2e2ecd35032d082b88'], 'transactionsRoot': '0x530d1cd7ea835d9699ac2248319369c22be94fc47b0f9c95438f4d190e0e53a8', 'uncles': []}} (async_rpc.py:86)
2022-11-28 18:11:31 [   DEBUG] Making request HTTP. URI: https://responsive-convincing-aura.bsc.discover.quiknode.pro/3e7f242edcfec9ca1a36ef544cee66362af95baa, Method: eth_getBlockByNumber (async_rpc.py:78)
2022-11-28 18:11:31 [   DEBUG] Getting response HTTP. URI: https://responsive-convincing-aura.bsc.discover.quiknode.pro/3e7f242edcfec9ca1a36ef544cee66362af95baa, Method: eth_getBlockByNumber, Response: {'jsonrpc': '2.0', 'id': 46, 'result': {'difficulty': '0x2', 'extraData': '0xd983010111846765746889676f312e31372e3133856c696e7578000040fc9c6785938841ab4cfd326ba88f25ea7bc2014374c4e480e6d8f8a977c298961ae72f49057f933ea1dc9cbe0cf5ff51989dae45aa6e771e72da285b1c4b902a16189f00', 'gasLimit': '0x7356341', 'gasUsed': '0x230af3', 'hash': '0x045694b4c586be574778bfd45d11a48adfff3e0142e3707b2d1cc10340603583', 'logsBloom': '0x002002080000200008001002820200400800008020000200000000000000112000808a80000000020200040000700180000000000000000000000000003201000000080000000000012010480000002020500000200001000006000180004000000200a01202024004b0000000008800090000000008440000001010040010001010001000004008008800200210028000240403000000080080804400800021020200400102020000000484020080000440004400100000000001000000800010000002002000008280400020030400200000000100001000c000620000a0040210008002010000b94020080000021000000000002000c00000000080020040', 'miner': '0x685b1ded8013785d6623cc18d214320b6bb64759', 'mixHash': '0x0000000000000000000000000000000000000000000000000000000000000000', 'nonce': '0x0000000000000000', 'number': '0x1655c8e', 'parentHash': '0x6df79e456e2fff93c36ff9b3acc681dfbab9f64915fe9f906cc3ba86e48d5f5c', 'receiptsRoot': '0xac5728b67e5a7d40a6c294b8d0e921f175378e8be42cbe03046a6edea8d8c025', 'sha3Uncles': '0x1dcc4de8dec75d7aab85b567b6ccd41ad312451b948a7413f0a142fd40d49347', 'size': '0xda5', 'stateRoot': '0xb501e9c815b61f8d3ad5861397827c4b7aea25c21c27a096ee08bd28c14c3158', 'timestamp': '0x63837e77', 'totalDifficulty': '0x2c67252', 'transactions': ['0xd5a35e8a9400457f7ce66ae8b057d391d4fedf10ac19f415015cc7e43bfa604a', '0x1e9535c58dcf45926bab007c8fcda114f3a431ddd16f69bed514ec8beba0c0fe', '0x690ba158ead320f0a05211ce57a540bb20431ec37ae84b60f0c805da67af1920', '0xc9dca6a2dc52c15eb6ef6ad4a511b039defe6fb11685082f20257519e6b5654a', '0x04d6c035b13183661a63142378bd09d6e8179f66bc058c901bebca7f06c0baf7', '0x1a9ab15bd05bff77be8bf24fa4a0cc19ef125d81616127d9c1b2173d1cdcb8aa', '0x7fc4a575899884b8e11f5e5749215f18b9d34442bf9f739acb3e6fa8126f9e2f', '0xf7e5b7f9ee5f84a6bacd296653615670302bd53a4590e57ba1d7e4b1adbb818a', '0x77ba7d1ae3d839268459c48bd556c700a5044f53467b4583fc981e02e98e1e32', '0x69049d10ed4f97f49955b4b7a84846b9a5f75c878efa6457925ffadb9181fbca', '0x9bfe1cbbf5e843d8ea1d6beeb92317c108b7477dc145e1939f63902ac1be87d0', '0x56f4ca192140e1ba81c1771e25a14c457527bf5f5bf37db694d731254ad1dd96'], 'transactionsRoot': '0xf1934a489a4a9eeb24b9e64f68c9243b69e454a0361debc42e29760492a0fa79', 'uncles': []}} (async_rpc.py:86)
2022-11-28 18:11:31 [   DEBUG] Getting response HTTP. URI: https://responsive-convincing-aura.bsc.discover.quiknode.pro/3e7f242edcfec9ca1a36ef544cee66362af95baa, Method: eth_getBlockByNumber, Response: {'jsonrpc': '2.0', 'id': 40, 'result': {'difficulty': '0x2', 'extraData': '0xd883010111846765746888676f312e31392e32856c696e757800000040fc9c67ad7ae9b50cd0400657ca57f825aebadb140c927dc8527f6ad9a5e9c2ac4f75a570457dc7ac390a08168843e53a069c5103e3255d365572fa2dcf82e2a8f73d6301', 'gasLimit': '0x71fd194', 'gasUsed': '0x2196f71', 'hash': '0x95e9d4bf6d53845925129d7889ba2491c36b1579f81ec7ba747174ae42a35c70', 'logsBloom': '0xdeff8fabafd7fe3b7f36fefdff5cdffdf59cbb7bd7fbcfffff9fadabbfaff5debea7ffebfebf9fdffffdf9f7fbdfebf7bd1ecf917efa75fef5e8ffeffef73ebb867d8feff7b5cffffffbcd5beff7f73be65ffdfedff7fb6bfffe6fdfffffdbfad75ffeffffbfaf7fff77ae7fcbd76fefffb7def7f4c96ed7fdaffbfdefff7fbfbfd7b53fc65fff7e3fefdf36797feff3ff7f9fdf9eef4feb3ffdd8f69ffffafa7bd9f7ef1feffdff74fcecb3ebbffbf0fffdfbffbf7fbfd90ffdff7dffdfb9fdbbd77f2fffefbbb7f4fefd77aebffef5ffef6bffdf5bb7bff7efbf7f6ff7fb2a7dbbff36bcffffdf3f5ef5ffbdddbfdfe9bffdfffffcfdfa2e9bdf8dd9f77ede', 'miner': '0x0bac492386862ad3df4b666bc096b0505bb694da', 'mixHash': '0x0000000000000000000000000000000000000000000000000000000000000000', 'nonce': '0x0000000000000000', 'number': '0x1655c88', 'parentHash': '0x8b80e41f73f97ee59da073de5d63c7b578964d564cccc0be130682e67ae06a85', 'receiptsRoot': '0xf7b50cf658f85d2f8f72272b1ca7f8f008b62e8705cfbc80d7d60bc99293f0c4', 'sha3Uncles': '0x1dcc4de8dec75d7aab85b567b6ccd41ad312451b948a7413f0a142fd40d49347', 'size': '0xf2bb', 'stateRoot': '0xc9e7f1c5892d830992ce648570f49bf67e70072137cdc919771701c9c2c08766', 'timestamp': '0x63837e65', 'totalDifficulty': '0x2c67246', 'transactions': ['0x81f84a641027b64fd1b23ca4429923509f939ea600203a82c0ab1c84ac5a5da2', '0x28c8bfe3b91e323dd8e3dd84745dfa1c10315c4b532448bb4d986e15ed29d450', '0x209537cb8d053faf075b52ccd86ca30a2706652840298263e73607a6e9d15937', '0xdfe95256c2643b8264cd695aa2439cb79c8f3b0942b4a2bfa65b537a1fa6ab62', '0xf4a1c995004fa0ede1ea93cde78ab62fb07509c80792a623ff38d5d48c7f96aa', '0xad95a564a9c56c34b7c8a0f66ddc1513e93ab66b8f7b243cb050bcb7d4ea3b66', '0x55fec10edfd362fe1ff397e37f74261de6ee96c48a881d2740df737ad1286ef1', '0xf3ff2edf9f1e5c647bfed803f600a65a8746438f4f4484228f2e5e056592cce0', '0x8c5a320721f4c574ae57d214acfe35f6f7d29504f7ad76062ba85884e0b25274', '0x7661843153294f4ad5f36e01e5aa96c6abdac62ee6eeb6d0e36a18e0606d5c65', '0xf22568a68ffb949558f3fe7cebc36cea6b37f222c6dcf4a65d979e43c759ab74', '0x8e3385bac537fc4fb63361dd27295df6a6b34755abd80691532398f5bb5cba1a', '0x3495946a7cfa4fd6534ed2d1a88a8c317ec855207fbbaf38d250ec39ea9b69e8', '0xfca9219b4d55daaf9c1d76cd3d22316f40150848477b527b2966c0814c8fc7d2', '0xea319344802d20d11a0ec8f1b334551c82626a8871e45d4525fc0e2301112597', '0x2fac3e65b117a36b4c35e20e856e8c51347bfe2a1292f80009e21e6e5aceb2e7', '0xb966714f32ddd3f974927d8bfea703c0aec149ae31fe19dac48339f26bb184e1', '0x4f541baf5c33099f33232a64aa32680a851cee313b9784edd9727d79a3106124', '0xcdb911ec28da02258fa64bf06a7971d47e28355eb37f94154670267153c6aac3', '0x6ed3924cea8892a4c61ec1395b6c9858870ef68b12bed2ba29e928110e0f3d98', '0xb6c5108b006d1dfc56286c2ba2af50b6337028614cc1406bed89f8b2a249fee5', '0x7b9d5b619517589dde0cf8fa9b5e990ac0ad2279c48ae28ec209a1d630fe8785', '0x1d4f4c0dadf5e512a82b8a424bdc6e51e1f42f5f54142111d85f45014d609135', '0xf0813e3ecc8ee6416d0d98aee9bb8563486bc6b8eb22939c1651e943d7501855', '0x73fcce259c0e94bdf74c045a74ee3457b5c727c7a0a6dbbdd9149f9a28452069', '0xfaf4669140a9ddaf1925a9e9bc81a97e0373f7cc887c3f31b664eea525fee607', '0xc9a57c927024e6162b794a87705ddb6a8ecb8f70e7cbc0f4877b74ea0743c9c9', '0x8e5d0219938d47b1f0384017bbe184949158ef3554ea2d20b0577662081f6804', '0xc7b3a9225856c0f717e45c4ebb259b49ed853e369e2ac3e04f31b92f0a7cc6a0', '0xf5b087efb196a33ab7d699b004238bbe5c394afea79f43eff2f4a7011146c910', '0x086d09a226d05ce324688325cad96d1ea92060c87a6a239003769a03fe92f319', '0xef448cdf19d19806863ae19df4b2ab2bc7e19f7ffd421dd3cee4eb092faab908', '0x5780c7f3a11eb08487b7eb3180802dfddfc3607fa62c40108b421bc0f7c6f426', '0x32b0e425d515e1a3ed01fb5439002ce8ae2e0bddd4e4d0bdf43116bc6951c992', '0xf59d3ddf0f6641eef4bd06590a80b15ae481da107f6aa1e117a4af1b97bb51b9', '0xcce16ae2ed4796469856cd0f0fb88e12c7d1c2264ce24afe720ea539071a0436', '0xe5829a70f0bf674c02b003d6f33897901aa8b7650cbf7d7ca08049447e55fb24', '0xde583c0097ff80339827940e445de9f93d76f7bca848b2b679eabba0ab829e6b', '0x01f5b54886b02bf37f96db55ae261f9fb5f56aa2707d13a935f7251b8bf1d478', '0xf0ef02ac04b1a553507e8bba522647686bfd7042e72fabb1c779a930202db206', '0x02734b5126c11873f618a34b48390d83c14086f4280c62f8a8ae3317481b8f3d', '0xeb08a04c95bb7791e26a6ab17847d57c1d4587ce77495c59e2f86c01874951f3', '0xb6656d52dd75f3ef9ef8dcf452cd890a139570e52be1dd10f743eefaf2690f6d', '0x187e6f50cd80784f630fbde5d8a0e39ccb607ec7494039792d849ca181b97dbc', '0xa281152c42d740d649aea0df64b037e73692e8f6269ea1805106950b4a78741b', '0x0a6137199bbd513ac9be430a0491119bc060ee01cabd20102e8a1fcb6bfc6218', '0x08a9c841ce3dd33c31a3236b7becdfa1f529fa017b3c1a9210e2e81f20ce7466', '0xc891d32bd1901ecf9e3a77110f732a6c22f64242396fd444c822057faf18746e', '0xe03122a43867e88f2f617eca22207d15abbe65d68f667d6cfa1eda432b083e5b', '0x9d1c0205f4aca7e5e23ba60d03b80602168d8ae6a97a0654d1959e42f1a3d1d6', '0xbcf05446c7410987225302b7eea0d826c657b1b319bca1f6eb1a91b01e9e31f1', '0xcbc154898e23525dd758025d95f828292896f5a819be34e71b7993c6891e0732', '0x62452ab4092aebb9ee9634c45b1fb29b300cabba65f7bbdceb3f5d7192ff7018', '0x74bfada8b3d400a98abb990b5b56adad9fc73ed43e93f625ebf4920df7b74060', '0x2940cfc40ba4b95603af1346cfd8cc786d4751855fd6ce0795f4d6f6cdd4d7fd', '0xe7cb1671d472cb74f3c2c255708866a34a3edbcb9a1e2a7226dc48036f672c50', '0xcf07d3c8eef25a5b53b5324daa82a2dd81cde603e0f89af402992fd1d32b7a58', '0xb468b94f5baf635032c66dfb943d4676446f186bb5a3b5a3a4b1be8af1a2c95b', '0x5a444ce9e17c14462fe83be7997bbbfaba024e24252add5de71cbde5c4184066', '0xaebe3ee8566eb80c26eb0dfc911d7584bdcfb9c58f7b6eb664b7244d01b6c480', '0xf93c74acbc8d06bf656675edc67af025bd75d7390da3a0104e06f02201b6ce0d', '0x404d080ee8d9bd90a2f53943161ee14a496db2a574de892bd6514290cd84a832', '0x8a099427094b847708795291a5971201912eded15376214b44e6a7db9ef354ff', '0xd1a688c82ac75ff6739b604065fcc56b1b710eafb48e3051160ea5a206059b03', '0x820a2074a6ffb3d1541270d0ad6c23fba1f7d46a5b0b36e75d8a94830efe6114', '0xf10e29878d5366a9b7204cf93aa0a1b7137fd54cbd7882ba26917e0c57c2b7ea', '0x4861b58211cdfb8a262abc6548cc4e1aaf066fec0e09484652cf25d44b69371c', '0x9f59b46a30bab561f3fa3539ae257e9d52a1f7a4ea7fa82de977857dbce606ac', '0x47b47df81931d68d13ca149aa638dfc8efcf87c3d8b1bec2e394b14d2e59966a', '0x36388bb22db55230ba9bd0b53b4be05bddcacdb54c12d8eda7c6ab60f83bd973', '0x305b40cf8b260a791bb3ecc861d222bcc20d8addb0a9cf973525f31cd671a8da', '0xde2573bf6cffad9f40cdcddda994e64d37e44d3f0f003df6eb0fe2fa36321652', '0xfedb9043d8cef9badb5d789a85bbf6c89c67c86c18d0db51fd9fffd44fe3d785', '0x4215e5e674cb795b79e94c2c8bb1685d03d3b46c83225a67bca2c1eac56e2a63', '0x68642a1350fc0bb1ac2604ad25c92c1f3c5025cd58eb704fc02e83b3994bdef0', '0x22fef458add0383b874db3647c799bd7af474c05acb52da09ef942167e31b661', '0x0d590364ac9dc31013b6f4dd78d16bd511432c6f4f509f7fda088c8bdfc104d9', '0xeba10466f0226d9d8a7e089bd69c2366bd9d40dd2263855b7f0531cd8df5d2d7', '0xf23b7a0a6617f4b18d57b95abcb14c542f89ef9aca20b934e6e0f23ebdc64cbc', '0x154f85468de25b922cb3c16d97c3e2650185e52df1bb11b08c4f1e5b7cbde8f4', '0xe00c3f3592526db24eb9a51813a7964a5586c13c64648e0dddbbd01e7c0da6d3', '0x94230889dccb95c4265b38126fa7337cd22ae42e2a2ac1f1acceebd63757cb1f', '0x1aa3f7f0581f095f191b1c019b89732151ea6f953d3e83f0b277642c7b0235d0', '0x6a5f1cf45fde313d0cfed4469b16bcbdcefea88998b728adc7da7a438265bc41', '0xd12df4b2293146b684dad47bfc48b75220544806257a9af76cb1f3342b99d161', '0x031a4457658735a95988b744f04bd8e27c096513bbb76c26214b11950f04a354', '0xa6136c545d73a6d455ca57ed18cd3cdc319403603ec68454119b5f5fc10e56e9', '0x96f7f979f972954e1d8eb5350125543895f96333d296226360ab7f517e0abfd0', '0xea978d811b285ff49c7c551f8c184260810fcb25ffa6ff20e0159d7015ab126e', '0x94acb9974efb44540bc08e79191f9bf6afe71fca48fa2857f24910296ce515c6', '0x641dcb1446546114a79c819bc47ebedda929d6d6bcfa3bfe8424dc6ee16675c3', '0xb9d22eb5cfb1b3643c6c47510afe6757bde7d270b4cd09a3e1f5e03f8bc59d21', '0xa789c1fcf3674b3905fa62f7a91983d3d5663b1cb6f6d40a00cd41facf0870a3', '0x3ec4423bc6e7b3314b45d4339041351e387713ff599f31aeba45a90cb4d6134a', '0xb4ce869b9461b6e8a86b3cc321f25ae86d9bf866a233286d956f75410cb873ed', '0x7dc80996e6233e8f9a2594ba273586f435395a07e62285ef311e5a1eb5546e56', '0x003589eb9d390828417250d25ea58545f9216e5e4841cf417d6a7cd146b7cf67', '0x6d9770534a82aab591f8f84f9249e2cb9055006575edcbeb6c42911f286b33ac', '0x2985c7c7d75c4a5f37b62b728ea43722af1458284364037cdf6f2e1a8486f519', '0x24158946eee4379b1ec424a9c7dc9a931c9f70506f9dfde0f57ad0b32c058edb', '0x995b08b63bf5e41ea2db8af5c66741f0c5f0fe1f71cd48e9f3cf6b3dc2de36ee', '0x4b48079858f0c79be1f981e02943e4bc4a44195c6389bcb2697b78051d25b8f7', '0x858e17e266fe1ff0b9dee465a998af8266c6adc114109886f8ac9a9c7123355a', '0xd2042b82ae9d35ec240c0d0633e7512eec6e40efad77a73682daa02eeb597003', '0x1a8eb589cebf5e7d02f8a6bf54ad9a77b8e4bfb666f04c61743eb6e00134419f', '0xce202f36eebc2f2209eb5af73f950dee28c6b3c5a030d617fa2e6464ee9a6ee1', '0x6f0b86ae34fced5fd3fc16fa2eb97588437b7ea11507e57f68c78baf4e3297c0', '0xc7fbe403cd0b5642b7fb43e385b191ad5f1dd04c54ca7880bfdfb0f1def0cb20', '0x14e47cbfdc0d55b14204f1d897b72fe9ff0c85c5890ee03a8080c44758c15058', '0xae91a5d98808e8af33406b1032099592c86b40307cb4182484d1bcd7c3695955', '0xbbc2e8aa3dccb7534539b19a3286c40485b77c7c2d5e535527332cfd6bcebe38', '0x599faf2397e82c1d6978994460dceb4ae95849457959975c93764aa551ce610d', '0x1057a65930d3d84c6625d2e7cc1cbcfc2fd47a00d044425113ecf1ede7ddccf9', '0x8b82ee21dcfa25eda91f1989480c7fdd3bb7fd45c4cce9cc8bd1b5850064fcdf', '0x746fbd2fac7ad85fb7fd9608a817d772b40875337da04ed97f682e0606001dd8', '0x44771a84455c5744c8ca383ef424d728a953316148d395a049cb51bce4c47ba4', '0x9f1376f1d8e184d5f85cf6a0f3f7baba7fe480d6acb35a6008222ecefab00412', '0x4ae4751eadbd9a728daa6dc5a498c804699c5be2b5f11c624ee99ff8e6fa5f8d', '0x3c28a4af0bd1526583617ca874b611c760f6b5bd64ce3d6677edc1781189e2ca', '0x43c60d8d93347e755e21b422c8b34ee4b6d4334f8f8fe4c0aae50680a59ef6a5', '0xc3720f53642414060d9648c88afa9f8c73178d42aa1e2763a4d5c8aa69684901', '0x0247aff853b7fa73f5fb882cefcea5ca8a3117f9cf5de9fe63f453c809b7242d', '0x033518ea48848f6a4f6874755a0fb9ffd3fb3caad5efc877fcc1f81c8f963b8e', '0x0d5f47271795691568f0ee1d4004203a865496521cc588377810b4109439ddfb', '0xc2d67a8a48bd3ab4b0ab827e5ae4c266afba417b24e14d1e2065e1dfe7f4aac8', '0x18eec7c736fe71772c5bdb83c22285726c57e49d9b906fd1563de27b362598ae', '0x3b70e1447511d9666eac2173d4773142916f25b2d392763fa5e9d46f31edf4b0', '0xae44c0413a6e75685686c52b126104b01d275b1ccc368c0fbc6e7ebac7c9d05f', '0xa50363df986bb4021f0ade54cc5dfff659777f092560d2982bfa8658507e6afe', '0x38392f90378f6841b9046366da0da8d7336fceb09ef21c83e88d78817f8e9757', '0x41d000a452a3f9c8177f6489d92e22473410c30dc2df81ebca2a6d643d03cd2c', '0x2f633e4734053ed2d436d25f5b8271d0b1fb68833f832e5bd503414ef0a4d869', '0xa7cc693d466706e83f37bd5ac603b33474c2a12ca23df0cea3545f9e857e1628', '0x5dc500853594fdffad695bc8e9ba554d4dafa1a5f88242d834b822af1c554333', '0xd7effdb4a4086df0635b14258907b2f7eace4d75ce2ee27d00a4df0f5d5be9db', '0xb49ff7b001ab42f9902cab269f424c976456d611a2adff44d4e083751bac985f', '0xb7beb3fd29dea73cb38d0e692a732b30bba19ac98b46625ec938234685003119', '0xb3e0439bba9f3ec8748a9edba7f7dcd8ed0c7fdc66a900c65b3c5eee3f0996d0', '0xcdf468c884c90853d21e06fa0ff3af78d3819e2b677d3dd43ce9b71b6596f115', '0xd2d74e9edd42ab2fbb28998c787467e94dcbf1af9c3af1aedaf801f6654ec5e3', '0x85512dd0497372d678362a7bf8aaf4cbf453e0df67f663b9c118c652481d657b', '0xfc1c0faf786b17cef2959147144c3229444e6f9aa9cfdeb121338ec0c1973c4f', '0xcece59f825692daeb0f4a1f13331dcbe0021925483c4a8ab00c86d239a981cb9', '0x0e07a8809d6432a05cbab1578c1255c53e49e08c23b12c7d94e950e5a8775307', '0xd53373bfd83ff75e0a6e34ca8ef885c89919d7754b4047014f24a5864be9cf72', '0x66cb5bf04df1a3ede9daee605a40eae10b0d50586011f382ff1b5cfd27f0aa6d', '0xd24f9c32be35a70aad4a57a44d1a5197da1af72d60555db8329bddcf680d0ce5', '0xf9fb77c77e2e7b2e90c38c407bbfdbc8b45ea5efdeb8bdeb81696520f17d7542', '0x4b72b3430b0a92f267df55925e9fe37a4b087582804268e2f967611de17abe4b', '0x29e77baea9e330602a72a735a13445facca7cb1193d33035af971925f9a701f0', '0xfca6a978314bcc5264ffb281774acaf04e3553bfe1841380bac2c909c1048ff7', '0x912530886962483801a8b17fe336b9ff98c90dc9df95d85d15187430d695bfc3', '0x46153b8f215bc7ec8c427072760c211246f01ef9c083275a8a025c9ca33a324a', '0xbdcea0f6617186fa918ba95cc30c08d8009c1bf7f4c4ce9a4666a17f7b63fa67', '0xc71d337c5a873f42f0b44cf407ea32c3f57e3b2c9a74a7f31fc88aef67ca523d', '0x469bf5bff3c2f5eaab8ea193b7c9b317ba73a761b9554d1bc471d2394cc5373a', '0x1061e6ff5f601974702eb605e4780a3102046eddc54e60274c8533cd41e156ed', '0x4720ab8efcb15f204996e1e0c43e7b5a1da6fc6f1e766ea33f769293e6b50e92', '0xcc31a756031fb422ca161cdf738333db9f826b3b3859406ecd932b0cbd8622ba', '0x843413cd429516f5381f840d0fb43dac33b8cf302ba4b04f1a8fdf5e8c0ddef8', '0x6c0a1cb4761e952ab43dc9a876539d04d6e873df181233c6a037e5962ea503c5', '0x27ebb7065957d87464f039c75348a026dedf4c062313dc4a4f2b18a41b18eb77', '0x7346e97ef1bd329edc221a61ef522bff79b80e3e07005e67139ffeefc0f3a198', '0x9516c83f733c327740af597c7912a58bdcb83d395ef00fee3ad6d94a2bb8ffd5', '0x0947816b5e255c66a4beb285005194c7d31273d2920b7d6ff4c226f1fe513f9a', '0xcc7d3a3b56aa9eeea02dc133c561d2f2cdc2a0c2793fb0cf1f48f8a1c31796c2', '0xc1bc17d82941404f3cb1d9d642c50ce920c854aa19db3aad0c3d4b4a36f249e4', '0x6b705715bbe5d6fa41e3d508a8ea90c0065235c11d48c89bf2d46a5ec03444a8', '0xe54b9d7c5b45d6e94a88b67af021fffacae18b8948755dcd587cd5ac90b8be67', '0x2131ea65a9c1553f2dbd4efe56a196978fc3f3e48b7d677816c632bbe3f53f76', '0xd7d3d56d15e28c2e644051f2e0ad200b4b28ec549a09c27aee4eac305bacb1cd', '0x9c44c82d7b9c36ee9f207dd6117315a70deaa4f0a5e931757bbea6978dd1f095', '0x2f56029d20fc3627288e9df0fdbb2dd78847ad7ca91ba498689248f30a8c14ee', '0x3ee2a4163c2538d4d8f68440c305da9b79eca5e7fda8eac5bf24cb6513b24149', '0x2994825a4427f5437504748a90b04d36b51c2cf09288975d35c70b0bc5efc947', '0xb97b4a626dc9f4f50420b8e96f609516f75e7fab5ffda7d04f828f32ddab2f5a', '0xe5d3fcb84d780e6c91ce4a670d954ebb7a1d62aeee17d4e09c742a5ea8d2c7bc', '0xd2b90f5b90d24aef108d474b95e92179f3497608ae75661ed3ea976d2998a360', '0x5738aa592fe2ff640e8fba9d9a3f3f35abb1d2463200d7e8ddae4d8af0c849dd', '0x17325133c8cb3406e9fd2eb005797a030588d279bcecff3775264411cb06314b', '0xf0b993199456f662827d538ffaae5075478155bb53d0ecca200af17cfacde775', '0x4282295dca3ef36d2af6dc9e869a09bbe923c72acb81221041ca6d15889ba05e', '0x7d012648255c44575757f11335a517211c5952663951ba2bf3f1dff0a7f674c2', '0x75a9af8c953435d09122a2eedb720568060b47436968c68a289947f96e4aa0fb', '0xff22f889520aacd9d8e9e7b9620f6a0ae57885792d1e89dcb2285b5d7ad624dd', '0x91642d9aded050685a7edc7b2669de499be02e60a9a28802685daa9514121aba', '0x9e408b33f8881110d7789c8d29cd04ac30e433a5a049a5d005b87e27f5cb5747', '0xb905a7566e62aac338c087288bef732bfc716af2b141286761beee24bb22c2fe', '0xfeb66465f06a013574912d56c23e600fc6771e7c0ec6b56948f00668cea20d1f', '0xf47f4da3558d46374334d8a0dcd537bcc8ee06e0d6f94a7e75d92a021fc643d0', '0x0e20ba79fc1476181694d81cd71c9ade7d5da57eb412f667200565dbcb72af1a', '0xe62969e59b8994791a7146670b07e7f4c49fc50a656443679160b59bd9900bd3', '0x6152cedd4b028eb13a5deb05f4dfd41420101c3892e4a3507b7abbb9c34c4684', '0x56aa68f4bc9dc5650b36628893d7f3be000ad1d4469fe1ae6cadb8a6e616c888', '0x08d0c34c6af1b80b1e304be497d32d94018c92f73f0df7c433e4106cfbb24037', '0x4796a72fc4eb5f088ad594e68ef89f0f6f5e8fb0bdaa94ccbd73651fa1dee68d', '0xe0615b6db849cffd721952b59e2ce45b8e31d92a82e66a4ec4bf2ce629836aee', '0x442c3beebb27ebe2a059050a97d2d8d5c061884d4815f8d7cf1affc2496257ea', '0x37c6f6255b98659c238818c5ab3b6b4beaac2c58134545512c8343adc84c7c59', '0x56218fc6650b79d162269cdc467903e5c423e95df757334ac71650e8c6b265bb', '0x258d9400bad0d26e6fdd629bdbb9562fac4be3fd90132a94dc44a4f62dd7149c', '0x9c03f530b01fe5b165ec61a3bb90275dbb64b05b38182ee6d4f5953e2b6ae958', '0x96086b39b7909928fe218ff46d711887e2f1bedce4f2081d1589da7790d38b4a', '0x6f635c6871ca8b22cdb99f76bb64f62c0fea00cffbae5ec01bd397e128b2d57f', '0x7ad0db4b844258cfeef6fef044506b54b186f34f1f3696d4872162659d40b282', '0x655020bedfcb4c53c4780729c8cc2db54dac66690d22848f913923cab9a3a569', '0x9ebc9a9d4dcd0bc0ca36e7885db7395eafb93559c5d71a0a5dc4521f200e88f7', '0xb4d029857ae79029ad51d43c5c0c4ba840fd060b24365a55fef74300c25f3292', '0xafee7382fd5fd810dbea3915fddd58a8aef9eb7382bfc2bf62ec9a6c305aebff', '0x01eb0a63298d519dd22d8da5163da4407b123abbb5a89170c1f08b5f9a3a0b71', '0x1a1c610ff4be59103c34251b7e5087867157f9630384a1fda26510c04501054a', '0x80506b3489bdbe71496eaeaa05c061a158d89c2d85a7a990b2d31d63df1ab9b7', '0x06989262585200e99c5c647bc5985de60614395019e1b9b73db0398c81893500', '0x8e9110e0290a7fcf3b0678634f3786eeebd3c382e9169318ed457bfd7e3ad913', '0x91c7e1a5c0539eaff9cfc17533819c66cee65c775308be29a7a3630dc65e5f39', '0x227724125c90f6bd75a4d192215a25a061175f5bc8e91a393f39bd6baf91e1cf', '0x20150ecc4ef0a77cc0e1766c55843984c00cfff72e5f3607a5a329ea89f654ef', '0x453e8b35f1c5125d624a43fc1b6b6e7ebadd4d7e5b615c102628b65ff1c713e1', '0xd529620b6e783995023060be02477dbd8b4ba5809eba712f457f93c09e094206', '0xebfb808591c3623eabf60e8cdc6362b8de23ec530edebc65b9f8e47980879249', '0x368b55b669029eae3829d911540cde47aee467f3c66d9be20c03c6796fe2fc1f', '0xda4ec67ebfd8ed93af4b413eeb74f1c581b592d5a95f69d184eedd82da706212', '0xfd291a7c0f83210b3f979da1c379817fff34019abdd9fe850421e1598116b8ab', '0xbf4d88e56a144ed8cda9a7edbfe1bf6638c8c222e427a58ec3045f769c0d70c3', '0x4f86b9969a210595bb5432c38af9207b0d3b254428fc32cde2ce7d81b9fbc6b6', '0x0003148555151b3ec818121afb69db95c4597a3b15890f971498b25c9cca5234', '0x21ac70f1066023bee7a85e1999cb8cd1d945282411b6fc50743b8029b413b8b8', '0xef85e4f9e742444666bd23a6b2186eb5e374cb47b37b01362ae9fe0d53d8d902', '0xdcea8ac89e23ab418ec557e5a233f5ae2ae54096ec6b17939dd374fb5953c765', '0x62e8e6c5aff65acc9149b01b4f54c2fd89c3fdb5f2d06efe52a21be69edd6b79', '0x7864f98231d22266be275b837e3a759c9937f25c6b87dfe924dadbb47cfc9a35', '0xd3eeed3eb011c433d361ccea47c4b8491371c2d6d0918902d5f4d76c76151b1b', '0x3c82e5448ed6a77dd0f7681c97096981fbcae00600a1b3d97d1d7c20e1a28d59', '0xc69b8ee7f335909150146ef721dfe645000ad1085b94fcc623d34b30ffaebdf3', '0xe39de85dcb2c6e61d9025d17607c2b2655e310d67b2b5d52be009c383cedb48c', '0x89d399899c31e6cc514bdccac9490cd0bb24af349ecd685cb1ec4211fe192c44', '0xde0e84264c2446642d0e234ff493fad896d5b308ea896804753163a5425d639c', '0xa2295dc669857e3efbcebf3e1117aadd28c814552bee163f0e805dc1d98214c0', '0xe43a6fc1f4be5fd325457a34c8868970ca37ceec6a97f9e6920fc21aa7c37617', '0x53b32390e4da80a872a424133cde04eba3e8404d208a2cf8e745394f51d0c3b7', '0xa7d3c5057547d0ba90d10561e1251397443eb65b101562a94e3e4134aa929db9', '0x6986f65bbc3a4f59f6b621b48ed33f6e59538e2079ae367e74259e3ee2e491d8', '0x51474f5f6db1ae257ce02de8a1188b76d1527e5f7c07c42deec70a8a8b073f6a', '0xb79ecd3b2bdb4c4240ec71b48c5b7cdadf68faef090693be447e666847f10b23', '0x9a7e47d826feef7f4dc2911d3535604c11b5dff57cda50fa10d56eed5665b898', '0xee9940b80fd69b2415f342eb54eb7b9de1386ddf77559fb7b05846325c4d4f1e', '0xd4bee170aa4fa4ce16a9d39ecf7485b11187589c975a6fb2a1e5a695b92d95ed', '0x6ee6450725aec9b926ad56eb9add00e7d7a86a8cd7c738e685ea1d48bc8ec624', '0x099dcb08af2b9d03d4ad8d2ffd4e87fac91d078d6ecfd5e2e8ce0d420e33f5c7', '0x90173d4a10047ffb08a1405e98eafcb297fd5c462eeade7b281e4f92c16f2150', '0x2c0ef8f6f1326db397c4181d765c1b0f01f04d191bc8d25958078bf3ab4ba31f', '0x401e02c49d5a9342a6c8f2f2d96eaf9e548f8c77e53935d9b3c55226bc0087d1', '0x65766b41a590e127d8e6e2a263120e4a4ad4d3820a1ad2492b4151f6496fc7e8', '0x6862574f345e9348b1492aca6c428cb5ccd13c3ecc34ec3c9a6c41fb4a9547da', '0xbfe51ee9eb36ed048db538c2bd9b446040ffebc256036e6a24b4b2c9433525ea', '0xe1aa658a63ed16740d943e8e68c718473cbc0735eceb31aee6ac46772854235e', '0x4d3fa2f00d434582c2aac4eb832fe74bb20980f1226f6a2ab39b05b0a2f6b02c', '0x7ed9cd7385638ab13f55aa555944cd4596ef82f2eff2eaf3b3a3c77a28e140eb', '0xcab21f79dcc5db95c540726071455f18bcda3583e12deda4aeb5a1e28576a294', '0x18e2931ec6c0b2533bce11e5caa60e7bc347f0cd553b0bdb745f0bf9c7013d1f', '0xea55fd8b6aca186216088695311794e112a468851b3ab54c0eb99f2db2f42eed', '0x0a6c4f3299f5902c84a320a3f7f6053ff12ff77330c770f83410a691bfcb36b6', '0x735a733af58f1a916042936dee88d3ddea16985d2276a28e6817090fb0368165', '0xe507e4c01c71aa50659d966242b677a63fc8ae70e9701564c10d74dbe55303c0', '0xc71d2b26f8c9d3ed30382d38ff6eba434f21629081c7d4cc17381a065ddecb9e', '0x50a600db3cf5cedd87fc0a134a63708153323d4bc80a3fbd9028fedb52bba150', '0x561d067dbb84b0ed8c2cc696dc9019b33e6e24147e1b36bb7306c4d763ac7569', '0xf86c1bbe774988e9b2f14ea8046733c7a483813803b208bc97fff7161d62e305', '0x481efd3a367c3a717bf8c83c373cf87ddd824f9a9cf1f2ea0cc5a3e771eb2884', '0xe7a96b4ddd123a9f0aae7448e24d27d9a5a86fd46cd7f629e931061e0773baaa', '0x62eae49e3ac04dae8011fa6d173f28994e187b15f6715fcb161d4cea11d7c75d', '0xa2c16e20a7dcf830bb29a72d00f909361ff080d1f1e39d1296b2ff17457157d6', '0x7bf72f70f82f41bcebfe2d0094dfc9fc43246b1027b9c29c9b5201d72dfd69d5', '0xaff723da3d4bc4c27395128eaa8df8017120e188ee5720fc0da9343ffdfc9865'], 'transactionsRoot': '0xb534cfee7ae0e1aa2c6feecfc23b127808c803fdde07df2edf7e50f5e185a556', 'uncles': []}} (async_rpc.py:86)
2022-11-28 18:11:31 [   DEBUG] Getting response HTTP. URI: https://responsive-convincing-aura.bsc.discover.quiknode.pro/3e7f242edcfec9ca1a36ef544cee66362af95baa, Method: eth_getBlockByNumber, Response: {'jsonrpc': '2.0', 'id': 44, 'result': {'difficulty': '0x2', 'extraData': '0xd683010111846765746886676f312e3139856c696e7578000000000040fc9c671e0923f262da8b5c8fdaa37941b81ba46a7e9b20fad42bd1a18ff4c39f2a069019160de72cc1d1a43946ac71c14f657f61b02cc7dae72e638dc598311f24de7d01', 'gasLimit': '0x7270e00', 'gasUsed': '0x1b9f6f2', 'hash': '0xdf911383eed5cf97c53158ab6d7ce43cb9ea7c8ceb0e9430464bcfab884606fe', 'logsBloom': '0xe8a6921e91f278b0df2d0274f58b5d562714a74947effcef7db9c82ae70431191797c3498c27578947cfdc25108bbf93d18bc3a12e63855bf06eb7cbb47b22b41ee6ce0406a16cfce5e29b79421bf37a77d5512cd2782887b28c1112bfd81e4c625af46b0efa6753034d3e44aa328a87d9d586edea28a5f65a265a7273fe2dc31287373ef6d199c78dc654b028549abf347d1c55ffe7f2ca975db8e144d5fae0ef05540157a854a2efd3afa19fbf5de40ead788066e6b97c525229e3ef52f25eef0c95467d1b013336393d376cae7e68608ffd281c8dafb9250330ba1d34e42666307ecb0745706b97c9f19a17eb9b18df3414f7774bd4d82bf3aacdaabebb8d', 'miner': '0x3f349bbafec1551819b8be1efea2fc46ca749aa1', 'mixHash': '0x0000000000000000000000000000000000000000000000000000000000000000', 'nonce': '0x0000000000000000', 'number': '0x1655c8c', 'parentHash': '0xdae66eba1e56525a56e054b89186b43bf3ec1f48c4973ff323d4470ba88f15d1', 'receiptsRoot': '0xa2fb017d9235aa8a15919d17796b5e66996b8753063ac871ddd0f765a1ccc086', 'sha3Uncles': '0x1dcc4de8dec75d7aab85b567b6ccd41ad312451b948a7413f0a142fd40d49347', 'size': '0x9e52', 'stateRoot': '0x27535054c933c384d23e155fb71aeeaeb7b081d5965e7e73625d5140866e58f6', 'timestamp': '0x63837e71', 'totalDifficulty': '0x2c6724e', 'transactions': ['0xb750afa1a6a6e73040561230d2174753c790fdb09f044339e6c34b8d2f1386dd', '0xd0124f163dd83488e1a5a6bcdb1e414bee5aca561a4ea4808839f46f2198193a', '0x80a34955b55617d5b73b4c85d0f3508b30967655ecffd7fd095fcceed421f5a8', '0x5dc4954f6fe4d8ce61d69658eb7450981de3c7ae52224f70b3f611cf93b6ab31', '0xd2b8e631b2f53adb86ef24cc5cf8193cb44be27d706714ed9f1438a2ba2aa734', '0xde9f9413ee43d8a1153a23f65d0e79924390fc10ae44016d79e45aa27057ce30', '0x0f79921ba017f65cabb5a543912ef7aad95bae8ac6fa1200eef004752fde346d', '0x16dc60492730ce0e2843b4a3700d9f1db92c332b5b33b99d40e5ff508fbf2e9f', '0x3ba45b2c9239bc1bb022d039de4e819328029e8af5f6900314372609407e47d2', '0x77bdfcb05ffb087a5dfbad43cb92c2a93d31fd74d84d8b3cb5f0085055e514f1', '0x56f596bbdb01715ea3058e88dce554ddf4440183a9201f2266aa417a2efbca4f', '0x174b73162a08001425a996556dcdc7831b1a5a3badc78ae2a7520729fd600cb5', '0x5a767ebfc2d96b077ee3d08e8ceeac8e505f5a9770556cffdbb271debf92f4f1', '0xcf543aaec3fd0604b289f501f0e67ce96c26d4d7e5d66cb24ca2e2850b0b64ba', '0xde255a13037d19865af5aa7ba60d80c1209b315f3d2884e2d1241d0a47ed910d', '0xf31078a770693bb0c50c2f06ef0e8d5cec51a3d986f634994391bcb640869d5d', '0xa35a29848f18d53a9605b049a902293522e15815888daea5e8d72d4037f0439a', '0x5abb86a2b847eaa6b0d15667c128d60c53162fb8e5a26e984727a92ce8a60e1a', '0x85c5131936a6cf8b44706cefed8df088fc4af0800d9e3ff7119d32db0f2aefa1', '0x1b52e850e11c3f10331810f95a48734cf5ce97744c6767420c094aea8c03d95d', '0xacdee9583128f2102eade7574973e1073d63952dd9e84bb80c7165d7cac0dbf9', '0xf36d9bee6f33c6d1e6c0687e9b15f192e0442b3c817e218d6b46cb3e27f422f4', '0x62acfcedb586dc93975d265298edeee4406413bd3d0fceb4c8abdf63ee0e2538', '0x4079339545991f0bb9805e9faef488e8b53982a609aac9fd248c10689a5d50c8', '0xfbb82ffc50c241c0241b7de73b4478905f8f30beee50852553cf12cf33a2f54b', '0xb79c3fc3f6606d903f4334d039a3f456d547ee83ebc9b85f32a2215b7ad52790', '0x738319a2d8f020e7491dad4de6da2d35b8fc66d87d16a98937c13d7369b55a8b', '0x099b124d24a2d8138c88b8915534261d69387843e50e58387056eb9ab3dd392f', '0x1367f083be5d76d2f345d97ff0fa2b411db24b8d8013f51a3d6d47fadf055686', '0x3dd944a7a16ed1d100babc52af5f60017e7794eb73c84eabacc742b861460963', '0x5c61107e45614db71c9df22ef470dccae98536b348ca93fc8d2d77e98ef65e5e', '0xa612c3f3a6f01c4b536e3e842f21473e03db365e4e0002d18496b6f22f19a193', '0x552168f23ef56a890ef370405295b838b5c10c939dd69cd7f455f4fcf279a6e8', '0xcecc64be5be80155ed9e365b82fe0f9c9078fa70b977d1b3d73e63f056d1d11d', '0x73688a18d0a817b352bd8e46aa5bd1d35eefd063f10b6daa677e58e6c724ead1', '0x84ba7483851b06459c681e83a59782a1e8e7d5255db81ba324415f31c39bec68', '0x3e9ab5df2ffd08a24493090581cd158c47cea941a08ebc891e982979c174c9eb', '0xe1227d1d478d0d93fe9073d0cf72e11f89be1979adb886833d3ceceba6dd4e76', '0x2baad48d0d11a86a59c9f0287e77bf4f869ce24e61a44279da5c5d41c296adbd', '0x4cde16910195893e92abd146ab02937ea67724d64b5ebf71a036ef2181becf4d', '0xb5e18527ecf1fa8747e86dc7c91911465a7b63cdb82659d606f026ab0270f936', '0x79a389e773d17516ee2935934b13fa6f238976fe301b3d558f5434c3f2dc116e', '0xd562f32845898496f525701da61a8ac73ee07701efed1948675b91442243fc12', '0xd4aface9c04ed9adc04055249586a9bdadad98fa7c6be8cae4ba9e4b869f201a', '0xf34bc82b23fbf830f2efd7f20a33cbd95024595220346f4540ae5b0ff19e2b16', '0x3b167fa02baf4010f9514dd529cd5af48959df4e4fb5536f13ae3a80039a4d88', '0x3235b71ea0e8aa248a42a4292c4d79f6832de386828af54d535a97689cc914f4', '0x3261fe63db7d27fa0001ffc61584a06fee6d9c13b331c3bc8edd238ae1a44eb8', '0x142e95e50a69b6ab5656cd9067c646893a52974fc258ce4dfd7c6c5162d84eab', '0xc21f605325be3cda93d0807cddb4484f528afdcfe9bb0ccca4a584648602031f', '0x8c2c06c6dc5f5292bf9aaec5db194cac4f7ba9a827dc8f84772454479688e5e8', '0x0414dc57c5049a6f0561e93f59c22d22a721420a1ff56245a04a47447c9d7be0', '0x62d9e0acd8fd30d5622c268a9c5e775abc14bb6f1dac58638f61da746c36922c', '0xf1466fa1b5af6c212771bd786c7de4a058395da372b0daebb07e8e01fa217fd5', '0x4c3a7844e18ab2769c00e70d54b93a2d0f10fe3f2321ee2079389ae0cd4680d2', '0x25dd8b6b299c8ad2a375581ecf0b401af18fc175c00a908a0bd04d064c7d383a', '0x5a8250cf581288a6806b6c61b879ee851c707c2d7a22fbfa26ccba67a00a068e', '0xd0ab9904484f5dff056d178779cd45046e4aff348760225400314c9d19e12d9c', '0x1c4dcfb685daef6a2466032a1dcdc7dcbe13faebb1bb41a0f9eac24ad86b5350', '0xdcfa563988f8c37e2c4e245c32cccb9774a25d64f10eed7135738ee8e070a6ad', '0x83f04644161ad2f74037bd3517084ca8b3660a6ada02a05656e856bf95f85b46', '0x19efb05e6ebd4563fe187f72d917c31b041f22c908defd1564d070401d0cb5ae', '0x98536085951c6844e754bc8c3718df373f6454435fade351a9e6821c89ca2a05', '0x3ba6109d4719f45f01a491040df348dc12e772c0c526377dc3d02361cd1a1a87', '0x3e073485a33e3f50f86da1ac898927e4ed22bcd3eda111729a9aff5e69d55f0a', '0x7c23415d868f1559b9b2b1c2a5cb98d17a2579b0fce63204265aaefdc20afe9c', '0x2c0e236e1bf354e038429e827a87b88f6de290244e254150c45fc7cc8506c50e', '0x7c8baff20c3804e452864f45e4956e005253acfebab285c02ef13c4ee476282f', '0x3ce1ba19c3bae473fa45a1eec002f1b51fc616c0d9b76f43a88652eb6519e996', '0xe883f453a997dda833c23d44e46493a63b1e77b91b21580d84f722aa7817c3d3', '0xf3fdfa51720d30d2ad8a7a37e97ab8861dcce93e756265d8d97ca12c459e4ec3', '0x8e87d6b071dcc019a5c3e6ef7f50818b49d6577795002886aced6dcdb9d607ec', '0x62f82951d0108e899435f5b929e37d7e700b244c9113573960a29a71a0a32334', '0xb6652b0f203269e08c16e786269ca00973e8059c7604f268dbf9ee928442ba2b', '0x035e788ed0a2fc634e6538950d4bddfdcd7a620db2cfc689c958ddb6ba5e7830', '0xdb07ae83b1ae6a6fc6cea2aab79906904ec047acb047d61977f533bbf1d455f0', '0xe51b3cf413d751ed7f10d14c7410588437985f79acd7d623fb45f1f85e7896b2', '0xb65c2abd2da13d10f6841158a7ff4f05c995141f3d8b1bb1e3d574b4cd0d1d0f', '0xd62c28bfe7b0043e1ded2f48a581c01d1987c7d90a2a4b565d263f5fe0f80b06', '0x7e3ebd0d50ef6fac2ea1973df43255ff5883898d5fd9eaf0ccefbd08e8a4c168', '0x95a20ad6409f293c5ed17054ba95c5d14e0b1d5c175894c41478cb0a571aa88f', '0x95e61846967ad37b075c69e2287fb66c43efb8196e6f26237c6a919b48fa66ba', '0x0645536eaa49cef3925115b94ebf5932ce41c229966438e023fe7d319fb91a7a', '0x11b697e22ec6dee0429a670951d141e83d108c5df95263d227248e56da3e16d2', '0xb965f1a332ea3cd468a812a6f4a53e9cc4315a1ba9bbe5fb4bfca7ea848fa817', '0x5ef5744cca8c76e081f8c15d5d6aab890d439df68fce685a4da239a07f21e155', '0xa065992ef9662bfa15e8f886bfd5c23bacf93e9c31276dbdbb76ad68fa54f131', '0xd399300a1ef87cf5ecd707a5684ce90f859d05262d65f7911ac7b913d8abd261', '0xea5530557e0c02f47facc7fd9097c6b2f7c4ddca9ff7ac9c42cfd42236b0611d', '0xa6205e42ec3a030c87f3d1228eabfa9e9ef6dfd0cb1fe7461e7eda73b5ee8c26', '0xbdd64c10e0ab7ef0c6b847f67a100b4e48c2148590dff5b4d73403506f0ce4ab', '0x9ae5ab56676bdec3fcf00066b96eb2c8c01f78c3a72275ff0a2cb3b666b18c7b', '0x3a96dbfa6586b40c03e87bbf73218d9a30e6056a1caa5a3c908ab346d0236aa7', '0xae45dceb8a311d50852d5f8d32f45c8ac88fdfb3a57a3fd9f46d32e064aacfb5', '0xb3c24c38b2697446d78f07cfe88d586a6314dfc2d5d3ab0760cb796650189037', '0x5128841f1fed8ada29cf144f9aa45b441bfc9eba4c3a0aded62ec7b45d373b99', '0x4c3173677c7476a0dd3485aa3505bfae2adc56ce61cb06204ad065e260805bbb', '0x893fc910a0c1bdb4c7af2883d86ffaf912624a9a24af5ec0764896c97fcc451e', '0xb69b592b2d37249fe01fb0b9535d59b042a73f7b87aa151eeaa5930457f04a7e', '0xd93f8c067e9fd7c40f3981b94763d0d8bcc9f9eeab37e82f32a30db66e20412d', '0xbc04b7a7638ddc7bc831d45b7aad245f971862f10b8a6ff7b500fed10b844603', '0x1411012d0f4750e9fa0da82ca7a98dc9df5e4b53b2cfe55075f4841653e3cfb7', '0x75ce7f12dd0739114c7c9e4f97c52d1e8b4e8fbf14577bbb1a785b311f13fd21', '0x1cc69f71c10d9299775989fb8b8609ba95747e2b92cc0f5ccb97c8a70a70c12d', '0x1dba82a924bb71632ef80d48cac0027ab3c9c212a771ecf606795ccf98e12f98', '0xf27461791043faf13dacb1931bd096a2989e69d5a0f323f69b4d6f391d159f7a', '0x592fb24e148110d3f08b70ff2f9012b3b56b24044ecab6309633a7aabda41f51', '0x9e8dc17845674c0e67a349121d0219dbfb49324d82d0558c80e388e2279c8a7d', '0x9d1a09662a8486d9d0515c6dc34e6e5a8c79978b54bfffaee3702cd227342288', '0x5ad07b26fcb1b73f2401fdd3ca98b812d003534880413354b5ddd201c547e01d', '0xd3f5ee58ca82661041d92953808e2a24da6a3e67f38189c84ab2c71117c2936b', '0xcb09ccfc6f55df87d3a0cca30f7108cfa7ab5bcbd4222fcbb230274523cedfb0', '0xa5fa2f4426dfac9708c369567fd4f3061575e635f0ecd4978610694ae9f75aaf', '0xf392729175a415e7401a677c90689b3ec5d9463b184f64e374853780fe58b5f0', '0xed03a8b4a4af2adcc3ed0e18c31f1c1328264c7adac7820a2b34b1fb4016fca7', '0x811c99c2c5e5c733475c9eff40e930f8d23e8ad1b3ef0f4fbeae69a9af17bb8b', '0x0b866e6baf347bb5c0220d2f2e05f885dc3ecdaed62642ea6ce739bf34a7bf0d', '0x737c65a55dfaca0b723950ea8194f8e7822618e290a01995ca922bc19eb008b1', '0x30aef83b137795f163684d74640e9ee6e60e73bc2c596b8b636929785fe550fe', '0x09282b3883ecc824bab473c80f8e04f2f8efe1cde0bbae26ef6b3a860d47422f', '0x53676051089388782e5f1dd094d50c4e93d5eeef25db5d42ecb70d6227cda5ea', '0x20e60fd88403d95a0626cf1b4e363c734ed3933079f33d548118dca20099f908', '0x0e7bc9597ca0a8038d6d7fbcb4fce973d573a6100e2b4f74ce09710fb63853dc', '0x8986ad59cf93402cf706ead721b782c45788d531441c9342968427ca86ae33b9', '0x1c2e68c5d744c31738be5eb8598371759ff5d46997f811a5ea7ba6aaed067666', '0xdabe1307f78fc00d21d72cc9330202aa2d7ccafbd245bf3ce1333bd20649b7a9', '0xb608221a03682ba8042dbada8a7b98a6ddb5b14e67ff6f8e14e3065014a50d28', '0x8c6f9f833f77c386a5560dbd4fb81059368929b2f5bffe358f14159447985651', '0xfc133b082075edc7c536db4683a159ab485c5253521d7104603412d3f7c2b5b0', '0x903dd709c9d9bfec7e116fcd4cdae332eceec11917f3eb4e4a8d900a76ed8b0f', '0xd52a935944978198b051c857b03efbb5c17c5de0a10a767644236e054e487093', '0x960ab16586b727973a791f69d5782284cb612476c09282111609c1bb808f2dbc', '0x383cbee59f4892052cd3359aeb9348c5e6320e70396e311eb81a55a0bad2d0a5', '0x0f8fa6601de613fd3659c2ed2daeb589d216d80d7e6980cbd6322d95863303d0', '0xc10ffa2544d3fef2f76fb8f57b7464328817e75745df8394d0318a78200ccae3', '0x903b6dc0ea2198318451f53f91bb36ef00646412d21bb9aaf84087f8dfa440b7', '0xf6db89f403251758d80ae9ec26d0e92244874a870b87ae4a29dc234cc579a4c9', '0x6d0fbcdb9805b96ebe388b8b3aa68019b58fbd8c6725edf2e1a22e8b2a8ae8ae', '0x3e88e75562a32d733a6e470fea316863da9a0b9dfcf80671becf262dafbab109', '0x857e616e957824d75324fa86cd13c6eb61324eba6c0f5f29e1f96277ef40223e', '0x08b9a36451d63f96f5d251c4d9a4bf8881bfe4edb70b7647166681b71a42e07c', '0xeb3218002fb158bd6c1fb5abbc4226d06cee2e5d142afebdadf3ea251de9a9c0', '0xbf1d5ea9a5582312f957fad995bb32ab633879520f67b6d4bc80396b8ec278ce', '0x7b3caa37ad88bbdadc7d25f90eac759062e11fe557843e2070aaaba1f5a2c09c', '0x7ab998cd9bee7eb3ae3ead02d723ed5b6b597dfa7803f64d2266289650c52805', '0x3f54811f75f0d76c13c75aa14ea4e9172bfc9088cc2fb349ea95847417f8e80c', '0x847457e4c6bd90f37a7f844cf38813bf15a50b2aed301478170933bfa04876d8', '0x02a2adb00e5e23983e226a041d7ffdf5f365a85bfbcb97d06446e8e0c4bd5568', '0xb3bff20f2f954a06fd9f8ed8a2c9254f64ede8525f3dcbb6da7ab0367fb7ecdf', '0x9c885afb0949bec7d6563bdf25382e55e11fb5effd62cd2fe2f189da11fe727b', '0xfeb4d999c6b3cdadb9d77a2d8ce7cca8e031cf264f31db076fe9b2bed5d6db73', '0x0dc9a6b8b536a8745f82d08766e4ae94ef0c32800bb08fbc15f583cbf15b6193', '0xc1cb6a5540b2c45e0ed233406d74a9e9b790f3576324a83b421accf4373115c9', '0xe33b87ac55e5ad30c388a6fe0108e42413f8d4d954abe249da89d84a39e3667e', '0xaacb5be4b64b7a0ff7f1500b3a4e8a119f9a3759e0c1d477adcc4e1a20a308f7', '0x91580e9276920a20e7567862de4970b20cb745f41bb8ba0ccda37c96bebe932c', '0x72e95bbbb56211b0d90fc349f3e466af82fa389771f174b25382f66a34345fc2', '0x8eacfecf53d83177ac2b86f2603a123c605bc23ea072304b88149b6bb3ad1f37', '0xcdbe331505974e16eb32db7a388db5b1e3a93d5da4f1f81f754e229a3dfd444d', '0xe8a93e365facb7fc1689317b6f2e2f2bebd0f20e575e2b5c5d585e9b416e3d18', '0xfef8680b5f9d40a668cc7f920a7f7a4b0678a563ef1398fb30cee477a183321a', '0x52524e2b0c90039d8e50298b986d51032a6f3b953d23e909ed6cb8c68e3973f7', '0x89ad4b3e4c881f5e6f17021c0f4a6c1952e815c27d1f74b314b3ecc17ce8e5a9', '0x5981ab139423ea8452ccacd3e223a6cb60e7d77faee7143e38bd8fdc552b284d', '0xcb1cd22ff4f73b73e85b2aa1e96214bcb6d041b683705af4e596ab08f876a109', '0x309096786bd63efa2e2699e7a60fdae0ca309a2b54d52850fc158b1d7b83866f', '0x652b9273fce5b86b521a418b943d97e57d39d3c63bd40a3bd3ee6ea71068b780', '0x70276c0fae8b982037a34f32bdca56760626cd7a03bcb1a0a7bd7b5fc158b265', '0xc0aaf9b394cb24e86206ab704c0825edeaf3c7b6e40933b56c9390505def20ff', '0x9a89785ce75211d12ed2d7eec524c32314483572e492dcea4de603875f1de728', '0xd823597365c027155efd77f0fdc2341ef133c7b37ce05222844ab548a1f523be', '0x6bc3857e245b87624aad03a243f996067c730ec19fc7b96a0d6e3313606fe964', '0x9fe9bd3ada5ded2830a0424ca6c871ea1b5b6c5563dba20a0e45874ccc7c9d46', '0xd819cd286b9f108b5973b90563231825dbb81930018080d971088bf0fd742220', '0x4effc584bd78d5aba47a1db6108878f25e6d29d97f1234e0d79ea4c482a0cea8', '0x916bd257518b1d37428aad1b11e358f38b21d1733732f4e333ba14a0bb57dbe2', '0x01cfbb244ebc449cb9f6ce14c39d8b236e6823d10d34bd26e83b09f75cab423f', '0x958776a27ee715c5cc427e8a0fa6c5a7f0f0ab5faaff7cd0634c582ebcab5116', '0xbc79082fb979883192bb70ac8fa4fbb3016e5cceece8a41646bb9c2b6b4cf7bd', '0x58fc46b20c9d1d4249a2ed024527be84f2e4a7d12ebd0c49480050ff89358552', '0x391e03be1ac430e4942dca9855e2d4bd1ed031f9ac589cd7d5d5854d8a7a165b', '0x5f0aac0cc842b8c2aa67dda94f986798b0afae7ed828ecf5414d697d19b74ca4', '0xec868141cd1c988a588c004bf249ae0a2286349d46f869fe2943925df7c809ca', '0x1143e92c8628ee64db614d71db96f49064c32664e08f56b7dfd56261a05c23d3', '0xa585d08f1882ee072f6146b0943e17d1a006e7ad1a5a7577a4b4e85078bf08b1', '0xfbd0bfff2192a524bedd73a779ac4bd74276193ce202d854ebc00e34f3784022', '0xdfc21f8e36ff9e7e285b11bcfe97463c372d77f1b220cda4edbf1b3bf2aeebcd', '0x028d0364a5a577ffc839533c1737325007b984cf0782c2c84d6fc68649d1a676', '0xd3f68360e7e7609dd2e0986022cc79522e9e199395ce74f018606b0e7d41652a', '0xfb0f95e7974d7954f8ae64fa54654946ebbf52d871f2e27707bfcae87efdcdc5', '0xce8dda1c564d8a9d5d31c32b5a0dc4b2c6c55f2d648067795101599adbff520f', '0xdaac6a0894ea3b09db360e360293d7c384eef541e26c7bc1644b1b04c718b74c', '0xfe2b83abf19771b1a07fd8baf133922fdf9ecbc71517dfd1ed33fe982041b85c'], 'transactionsRoot': '0x1c888668c18c3f0976e5a3877c48c7549c8ab9c41fcab141e6968762380efaa3', 'uncles': []}} (async_rpc.py:86)
2022-11-28 18:11:31 [   DEBUG] Getting response HTTP. URI: https://responsive-convincing-aura.bsc.discover.quiknode.pro/3e7f242edcfec9ca1a36ef544cee66362af95baa, Method: eth_getBlockByNumber, Response: {'jsonrpc': '2.0', 'id': 45, 'result': {'difficulty': '0x2', 'extraData': '0xd983010111846765746889676f312e31372e3133856c696e7578000040fc9c676ab3a6171b65286ef3ef375a3ce8ce65ece9ad38c3c713e32a4554d562b9b3c86cffbe3d6c8842aa1baeeb5fb08becb8817b729882c0650b102dffe798c3fe5b00', 'gasLimit': '0x72e350d', 'gasUsed': '0x108ddad', 'hash': '0x6df79e456e2fff93c36ff9b3acc681dfbab9f64915fe9f906cc3ba86e48d5f5c', 'logsBloom': '0xa2f6aaa36bc45a9f18f6f96db3c0a18822a6ece6543bbee87bd5e38a7dd07116cd1fd0669df0f5a91794e287496f53e7081e4b272fbe295347bfb2cff8aa707d07aa69aa09555e268d5eeb2bd536502ee11adc28f9db7ffbf5fe587db6f63f9c5ab53ffebe5e5eff052f7fc3c7d1e9853f06b8e5abbdadd0f9289377c7ce3c21515897b8b2823222979f36beb8620c6698ff8dbfd22086183d5bd24d4e9dba3dc35befb712e380eb9634905d3227ddabee12307ff6a6fb4c18c7aa3b2dfd738b993eb79eb758dff309c6de9799de5781bfd7b569ad09f357253036bf9d89ed33ae79fc0eee96bcdc75f730fa9fe73ab16390175d7f65e97badf8e92da7bc549f', 'miner': '0x61dd481a114a2e761c554b641742c973867899d3', 'mixHash': '0x0000000000000000000000000000000000000000000000000000000000000000', 'nonce': '0x0000000000000000', 'number': '0x1655c8d', 'parentHash': '0xdf911383eed5cf97c53158ab6d7ce43cb9ea7c8ceb0e9430464bcfab884606fe', 'receiptsRoot': '0x2e2066474d085fbc0e7ed84c9fd558d7d138e66620b5d31af9ef33db6d50dd66', 'sha3Uncles': '0x1dcc4de8dec75d7aab85b567b6ccd41ad312451b948a7413f0a142fd40d49347', 'size': '0x91a7', 'stateRoot': '0x93b508031ed2a68671408c87a738ab964205d80fa5e642160d9f3ee09b89c23b', 'timestamp': '0x63837e74', 'totalDifficulty': '0x2c67250', 'transactions': ['0x5186f0b6b32e854451cb9d84d01c6baf6efe8388dea218fed517b25482dc9233', '0xfef9786f3620cc34ad85a0cb3a085071363867a98b9c4755c20793bf349973e0', '0x4c3bc1eeea39d86ab8e5187dbfeba615b69250abf36e3fa4a23f1fe1ed9c7447', '0x57e23ee74143edf3dc58e330596c26eee9f39a506a2b06a45327c5ff6c02aeab', '0x92754c33332fb5dfe560aba1a316d8465d84cf07ff015ac5b5c60365d10712d6', '0x5fdb0e81b93d0440eaca2a5e8bf5f94e115a184d223b2bf69d68ce5c3b0b7243', '0x204507b80db94701a4abe971b45fbb68bc8232ebe636cd97ca6d8539669e677c', '0x03be69766107cb7791d9c5685660110a35b07ac54bf2b510b6f1a3e6a0362a9a', '0x75e1fb6817b0435a61bbd4635724da939f3cbdb938393b10c534dc44aa1f6345', '0x41c31a5f13666db28f51fa1facc811a8385d034223bfcbcee4b1c9a72fc709b8', '0x91e45eebe59d85304a7b4082418fba0fe4304fb52eaf7133a7c963ceac78e356', '0xe617c387df81b94975fa43b2af345f08b366e8fc8a952940036836f680151314', '0x20cc840d32d621635773f53129c983aafc10346e7d11d6e4fc4485a3b81d6191', '0x4f9cb7da368a4dd7e79c9f5c61cad6423ef4403845214e36576ece3eb24d4790', '0xc009b085b86a50afd35c7786b7b90c3ac028c67d74add90b5b421ae0e68c8546', '0x55af964349e0a783386c4b6adf063aafcb67d4015bdd1144759009ba70329539', '0x2def3389830e1b10a4ac180e20caac844e7c076b44656330e5c29537333bf456', '0xaeb376b4dafe3946afcb87955f290327eedd4ea482e5349f903c1e2474e5e20b', '0xcdcf66b6cfeaa24c41bbc161ef98cc8adbdfc62b2c3890ad9aa3747453c783a2', '0x47ddf39a15000748f75ee1807e42cf3d2a426db1cd2faad6b93aee1b1efa72b6', '0xf1cce2a8df34a9c50df681ddbf217e63f054eadd990fe0b662f01b63c7ca4d34', '0x707d805a04b1b00051ec5bd60577795987efc4178559fedf6b8fd1749ecb46ec', '0x4208907252f3521df51bef20e0b3e21e4140fa749384ebd5a057f1849b2fef44', '0x239b38621a51e06dcd85ae09f0a589237301ba3b5b47f73be594aba9188ed8e1', '0xe853239b74d892aa7a3228150726c9b7e2f5a690e80d93da7b88f9989d136f6c', '0xc84336dec89afc6cc566732cae64e2f92026c17fd7d4176d37050ac27a1840f0', '0xd9aab538421c8b1e1393533f5c7437173bba962d17e69dc40df1daeeb300df4f', '0x63a4fbd54621dd70f5aa3d01e41aeb4532dca50649c6ad60a7cfb0bc9a79bd90', '0x6bc449d17def1ce44d24f2187c9abe22a8b0f36f9469608da14b287d5ee1f857', '0x76a383add8a9fc0863ae5078932bd39bd35bd39d3ec5603ca02fdd2d28808a1f', '0x71451364e391cb05297b2d94ecd4bb724626dbdd9446c92e46ed50c775fdcc2c', '0x0ef95017120521bc93a17bae864d97ed55e6d2bb467b3dfffdeec007a020fd0e', '0x63d853031e3b4436cb27da97d5171af7e67331e133ac71e2c622b1787d08e9fc', '0x41345ad2b3e058edbc0ff8e380fec468e80fbc4926e1f5e561d78c82c9feba4c', '0x74dc9f9a3c57f3214831ca608ceb426d18ac9e1b5d87903a6e1565cfa746eaf0', '0x2ee990029ae80767b8dc7905803ba2e2b914c88fc8191b89d674d622b54e2818', '0xf508535bc22bbb234c70ec08e9eb5047a82f766e955c456ae7cf3db25e14358f', '0xdcca15ca9ec0be8e0651ca7d8d28403b0f10c620cf14adf316425ca03a953e63', '0x5eae675cf388292b1772054e098c9f78871aaddbc5a8b2544490d42ae642d208', '0x82f0e0d59acb8fbcb9c9e86239413895acf972c199fbdaea270120541c79a041', '0x2f0286b147c41a421542be99a6d072ffc7fc9c3a5ebdd15575f42e9f9016ab6b', '0x55a1706832ab92d6209265f13bdb1d6f0626d980ad446d55417fb524969f9d66', '0x1c43513ef6b1ca5f7cabb0348c4e505f6a9f99ebcd3990e75e9785388bda4590', '0xa1da330153b652611aadb23f0e3203fd24c88b79b0fa5b2d324b50681ea884ed', '0xaa51d2a4289c5e8ac11e334ab88ec04e21867be892797b87633f767891a61261', '0x9d7dcecaa75eb42702fe3d4bfda7171aba71feec48e2ec39e22e86f78e644aa4', '0x97ceda72e25e378e333d774012e5d36340c79bb9ec14f2188b971eb679f7d40e', '0xacda558f8effa54c88ef3a3dad72e041e20347d989eaad531ff919e330ac91a1', '0xde8ff7891d01a837b0c264bdf0142d28546ea1f42e29ea69ace10800a999d743', '0xa3233515d7c8b5d1e93ff89ef80ee20f1248e3b03ce31379a077993ed873d542', '0x303886a8e6982510168a78c5725c8545d59024e4a00088a86a440e4b4d6a3867', '0x077edc4ccb51ea2dafe0ab807dd39419e4f440668ea5d5ccc38512ed472e0e94', '0x4e27d39a37a389c43ccb467cba9f4a01b3baeac5b099c2952d16bc96262c752d', '0xbf31fcf33a5ace5b3d2381d53638765e7f431b282e43c253dc15ff56a2168712', '0x5da6d912714f3336a0041d5dfe6a3dd09331ef7259b1cb6910261b2329129922', '0xbef99d5f44338f4823abb1846c7d7106f869c52c1a1859d1923f2ea385b23112', '0xe52a2f0a3b0c295e6f72bc4e1553d227a695e477b7a9d7c46ac0902708e452db', '0x0a4331b07b750e20dee60443967a402606b147276b4a8c86ae8c1ed0f078c4db', '0xc18fa4701956ee7b7e74ab35e4662d659a6dd198e4254d5f8bf2393724580b54', '0x9c0daf1ba4d4ae78653aa3ab8943959430334d9bbbbe1a9fc30516c743838867', '0xee38023af84ad3ba44f150e0f46d8d1751da386e804398bf9765ae3ec160ce76', '0x965c78ae9270dd980df978151a0bf91748dcb473067cca4a7f12162241637ede', '0x37a12225dc67bb3e74e38f9ec526296dbc932169f75e5dfaa62b2e6ebaef01d6', '0x9febb316fa617e37b77c986094ff428fffc2a51458719cc5049c6fbdafbea1c7', '0x209054af0f5f8c08c1b0025d245b9308e8fe7c8feb7f30de63c21328fc9904a5', '0x418d562e79a703224cc041e38823a1257b9adccc62f7b3b80bdc5054e8ec71a8', '0x02652006a8c497f864ae281118a16b84c5ab9171af0898bb47bd87e483e9fb77', '0x4de3e63c6018caed183f21a804779cb367e10f983f6d2d00987946af5e7ec521', '0xafcc68ee0bd13bee8cbc0fa0af8fd6da5562912fb573875d383ea47b56e53116', '0x1cb8523eea4b5d17ebb1d1fa5da70b4b29af402e90ccae9218db1db938bab26a', '0x000b44fac0995cbff22937345bf2823698befab01d32af61b23bd12b9b8dec0a', '0xaf761ad4d60358520b702d312bafd4128f3b17fc76ec3e7a3abc2631288cb9fb', '0xd303012cf030dd7e8bc40a578a250cea948f72244e605793dd0c50c5e8a4bf90', '0x6df6760785efd85506bdc12947f98805093c40e625a0f54bda8f0db31a642f2f', '0xde056523963e753b56cfdcb51d9c99227b08cbdbf2052feab12e76ef39a5de80', '0x9b573da290d12b3b68f773a83e788ced2725e68579eaeaf385bbeaa4da38a960', '0x83398e87f24ba0e0c0d474bdb2d5eda6ccd25649cbcfc976e6a26b9171ac1d68', '0xc29684c62cc34dda66b515c6dff88d1e428c107850a75e03743f30e89a7e9956', '0x3726f06654bf1cc032fa7677c232cab8d46cc893e23ac44480b2aa2c505d2474', '0x9bb526edce5b9780df69d5ba8b07374421bf3dbb1144533b014810881d67f1da', '0x4a4d413a4be232119c6d89855c28d134a969188e8c08971473abd55a6b5845cb', '0xa7cbdf71434c64c2f150d1fc3d0fc715b21209aa75d9bb405ed2ddf1f253364c', '0x05ad38de06d59614cb5c736e7a41e98d3790e6e2f1af0072fa446502ee3ae739', '0xf3ad48da2c0b50896460e4d78c72ec7b917a39428c24ab2927cec7dc55c8fdfc', '0x74aa4f81df9c30a257565ae1c846aed28efc221b6ec90cc5fc51703ee1ceffae', '0xd92810dde1cdba937e66bf9538eaaa2979dfa62825f09a5510cb3eb9a13c5b33', '0x2c50ac33b52510e439d4cfcd48e00393d6117291a34decb671e22dc04192b29f', '0x612ecb349b271bc08d01e21a697e4c4c14c34876046a1a37ec14dda742c95465', '0x2555dfdac08f3233f8f0785096c8f3a44e7d92f5d30fbee597333c6eb346f87b', '0x0a3564e66739de92a4e010e38d1759d443bba308e994a7f0969f45d48ead17a5', '0x5c6070d4a32aceb31b088a8b2817a323714dff3cd5d250beb7b5abf47e321f02', '0xcebcfd9bb3f4fadc41adbef5013ac8963e50fc53aa012e13c767dd696e50aa4c', '0x29248b27f006abd5219d437b8f7023b90a616fa7b77d4afb2f00d3ee4feba01a', '0x60f83fa5e6fcfee9255b44ba7180dc7d771f85881fffe779054f4c8c8d99c474', '0xdfb9450f6a282b763e7f581a65e9c8138037f6bb7e593b75435fe0bb7aca7762', '0x7b6b8b0d0e7add11aff73507a1749c6ef8d421a2a7c580a3cd5b6999856978eb', '0x79d51582f83f150b53b9abe5150f53ffaa7346abab919809f1dc6fcaec094ea6', '0xb653c8c813ffb4bd91192eb78760a9179bd512e8ef30aea7a0a4f6aa1c35f583', '0x5a5ad90ee0577f1de1fc6aa49007005e239c96ace27cbe3d711e41136f2c5c4a', '0x4c442db820697d87b56df67343ca61476874f04eb597574a437126cc84aa2760', '0xe9319ea53beb727a6ef1d29a8716768af10a2d5515f896110cdf53e15583f418', '0x6cd090f874ccec5a5efb959877a6866ac96a6ee1671dff1caedf330bb3bfa232', '0xc705feadef5871bc89efad2ad600a30599d0e09e7fa321479737144a85756756', '0x8febc1e80ba807043b95ae8a01ffecbe14b9c4c3d6a80d62b13fdd6fc640ff5f', '0xbbc590020e4599501813694e0e88bb181801f837d8517c717afdba187b7ae3b5', '0x01593d853ddf68ee3986c40f559856d5f93dc263e8c8e56b2e3934efccb93012', '0x4fffbdbfbbe6126cc3639f8bb341b102b83ee8e1492a0a2bd825efebf5a87f46', '0xfc00e0431d74dc9a954f82e08a9308b2340c2b147f6b02de6135c52a04a0d419', '0xd75a60481135371bed853a193ff346ad376c9b1486d94012fa0ae6707f89580c', '0xc1c6314e355a22b289574680362876adb09645892c7562a972c4857eb26a0a85', '0x2d12946dc9c65d3ad2a1acd5089bf2f30c02a7a48ca257d11547cc43dd4fe49f', '0x8ab041963ce2d13565b421d94a7173326382488bfaf5a5726d2930bb5d5804e6', '0x76174229221311024637213059f212b4c69bf0ae0a7c97c4ca747560950cf4de', '0x23efb1ca72a215682832d7e1e0a1134621b4bca9cba29636f45c196e91385b1e', '0x0c6b0803318628f2f9ca53f2d1cd8d52c1f77d828f1f5defec8bbb3ab36887ec', '0xb3bba3010f6a66c002401a3ad9d67712c8601aafd026adadb1a3ab5720bf85ea', '0x918887244f023ba49895d9eec649db5ff6b886e343b3f49c803c75ffac604add', '0x3f5e191faeccb231c420d4ca2f2c49993cc29ffc6df7c1f5ad62719fdb0eadd5', '0x0ece14acb4b0403f42339e84c96a52552cd6c8fd7d9a6dbb433f5ac477263a2c', '0xded76d47178d707de58ef9163725d66e507a8eebf16972791e7a67ee5d209d3d', '0xc6356a5263130c724b2a680999528aaf70f57863527e26789fcadaa6abe21fba', '0x317ddb108d53416c01301aa37bd0d1a5bfafebeeee3ed19ce01e5c297256ecf6', '0xb25fd38659b61a001e461f25263b7a68e13d47cf73a3ae932bb5c08958437071', '0x36131c740bd819aae3b4f7638fb0bb6e9378e1f36e458c989955164280c0b1d9', '0x24a24012738ee71d1edbba22302be2d0572ec2d0fec15365c117d693f9a5c9d8', '0xa0d985839b52a610170b09555cde535a9a8153ff124fc1b221e44e7da14d7505', '0xd305cca0d1cdc8c6b7b1ee57bd4b2601d3c6b34a3cead008eea4670780225940', '0x6ccdae252d56eafa843bdc26a7fed97a773ef6b9b8cc77268a43374f74b563c1', '0x3cedf6615abeb96378f1e55813de3224e84810fc165d705a67c08d67a022b1f4', '0xdb02dc7abae4845226142f2cd56b4bab436b8a1fe88f48dbcfd06e3f04820b68', '0x8cb4dc9a84fd1e96ec19f328c137f1e551c0df5a5b5a8fc7aad38626a13b62b8', '0xe7e90a232d7c6bb8c720a9d14a55464cf3b08514eb3ed92eabec611f7905957f', '0x28ab7990e57713ce80c50a3db8c12dd69f423d98ed0d2243a1c92161649e0250', '0xb7fac7fd45c006c6e3c650466161695a79dc0c843dedc1727849a9b1fad3a380', '0xef192c8b8fc24c5361e841f69a2a9dbc9f1f6148da83f9e88609ca443eaa475a', '0x1c4aa5106209fd5d473db42a715b32786e093a53fc945e2c3e4731698ea41419', '0xc244c6c3709087b671b10b0bda6a56682e35c2d193d4c70de011c0094ca61124', '0xa3b87c115ce9a30bce3f65fe5f980d1cdb2404675eca7b986c2ce5dc1bd6db25', '0x1f1e9ce4581ece1fbbead60d7ca6a59ebc70a9af783eca8b12c652587df7dfb4', '0x9f30659fff461b6cf9d6f4c93348dbe1cd388c06ed8ea09c03db002477922700', '0x9029219679ff8139daf6542d9ecccc75ce577eb1575782f00081deebca7700ab', '0xbd7da1dab1b7bb450bb700cbe7a811e7ae7c50dfe55ec25bd08cedaec4ea4db4', '0xe5eb717bcb558bc54f6cfdd3664aee2b58bdfbbf25668d3e60421124bedf8ac5', '0xe7d52c50a87a6fab543261364c9befdaa6b199ff32fb86999413e4aaef0f5869', '0xafd605c70698d6e8564e8bcccd2897f4312ffc7f55cdb57fa121e9bcc0aefb10', '0x203894bd6d956c7737762c3c61caf11023b5d22282658fe79c063c8a4f5dc30d', '0xd0db817044ca0030d458bc8587527fe50549a7114672fc8fe10f21281dc983ab', '0xa9e107cf11a6ecd13820a71119692dafbb67a3617fb7c8e5221c8b2b94086036', '0x42bfa676f180f74219ca2f983a3fb342b3874278925a06e3e8566587dc940312', '0x929db162b7111530cb4db3e205b8c78bebe1f78c4f6922d406519dc0667dd36d', '0xe0d46f94436c616dbd740e901127e940ea215b13960a20acdf4fefe017f6a5e9', '0x3ce63a85c152776dcbc4275d12fabc721f31edf95222bbccfbaafaa6a2d739a8', '0x906492f5433c6171a908b9ba1200a2bd5705997b2242c14198c64ad05899b403', '0x15f1cd4edae708380ad1a7cd374a15bd318d95509f3799ab22c3d88efaf33913', '0x5916d338a18e8ee833248980c4ebe054145ea3fa32c234d0413bbecd40e944b6', '0x98e370a49f3ae510d16f7929658fb8f9ddab2bb0815ee439bc1c7d0784aa0ac0', '0xb51e8cc04d46ba46d121ec936a22df8cd17762ec5e68bd9ac682f09fd44d87cb', '0xd076998cb556a507ab99de03e191510a60794da3a672c5647e0629c5ca542cbf', '0xc0540fbb4f230cd361cf9ce6ef54769b93ec24d3551a811dfceb518b2dfc5b3b', '0x9a3b9aa1e38e23e0eee2748240fd3f08d05a7935a4f6de31909ecc7b86698a05', '0x0d28dba106f6a037d145adae1e4f82431cf2585d9bdccfe9113a681703239e55', '0x285743237a88273283fcae8d8c8ddf904858774c72b6942639bd8ce2566e9982', '0x12dbcd2ba5b6208ef9823738153d156cf7b896f58ef1ae25b92a8f65f1380938'], 'transactionsRoot': '0xc3971fd10fdf43df23f7150f9879371e9ab685707f2b18d33c733cbfe5cacd29', 'uncles': []}} (async_rpc.py:86)
2022-11-28 18:11:31 [   DEBUG] Getting response HTTP. URI: https://responsive-convincing-aura.bsc.discover.quiknode.pro/3e7f242edcfec9ca1a36ef544cee66362af95baa, Method: eth_getBlockByNumber, Response: {'jsonrpc': '2.0', 'id': 42, 'result': {'difficulty': '0x2', 'extraData': '0xd683010111846765746886676f312e3139856c696e7578000000000040fc9c67c27b6b0b6afbf8668fed6790bd3f89a3a1e09f4d061e056a4a3bdaff48bee5b31000b8c95878f23d18b483b5c9f5feaf905db136250886083cb64dc609714f4e00', 'gasLimit': '0x7270e00', 'gasUsed': '0x1238f45', 'hash': '0xe1eb5d9a36a4477c9ec5b8f0b80754e02fb900a35813fb4d9741c093eee4c19d', 'logsBloom': '0xcf238f037f14f9da788f6d6f99f6e8c7ed2085ce6ce3fdbb7f79b55a1cf7b9296f76be798daa1f08abad7fc93d7ea9a45f0f96b73d2e9e1ee757d6ded56e3ec89660af2c9d9bd66feda3dfffdfa707ea29bb63199ffd2ffae7acb3ddf259af5ead5417aeef17ae5d965faeb19671da730a4e5ad7fd7d75a25c6097f133cf6fd213f9a7cc3c193f85128784faa8e66c95b2376c9d51d056fd253139513dd8dfb4efc10f4b57bc5b443c9fc1b90fae19e81e7cb3e414c3b725be7b7d26aa5a11fe62efc69f332ba98786acc737caf65fdbfef8f6c3756bbf57fdf3d24e3c5ff5a06ef01eb145f6f77827a21d41d7f52f0e612d1e0b5ec5acc2b1b67d1fb94a54bf', 'miner': '0x295e26495cef6f69dfa69911d9d8e4f3bbadb89b', 'mixHash': '0x0000000000000000000000000000000000000000000000000000000000000000', 'nonce': '0x0000000000000000', 'number': '0x1655c8a', 'parentHash': '0x6947578ec3e0207b324a65a88da26193eedf45a8773a5d9f44558abb220fc49c', 'receiptsRoot': '0x1d0a2562531bd51cd41b55c07689371fb60560a38a161cd1a8248c51f55f1e01', 'sha3Uncles': '0x1dcc4de8dec75d7aab85b567b6ccd41ad312451b948a7413f0a142fd40d49347', 'size': '0xb0a7', 'stateRoot': '0x8166cc3c155a215563577256736ac59435036f3aaa23dd61f002c50b70dc2c3c', 'timestamp': '0x63837e6b', 'totalDifficulty': '0x2c6724a', 'transactions': ['0xf32d208c9d360ae03495e2fb769bf95ba6443721fec0fa11bc89514679db4de0', '0x571e3853d9efc42bc5cce10158bb0609fd0d9c93be429cf8c3ea1054dbc3a274', '0xf1b636dc9340693d10b654ffa1d0acaa5f77b37a84006075be1066f500e349a0', '0xfcb30c8d81754842605cc1a500943d87fc70d4ee072cd148a8c506676767a82b', '0xbeec5d76d8459c4b4ee9ab3131cbdf8879b32e34955c345380ca8ef6260a6f2a', '0x565e47d3159f616fd35bdc96af2180dcfafc4bb5aab698d732003b99dd665b75', '0x62d10f489d4ea1c0fab9059cba23fd48d2161a74533c517039b060572ba23d1a', '0xb3ecec29a8a041dd3052c5080a473d0fdaab6cd15d8369c170209e0a59016557', '0x28a0ab43a26774f9ad907328b171b33911820ae9ecd1c01914949543c8bf4874', '0x8b3b2b6800c2a3d7a68a40467118aff073f38b858d856159f2daeccdba3bcfcf', '0xb777cce9aa9d3ad6ba5138aa787dbdef193de68c5d164531eafa25a70b41356a', '0x18d604fb45747706d2865e3cb7ae2e6e767dcebd9a460eab40c8ee92adbc4344', '0x9d8a2e079a3142f2f160bd75f3ec2fe3816353eed5259f6717e4a2e0fb4b1e0c', '0x2bb0546ad5c6896e13dbf12370b41887064b4d24412c40144f84fde30fce37a5', '0x4ec2b6b36841effd691b2141125e5c81ce84f535e5d21ec67cb10b58a96b9a3d', '0xde77809f4f8464367dac5ce8d427e63f61489f4f765f8d93d088211a39f12820', '0x893f22b28dd76f41c570a2551abda530eea7d88919a43f09b2fa3d82565ea826', '0xc3f4610608278787e0265d44f6926f03a06758cc422119f28eadb895ebb2b119', '0xb2274c7b96065922436c32d93cdf4e032170f530710fdab8d957080dfa812034', '0x05deeadfa6d1c67336075e57e0bec0885441e3d9906699afc6a2da53b36b47b5', '0x1c05c7f9c19f0f11e5a61840117fc57fb0bb6b89e7d04f74722241620e677b60', '0x0412b7eaae42d9e29c9380b610a0d5348fcc986134d38552747dc5f771cdf1af', '0x34f524854ac44098c3c0bfa0287a1235e1f5fe69125dd8f6f80775471d49c80b', '0x9ea33b5946b20f1c65d02d1ef413d5608f0218a24e2783807554085d56dda7dc', '0xcf2dbd33578df051210fe6099418915c1c085c259f77250a8efd45478505f8e4', '0xdf2be86a6544df7786e80fdee2da258a5899c17ea96177a40e466757d55c9c5c', '0x2844f904738c10a3196d8c4bd1b25243898e8dfbb14f998af63927cbf95f8f35', '0x4730a269bbbac2c388db2a322e535387a65f9fc3dbc5d0e5919ae15c7a1273a5', '0x8cab7cf881eccdc3957dc4dad25970b3e51918d44195c9ab103f64b2f40bf9ee', '0x9cb8d4a642af1b7b6d236d33238ee9f854ec1be86fb0cb49333b200d4b7363fc', '0x5994e769cbb7e0ecb3eaa9ebc562e2d4016ea5bdac0830224a9c148d4cf41e5b', '0x8e739e718fcda82a389a286d98b71d1aeb82dd6da9c75f5d664d8b95f7a4b88e', '0xaf2df2efbc7917d6500a9af36c8b807c6cb5a8f4abca8a828b5f092b1cfda2fb', '0xf65afe4398404ec0f453d6682745914cfc3e7753a62f22fb2cfa722148c4eeb2', '0x6382ffc77f26d74cc364421d582cc402aea981ceeafe9b8d6a995164eaba383b', '0x98a0f179510fdd0fae8bd629cbb3aa64992a0fbf7e943188a519d5e22971507d', '0xb54cbab2d2a00e13f53c0a141c02030fc6cea7cfa121ebd1fc57e5f30752d8d4', '0x5356621923c2e8e697d739f69ab1477fd08b30615e5a7b3e3b6cd8a1f3c09555', '0xe77a8e52e2f6c1131bc210549d393280496c9320ab42035009b303372f07c3bb', '0x7027f5d2a7d55219bda3b9b8ddbc77982a6461bd76e2be0251dc38224e987e15', '0x5c8f5a37cc12b97757ad2e42b28a6afef81bff6d6aae9a42490b2bd5c9559b46', '0x0f541a2f0a76ff7b4f2d3174b8a73fff6829330b09e5460cd4a9397b8e5d6804', '0x97ae35d18eeb4c2692da91e69faaa06e2403743b598e149a7f555316e586e722', '0x3bfbe54e3de05c840e04913aba865d67ae08f9bf35c4e7ff28443159a24cb783', '0x537aa76fe66e959c4318611dbbe5d0434de72ae0f17e955b8ab9fcde02bcd023', '0xe4b5298914d65252fd4413e91de0f788ca60f0b8be917490b0a48689da9e9cd1', '0xe5ea09a6c06401da077cce1b8296144031c5f2a8371b63d9e26be71d75e98921', '0xe27e36e7b9ad947b51b82a3d8fd377c35582c8313e060d5f689fe02a686fbdb9', '0xb11c77fd18e0ead527ab76307bb65f25096cc1921c21d1b901290b7775cc3416', '0x575364f7f65f70668ba5112065ca16a8855c88b1975687911f2877fbcc4dc0c9', '0x3c22c5dfc644a375fb2d412461fe8c16568fdf0c8acb7afaa65bdfdbd507cfcb', '0x883fe728e5f887a15b393addaee2a69da3a25e80d781c4e0a7655eca8e0f691c', '0x117df4b352bb2f2a27f179329d50c2cff408d511c8f6df54d247aaefcfd53baf', '0x41f3bc303175839b8c1bdd22040d6a8837309c76af76c93f1f0d0987fc585c7f', '0x78e4c6b1de8236598285c2ec11bf720212bbf3e0ae90e8823a59976c11f59ed9', '0x40c8e0801ca234f9d592d1a3cb33d230c841bba00129aaf29a272b13aeedf0e1', '0x78f0bf53d4b43fdfd3007bdee966ce8a36b719f7b8e7fd9da816560fdec3a7a4', '0x6a7ba91dfb32e91da498683570876e663d7fa54a68ae8fcd3c3de6401b7709df', '0xf16bfd45eb9d0679d0be8dec07abb625b66791875fcc983c8e001ffeecd84515', '0x5f531f79a76fac73a9a5d08cc8529da25cb5e080ba7649e86a704b232331da7e', '0xd2173da2252c202d02619ab6eb1f3be114f69d93e3c7bc8bd2f919c7fd9b5647', '0x98ac2028f31cfd80c724a6f1f870cbae9783ba0b3ba6ad9ca7e0710b11a2f50c', '0xb24bf15ad985bb9041060693e85eca1c6d41b2bc58a7f0c914532141c6ba5af4', '0x2c4666215bf2094c86853860f561fde89d71beea4b895260823e9fc1ae5c3e86', '0xcb6b90ad0d2d454a9dfebadce52411eb97b5ac57e6c10a98bca8944de3753d16', '0x44b140e752cedbdb12fdbf14154f922cd0234e2a3057a2ded6bf9d6a8eb48235', '0x371a89daed7e81e281957d7ee0bf1115dc810b6a8ad197364e5bc65fc8581de9', '0xd934420960b2de60df0a49a5d967b8bd17f6f519eeec694a889dfbba51386c86', '0x666631152763cde70ee19fdd246fec4188550696a455682bebfd72c3304656ee', '0x5ff064abfd63114626afd901795f5105f25c0d9319cc13dca64daae0d8574da2', '0x8a5fdb9f9238b7495518e705a9993bfe9c73740d3e703e0b0b88e805d5c889a2', '0xeee3f94ed904b9fdc68ac65d7beac89c8cbbc3dcf7a64b8828f29a37938e9c25', '0x1f20a91ae287d2875ce6ca015f5c711c99271fcb97c7994bbcbd12186de95c1b', '0xc3a75733d9b6b341ad5443da38e8564d6a4413e171c4bfbb1858f86b096ffb97', '0xa6604502a010a3af028952507be245df52acb24217d431c04d9f69a0fb685fad', '0x88581dad087999fc1dbfb94faaa4e0c2e5171741567c22a3377852fe9706b936', '0x2cb87b1123506b8b3805717c79d34fddbc15fea3ea0db6db8657eb444e421311', '0x2b700869fae772504905c8f42da09cc06bcdbedc45be39b41c872acdb6ee7544', '0x84a3a291dd0bd2906cee64257b9d5060180952c53e70b46f1c081462d72b7b11', '0xc05177b5a611e2cf0a6f5a174a51a729d75f6946859cff4dc7bc3bdc6a575ea9', '0xaaf8944d68bb2a0d69b5b6fdec275aebf4499f36153ac0de7859be080cd38204', '0xcdc5e7fb75cc5eb19e114bd75d03c96b083bb66f2ba7d742c076e53c607826aa', '0x65e43c134f97cc73641a72dfac24f54486707a6386c45683c30a225d1897d335', '0x5cbdd67ad25b28aac47ac04b16177effc7d508c7836ee58e5dc4a5b823e948a9', '0x1f4a2fdb6dbbe46daf76f170cb0409a10cfd408364dd2f06cf1853613e595b13', '0xed3bf6c165b1c420e28e69adbade0adba1c5ff85007c581fe628840b0bfbd878', '0x4812b90707e891fa87c879dd5c8ba3f0468d5c023abfeb59922663b8f7dfc00d', '0x2512850e670a7dbe6f0b3e58fe4e4f1e6c809e03557e6062f17bfe20d015c372', '0x3e988f086718d2eb4a092836aadded26e8fc85f1512d2bbde2495737605d8c42', '0xdd9a904ab8340a0e9c2a6df2ae9d3e98e4224c27fbc4730615c3f2c717cd9850', '0x70af2e62863dafdc2170634482315dc3d046f3cb53c772fef44d0a3bf403161a', '0xffa07a5f6b43bfaa8b317db525f8400d308055ae7a261759061885d9d78be19c', '0xd610d3dd982c42ab8962f6581f889c3492d5ece49c90fcb67d182600743ba5e0', '0x7f4e823e0180c0be6d4184bce7b1c157e02319c28052fd4a6bc4283686ed7efe', '0xf498002ee50d3424ba04d579a50c7b610896cd54350dcd991af1f7d4259da341', '0x7d10c10ab76ee042541bb0a9256b139886c0ee238be945993d95477e781b1778', '0x06097d036c3a794c3e8bbf078a7c15c4ddd47c6f2643efe708fc5f407bf292f8', '0x1a83b1eaede28136154248109ddd02856d9ebd7c3e09c9e61e2677e91a4b2758', '0xe2e08d56bc9e836b480e7e6afe13237df6e352bdde97ac9a5b59e1fe501036b2', '0xd8910453acbc040d2dec8459af3a9ebcb31deba79172ad5f5f028ca4fae78836', '0x956dfe3e0a1dc7969f424c577fed28f2aafa6a1ffbfb619e0b6a2638320375ed', '0x4bf10b4bdadfafbd4b09deaf841789028ad4d951c1c9d979eb0fae482805ff21', '0xe06ab0b973c0f3c07407950a7cc214fc4cdf7479ff2085a3706f93294297eba9', '0x55c86e383897ef653237c2dab29e72be9b99697dcfdeb2b036fdfc5f6e0fe2ef', '0xca4cec180657d15f778ec645ae1985a6832d8e2c536b08520286a603d93917c1', '0x9161c05bbcc9097c0b41c52884ca63378748983841255ee8324fbdafcc73c1c1', '0x782524bfd88f195bbff3cb243539a8edeb91afda4315e09727d1f5f286473f49', '0x07d34447a68c56d7d0a25c6a8f48dc762b9791263fe95eb0ed938949c088cbf0', '0xe61dde82f89a265ffd5ba131908d9db4309603e341f677f1e9e4e7f28d57735e', '0x21fc27fbfb3887ee07fbc7093ce7310c41f354cc278de1de36d6c893969477a6', '0x9d8fb267d79bb8f7ded2d58c3a783161013109ad34ff03fa051dea88c694ffde', '0xe1b07d116e35f8135f6fa2e68eedb675a556903075ef84cbbfb9c5d6e7b0b244', '0xab0f955d11e91b9e54ef5ca707eab26e31598d0501e85f824de4b9060efb4b1e', '0xd169d60a89a729e3cb6179193ca84293a7abc11f4ed0e083882af44245ed4b38', '0xda5b99ee74f31237bf423901b513a140726c02f535f9052366f97e9b098291ff', '0xf34b8b71d86a70c178adc126f20532945f579c58ff96e3721fd286b67647c02b', '0x8bec486832fd0720cda7d5bfa57d267c8484f9446f00fdfd047c9351a9efb344', '0x683adb67eccf02c5ed798871f50291f1693f89b69500374d84193fafb089e172', '0x437fb3298cccb2599acd2b08e36daf61c02630b931d64269c9bb28989786af2e', '0xbbfda4ea5da8bc237c5bffa7a7a3c4cb757d8f9485e797e0dd356ebe0f083963', '0x815724f3abd9cf4f5e49b00d2922373b364aff4d5c43d93accedc74a0f18ee77', '0x78fb5238e10b9549539e13e2b906f69ebd4732c08b99a62de9d3cd3b45e6f17f', '0x8757937deef4124f99d06e9d55fe9c03ab0f23cfa64b302fd47c363986c0407f', '0x7cd5b62ae039a106d614e7896cea5ea262c7269b7635d3c5f3eea55709912490', '0xd318a3637342cca2aa7e3b15b7acc5687f5c2a4f0cdd2cfc98300d77fef5b1cd', '0x269ae866a6d1ebbddad5f46cd82b9b02b2a7aa520b556fa5c1a85c6baa370807', '0xaf44fa750c591c341221860615344383cbb2eaeca910e69c84f068d21f0d49de', '0x7466b66148b4adf24dd4555a3a7a5f96eedf6b3b043e2d651c7435803961de52', '0xc77258764558da98e4b05eae5d43e53f29747c3ab98ec5122727303c53daaf48', '0x8379120e96ba2f03e830f6b33ff4d451607857c4751d50739f6e5e2d4cd5485d', '0x50195d0025f780fe79994d432c661aae75a38b3e937aa31c28e3aab23d4d1604', '0x859042909c6ba5835fc903671b228b3f237b92645dc5a4b6aa26df90f99997b6', '0x9de3376270b52be0c747748dcb09558204670f3ace64befcd1b9f847077dddde', '0x3d8e33b149d543e06aba4ebed50702f6190cf9b171c7ad79c019a3a0705871e0', '0xca97265346a14a224f90286c20294fb2acdd4bc70e8ba2ed5f9fa338916804ef', '0x9d61c776047d44e82b953c381b1cfb9f8874670c80a599992d8b7842aa4691ef', '0x5f30fb10b9c3c61a6d2d30695c2d492384e3fc697af98672a3aabfaf71021c09', '0x254e099fd1e292b2a69f305a1547ef77e2183057103d7f5b395444282c0e51c9', '0x19ff085acc69de4340dd3fd2ba18ae09172ac54abee89d9fcaf286109bbcd0a4', '0x004f8802af200d30e905a5413a7e52bc7c68de579d5823b6f470de8908930afd', '0xa11e56c6755dce6a7efd5773cc619663374d82784a503d8e03b873bced30cfd3', '0x3341ed1bca2420243e1e16951151796d7cc06dbdfb38b671a7ecaf9847531f6e', '0xebf9554475ca923b3e0ecb0e5fcb1ad5102bb15cd3ed055639beac449a7af501', '0x5f6ead889f6d03d27b326ff17db97389d635036612ec96593575d5e0c50ba7ec', '0x66ac28d06bc043e0c8780a00e2c7c0761f5e25caaf77a7e01f1bfd798820e83d', '0x74556a92b29f8c0909d8f1a59e3862a74c063b1e1b2014995be9b42ca61aa617', '0xe170c6f1ba442c6ffc704308680a7547b1dbad0d45c8636622f254774872ec10', '0x48c10a9b2e03b92d7e3f428b9c85e89e26a4416d87308ff3a3bb8fc58186462f', '0x669f1ac648a3e3587ccb72e5931616b9fa494aa051f0afe864c79be2570654b8', '0x3482cafefcc0c99acc059a33e39561eb31bddd3e0f710f56738ae879662fa6cf', '0x0df706b4d5acc5a4277ec9c072a76a1f483e1387194fa1aa73a8ce196bdd16c8', '0x4844c8822aa56d2b4aa16937e0974dca62351f1958aad9d5f330bccd09895bb4', '0x02678a6c32e76e4fa5398df7ef7e5fc46f26da3181c0ff7de3bb283443adba1b', '0xaec6c61d8ff5dd6b5a875f380858107e08e936b4ec3ff471277994ae2b38325f', '0xcc3e8e5fd8eeb5efc830e912e5beeeeb1e38a2eb52411bb2abd4b4bb88e15eec', '0x9963ad6297c5e7e591eba0cf1d19d1212b3adf6e33cbff3d9c852deb80b7667d', '0x7665a4e5b052438689c0ccc3ab52ea7ccc4ca32de920870dcfe61dd0f3004c70', '0x87dc2798af97a63c8134be24e6dd2bd896a918ab5881f8dd56529722537431b3', '0x1f354de0625c67f01ecc6bc2c74241bd4fd881d308808645c7a533bd2348695e', '0x39a0db0e1b6e305ed675bb1aff789af32e53111f2738e346858df71e86f38997', '0xd9d6f5e7ea4f271054b7434a8e77d230d7daec351b182d6f16f600ce6c39dba2', '0x10ef22dc0729f1b668a730f3dc3b508c8efac796a10cce04e72be799a5de0ba2', '0xa0008d699743cba8ebd5029b19b36ebff5b4c6c559c5c016c888bcd910c6b841', '0xd97ad6542434362896bcf66960dddacc4c12abde4b14b78f1d73e007c9f04669', '0x1ff1671e0e88d68c50e71799492e21da53e711e45cf051c881dc149ebe4cd026', '0x8f00964fa956f30b138ca2b48463a959b8bf12de715f8e0cc0d9b1fca8d923ec', '0xc89f2f2e883350b8f740fc37b9a7220d58e0056ab59e0999d1342e4a62bc294c', '0xf276cf7e4e0c8148e3488a2b5b54b19ce4d9c9378f606d443a2b4a726c51216f', '0x24d3b94092b8f030a1c29531c7c6c1f63e49181901376947ea240aade3aaaee3', '0x922b350bf73e01e152cfaaf4100d03b64a963c75df75889969d0bd99b874e6c2', '0xdff73527309d77b9263c523d0bc04a811b6514f3a867b5f7f56517ef48c2472c', '0xf95b815e1b59fd8aa623361a8da57ccdb07c598bb9ab5ea7a02532de8bba0802', '0xf59b4c087447b191719e4b0de68e38b0a69f2d8ee6a82b8f2560b4767033448d', '0x0bfabf646a9bd7f98c047026c50f789b2bb997fbb8656171cdccd14f72693907', '0x623029f851d8df69d565c90601b65437f6f1b36363ef4244cf7ad2529db3cf13', '0x9b54062e20965ee32fe8f82f0fb916da56479ebb274025a8725b44d2a5aa107a', '0x7c3fb4b0ba2161fdef0334ffe5ed205abb83747be621c2e44871e6f364f9081c', '0xc239a9a9343c16130d14154c7f33bd15b3e65604d096e8df28c4abeebcc32a0b', '0xb299af6e79d55bd3113a8ac7a6b454bc7e5468449e3c4608c3344b9bea3922d1', '0x4b45fbf3b6f9692b99a1bce26a2097d059207052a91ae13166d92685ddc29276', '0xb6169cbbbf9a83ef020ba4791e39dfa99a9611ea934fb324a003714f1f100815', '0xdb2595a92551075f20ec5581627935cc3dd6f55a6e84da9b31108419ccb0192f', '0x450f810e26e0400c549d8fd1ff9805103e6c9f2e2a96d00761f9336fbc862c3b', '0x7e8856363461149b8c3f7cca5480c074ea37b38c683a0a4eb25309f89459a34c', '0xafe410a4cdbc126f18463e25bdd9e11f5c17304e71ef14d5896e6d5ef50cf127', '0x280cb1b93fb90e80d64856eb303316c40d5c3b742043396edeffe7eaa8618b03', '0x3502695036495b486044cba62f9da999438e70674b6cf5f3e35cade34b11b3f8', '0xd00dba31ae1ef3d2f7f5b9e3bd6340f43c87bdab4babb61b3936c8ffefe81082', '0x8996f6aac906ffa509402ec529ff625590ca5b563961ddfd24d4ae6d17c62b9b', '0x329b48ab12d2a58b484ebe4557d615f708a257de166af1ceb746741446e148f5', '0x40a8c22d0139c997d9285a3834f7048735a879bd8848a13c4fc3acb3a84a8f0a', '0xfe7cc71bbceb1595e9b87f885a2deec327f4a295c8e2cec6533d55e1da4ebd2b', '0x3419cf057bc461fdb9a128b2eb732c3203eb5c129534ffde23fdeb5c3ca7f2b4', '0xf217cc87c8f3b46346e0cda962954fe1c60a7c829fc8e4971db4e32d1de4f01d', '0xf260f7cf95c2069d4655fc3050d6c8ca7d64049f59f528c7191769b078ff959d', '0xa553092d555e93fbd44586e5b77363640aac7f0ffd19fde4925b653e75883a9a', '0x1875382843a0f861c3b8e46d34c6a8a48f4d713c32f17caf3d9a60d86b6f7fb4', '0x79251e669fedbf990d9761228f94a7fd58c276ed0228ecf2abf9f9604b364da7', '0xba4b8d21df898d995add76607b177468f1c81eda368866e97a14f375abad6192', '0xeac36a7a7a60f5641a514aa07ac8bf9e5560f86be9a05d3672277fc5a9d72622', '0x173c1735ad50ab6eacbd5f70ca556417b1b5039c1394056a3f005024cd73a6b1', '0x151003e8dcf3e9da4721375b7f45ba7a3247d94c16396b4c3772dc096c44a330', '0x2c96466d6b52f37b098256f37b99157e41f6e45c962a2223ef96ee03ddc6ed24', '0x8c7f9d198e961b749c714cf35bdf90442f253761daf400e952b9ae97721d8b50', '0xc41c3d43d1c022aaf61c29b2e0e2df86de852d31568750ea6929620381ad57b6', '0x7cd6e070b54915f3502554c129873e257890afcdbcc2101483d07a0baf831725', '0xa434a559c5effe13505ae90977d76ddad649097888cd0b632b131d348d82fd45', '0xd0c62478e6b16c9a4e5d1f86f9007c4b9480961e7c20bd0a3490baf1f94fa443'], 'transactionsRoot': '0x6ff53427c6bef4b79be8ccf3693d7b1817bda6d607333170f4aa52488363fba0', 'uncles': []}} (async_rpc.py:86)
2022-11-28 18:11:31 [   DEBUG] Getting response HTTP. URI: https://responsive-convincing-aura.bsc.discover.quiknode.pro/3e7f242edcfec9ca1a36ef544cee66362af95baa, Method: eth_getBlockByNumber, Response: {'jsonrpc': '2.0', 'id': 48, 'result': {'difficulty': '0x2', 'extraData': '0xd883010111846765746888676f312e31392e32856c696e757800000040fc9c67c5b39f1f970350e6f420f9eca3a7f39e3039350d1e34a11feb0c643b1f08077f101c897f0bc024dd978f7160730ed19b9857bb7758d3fb9db56310afbdc2d23900', 'gasLimit': '0x7355c0c', 'gasUsed': '0x1d25c20', 'hash': '0x7f4d9a9068264d7c0711f263e34ad7c39d53cb1060e7aa879e133e2ba0a34d31', 'logsBloom': '0xffbf7fbffcfdf5febfdfffffdfbb5dfffffb7addf55fdced769bdd7f6fffbfd3cfedf5f7ddf5deefffbbffd376dfff7bbf57ffbf373e7e37f77f7f7be76edffedfe8eee7fdff667dfbfedffcfcdf2fbeefbd7ffdff772b6eff8f7bbff1ffc7c7ffde7fffefabec57dfff3e12f58edd6bbf2bfcfdfdfdffbb1bfde7feffdf7fa779bb3fe7e7fd5fb5ff9f1fe5ff76eef7f7bfd5cf2ceb595ff5fd7ffd3beaffebffff71ff7d7cdffd76b777ebffefaeff5facbcfff5efffff4bddfefdefdbdffdff3ffefed7adffffb7fbff4f3ffe7ea6e7fff7f3c9afbdbe4d5f75ff5ae4f1bcfff8bebfcd7f7d2c7bebbf7df5bffa77eb3e7dfe49ffddd9febbeb5ffbf6fbff', 'miner': '0x72b61c6014342d914470ec7ac2975be345796c2b', 'mixHash': '0x0000000000000000000000000000000000000000000000000000000000000000', 'nonce': '0x0000000000000000', 'number': '0x1655c90', 'parentHash': '0x5623e694da2dd484c38d5e1017ca98eb86e01c099303f08610156ce90481c112', 'receiptsRoot': '0xf014e4887b95eb943d1b5b50cda3e213053f125f866c58b0e7013da534ab2def', 'sha3Uncles': '0x1dcc4de8dec75d7aab85b567b6ccd41ad312451b948a7413f0a142fd40d49347', 'size': '0xeb86', 'stateRoot': '0x8372bfdb53b77d7ef8c1124cb526f2bfc9477e710871dacd84651380c3685227', 'timestamp': '0x63837e7d', 'totalDifficulty': '0x2c67256', 'transactions': ['0x582189facf34598e1f3f62e249bf373340e7abf0d6fcbe5209d202e1a8964e4e', '0x95d7f0ddb87714ca920cedd111453b3f4518e3c7ff97287ac366553fd4be02da', '0x345a0120a991bad02cf68d27b11b57321207b70681e1c7d01ed3301b0b3dede0', '0xb58a2b2d79d632f7e95036b581523c36f11c1b289b12d3c8089e102786a08f34', '0x5fff0aaa179b5b7810dfd53c9b8cd578563b8e4faf236b0905d4d8116c2bb3ff', '0xdf392dcc6d3bb06670d9f9602a0cdea7f9610a4ae9e805af997d204a3fa37396', '0xb4bdd1b2b258b085c0c038bf1b484af2114b021d4c70b1e818528c6f65ad8f94', '0x1412f9f7cc737fdee33682183b1ca1b5dbd676496ea73cb64fd242cd653a097a', '0x46cb965f381784636d3ea55958baa6fdf70214539a3321c7190837abd298cfa1', '0xbda5f9ef5bc94000a42faffffc819ba36bc150568d4159586f392f5b5aac8286', '0xbcc03afcd5f2f5cfad4055b5b908e475f7598ecc192b904098c74f6464177c7b', '0x1713827ed6c9a151ba73ebdc6d20d4e93923d9a6b5fe22d9ba9079d837bd395f', '0x513cd02768cbd50f8ea5234c483828c4403ebea7ef30ec3bc158e14bccbf9a41', '0xea82833622266a4c9c1f880408ee01b54bda39ad42315e8cb02c9c4904f5dcd2', '0x01debbf7823b0eadd372398541f136f056269e514cece56e8a98764ec5c944cc', '0xde3c6f3c69d0dbe6e99f457d59d9f86bdd18c61db42d5e2e2e58481fa43e3fb9', '0x7427f825e4bb34a985d0991c4736df280e2425eb50c562f9751cb303b7a02be5', '0x7357c1ee528721fedc7aec4982ba654f35f71fd6b0b66625dbae4c3df17f5ec8', '0x10a47925c9586b10f38e6f6b3fd4188f5080fc9c6f730da16b939cd47e585c77', '0x2775701fbab64f7fd972155e0159f56239138eaa8682b273a35eac26c7813550', '0x21d612d3ab20ea27cd88b632adb9953b0ba9c1b9a0dd469739020c32e5014e33', '0x6c5b13cd275e168fb2a422e755bfab58dfdbe001b130e1fb1bc9990fb1aecd5b', '0x4845b224017147d52f3f0bdae61309d606328bcb80aa3e44cdae1903348cf64e', '0xdc51e64570c8a24a814591aa000ee93fb8b74b570665b33ab1240f51926bd536', '0x2ace321636df9a0b2b62072ea419d6d45e94038c2174c73e2f26c3adb544ff57', '0xdd08c74488e27147b6bf34de182fac161feb0f892e5ccc66c4f8bf1c8e7d595d', '0x18b5a2a48198213feaeb56e753ecadc69dea1b2658423e8f6663d4180972e7c8', '0x76476435fc7ad1ac190c13df56a21a275f231aa706f7d4c58f5409ec580eb190', '0x873539133895538466da292d800dcee10741a5c5b6ad828e8052095f1fe81c12', '0xab81634098197df2333b1d9121a3931fd424ae1be01a8066b34e30ec708db311', '0x2f15f0ee5569f6d10c7024fdf452851db3ac0844b6bcbde3ebdb9a585ba4b37a', '0xa2b1fbccf673654b760d370a41269f1676b2952433df398c9b886a57614444df', '0xb12809fa2655dfc5849794db646656d4dcd511bccfc9f93b9f2c1b6d11308566', '0x4111c6683b9aa77bb00baf616501c4574f02f0cb9cde2bafcb2603e4fdb5a0a9', '0x5278317cb4f6fb416cb8c5ab1b62c3415b3758216614212f1d835610e0db6827', '0xc4ebab59cc2dde6fa6967a90f304c6b09852e696332bc3f282c938fffdbe8dff', '0x76fcdf5737b7c8b6763048d341020906ab8c0759353076514fcfb8a5e99933dc', '0x89cdd9b5a97a627d73d18dcc4fa44d1dbc3d7b5470bcfa8ac8b2fc00156af918', '0x7d24c796842470c3d8160f5b6641106c5b6aafe0f5a96a26338089e830e36ff7', '0x5b7c7e99e04ab337d0823bb60c055ea27a857010bef9a35d363e4399a955af5e', '0x380e1823c4928ec575ace0377adf0f903f89bafb29e01cac2201f0d2b45ba726', '0xbdeeefb6d57abd3f564902cbe4355f4027822e085b5e26b886d62ff601f2d53b', '0xa2b56452080f26817dc0e0a46ca4859f22a8696a8fd12acec81b233bb3cbc40f', '0xf57315f361167e044133defe11630cf16fe0bfa0762adb4e8d63066d1d24854a', '0xfe8aa4e34f458f98727f9f7adbe6d5aec18dc983f08a53fc871f2c0917dcf576', '0x57ed9e1ac74653ce1e8ab0383b5db72e696188326799e6d40730c86f2771cccf', '0x77db7bddce7388708cd8b1b9968976f4a47fba3402943347dd78bc568ce144f1', '0xc6058b800d20793be4dc2098cb428e4e436ef7848aeaaa558e6a5a60a8264201', '0xc1cd994320e7dfce740d0ea34e617412dd96da0dab29f12281fea4f3c5db92c5', '0xc1a62584472c6cb9b052a8721fc72415ab1b99c8d2ce5d740244f31ab0ad1a0a', '0xa9a9b124e3dfe0c3532009bef44816331b7dc10e7c2c7b6cb75932a129e1f175', '0x8a9a4d1c6b94d80d77da218eb26792101fc009e52b8a942df57aaa0f88cf93c8', '0xb947648aa55a6bfda481269835278087dfa0cd058ff1772c01f6f053efe5495d', '0x6fc7f995aafc39effe3794909d1c15e26b09b23719df9590a3411e1f64d7f9e8', '0xdfe0d551f5aaf122d374f10895094bf822285cdcabbbbf6231fe1909ced1d325', '0x2ad471f3a07355eb02b56c7d16d3bb88716881e138659bf4c679acccde7e9d3b', '0xce3956e37d9bc22041705326a846f246e7b6ae3e283ac3f4647da4cadc99ec78', '0xac2ffcaf6729d5d640eb1ed88c77b56956960ab3d29fb0c07602840cf17fb992', '0x3b94e575d3ca4a52457b710857a1fe056c4128b0fa98c70af10b97e6dd519991', '0x2c71b8e96131b945e09ed25aad06f96fe7c2a250c42cead43f2df299192db41f', '0xd810b5d2a4e19d8ba3983f00af2475894610d0cb7e08d86faa7bc9f3020c26b6', '0xf67365b2709258855fe3135fcb2dfffe4efe37e825a92438b381cbcd3c336a38', '0x574b9b15306351b89b273dc643e4aef2fcdcb922e443e11555c5351f51292560', '0x5909d0028807f4d4c3502f9686a06d7c0b414ea465c60360cb20c4c0d6feb4a8', '0x1d04c078086007fae2f42815708c65d45571d0eb6e7998cd92c8701a1980210c', '0xa83ed99986da8312fecfed31312ebb93589dda6d390366242743ac54e23b5c8c', '0xcbcaf9db52a1fb7d4ed1d49a47d624f78fef6d03312d56ce2cd388e43dd0fb98', '0x72a28e443c0ec9fbb6afd25eddeda995fae785fc16fca5b79a83332e6cd98568', '0xac0f5747e4271ac85845ababf778d37a457092dc07dd919d08422719cea89ce1', '0xfffa8f2985bf8ad8c286ce74269b7eb1b986e14ca345ae6469e642e3bc454bfa', '0x72b4979704b9028e3b48b3be335f50ebb3493624357e5e6d53d8a31e8060fdc5', '0x091b0ada03b57db88d70da043d1762012e32222e18066de25e9904892cbfe54c', '0x51640a1f2dc49ec6b25cda585ebde6d3077f2d14a4e2f0f76108a8f81406e15c', '0xb7305c90cfeaa77f303a6d6c2e2c313c645a3ef1a2f4902598fa5453d3da07a1', '0x77cc7c048d83d9d9348b849efc9e44a308d38e39ebcad6f4cc66c016bc7813b4', '0x51aa3ef10f7d44d9bc6bee7744818b30e48332943a52ad37d0fca2d63398549a', '0xd3d35a6c7a3d0c3c86c9e7fb57faad77ff0f34e505e0faac06178bb6f3fd5792', '0xd87948f28d506211870f030bbe9c91356798680d40a671a5f2af0f83885e94d8', '0x9974b0ef4c2d49f16025c1aafbbdb8ff1090693ddfd03bc31126c59e73171a50', '0x8c44b8c66e131299291de8b7d1bf48a6ace7884112c02d32376ae991ef908bcf', '0x8acf4e1166592ead454aed94264c8ca6a52875d15443a01ad9a1994b854da2e1', '0x538f91eb9203949216443dd3cfdb042c36b89483b7697d9c038d87eb335fd1c1', '0xc3485988f8394b19a9900ff10b4f29b7f08e1b47f33a16a6d2daf2d31c577657', '0x2398641a60867949a8ef630e8c65ea63d8a7df50ab7ebfaaef02002b54e07b83', '0xe1cb10c8c0433ee519f6360e2c43f6177957a4c178757c4289a642b79fdaf201', '0x847ea0ea7e3e5a8eee0c93b2f50af859e0b905e947db9c8e5aadee15b959cad8', '0xf4b823cb73a5beb501c65f8587da72ec4ae4f7e006eb2516f82162eb62d21bd4', '0x03c85f06b3cfd1098cd78b04692810c6b06b55010f1a309bf9bac9618b0dd6d5', '0x4f4ee4dd4b29fba4a542e2929d08a462c647b8a9b9baf2f4139e59a72ac6e89b', '0xed6f2f1763fd66eb6e10f360d1a6b7545e19c8b93dbb010632df5d711e485c94', '0xf48d1a92ce281cc5ba88dcce6870463ea9b955c8addc35cd77bc558105da5e8a', '0x549f57131117b00c9d1775e4c8de4ef623f41ffbecbdf38e69759e64c000626d', '0xce5bbdb4857dce254059eef7f83cc0ab06b4a3066acbbc3273c839b3d54074a6', '0xcd57730acfdfa5e93f63f6fe8b78b877fd19f715450f881c3087afde05e26a60', '0xca61d7058fc7cd3d3d367cff168eea9953e429d382a218eac26e5e247c0426fa', '0xc321276220fd3030513b06f07ff0ee37a85632794ccbc1a36adce6f27a56a76f', '0xacb5c26eb93de9eb65ae99771b56de6c323cdb9727cedb9283a28f2c0a61115b', '0x43f7eec3b63b8337af6693f781b75a9d6daca2bf93056d6424bee2b4e5bfcebd', '0xa999c5a1e0811ca10d2339ae0f226fdd1778af03e66cc6be089ccb612fb4cda0', '0xa59a9bef917c93959a8c8ce2cd5f79e7b9a8ab956cf15087f3a311558e93a5e2', '0xb95e2b85a70a6a4eb4e77ef526aaf370379060ba80815451493798e04ef07d5e', '0xd27e422f7abbe702e206c93cac1c40d5fe879bb56f84f7b4a4c6ffecd83219f7', '0xdac3d2d3fb92917bfd89ac9a6b1a712719f8c25d597b9ff266dc631b6266338f', '0x0014aa79820fc4de8f5e4b6216f1b8ae6efe143f07db36252ce85bae2b511824', '0x984f4d2fb289ad968906c76763f85c2a1c05bb007f09b7fbae63a5d10c9652eb', '0xf46aff6bbb4250e18f1676b480a26e58ba170a2ce13dedf13e5482c2f0fd200b', '0x8a304acc9270362a7df441d0ddbb28386fa8afe8103d133d65d64abb6d4d08a0', '0x89198c2a7dae61967ba2f7638ccb24bc3b69a907b5b4d7a10920c0d52bbd3017', '0x34c0c96f3047e5a449a1ae345577670156cbe22d026a3725074e4d4e88c08296', '0x010dbc4336570df4deb1c6d27918f4fcbbd539c3b077076e4e480db88e66c645', '0x15f06cd62e6566ac8ef2dc3ce99e6e1e4df95b0206cb1ef75ab3795611827307', '0x0a1023a4d777bb5abd52072165a0470f2bc51d943fff091ee978df9a9284de12', '0xd0bb6fdb1fde5c4d0d890cbdc659a6f11cf8d4bf5806dd7d9004bb5086021412', '0xd1630dc5c49a9a614c900d15c5a03c64e05870b798bb298bf1903f9950c1731b', '0x5420fc56b5f427dcdd05298de3d14a5867a19ffb2f1c03ec3f10cb82b8a18db3', '0xdbd577053a0d3f092ed8be94b8194cb379d6ffba588d7849ea2f75be8b7b5a49', '0x30e3714db0a60f83615c6129956ed72b6d8f8c75f74cf53daa1c92d1967e986e', '0x86f2c7ed7d4134770df580ee19191dee3a1a03fc805efc81c2f5515b0351f3a3', '0xd7258af34d0bb092dd4719f9b91ac34a2c99ab975f2fd3a195f2f151c76a0a9c', '0xf81d590f46df8051f076d3d108349f8a234c43592ba92062317d0ac8df88aede', '0xbd404897277a87430ef79453386afa5205bb93baf2f9a2c46cb6a686b381015d', '0x2ce9a7787a4390fe8eeedc63bb16270cd67d65ba340e13a0a5314d870bb637ad', '0x57faec9d049333aff4a1faec3d42dc635edeea0499874bc2ef6ba6216067d384', '0xfd490a460672897b8fe4cc0cca4e494f7bcd1ce70fe4216d519f92250079cf1c', '0xe38d876db95e0eb320242cfac02cfd9d274b821cb2d02b2d623ab592ed3d6c2b', '0x4277a59706ca5d38ded918c141b2957ec8989870e19e38bc023f9e43ccdf2fb0', '0x5f6421bd294eae2192137099fb77ab025d531afbec0b8104803eea5a496e3417', '0x4e027737eaf942ea267aa72db8b92a989f508e29f404c79a8dcbfc1e4116a6ef', '0x467ed483c5776d9315cb9d2f078c570e8d15797a8a82159991ceea46896e94ed', '0x82e25042abad92d3cc86033a0489d9da15758e27ec003187a718b1713e75bb09', '0x5a7d3ffe1ad85bb80d9a9b556e3c98210ab1dccac244cfba34e2704dd51023bc', '0x6b10d8d305fc28d34aec90f7831661758e169684b27ceaf279f5d0e22f09acb7', '0x1b433e54bed5a7b68073a140ccc33a430267b99a588cc26b58242295c6fa2f53', '0x97781c200e22a4e742e2f9b13bcd7b1fe85f3c8da27e60d6dfcebbe03740d90f', '0x322f1caf7cd0815dd8a3396c4dd0c282a472f410720a86f999d501d45460dcbf', '0xbd547d5a6002b59c7f63b1f8c0e1a1744fbfb9c1dc90e42ce45b11580e0fdf0a', '0x10d5f2f6f6de9e1d9ea10b7848986f28be430cd4d8ab6e90b36cf9dd00403a55', '0x29655d83d2cc4483a74ca7404bfe305a2df7454fe7a7a13dfa89a54ce1f9584c', '0x69efd790f4bc22f29268492144dddb65d394beb66aece443e1a8f63554a2a037', '0x3f57d3d904f853f3e4d4ad32ac91055dce93d2aba0f4ff856737f8950fe8eb9b', '0xf90451a0b75995b23dcff482e43b695c480ba3afe8cd3184380482e0df1492ad', '0xf34d6c6fee7fa0f0b35b73b55d9a81210525e3d802772f59f3ce3255d30ccc4a', '0xa60a95603e870027fdbfd1de31d00b027396fd72d1b79ab0c76275a518031ca7', '0x1f7aaa5804feb61a29010224562712ef300efbde23b64bd616085855dc0e27c0', '0x3b7d3a4220cd769a2a5499cbc165326ae864f10d441284b0f445935e4c89b265', '0x5c82cb330df9fffdf734292c3c74d239ccdba37fa0c61b3cea2b7bd2ab15f430', '0xe07ea7d1ead08e3c05d255887541cc2139618df4bbc739c810157db26ec02d57', '0x39c5f23e33c61881355d1e2fa8fc5e40a5909403ba471f59cd7cde193117ee29', '0xba38baaed859a2c6323ab479a8ab45a3aa3c38866086cf53bb942689e19d75e8', '0x212346d51f2d190ed8ef9141763bb3c510c005d23e82e53578a8752a2b69773a', '0x3710d3eff724fa3a8b13136c9a1a9a17e199be92ac8c2414e30ed31591a7fd0a', '0xb7a9c84d7346bd6431d7262e0d7209d7062e46328e5dfcd867e0e1e55c299802', '0xec1cc13eca3a6beab768e1c9ef21206dc462e31c0336258e03f46f63ff85d490', '0xa90beb7f26d140062ae48f74a988207f8cad93ed342cbaf0105b7cacac57c8db', '0x47134669253520d76ebe886472236f7437b0ec472c8338d86fb572aed86d0f82', '0xafaa74914250f0fa68bb3c4764890b138b4150aa844ec6e20a8b72aa4bfd50ef', '0x615ef0ab9ca284bd1a64c243e7b6ea4ffab6aaa7159f90c22f05bea9efdf883b', '0xd87642bbd7ddd89b5c5fe63159e70f1f7042b0819dbc931d9e819439c0535979', '0x1fab1e6b7d84d3b804c6b39e3b89fe5318d852871f83ba26ec477cb4f0a502a8', '0x9503b2c98086012f0b38769bb210b8b676e2f76b8f287ec47d077aecb505f070', '0xd55e71852c9038db31a752a0bc2087a907680accf4e3a747cbb46558ac115b52', '0x2316366285a2cf97174f0b57fe62e1b5f471dfd6bec2ce52e76a6ef8ba831c66', '0x9b8ea01768194b5e83570b29f0990ad5a12db905513486aaa4525a86c75ecbd5', '0xed150403efb5a6a9c8007310510b1d359187385b89a5a7b7d09712d80b03817d', '0xf9fc7b00f3a307e93d1b2ee51fbbc2448bba4d2c05370f2ce6a93b8ca6022a62', '0x8d7b310c4999fab5c1e560ef5314199120136b3842fba51ea5344af1e84a85d0', '0x20141a94402e846cbcf3be39eff4fc8a878f75c7a428992e17f2c772511e9d01', '0x2f43e5bf8c0b0fa60d2d00aaee0b8869c3df2c61b9cd5fca4faf886b6e5a1936', '0xf0c716704277c6f7cb05aeda66e5d6c457693b0a0d256dda063600fbbec5aa20', '0x9f67496abb8a18bbc1d977fc10ad7f3bdebf355edeca9650ccc43f2f055051b6', '0xd71d40ffb141e9e4a3f9272250eff43eebd5a56f65baa7ee334bdceb54b655c1', '0x9d7e885508a87bc0622188c6a8e97abfd0ed0d60a124006e3a1425610418fb80', '0xd73864fc465c8c1446942d293097276cff56d63e1857135a3af3c9a59d54c687', '0x1d4463c071a2912ff437bd53b3bcc965503c28b27f983e75aac7ba422da6b495', '0x0d3fcbb4c25cff02caebfb591d86cd239f43f8045c04aab286cf735c91b30e8e', '0x075ec07dd6410ae27c06b072fe3e640843e1a903c6a27441c9e9c77163b8794a', '0x497af335ceb3f406853a5ed5ca1c2032875566a875708f361732bfeab35ae2cd', '0x753eadd4f8107763e45bf7b69f4c9218c1c3f1da7dbc77642351e24ba96b88ac', '0x0b138af8199b7ebfd7e0989838517183e2092117c06a7b1f86150166740963e5', '0x517e3c23de7510e502efb3f057b92cb15f505f65283cd3b3e380b65d4b5e9a7a', '0xbbaaccaf859d62996328b1e25569d52350313d819737f2fecfecf5803cadb94e', '0x66e2dc789607e02f8dfc7c127b1531d12a572d5c20c129998b1156efa4f120c7', '0x416214f3c7c970f660968b88ce57a46311351de686833bde844b07bb45b96b96', '0xfa0a958429f39eb48c20eade268bfd914bbfaef310c2ca3b2245704ad9112363', '0xda29b009a6efef3d6951535a7672f8efbbc8683d064b40bb01a01a0b2b9108a5', '0x3f6954b4456bf9f39500252ad6ac53ad2ede4e5668ad1e6d88218978c1843b8a', '0x1a251f0e48bbd1ab3496b60f6bcfe6d22f65e9db2a7ac34073517a3cb1068a48', '0x8f6af143ce0b04e388ee5b100f60d46f080f21a79727ff62137f399194a93608', '0xe578e8f484d72ad6d74db573361b5a2557998fa5af567787414eb2e6bf4a9b93', '0xd5ed4927dab4bfb215158a5ceaee866bdf1339d3d418ab9928203ade4a6717df', '0x4e099fad186c9e96a02dd02fee0d41042d6c42201a20564fecb5a801a8a913e1', '0x1cc0532733d4b64387c5460cf7136c6f30bc8099b843fbe0103c771504a67672', '0xe1ee95b05833a9b0b622a5c56d37da5e681473dbf1316960d7168da275418dcf', '0xc628d407865a0ba777ff9d2c02792c99811e0977ae882bb6e5e7483979a12fb4', '0x25cf853e863062c7245ead31ed3324cbd6db5343442a3c9e1328f37ff7a3902b', '0x7e8b27b03c69b23db0e29408c8ca887de8daff9156d6a5fd82da1a411799fcc3', '0xa620ba1aaa2a5481ed1d5a24ddef9ffde9c892207d5e203dec663ba93176aa92', '0x8ae6b2318494773bc805886de78fac622d7ba9b17016f9a29e16b1c48f329aa2', '0x9b7e38cfaf816af1aff169a8daaa476387a2a90c595ed8a46582bca079a1db7b', '0xa71cfd81f989b1d8be17501db348e11ab553cf60ec8702224f5f1d00e4f7ac0e', '0xa9e7bd2fda78a284b5f6f815426f0d714646746bbc4f953731ed75bde058a2ff', '0x1c367269a1126998b1dde4a20110d1ffae772b8833cea7a6018afe5599e0db82', '0xcfcb95509caf2dda2c14522cb771ea30ea23dfe5aa42ea337ced52419f42d090', '0xa03193907d8bf6f8be0cb4062dbb23709c1a0ac965875cfa2c22986e74befea9', '0xd23e77b327637fb864d9339482bb0acad692efc65343d5adb35fbc7ce2c9456a', '0x8b34a000d041394e20a1f3f5ba82e0474cdf5b66291177d828dc7ee3de428054', '0x08ef156ec4e3ebde1dc81d7a8708749adfa332b87c1bf37b8b72117570052aee', '0x2e813640559f6e137a8ec121075b56448da9c25238999989462ab443b68a3516', '0x47e7b254b36b06be4b5579b29a9ea2ac3444dbab3a769fad55db2673883778bc', '0xda73c6c6edce39c9dd51da89e2a47fc038ca86625d6f89d64b3efc359743dfe1', '0x6761ed5215e63c65c80c552ae25549a75d5fae6971b420096c71e2cefa1bd086', '0x4452e178b1342d7463ffd5529753c081130f549fd0a7f783cec7f3d0e77ae3b8', '0x035d55b2488b6a86c86771d4dc9944601a59943008f9afb1cda371111b966457', '0x72ec250021336be319d4f3b795688385f78c6df8ce8e8463d5ae3a911dcdf7b0', '0xd3322647b158f60594654879975f04eed179c0bfefeb2796f35c44c69ba98873', '0x84577711c7ca731fefb2b68dff3339036132a6be15fee2aec989ccb05836d6d4', '0x7ce14f8f429b8e6c4e51111367f1dcae22c823613b413c9c2d7e4b49dbcc8743', '0xdfadb369901361bf0bfdf4bd7140f2a56ba3a894f2245fc0d36e569a93a657cb', '0xc3e8a0da8c7d219ebceafdf104be6f1e0fd97ff6b209f665953ff355b76c2a31', '0xa06c18ac9cecc7965c90f32f40935ac25a8c166385f3090b04d3fbf048294f33', '0x497c16a6169a0e9d256ec693fad04f8e9b8ac5b6ddfeb42ade36fdf1fad1bb53', '0xbbb7c19354846fcc0341d01349f5c0a46bc35c34af27c78c0e7fb8b6d0a42b64', '0x48cdbdb6c8ef0d95bd1d3a8a66e3504b9f7ea2b41ed5920a45ba843993bf2d45', '0xcab6229c41b88ae28e89de13ecf8b56fdadf607b500c7c31a68e7c1f378d0863', '0xde66856888f97d64ef72be693000affcf742a7b34afc18f9e6e9fbc29e96279a', '0x2ff0ef1927bb255bc117cddca1e9a6b2e7f59c5fb458005aa1ee05eb74c7eb7d', '0xb139a7fe156f013bab3b26a5b1c18657854456b171d79b2720f8f77dcea16715', '0x58b31c57de364b1cb254f92c591c540d1383161e03d99b06a139783f4bae5f6e', '0x0264a4c9b0b6eed629f66d7cbc55f34fb04c39fc871b1394d96a3d441ec29730', '0xb164876b543180eb1ab0a420fec06d530590685c470c7227965aaf5ea25ebfab', '0x7a98c97f9db6f6a4f2e8c52bd725d4388212061b184bf08e60ad00b24e65c99e', '0x67e1ef4d7b63976d5b3a2445c1d7640c61863d4b07a323821145d44a75129bcd', '0xece757e29510c941398f01cdbe54e47e8df64c050071083cd561ec9516419414', '0x9333ac63022b7094dcc83c3f68133e153f51983db826eeaed4524c1611ad00a2'], 'transactionsRoot': '0x5bb9ba2aa64a6e30e5d4744b4dba925622e7e6294b2a3d34103fa9e9a4729b1a', 'uncles': []}} (async_rpc.py:86)
2022-11-28 18:11:31 [   DEBUG] Getting response HTTP. URI: https://responsive-convincing-aura.bsc.discover.quiknode.pro/3e7f242edcfec9ca1a36ef544cee66362af95baa, Method: eth_getBlockByNumber, Response: {'jsonrpc': '2.0', 'id': 49, 'result': {'difficulty': '0x2', 'extraData': '0xd983010111846765746889676f312e31372e3133856c696e7578000040fc9c673f3f3872134b0c96f070ce42ca3b1b7926606c821985c4cc81b4c14019eb83103d1367a1101a897cbfda95e7b7728769971669be2dc4bec0aadb91d66f1b3dcd00', 'gasLimit': '0x73c9167', 'gasUsed': '0x36fb2c', 'hash': '0x13fc76675fab5cf0ec859743e19eecd2d3ed94a41ed3c971bdcc87bfde13605d', 'logsBloom': '0x002303000000121005500040a0000000c00000008500101000011120264201048201020804401000022088000404042001820c00400800022640c800186c000902204048004844044100211a0000002070121115124c0c4250840001a00000040020482002222121002100001001088008020050082a152008838050039200020000000020002104a0800000000010100a241485018004082d2900400ca80020222c180910000200320088000a00000000101022800100110000010012100050000000020001002200020001000212002510020080000019300004064240e04210900000000014101140420090151100002004181c0004486000400008000208', 'miner': '0x7ae2f5b9e386cd1b50a4550696d957cb4900f03a', 'mixHash': '0x0000000000000000000000000000000000000000000000000000000000000000', 'nonce': '0x0000000000000000', 'number': '0x1655c91', 'parentHash': '0x7f4d9a9068264d7c0711f263e34ad7c39d53cb1060e7aa879e133e2ba0a34d31', 'receiptsRoot': '0xae6c1c0c314f1eb4e63c8a6cfcec3d9b5f8318e681c756c0a6102e75794d6aaa', 'sha3Uncles': '0x1dcc4de8dec75d7aab85b567b6ccd41ad312451b948a7413f0a142fd40d49347', 'size': '0x1b9f', 'stateRoot': '0x50a9c690185c01edc8bcc23fd9fbafdb9ce166d79f01d8b655c5ee91302e1219', 'timestamp': '0x63837e80', 'totalDifficulty': '0x2c67258', 'transactions': ['0xb0ba39d19728f317eff4d7244078af2e76c8b3482c81d87363d9859567ebd2a0', '0xc83a847f8f96b89e46820a4e097ddb780f4fb6b49f0f447989032d33e9925f69', '0xb7416cd723fa28f85efa3b1da0726b02f0fa14e2682bfb450a3fb6e4ff85edc9', '0x9e3c966529f01f73ad60ad0a6037bad971e65069fd4b9ee15d74e108bda5bff2', '0x559974c9a7259150572c23712b03ae9c23f226303b7101c5ca37cb85f746207c', '0xf743376033ffc19bdbb4d1e76d8dc42eed17a9dae02701aa5746f0fdb0ab2e52', '0x8dc863888e7fc3b5a24719204a652003006e0dccf85abb535aa287a70786dcbb', '0x4de2e6279749f78aa12a9ef2b9cf913a2acd9dd9fe5b93ffae626d523eac2865', '0xc3d5b050483b058999a28c65863ad2f614a0c6167fa598702a07f7cd4a2254a5', '0x6582fcaab4e25efa2debd652a6e8612bddafc9383ad539b0a337991c64e963b1', '0xf2a701f8092a8b28c34be33e308aa238236b6ea9d29d0c5e106b557f986ce8c4', '0xbdca9ea531d3ea857feaeb3e33516ef96dd54f594f8c8916249dff72db9ed9a9', '0x70ccc5084cbccad2affcbe664706b73e5a69661a056a21cfbfdd38b93555bdc6', '0xd3a2e16790cd735b600f4b9efc4f1b9e7c78dff06062f8e1fa083a22e8ab64ee', '0x4aa00abc2796fffbacc41eed52d12487544bdd33eeb2d26e1d78d19c208c75b8', '0x66117ca84ff2dceb66966a687c54e44450bb8be911d582bc6e5ceba26eb4b845', '0x0a51b31019cd64b0be43adeec2a02e489636898de6367ddeac1c0bb7f80ddbbc', '0xaa2fd1347eeb4143ce3408e0aaa984a47df61fb979d1155823d6579deb906d37', '0x2f70275ad9195a363aac06ea3d17d3b3073082b0f4f021b8a89bd58243b92723', '0x69700d8ba15c076dc0c565b3094c55d5ed00f58e692cb558457433097b535fe7', '0x5a6bec57e60cbb25b415e2c13f1309d7a54dbedf54ee4e15b1fecc6b1fc3d7a8', '0x1bc6a53507ac13704e213b35ac46ce289436c6b143fd4c582a09f3f162d7f808', '0x97961427756e1f9227cd482a148c5f01b5809d48cfa920141e4c8f61f8874c58', '0xd4b4de4ad8f5b359feafd35c769c99d8085696725edf72b83b27661bed5a18a1', '0x52d1d323835ea77e96e486c7b7196943b909c3f65cf576dc740a9a5b0bc77b3e', '0xa8bb8b8edf180d28cc4c2234de660c7e1109d3d23369bbfc003445eb20c0cb04', '0x746fef144a2a4c9839b7fab6f76ce77f718993f4a3272b9239b09779989e0a25', '0x8033b8cdcb7fcc5ec8689e10b2e00788d1c97f12030fca556a8cd9aaa60acb3d', '0x6155d61e7952b40dc05052d39e311cf895c2fd7f71dedb67356fd068b8041578', '0x2cd41e33840a4cd157c147848047754aa613160c691415739e1c9ada5241228f', '0x5fd6696a851407d9a86b01023a26614355094b54f66e874521c1a7d75358c506', '0x48612d286a107a779196cdb06ff53b5e225c35b54429cf8d8482a26b1168efda', '0xea7426821165da0ab91be1c87180efc34c726ad07aadfd819f895fcc7e980926', '0x1ebc6343d7ed1e10f88b155a9723008de4034d040987ecb7e889044751a86d48', '0x38ccb2b9508bb45914a985235c0b24a9a324cc4d79a8eb4a1e0e327e92538021', '0x2d9315cfc478393c0cbd9d54b23eaa3e7c2519fc50ab00d3e1b21b11bed3500b', '0xcde0c29f45c3285ab99dc8209f8a35bb802c49b4359153792adc320e13569acf', '0x340b7ae97999f9fe88d09f397a8812ab4bd680d43dafb48505aef4187d21aea5'], 'transactionsRoot': '0x029f086eef48e6ba318676a94b0861a99a1b4ac26381822e7b323108508c89a6', 'uncles': []}} (async_rpc.py:86)
2022-11-28 18:11:31 [   DEBUG] Making request HTTP. URI: https://responsive-convincing-aura.bsc.discover.quiknode.pro/3e7f242edcfec9ca1a36ef544cee66362af95baa, Method: eth_getBlockByNumber (async_rpc.py:78)
2022-11-28 18:11:31 [   DEBUG] Getting response HTTP. URI: https://responsive-convincing-aura.bsc.discover.quiknode.pro/3e7f242edcfec9ca1a36ef544cee66362af95baa, Method: eth_getBlockByNumber, Response: {'jsonrpc': '2.0', 'id': 50, 'result': {'difficulty': '0x2', 'extraData': '0xd683010111846765746886676f312e3139856c696e7578000000000040fc9c67341068f9cb8d9e5b209b003a69124d08aa9c356c8c672363b7f34e760af46bd96de5beb4e880dd1fffa9581d4cd627496d23c13da91486f500964b0c64956caa01', 'gasLimit': '0x73554d7', 'gasUsed': '0x1c6845e', 'hash': '0xb5fa4a6a73ff730f0b8b2ae90a58f9fc3ddf10e7f4f05596430e00bf1e4e1f69', 'logsBloom': '0xefe1aaffdff67ffffb5f7ee98f2bf17fb476277ef7f0ffbef6fbf7fe35b12d712efefa63edd33ff763b311f30b7dfc3b9f3176f43ffbd6faf07d66fff9be1ed8f7aeef6f1fb756dfaffee96fdcd7d72efadfadabfe4dafdcedf4b1bff44b41f6fffd3efeaf6f5ff1f95daed4bd77eca77eb5fcf99f5bbf9e4ea5ed7f9fea2daf7d7bff5a2653f31c7ccfb61c95c65ef9ee7fdff77777d79c7b5fd5d027feffe8a3ef4d6fbfdcd560eec7f3e67baf8df80db6f3b677eabddaef77baea6ef7eddeeffebe96c55eddb7c6eb7f3fb7ffb697eb0b4fe9ddb7fb1f2ea7bf6fdd5fe1fbfffce9d96ec77b8fe77c9eefd5eda36579f3eff17ff3fdd78ef6e38dbb1adc4d', 'miner': '0x8b6c8fd93d6f4cea42bbb345dbc6f0dfdb5bec73', 'mixHash': '0x0000000000000000000000000000000000000000000000000000000000000000', 'nonce': '0x0000000000000000', 'number': '0x1655c92', 'parentHash': '0x13fc76675fab5cf0ec859743e19eecd2d3ed94a41ed3c971bdcc87bfde13605d', 'receiptsRoot': '0x06d92864b9f9f1de13f69e0b08406b70391b4e9bd6917a3db085374291cd740f', 'sha3Uncles': '0x1dcc4de8dec75d7aab85b567b6ccd41ad312451b948a7413f0a142fd40d49347', 'size': '0x120ea', 'stateRoot': '0xd5e3cebb3fa3f8f6a9c3867ec6de3c69be389afc0a77ea5af1ac137592a96a77', 'timestamp': '0x63837e83', 'totalDifficulty': '0x2c6725a', 'transactions': ['0xb9e06fc7358c3d6bdac18a9e18dae028af781c3cca7415f3b06534bfacf3b9c9', '0x17ad6f7ceb7533df9ae7e05fec64edf0250b4827c1acb0f4055b20e6b351f66b', '0x26a2d5a38dcffaaf5abe5c40b4fe435d0ab0b782e36cf563739dd4f2cca8eaea', '0x13ee614de612725b093d719d083b2bce24d62548b5a101a2ae415d3b6145d878', '0x316562fce63cf50878192456ec43d209653073301e390ff6e4b4592116acbc36', '0x25510f5a44b265816b6847b63bf15771ae8d3e1b6c711ac6d90931c436bc95e0', '0x3c9d16744d4e05d698a481a9f0d1f1b0cb7244c8fcd722d0f1f4834e58216dae', '0xa6eee6ce9f25306ebaa7ac3b99a450aeddb47f64837ce0858b88f4cde218fbf4', '0x9bd893397ac05df7b78fce4a88514cf7b8a1ad2a029a86ea997df1b53c7742cb', '0xf28da51f3fa5eef49875979b17d2117bbd8fb8d0dfe4bb29855ce31ead475ab2', '0x2894425aaf9fc1a763de81d39963172658b11993838c3b6a5ccb1029ea1b1a3e', '0x76ad679fb2ff798de8df244ad93d227195c3d9e17aa60ef3bd70dd63497e2d7d', '0xb7008c7165008b3f3e57557fff6b30cc1e13ee4e9fedd260f19732bbb4c4a353', '0x2c6854266abc4cc84d1f7f61c6a8d273333ae4886a6d227db7299007690858d7', '0x505a12454c72ceb16298b7ac3ba33eea46672becd479edb6ce774a76731f92f6', '0x24b8a91ab7840714cc9a501da350b954160f04c49179ced85e8d835a511f00e8', '0x720ee064ae4c0ee89f0e2f75ad0b2463280ac17e1cefb6c02f5cb2e5435ce5e2', '0x134f1113f435ede8ac9963a8e46026482d76a22512cdaecd5edab72892b6e1ec', '0x7667d919bf03d33a55397d4c88ef6839e9659cda2348a3b69b763eaf26737c83', '0x506d38aec87309c330772cd34b21eb43e8ffdbba1e06e37c2301c829963abb79', '0x5c825b3edd99b62c6a1c20970e8a7957b9000938ddbdd63416d46547470646a3', '0xe21c7dd8da1b5d2a6ca1822e2d2513009da8492471d7070d66f0d0d27ed6779c', '0xa1f162a3d94a152b38e7b5713e0a8812e443517a75571a7b4560168f8cdcfb96', '0xe1ff10731c28a1fa65cb818eb0e7c0ba6fd5df8172a850c3cac1f1f752941113', '0x1bafe384d6373cbad62fcbaa4c4ce806f756c8f12bfdc3ec05e2933f289e3a5f', '0x6a5c219c38b8bd29a7339abea50ba41243a0836c09178c2a4f8adead68fdf9b5', '0x7ca7f8d367ace234ff0ea8e89d25bf410f758b68e425c807226b0d81c90aa0f6', '0xbd311be7e48bd39c169531f6fe071ce2941ed5a97b4e86e964d99fed1ab7d661', '0xc38ba379bc887cafcaeeb709ac6b39dbd7bacd4c40396a6bb39915b52a3e53ec', '0x9100721a234c7cc03f2f0d5fa4d83280ed324aebc1c8bce213c9fba851d153f2', '0xb7c285b695fe32eb23d9b0d67cbc7ce0a6e38dd0b1e331b753939cc15fc2f3ee', '0xdf584ccd352d13bb09186499c5b5f997ca6794805e6a298038ab6561690dd8bd', '0x957b39fedf168c4982eff8b6a665d8ea3334428635eaf7ccbc8d0ca38ae971d3', '0xaa8a0e55648b4cf2f1a5892583a32a280fdb5c58c9de251b6d30d22d99088bb9', '0xd644d7b4b7fe15b6aae47a5546934c4054a071299539a33e847395345662d8fd', '0x641f36f6062d229ef0bb0fde3c7da4c496d370390ff55615d7e38411280cce8a', '0xb8d1837744ca6b9ddb6195fc25d500a98052ddfc992d9184a43760f812b57ea3', '0x47d24bec8a3b38c57e70ab90b392b032e4071827ac511c1dd2286bfc7f48d138', '0xabdaf6ec884a44308a3f174a13abe8fc64e0d8df78b851d9c6aed160b7f3ac54', '0xcdff381ef66fe6cd8181b2e093a6cc770656dd82dc744c2b7449f06d7d116ff6', '0x243970798a0f653409c0ccfdddd8cd7a7fb05e00ae053f18cd59c48eb3ab8011', '0x8e7924d9a80ea84da7943124d2851a93ab3de39ba7d4fb91da3f1d5421ec5eb0', '0xc7a597da9cb3fe15f9192ff0203ecb9e8dcc3852f79657dd13ac506c819fe8d5', '0xc13477014ed486b9e5512086a0087109710f83fb6d9cd533c5739e6b3bb5158d', '0xe72bf475b25d4a5f24baf51125c660197b996bd3a69ad77c9b858de89b13762f', '0xd5dc7cd69512210f2e2c21eed6e55378206832b700259c8e7a55a2e3510e32e8', '0x94bd663b2515f71fbd37d299f4d72382011c3b8ec5a1e417c82779e9af483955', '0x5a1aca612289979b166552c8dba951b9ab4acfd285971cd7d3ff93334bb9addf', '0x9d5a6a2ea47b9b91595be244243f98108e7a6d0b1d0cc42f3a33050651c4300b', '0x8f58d5a1873ace0992237eb27f147d57ea103701649448284ea47dd76af3f0a4', '0x0d47dc74b47688c7ccaea268926158821ba2127b9a7fd033d6c8872698c53b36', '0x5c59657aafc6717ae3945a5f7570e12c85098434de2ce65ea5f85d6eb5ee5dd4', '0x72571f9e6e030f8b31a89ccc9caecf900a940dd884d92ff707730ca30c934679', '0x04c6a909c88c2f5d0fd076855d1b69f5a02efb195e2da4df244ee8091d050367', '0x2e9bcd083ffc1e40ae856998f78e0f577d7da480947e716ad39a624b7054423f', '0xc31d108835d56e59da4bdaa65aa424e7be89c561e1c05dde5a1f93db80cda86e', '0x3b138deac117b73d9ded42da7d266b42a5d552fdb859b12657aae7bbc7236d7c', '0x2ceaac068b0b663f59e7a36e0a67bc95f433c95551db66ff65f2fcd2146292a8', '0xdfe29602fcff1d9823076ef5812f9055b2e9dd4d880c942c48097c91e142a3fe', '0x0896175e50dcdec1f3e650f42e8a9e0e6b1cec5066721dbc234a582db21e321b', '0xd16a4501ddfd2eea301e09d4a1d2b054f2fbb84dc7bf5b776cdd2956ccd08562', '0x1250b16bb8c5f875b0f12d43531fd1c01e15fcc91984d19a96ccc1129fe71885', '0xa40c8a1c80f167793fa7c2c1d592d5e52b6a2fae43a13e645f2e31e385e14839', '0xe1474a0aa6bcdd1799730181e1afce25b30f24c8bf03fd1f14909df3e18b477e', '0x97167425be30a66053ace8221142b5b11ea9de6f491ad7329598b6579715c005', '0xf2ea252200903b8e8872ad66cfab80b5f0549836b173fcdbd77278c06d98a74e', '0x4f5be3756751f1e6dd0fd6129232dad33000f0492856776c58a82c8c0ebbdec9', '0x3689bb88aa76896037970600ad546e2ee16c08afd89c273c550dc7ff18b78b72', '0xb377fe5b624f1eaea1a5cda4505068a74c12af60664e5ba98464afff6d416527', '0x2d15feef8a897426b9973b52ae5f853aa56cec6deef7f4434475e4fd6af3540c', '0x9fb89836c99f1ee3facb7f28fdc762124e5f453cf7f9990fa1119b8a9f2061a9', '0x094f42cf7dc2710bf085087b80de7c06cb541072bd1c73cc0b59733b028bf59b', '0x708219ad4f0956a6834bf6970c1d8975552ebf1c6f42b51afaeee0496b783858', '0xe1ecde1c784867d9b2143917183edf3a639aaf3f2066eb235a82da9d4cd8697e', '0x8d5f21c2adc6ada1fa62fd3bb96174c33e31fe138de6fdad3b3813ac94c71159', '0x8b33e122367edc408ba3ffc87e474f1b44cc7fa5f2d050caa05d818b473dc949', '0x3f54d80a2c5ab281335767a3987b33e6ed27a5dd088dba0cc63cd2961b74a94b', '0x3bb08c0e7b0290815353081e7f55822f206c3b0d12c3b98a8425e396657d54b8', '0x3b0a19a7ad3bb2e042250852dcc28c05f3897ab636ebbe0b4b1b8211b1ed73e9', '0x38a5c3bb9c02d5e812ee26a1f125b07785a56ad7b44a48415986584d66e7c5c7', '0x0d70aa16bc1b3964f4297ffc6f624a2a0570dc6ae312e50371bdc061052a7ffd', '0xe2f89cc85a212a6d2b09f40ed9eeb19cc4779d99dc4eb07aa8e15705e61df2f7', '0xb422e9f8e15abc529f63f99576adfc03f24f6c5812f04e8bb7cf3faefbf891af', '0x78f1877f5b4021fc9de4c98834abc12669639b16aae133aa69c21414bc4d035d', '0x96fdc4d382f2565170f45fd2c10ecbed971630655ec656e3d5178f5213756ed4', '0x4d122efbe38bb8aa3640e9b473b8a1ba67bafe9544d6ef999ce287c186f30c24', '0xba7d8d649120e7e9d00cc5258eafc8bcec9a7e0a0f1181503a0f758a7b45f786', '0xe61f3721e232b7fe3b41eb100529797eea2e835b765e9d2d07a6feda812611bf', '0xe5588680700aeaf0c0b10dfe979c79429dc491c354b1553079936dfb943a2e7b', '0x15b590d7c8cd9c86ce0ef7ffaaba1e6b5ab424d6f23cfc921fb37c359193bde5', '0xc49c516d2870df686d23a87d7ac3c9cea9c8f1d4beea6be0a99301c604818b6e', '0x8eb197b154f1adf09a81563b88ba23f14a853d5d2d31adca4e5e9568cf4fd97f', '0x8eb523da6f83a5e5575b968e87911b4e94cbfdfa13ccb24f8d37514fdb61badd', '0xee0197bc9a69828b8e81cd79be1896f4840da29650f650fc01c0bdbb8d650b37', '0x95245a75dbaa6ff9a54619866f019d5697cf760e6e009f609e14aca93ceead29', '0x5c8fd54a8aa4df57903fd9c62dd084f27fe3461ede12977dfb7cfc54a6a53b9d', '0x9ef746dcebb45e1eaa02a4f6d9d4b6834311c13f5ec01b5030a5383514b6e80c', '0x2b2cd6887c950ee4eadd0390036e137f88a100bfcdb0e3d4900120999729b307', '0x64ff9b033207ad9eb8f857c6ebdc31378c98583cf9d5a635c36bdc043fff0e5a', '0xc124852fe1d3dc3149a7a689a47982bdee8464525187e146ef0353783fc431a3', '0xbf84bf410c3129aaebc2f83b1ff53ffdac92b76a29695329ac733da85c4668b0', '0x18c0bc83225f06c408aa9cfb50b169748646961240a745a0cae29264206d28f9', '0x227aa5a7ea8850956a63d762e5dea06c991dfc548f3dfb2d232c8750ec8b5d08', '0x6d5aabf51f643fca72175dea79820d42cb84428a09a117c835e664605eec12db', '0x44dc15ceb0d31d47ff1106cb131eb237a28534e75bd6587bec0b3752cdd8c79f', '0x3529d6645ab151796d026200d35884d2bdb7a10be2024e88a662b923c0fc7055', '0xeaf4d40bf590a929f4d56872216c32165db7a5cc80bc63724ebf616c6c8d49d0', '0x49d5bc64b905e83713a9eb27b0a8c819b0726245fa3b1017763b9d23a42272a5', '0x5f0de9035ddeb3aa90591714a616aeeae06af70b782eae66133dc909cfbec582', '0xf3ac42f4531ca37b66e6a133adbd1f299d0f2df7791b57f52bf9267cf81b0f41', '0xdda03406e1383daf7d26258a8508063bac292340a9c635f63ed25941c61d97f5', '0x1f5b659f6599e0f5e4a193c669a01752432d9b0ffa121dae5c9774c8a92e86c3', '0x6df8ea041793b6f98ea8c3616cfddba8d8708fa08dd237b5d3d3fd42d57c94c0', '0x2ef9ffade0a8af76375b4f4ca9e3b0df45d99a71d495ce1f26e14c3e38a714a3', '0xa0a48553e8622159c1f491b4747d1605571502988362c52b0fdbc5ba825ce225', '0x0ecd50d5d442e65222056a812dffe8946fa1ffb4962c8d42aa5a88532b1c17ba', '0xbe75c018e883325a1edbf5308a739e30d30b661cc695e7cf953ba582a7f33fa4', '0x0d360e3f4b7ad8e190b221a6141b854ae34bbfe356d13d20f2eea22952fa2f25', '0x6c72d7d35a9f321d3a0ad462e493b3dc52dbe313345e8395a1c2997143804f11', '0xebeb23c2060b9f5e7a49cbb5e2b71205c862b0cb104c3597f44e0cbbe3bb8ebb', '0xb3b494bb9515012652051c991fdee6d300ff7315259b6c671ecc45d4f91c6a1c', '0x5fb53c8687e5ac6aabb70b5c5b1c07c776dcbec79ab962e44dadfc6c31a0f5ac', '0xea543fb35f29c17dffc7a483a73d2dc562e6a6b5ede2cab11a612bc062a4bf2d', '0xa7edeae91504abb2ac14f569618ff79dc6fc59634f766a9d06820d3f0f82ab02', '0x59ee18e9d3b2fc1da4deaae21a21231d997ae636695a983ce41cbb7c41f625b8', '0xba25d8e11cc7aa306626c3b5eecf9e23e292e046a20c351818f63c29710046ee', '0x2abd369f3902ed9be54aa198b22633e427659e6fa5ec67e1081f97795a3d7b42', '0xe483e6b02d27b8fecc001ac24428bf758e5aaafc7b7ac381a46866f37e8ea070', '0xa42dd7162e5f28eab54903c610b13527d9c677742786b68943662533b5dfc134', '0xfcd453fcc97176f7533ad70b05830e7132c601d5fb250d5d049bb0f560ebb53e', '0xcd054865d416d60ed703628d8a40be6ea89173bd690b0c968f6f959f9ecbd0ee', '0x786e4dbb6e0a0a607a034053deb67412318d978412c69796924409dffad6cc08', '0xa47c3f09c24bb364d5a77208ad21ea2f0fa82459664ef6350a3d1a02c4aafe5c', '0xf37b79e11226464497fcdde3043d57fb55c1b35453d4f05ebce59809000fe63a', '0x979efeead68530c4a038ef338ebf779c4a208e218e5d63efa6de5a58320003a5', '0x70e59dc3f1d409e0107386fa80554cce1cb2f3da6acc292eff2b5e8d37f22edf', '0x95385acbc094e76de58d308e9088920fe16af290ca2530c60840601ed4a4de0e', '0x131d0425ccdc6f9189c3531bceff7f9158fe5143baf5b155a03972cd8d373bac', '0xa3380287dab0a4b22d784d976d3392611c70a96d88b13c41e19028121eda1bea', '0xe8af0d0db6aaa49ebd4ef1f4f12daad3835ba931ce54ffcc42c0ebf278600145', '0xc66455eb85e70d42b6de0fb9841f4bede9d0f8c18437a646928162eb4f37aaf0', '0xf90eae1076d99fd0983e2a3e37ba076a1c9b7673abc6acf567598bdc19af6998', '0xb8e687911c4fe3f17e34b276c174ca7d347f296dabb0a8cec0cf5d1ea87fdbe4', '0x4c88506f0a1b59ff5db10ae669ee63ddecd7a79a3db860e03239740032cf7134', '0x381705f3830c0a4f40f736120646a6deed533f7eaebe729654766ce4d921f1aa', '0x5daabef8c87ee4943d054dd1f31331bf5d3a4ca3c8452bd22474aa1368591c1d', '0x2ec3b7b7538acc5f7a7b440d64d06c48a95ca328d752ede5cb99cfa5836800f6', '0xe10176697e0fe5bf3147dde406c7ea8c09b4f7cc4392171bae7bc159d9fa9741', '0xa760dc5686f76fa15a299c0bdcea874c235b37993db4b22e6daa608086ef7879', '0x313aac16853f8ae05c54d6cc41ca530b0eb7578d626f1cbccb39a53d3eb78f74', '0x2bda6a268d8bddf480e84611e318cee075822d3a914cb8bc6e42e5f79fc2f2ce', '0x79076ed03f493b7e632486a24c34fbb4a04a524f3dc06bfdd820fc4654372681', '0xc9f5ee1b950c7290c06e8ff3457890ebb3d74a053468e56accf290805f389b6d', '0x064318303318afd9c44d6fdd5316c97ab859af945f3e117e99019e8bdb55ae2d', '0xdf0574b8d8abe24cd8fbf1d88b809a5ae047d563930d50686fefc542f8b2cbc7', '0x174bd642954a56d4d3d8967f0588346a1e0f58f0950e819a2620a7ef3848097b', '0x664a0b848eb7cf0411c6f52be419628ffb93123d407eee2d851933630ed60360', '0x320be081584fedf4a8b2a5b3ad6cce9dd403a3cd168a03fb3eb40826b453d6c3', '0x1d3f1ed981ab78e991c4bd908e45e53428728dcda8547dc777ba2553ca1a4db8', '0x00e128aa566ed27b1de612b6156553e5c9dab8bc7f299cf67359e7388376abaf', '0x3a5d48d1de75da9f3510fc76f8043afd44876716437a6a0db43c345aef971509', '0xe4de71eff5fe04c80d51924072f98abadb8bb73e76dc99d7cd20aa55e9f49170', '0x51d90804f75d1e9ddbd27dc77f1bbc716418260213488fdc0ed6a03a78dbb4c2', '0x9d7d379ac54794a375fa88c1f0302413c69389cbd3f71886bd0e23b8a6ff7ecd', '0xcfa02f6d350060f87a103749f6e1438db0faa9a8284059ca25b8b08462e5c4cd', '0xccc43bb612dd9afe6bbc35e64a7dde37129730c686d86804129ca75e7bfbcfab', '0x004d3c0864e378439d3e8fc12a60024b1faffdf6f4e29ba86153328dc700e1bd', '0x82b2148160befc1b8449d392a9b7a901805b12b612310cc47eabd4cefcba11e0', '0x2794d1ae2582bd67af19e24537c900dd56aeba31252bcdb2f48eb0ca9b211b72', '0xa316a6e4e1004f8d0eaf5bc9b106a4596c1e219ec3255f95ff36b240e2406b76', '0x9f8aa89c75d9b57ed73ec6b6f6298e156458a8c0ec3264d7da08aa381cad1c56', '0xe05031afea9759fa96a311926fe61a9156e6f653c4b58b7e910354c8422cec3d', '0x7a0ab860087094dbbef2981f12e0d5d4557e466bd70c87f3cd3a48524da70c41', '0x2daa2a4590177df3fe18bd6695a8f723e94152fd74eee1f45c7ff98f0205a567', '0xa3b3cb2958eb977a5dc4484e710062659b63a752c7f89e28501106370cb8a433', '0xccff2bcaa8f4879a789180c7f5d1d66ff39a0f97a54b4b4d20122ade937d96e8', '0x5f3406c1776f1f8bd77c0680a835d9c7b5085b76ff3e80668074da07404c26c5', '0xcac543f3b385a98f37519083d3a0fe7ae9bdc34718c4c4848fff0b782b4ac1e9', '0xec0ae1ce6992b558fdb9bc94da01cb3e62035b24b10b17d763d641b78abb3f2d', '0x53f237eac96563ec7b37bddcad1cdee123ba65f44c0a0194b1cfacde79e1a3b8', '0x55e04b60dbf38bf92a5c88e8570e371ce695650deaecde7895071e41c827631e', '0x7d214643cca94ee3149e76de35e5757699d5c6cd3f75ebb623dce84ddd308269', '0x7d1608563c2e4e1f1074d8880217bf01d16191c1db0ca53e767ffc2da5c6d7f7', '0xe7e7ead547fda7924ac502374ef7be3c45921afc8d4af1b1ddc8261969156827', '0x424657e9f560c503d90635d931f0eed7b659bedb23311788828ed4d21f521163', '0x6165eb1961230bd25dae57bb3acbdb071744949205d27d4179108c7a6603d56f', '0xa7a166c68f53597c0986a5af02f098ef080d69a633ef30d95280fed7c715ad91', '0x4abdc0e1e3cbf90b9cd03258e5802f6cc8fe8a139c9dfef0651d456a54bddd25', '0xaee91abded3a1eef5f35a3e5a89f341341021468dec9df333df803a914ca7673', '0x9d758c9d92dd4e87bbc0af7d3f835fabe308d607254ae2420b2e0a776f86be0c', '0xe9e2b2da44efaebeaec88c9611f6bc969e22882d0eed549af6b52a402da4b43f', '0xe8cf3c40f57e7c008408546aa3298673c587487ce8515c627edff593237e3258', '0x8141841f2ea75ca4ced23cac6685ea80117136dc4f644bdd4dbe8d2ce24da40d', '0xaa32060b8e453fb94e4a8e434d0d299c20464a73f0ad22000dfdb72149616da7', '0x451b7dde72d4473fc384aca2fb8a8167a03203d1e89f83321f3349a322fa7159', '0xe784df393126ddc2d588a0447884fd65e661a85e4e1488d4bf9d9850f42b28dc', '0x705f755cd96c2db01e4790e766f30ece827934bbee2ebc6ea23c8e227d0f980f', '0x577200cc71a4fcfd4dbc3d4e5aed678872db45992350fcbad358fe2a87007ae6', '0x4e42f7b478766d0a19c8b68dc024928be15bcd8129da2fa41cea455410d1f302', '0x859d04088cd99e1bd78432843c2e734009c9feecf28b08393951bad5f2d78a47', '0xf48b799e2b3a4c1391610e78348f8c04e53407a7c9b0f65b24bd2a5322e683a7', '0xa79fd4dd34903f50388867ebcc76a2d850a9511a11deca0d5978ad31006d2d7d', '0x709e8690314219abe48bac16094bee8c4ebf3d3d1b7a0daa5c087a304ea0a7a8', '0xf3896d106914d89b2cfcb431356d45e7fae7323f59d79311c0473804b9c7801a', '0x460e998514b80348e5db6d320f22031f99f575819e18e30d62beff1ece1269a1', '0xf9d0929f4a6df245e473449c4e029f2528a9a4a61767c7d44ecebbddcbf659f1', '0xe9b990b8b0d5f89f81dc6fdad6553099b281cfaa3727269d3d1d44e35a39b7b8', '0xafc452c054d03be0951d7bb1a88deb55a471e2f20ff7b982e24c637fa247c3cd', '0x8f7acda7aeb95b4a47e8d21c1166a3b001bf971512a4e7b227b6537f34f2556e', '0xed7b0b48da24ec127cbe91884214b600e7b0bf8c2422253da583bd7c5bfce72c', '0x59e1140fe45b5f2de18c9768a6324cd1a9377319407008c4fab59c5dd158bf5d', '0xe805e06640e87f55031b811619b2b7ef938beb61ec08e7bcac5c0adb89d07b25', '0x693c2133dfc0f202790c697ac06c2a1d5dfa2b0805ef77e1290a69ca61123f04', '0xd1fc306b8828951d7d436502e15e338a4ff23288d5dcddef322dbaedc77943d8', '0x0c99696e2f9c45440ae69d94de2e8c53ddd70ccd4b370c22df3923b0beb362bc', '0x437b4da04e7aa24042ca0869fd7e14d36456abdd05e8ec52db001ca810c86f8a', '0x0ce176f9ed32b5f9a88fb5e876a8fc041291b9ff49cacec7d166a489f9ed7a94', '0x97b19ec031ad7b66e053dd1e1d1317e1bceec7925a4aef77a55ab2bdbedba0a6', '0x85a96b36fa5a2e67677ba65368422079b6777f0123d6cc5556292eb54077eb90', '0x426f284b0cba41129f0fb04237f0e47814274758f1e4c4ba30c20a36562ee3fe', '0x1064d3c5584ad384d48e6255b14b28fad6b8024c24a0de90d918177cb236dd23', '0x319474d9254d423aba4563ea5e0b49491956beb2f99ac34ccffb0431a223a69b', '0x880786c85edda2fbcb9b46dba7e2b2cc213940427ea8faedfe820cd6b7fc412f', '0xed92c9c76a31bd62c353ba8726c099986730ab3d1417fdf6fea0788b9f3c0eaa', '0x2b4801d7f96fe39a6b33653c4ebefa6b45e6b40fac56489addc8bf1a6e975a39', '0xea2ed80156f63892864a645ec6c2440b4dce4bb9b54393a119356580f2d7748d', '0x0a0866e6a97ed8bb2c5e2835b778fc3e776857cd920b8d850a013835a2f6653a', '0xbe05b400b52604a7f2250f6743180af769d529fe79694a934b2bba3d47f47680', '0x00cf43c0cad3c9b6f0098b58d1ce92d2d2024c1bdfcde9b8ef5cb48b550a8a72', '0xef19eacf26420de75f9372d180f741ef0ac3668dc35d5841413c41b8cb814915', '0x17d04e638458ad4bbf550b11fa7b9f093d6c724137c7b7ca516028c89eb4ba53', '0x46ee3103f3b9ec613a171deed987f4058531749071f9e630e03ac47334f9ab6d', '0x375a31b01859e01e6e55b34f22935960a86e7b116156a7d0854e5211a11e98cb', '0x2c833cf0a6b6c41151e65daa9f69d80c9d013037f18bbb1218a7502bc75c6bee', '0x7f77864467ffc5e0bb1ed1525b10a5db53c662e894e69b8af9fce683ad6a7741', '0x9eb82ea6466801b832ffa1b1a4825ff80a1e2c46ba6290660dddf1e96ea1bab5', '0xfa34844654c427da4bc862a2e1f54853543f26309e7ccb0e43de4be183fb0ebf', '0x1f90e215b69ce870a51d0f26a8319413c20df3f271e6eb8b6b45d16212362ea2', '0x38adf7c02642b76bcc9e144f19a61475ca6bbd33563e05b15d0cc3dc43dcbf8c', '0x9c765bc82ebcfbc94c3a0a7424b1d02c37bdcad09dd07302e5c00b17a319fe63', '0x7adff6b58686c6e12cf54bd9f120250c7e883a53e7170921ddfe916fb128dad4', '0xc04bcb24d760e011744b3ac5211887f61d6c47b649ccbb457e416e9381473abc', '0x9d2cfb925545fdee842bdfb6490196e3257efd8d8b79857146b69d2c9e7a53fe', '0x592f7e40e586ab9270f98e25c89693915f480b664733695a647f0e589b784043', '0x9c4c661fedb938bacc098c922795077b42c20ebc95eb1f07142d2873eea8e36d', '0x46612325fe1fc02f5c2b6cdb08b4381a7bbad88a511d4b77df12e08062cef3a4', '0x6dc8205742a0732f95c0f91f5ef486fb86571dc35e17d108f0402407d93dd9d7', '0xdb8e98939b0650c51112fd4b9390f4b11a0aff0141ec31387db999b7743d9bb8', '0x71a161a826d7c0170b6a2115e9eab84c42d4a4d96d4c429d978ae8521fbda479', '0xec7d9af885fdcc41dcca53b631872b529023a761f6284dc6e27050353dade659', '0xc477c18c59e98121a1616c6b2603e341a72b1ddbd3730c753f019924313a1670', '0xf75e910c8bfb20aab96a6216ccf673c1384ac4149892141b35800ed76bd6b00f', '0xe601ca897cb3d58e944a2a876ac269a90ab213b4ffb1a4c2408a29cdb4705bc9', '0x74f4088933ff320ac438caca5d362240135ec2bacf5ee238e49b7dc2278eb7af', '0xa7099f85ff4742a5fea0d229eb3e77cb795e7dc6f6af7bcc9313aa911baa80b6', '0xafabe0e036b095630b298ea47022a1ef61f79de1da13ad2fb5b83ccee690a57e', '0x80b6c9f5fa00203b561d042049d07be0b9255472b2849b4bc6db802bce43f47c', '0x459e40fbfa2883bbda1e077358d8fb1b1076c0093f0afc98663bc3d022382a43', '0xbed9d379162a73dcfb2a828e81c98284f5186d073a396f30c979784e2d3dd827', '0x4a920ebb7f834ef92e5a6800610f9e1b2c9654b4c879a67c6a01d760120417c4', '0x8d1dddf11005b99f6a578d512852438f0455750036f5afe4c7a8d10d56a65350', '0xa4f8f90273948bd2205a4caffa788cb6248fc5d20dfcfe2a3d42160725dd6d53', '0x8983a2337d279c693c111f4eaaea6e02967ac02a91d8c1b87db0d02478014900', '0xf3d71f75c5ce07705f89d0376aba28379eccd705d3b2fe65f0a53cc29cb9ca3d'], 'transactionsRoot': '0x17a421a6ecd5fa187294f212398f338d1fda19ff4be7d8d063d32043add923e6', 'uncles': []}} (async_rpc.py:86)
2022-11-28 18:11:31 [   DEBUG] Making request HTTP. URI: https://responsive-convincing-aura.bsc.discover.quiknode.pro/3e7f242edcfec9ca1a36ef544cee66362af95baa, Method: eth_getBlockByNumber (async_rpc.py:78)
2022-11-28 18:11:31 [   DEBUG] Making request HTTP. URI: https://responsive-convincing-aura.bsc.discover.quiknode.pro/3e7f242edcfec9ca1a36ef544cee66362af95baa, Method: eth_getBlockByNumber (async_rpc.py:78)
2022-11-28 18:11:31 [   DEBUG] Making request HTTP. URI: https://responsive-convincing-aura.bsc.discover.quiknode.pro/3e7f242edcfec9ca1a36ef544cee66362af95baa, Method: eth_getBlockByNumber (async_rpc.py:78)
2022-11-28 18:11:31 [   DEBUG] Getting response HTTP. URI: https://responsive-convincing-aura.bsc.discover.quiknode.pro/3e7f242edcfec9ca1a36ef544cee66362af95baa, Method: eth_getBlockByNumber, Response: {'jsonrpc': '2.0', 'id': 19, 'result': {'difficulty': '0x2', 'extraData': '0xd883010111846765746888676f312e31392e32856c696e757800000040fc9c6776f1ccb1b5d325279fe2a83d48235213608e5e56a4ed4f56ce361778872c2cca08f98029bf6298cdb3f605ff180a36c70bb92cb00cf6b872bc6bd930a5ccef5700', 'gasLimit': '0x71fadf7', 'gasUsed': '0x1ba6b7e', 'hash': '0xf211c6565bda95d48dc0825c2fef3b59507c84d0116203d491f87b81cb8d82b6', 'logsBloom': '0xb2bdde1edff7f1bffef4bdf19f45bd7b32fbbecbdf5a8dfb7d3cdbff6ba7bd716dce9fd346f5b6bd6bfe6eb3addbd2a6de773f28ecfee5f7f2ff357e9ca7b8d841b3defcbbf1eebfcb6df379d9ff6b7efe7e773ff76d69fbb795f9f1fffd3ccd9ef4fd2f6b3ff7e97d9b75b64561eba37e77d2ffb3feafd2cd63bbdff7fb4da936dd6ecd5e1ffdf63cffbff2c532fff758efd6fffb2ff3feadff76f72dff6ffb1647f7fcfb4a3b6fbc2fedbd7beb5cf45c7e79ee78f74f97cf67e569e97b7ffef59bdfaf267dd1ffb0b6ed85ce13b6dbffeff9d4fbdf7f3965bd9f3f0e3fe8ebfc9895d5edb4ff7fd7ffb6bfe417bf3d6b3677ffef63f85aecdf7f6f283fe85d', 'miner': '0x0bac492386862ad3df4b666bc096b0505bb694da', 'mixHash': '0x0000000000000000000000000000000000000000000000000000000000000000', 'nonce': '0x0000000000000000', 'number': '0x1655c73', 'parentHash': '0xf22021751d5242e06d3ef60f2f346aa3a7f78d5d1125a5917a0bf0cf46512b4d', 'receiptsRoot': '0xaa5e9bc1a8b1317144d79f88dcd1f656bce94155cd1d863532b389ed2d2f9fb5', 'sha3Uncles': '0x1dcc4de8dec75d7aab85b567b6ccd41ad312451b948a7413f0a142fd40d49347', 'size': '0xd86b', 'stateRoot': '0xe9c6ef33eaeaa4e27f1326d5cc7b5674494699b5ed6a4568994e101f6cfd1e1a', 'timestamp': '0x63837e23', 'totalDifficulty': '0x2c6721e', 'transactions': ['0x5c225d76d029ec145d0c5ba9e5169d161b731f8a56a9a4c8aa73da2421642a3b', '0x62660af9e63d3d131f5beb8dfcd634ce928ea187b4b0ad296895460e9651c40d', '0x24341ab63f8aed1946f81c7ea72e9643890f1e8e237cec1abdddf1d84f7af362', '0xd2dda2bfe9397f15a3df685afa72b34159368f8596387d4a7bea0785d124a624', '0x445eb101479e4fedef57ecac2c443d8596b785cf4dc798b8102f4b0dfedee5d4', '0xf945f92dc4d05e732c641e3de1152614451db7932d77a6e56b4bd590f4af4f0b', '0x7bff5b0bac0217e9910fdc50fcc84be4072c33cb69d743b26b45ca4ac146be01', '0x5ba1d946e307f67d6104ddf5152167e4d0f9d9179c7cd2d08a65f6b2269b5f69', '0xecf8e32e4f87dfd13dae559f43eef09defc0012c83ba032447b80354a7ea4311', '0x05fc79e8cde40a80470990f0b5ea44976cc734ea8f52112524524ebe9702767c', '0xe47024b6f0e0198855e38a286af30ddf60dccc77349be0bf378d5b5dc978ef31', '0x6577a44d673456aa1360d98fd1eab4d0a38d69fa643c7cc8862b1eae890793c8', '0x8fd941aa4e7f2194a1c83939df67d28a358f6986fe3bbc84fe5fab3d1cc6484d', '0xbf45b56031b010607a4f8354d24fdcde507adbf59ddf3b89e77b363ad04a72a6', '0x2d02d613ed33bf22e790ae57cbcc4d78a755c1dfe17e0003ddd2539adb90ce66', '0x372dab65e4b4aec0dc1dfc07644c07f0ef85ee742fd91aee5bb95ee636f6fb4e', '0x2b3fabfceb8eb286ad1831f770124e3a2e78e456ac43d1d6b582b4d76cdbf9ef', '0x31d865bafc4f4b2479b5b207ab8b465ed499f1ebb0ad09bb3505fdc73aabc0f5', '0x12a6c990f0b8152a3d2bde0c13b601fca802bfeb49cd2c7138fc239a5cd8c214', '0xcada54251fdf222b970f08a0663a1b553545d3a9417b1e6c2fc7cedfac9d4197', '0x9f9e8e6ef1595219c879bd293be2db9ac643835b814dcd8796a37f9a1d67fce4', '0xbc9bcdc3fb45cd8726a0113011c242038104d90a2bdcb257f1fef76ecf62bccc', '0xadb53b9ec02ce2e4366b6dd58a25a9af526babcdca26c8c8ba1cca48bb7a3db2', '0xaf0710e14c1702f2431c69198bc9672fa45efd2668881d537bf037b3a50991bc', '0x19b24af29be8a9584121fce093ff5468546c39fe29ce096c851d3cf595d3fae9', '0xdb2732c32632167d8743c49406337a045d621639f911f530ebb0875a11f59c17', '0x1c95548a48dc337c3b7e157ad9f932bb005c2776b02594d7ffc076eed41ebe8e', '0xd11a2716de7e232cf8e5c104e16c46e6fa821d319720ade828822309bf7106bd', '0x1987821371d1acf2b65a3e82fc348e3d97c2fc4fe8688b362e9da570759eabbb', '0x112473c8ec81983f066f0a7ee6cf049faf2ae45bb7109dcf95dbdbc1f3e13f25', '0x6fb9a67fe95b51c78f4bb9aa2ba009ab6d2872518d0574a0b6aadb58ce35ba6d', '0x5e13c674094e09ba237cc75ad5293a411c57a9ac354a1055937be4d171287b10', '0xff4bd114159ec168fee16e9746089069c84b0cb90ea12ef07dd4df309d128c82', '0xcaf04110344f85d2cb56501c3ec1ef430a9318ebfc3cd2695c37eeac55965efe', '0x5fad5288b3604f0e13b3857ec7bdd9f7cb9f2c09b7f23ff84284efc9a80cde44', '0xceed70f71dd7f6e30653dcd5e626c3ff930bc66d4d21024b58d1581e5d04a358', '0x2722424fd88790adc4e3dffb84b64db59372f87548f95eea2f92756c58120cf5', '0xb9ca3f690a3b79e2e6702385073269ef7dcb4bf0957e8dcd12984d63bf9de809', '0xbfd027a52ffb1641c15ccfb4ddbd7e584f25c01f34a0e9128eb5666f3f7c95ca', '0x3e6897122fafe3aa0114c97c41706620a01e8f0de935e1ee48a0fb53973767ad', '0xb936e612e2c2baca86c10d2c7de070e6b5b5c87d822b175f3aac09b3933a7755', '0x319d5bb6e846251ef217a72066c8471590287814925205219b005f2509d9ec7c', '0x9f6a33e6ac73f1038e5054dbcb48b597fc6e471114b4067e615070d773f2374b', '0xcc9c975541edd31df7aedaeaae200f4adb1129b1b821f6c132c9f9ef7bff1942', '0xc947bd34d19654d577749d86b67d83696d53c219cd4f6e5a8fe75a70c0e2a5ea', '0xacda3d8792e6efdc35666a65262aff770201255f66bb230f1ef902fe4bbb911f', '0xc668c4a48dfdcdb899adf696b6ce7e3bcd7b090855d67bf34ca863855dccbad8', '0x4cd2b8649dba8732ad8e91f096054868e8b65aba8b4191df6bd46cf999f28d16', '0x2ea714b8eb801bc20f4b1b2642c631f11094b4e595fb02462f8a7bada42c1651', '0x7830964bf6adeb7d7cc2cf7ead7e8c8e2219fe1ed2e9d3da55feda137f4933a8', '0x4b95c39afe9c970031e6eef5680830a1e9abb5ef941d778538ef07ae54be23d9', '0x70c9b21b3719e0ab91feffc4562f78b707ecb4f6866e6f3530eab4195f76b99d', '0x16704888f219e1664e5f08054a965d41cc177d081adbc078208deae62bc4e01e', '0x72a0f7f64178ce6006955fdd4639eca8a96e13ccf2e1ac6aed34c0fe990f4759', '0x06e5527d499ef5f39ed37f826353d3e7b9bde7ceee5511509f4927baabe2101b', '0x6e3303ac4552135786cc9e76f9f65e750fe7b2629b5abd209f2445b3a188f32d', '0xc0c6d1d0f7806df2ccdaee24bc6071753483682c8b934440ceccece1450ce597', '0x402582208b58b3615869b89d918b4d994d149e227fa2ef884827c5e8d29b965b', '0x4cfea4c4b44682933306c6eda4ea382d18e58a7160c75666a403d302fe7b9841', '0x5b3f850efbf38c37496f705bce0de3a5a13f3cc331af593b6a698d88314a1296', '0x0ce5a277714cd53cdf1d0bc6179fb60c3e756323fe56bef74d801a3018db4d55', '0x86dabfab5ffee9e2f32262dfd00799f100d9db6825107b183d0e3a1bea85a1f8', '0xdd67ad4f0c69cc5259c3a8e0f38da9f8ca1a732a7abef6e336b109a2b2c28c2f', '0x3ccf42c698e1427927e992776d351ecdcb81838ea857b41d46a911b41cd20905', '0xe8901ce370c4deeecf520a0bff0afbae3784c1ff46cc1aabf69116504c383461', '0x2184f2dd5059f8d31f595d2c251d265f4a42a8f727e1751e3b3d92b8df096929', '0x3513bffbb7e9de793ae724ca932b4b88e1bd5396eb489747f240602e7440d7bb', '0x64dda9d9c35fad74a2b8ce09e6457f8cde26d85133202689b819174d4df3ef11', '0xbcadfc24a02b46a38ed2a55b927ca8c88a76903183b4325543b1b98f46cc9828', '0x0b0d4306bc082c65d7cc3ed4a4b6bc81dd19167e565086ae64d93bae6420ce44', '0x0677e4686129a42d09c7109c835708c1fac6272cca97b0ef579393f4b532107d', '0x0f1e8d7297b1c8c9eb023d9ffb7abead4eaec1d85e1fab2f78485d7509be3828', '0x99d564850d05fda7195de54aeafdffe1feadf17d1dc6d3fb89520b8675c5f7e7', '0xb112db53683d5041a25b8d5a205e901d33043f7eb38cab4124e877de11b29a84', '0xad6e1f04982020753122f1c06033758265f63006a5cd343e38305e5282519bf2', '0x374d862d7c243b37bffe2d4f0858b67d3842c07b34e58de28aa0f921c4e7f2b9', '0xf69aede6b8cb43962f36601b94edbabdaef9b8ab3c50b6e3416eb2396b7d0ade', '0x00c69e4dd70ed271af56b6a38ebc5d10a05184e82ed768233009cc7981538b16', '0x8954aa22a8fa416936dbbf19d34d5e34c02276d893f4b02d88cc4901cf2fa85d', '0x987fbf7835262bc642e98976ad958d46a917d32a010a2f418fab361473e4b4e3', '0x63dc0298f3ed10e458c0baaf4faeb3cacc2ebfd9748593ec84e44b3acac3b74f', '0x2ce23106cf3d1b05d4069936c6ccd0a103a96b5c52d291a42c92938f4f688e32', '0x06039946023b0dc0ec35f438bc225e37485fd43875d3b6418e9d21d2de5ffd01', '0x78117296e67a99e675927b30094dca0be35a02e62870b22225b8d81af3301886', '0x8993aaea01fd5935b081b850d6e79e1b8ca408c77452b23e5d21aea341d3f89d', '0x317faf9df2eaea3499ae4a9a2080bb906bf9a23519eef33c57dad8793ade0082', '0x00de6d8f9d68094a20a2d0b72cf56dcd7f7e0268d6c7b26d0960986cb5d47e2c', '0xb5a9f906c4e590d1dd18cc5ad82bf20204f1954d1d8b3ffad877055bcfcd82c3', '0x8394f3fe631236a66ffe76e4e94da71d2832cc5bb4e7cf2ebb340b0c343425cb', '0xeb0d505ae647470998e8827644e6f1bd8dbc27435f11c8916ff416304991e4a8', '0xc1ad662ec65de800c723a3e87d0b136f23cbd7567b0ba84efceb12295677cb5a', '0x98c986777190c501969df555dce057ee7e442c74cc54ee9b217b4f306e50f343', '0x2345ffeb052a65af17ce6c47d5e2796c13e8a06a8f8bb4661acf15c89bace543', '0x5ed8167e534a992af75d7d2062ead2fc1858a199e486155305a5e0677b09bb02', '0x5dbbe301c41c1dc63e9ff849a18ddcda37ae31f0a830e97d4d02c34d318e6a22', '0xb7cc056adb88437db348a8742d486cd958b9f7f87e982085397f7d4d4790d8ff', '0x8f560a6f717def47f4c0a830aae21704cd8d0707890c4fadd6e208bfc30b0f18', '0x0c987ab01710858c0aa02b3133ca155d0f4503caa8b4762bffc5f70db5735719', '0xd7d8bddc88f1a7db2a6e3b01884c7c0e025183b676a62c9094f777902b868b3c', '0x70525da4c91d6b38a5f30d1d550af53c28d22a57a3048055020860cd68785e72', '0x346638cdf3f38ce4da78062513e06d147ad55a8118a6c61ef5315cb4a120835c', '0x1188a9c43dfa907432ca5ef72c07e82486819216497e5b95e1b616d51d5ad58d', '0xe79b40fbd7789570c11f73b6d3ec4c138e241facc24488fbe96718a7d504c9ad', '0xd6f7aa5064d86ab8f3348bf679bbb00fd8ec387bc646099a35a03e5acb1a33fc', '0xc5c3b269367245e84fc786fc917128c53a38fab64972a50165e4a0d7b3cd4e19', '0x510afdf6a1f116d447531a909ba24b16028d9f7cf416bddf1c00292265abf299', '0x2ddecaf6343cb2ec57ed3d54d4810c5fdcde7c822545a7590b735ef46681b491', '0x122e9f0daee9b45991c8a61c914aefbd45ff03fdf85dea6abfdf19804f8dcf13', '0xf7f2177dac23148a4f847d3124d5e5c34e880229a22b8d7672c2dc5e3f2e4f18', '0x6b70eb13dbb2a96871c18d4d4c8db32408eda48a35183a2087d916908fdcf909', '0xcff92931531df7fd71b0736709614084a8f0fa517999a01aa6f4aec9137f9fa9', '0x0f11b43c5be0b0579d6496f205efdd0b02a31bc17b7e0a8e8686d1ed6a2652ab', '0x941692950b33ebfc4837c526a86e4edeb0340970191d8d27ec969fb2aded16a2', '0x026da29ee882adc5ed2ae22b695567fc074bde3164e0211a8d7d28f56c926bf8', '0xe6fe114bd6837c475f110d55863e82a1d955b22c91ac5d15b3a6535d4eb40850', '0xe532cf3977aa74708d7e68900dbe9dcdbea2d82588de5d0ea6bc8d3c08c9d8cd', '0x0cf56af609c757171097941a44224cd6be02400785d503bce61dc4d27aea6916', '0x57e0f5a83962a0da334651182a22086912fffc6ea7fb138ae49685c1e5395241', '0x00f369f026aca7ca9f9f73de5d9d4c2aea59a13bf27e2844b3c3d7eaf56a809c', '0xe7d1f3562e0045310762905a765013b26b85af057561beb3e048c0cbd97cfbef', '0x1c56ddfada1397fdc9633cbd79bd10b7298c5c88e19473852e74dce72f9191d7', '0xb54e2f5a927a3f5ff85e3fb84f0aa5d9975e882238ba7cf5aaf2ee60ac6f0f73', '0xbde2cdcca6b61b17c8fed62df5f9ec6fad433ce10b463c430ad49e2001a43cbc', '0x597a9f352857631dfea6362ab0df3ca5a78fb1b1d3cb511998327fcb43e1a5cb', '0xdf0690fb4fd0ff90a55f4c5b42e6cd3265282e0c16720b9fde0323a5912c78f0', '0xc6d11870b88a34e04b04da570b2a2f36df6c60747064d4a2aba3f30be886e3e5', '0xc25ba3b69856f7657bea44461ae55a8363afaf54b9a221e0efcd2f9bb851d32d', '0x4ed8ce258b41ba3e58d7f4ab2c9b270d95a9823bb6429697dcb62a8c62b8773b', '0x3751e77b637922193dfca482b142e91a108a411c616f152a70e6db943e3494d7', '0xa89627a85d139c0954cf8bb1b31234e445c0b1a79717ead3126b5d4685c23d9b', '0xe5bdf6747f0710837c199b721bfcc8884380d59df6d16f24f758db9e39a86b0a', '0x5547fae67cbbc6af66af7f0ca3a6c5dc6a0a6ffaad747f05ea5f7268554e5e8a', '0x4da8231835966476849be2964a825eab937341a600933ea4b3dcf24118954598', '0x8e731f6b794040f6586e797f3870f9de1b891e067bec4002fa325f24234f2488', '0x741c330be8b33cb68340878a59d4c43e5ade07048ea3c72d11c515fd0705602c', '0xdf93f6c28a2251c0e534a117ec30e37668751c46a5de9bf57c6d620040383279', '0xef02ccc1ab559d1b091632d8e3e2a3b8f07f052662918ccb423a4bcee690cfbc', '0x9722fddd401604d6a2645f86ffd9462893d5f56d2c6ef80ccb0f128039fd87a3', '0x13ebc3e0de5b73ff7c4f9160dad1f3ea013a604bab2d209f2f3759466391fab7', '0x2aaf673d95c5d4cf633161cef690a0486e0621c03d0c63d3623876f06811354e', '0x6b959c6a81cc73e92d7bdecd26c634769447c26ad574afb4b09807270a8e0fed', '0x18b272658d32aef1723b5364203e5aa9659df66dfff334e320cc344db0721d61', '0x2c01121be5c4c89f801947a0acc50ab85449eeafe092e65855ef9ebb85bda6b2', '0x7cfc77c0dbc13ebd3f1d9399214de7b11e8ac679a9cad3c4602591eb654be340', '0xa0f37b613df26ebcc4a3e00847093f1d86f6d41d36b82cffddd2232704e2d837', '0x4ab1b918c6e8123ffb6633fecbca4b777427a824c23ad8ed1cc89603aa7bea27', '0xb64fb4d15f3f2d3eb28a18aad7cf655341592098e447ffbac885dcfb56ae7339', '0x448103c667d02ee0e1d35bbe636c9242c0360250163300a3010a96268cb9a967', '0x74ef9c6179578c12ced6a567480ef76fd50fc5795874e1a4139a3800cc43db77', '0xbc01a389631e1e6f18cf8ae37f4992a3c0c0b105723100ca2ef344665ab3c641', '0x3c2e5b91b1726812161876015a5d754f7905702c3d1d104a45888e8b76de45ec', '0xf906cb002a637db1392fe144c07fa427f8d5be796f46c8cc4e12029d3d4c8f71', '0x1ab4b0023d00fdb2a3f12db2ddaf77bae3084ba47676dba936c128b153fc03c4', '0x791797422ed135b221e38dbc6cf15f7850bea254acbae01702cd4ca27bcdeecd', '0xe1366ac385d8585ceff5cf3f78c7fa797cce529a6b1189f25204053c1eaa87ee', '0x2042bd4f03369f62cbccaaf81e1c2626045cb316d12c27f910b403294c23cafc', '0xf9b5bfce56ffa99e0e9b927ce11877f65894ada9286199dd1b83202d213f33f8', '0x087ad5fd43a5a41402175a7cb866d8d1cbe8826d626e89cb970bdb7110608b03', '0xe6f892711a5448a992d56182e547918e5f85e6e7498b01f1ae3e8b6b537d0be2', '0x73afb6adca25263c9dc0e0417e523bdf71982ca37743b57c59c03ae6013feec8', '0x334089a9efba713d8fbb102b90408a095d48fc4749773dcf8d64f7216de16a66', '0x1fc491d956800b2f18d47e24afb46fa86dab4a4e49a668709d88ee7d115c123b', '0x9fa7516bebf98b2a8792dd35942c1d33e0a3040ebe069065f844fa1f597ee038', '0x68b7b8c5a83dc614caa44ea57cd51112440bce3966feb1bc6f08d7ad1634aa15', '0x7bda5bd35e04a7a48c7e5afa7d6d4bafb44fc613c0d2113efc05875d48aecc2a', '0x3879bd32de77872ef1bf5f7799f4d406a9cb5382652a95397dbfa4f2bb061534', '0x224e12db67cc4acca7b7352cb2b0d283fe7bee137dd6deedf1f78dfcc95cefcd', '0xb50499fdd1aca3667b557341c6749932488922d77f216b0b39918df91d1d17ff', '0x1d7abdfea25bf5b561ea7768f5d79bb3ab28baefa82da9e0c659705f0f2e6632', '0x2115ee51adb88c5595f54ce88586b020428c43acb1bee90f9b03f915f0f66073', '0x1f3e19486d94dced87a387952e88ebfc8891a18d5bbff30d1eb99cbd28036970', '0x65381aab422c0b15c71f9afb65b6d7b46bb0139dff6979895d551e927512e145', '0xb7df26310c891fcf90a803461b4f860ad0202d37c8f7dc30fdf5590d3664e802', '0x72e050831a184bb0143ff1d224d9518f3240c4f30839fc46b6fb638c71aa73a4', '0x6a3e3c5b18a2a977b3464103dce860a9411374ca9cdd1931091d81e2d0cc7604', '0x18d471503013aaf05fb1ec72bca4f68e8ec2913b31a203b2df2226ba049a5d58', '0x8dc7f2f68b3fda002e98c8aac99bede22beee5dc72148e713feb07c13668e1b9', '0x04bd0349697bb3d92a39248fd9f448bbc0d4abf141933870ade37224ca0153e4', '0x9620933b3728ce492aa2eca59fde17a6f92f892cb20bdea1384ff9bf6ec81845', '0x80fb6dd6750f686d88a8d34b228498a452fcf3b1c550ee4624a56904d2e082d9', '0x0d22c4afead2208e9a1b5cc967b1545fbb7d233eaae2f52411ea3a36c842bca5', '0xfe43e7f2f206a9f19fee27002a73a12dbb0a3e2fc7fa89c58217fbe44edf2bbc', '0x4cb7a0f3dd027fbec62945b6700587949834342343024cbe55778577c901a507', '0xc6eeb1dacf5dc5305fc3d6763d5339308f86052e23d6993399b1019dc42ecdf9', '0x4da3cbdc9e3eafe1fa7a6491122589907aed5aa2451b7d88e5e58d72c2f51395', '0x4203fc7441af5a22a86eca9d19633ac3125f153ed6c6ef2cdb881e0d36fa4a9b', '0x9ed0cb275608de98e618d87d16bf47a1cdfca1abf89c111facc41b326cbbe8a8', '0xac63a70c500982ce347e7baa566705837ee2636d0e26c3442fd5dc383b7e761e', '0xd7727906a97df7225dbd03874f6f6da040f7adf10ef4ed97c903f6d03d983ac3', '0x32d70e6e389029a0e6c8f13a6f434a7aa105beb20243de9a07971ad696dc22de', '0xfb62bc742d2a896ae407124218da08893a2357cca7888ccdc32718b709b77752', '0xa9f597eb1e8b574f54a9b01bb1564c748137564166a3b9bffe333145e4f0b49b', '0xa7acf083036acd2db4e9b60ab67daf6752bceb98e74ee599c4037ea9f52fc713', '0x74c32aa35fd2d09c1e48c0ab8b53612244c2ec95db2ce171a9e48d6aad3cbfff', '0xf3d06f9bb4c5cbaca906c741c6c4fec7e26415cecd93871e1a898f9978fdb892', '0xc439f43389b5b660cc2f1532a14b5ace354bde1cd918d06e2b5543b21a6b2bec', '0x2e2ccaf244dd8a1319bf63ce75e832f962238184c29bbaeaec1f5d07ede1ae01', '0xc59bf4af1060f11a3a00266d3a27442dde8ebdf72049ea1ccf9a3cf1a2dff5da', '0x623204fb1501fe74fce239eb57f9efd8e9406ed6a56cacbb24b64c6edeaf7dd9', '0xf8873d0edb42d0f5be31fd7acce8f65cedb1ba8cb90c304cad9fe7428beede1c', '0x559dd23042c4eb75a16a4138ff339aa91f0bf158efe264f43d4afcb86f67c5f3', '0xe267278878de50b5eb8fdf5d6f7996ef02116b39041ffc4752be80bac1c96664', '0x252cb0f9f6e4c3854695eafaccdd14fb24d53077dba0e72a04c0d9a0a5aea0b1', '0x7a1fa6bd86751c7f4895dea47ac562fb3f73235e152d722915a3a656d7caf6ac', '0x6d00ea33089a770d2ee3621da573d76fe7d99b90681b154a2789dbdbbcf73454', '0xfeb2347182a915fc962fda834f23692ed0363eb73bb457ba4b261f9fe9f44f35', '0x81751f572041ad65c9a974549f160d7964553e12c68ae2b5564c365ba8799a47', '0xb063666ff9524472b3ad357aaa2fc8a22d90303bdb858fcb3ef14294e4c98e93', '0x27fe31b70384672777550a53602cb8e6c8e94e0dd62674c230ae54a488dddd29', '0xbbb46f743a4a7ec17057e790999ceb11e0e124a8f0e79c621fe76789bb386cec', '0xa336239099257bbcab1129fe237ba056ed3b9480a8d146522c08a73caa145ef3', '0xea152ba44b47704fcd249720670bf3ee918ba3e069f1d1df1cc9edf35f245724', '0xf685f4fc0b3f0dfdb4fe85a29644a59cfd661e07367e903a3319651ac24f09ce', '0x1f1e8f2acd7e1046e3ff4fe153dc1f3c340c974633b4a8ee6b732d27524d9f7d', '0xab9d2ce269dca989ad521c15b7892b91430285d6aefa06b54caf0822bd7f01fa', '0xca40875a78df5e375c2650c67e75b877f065b1aa8799281bc5302f7bfacdbb7d', '0xccc49692ead301d240e74289da800f8f43bbb3b1981657fe9bcee314fb8fd5a4', '0x044e27a53dd87fb217ca145ed1d9d1b05f5f01b46016209e1a83a25a74244ca3', '0x13d36c91fe76b68ee17cd146e42449bca8f612bf2315420afb891f196c68a9fa', '0x1bd4670762dd07a6d899ca78bb199b2ae1e7fff762273f2d5d8d9aa324da6ab6', '0x87630766bb9a882438b462ff3d83e39e49392ecb94306ce8b07b0cf6c589d32b', '0x30fc0a5e97de787a292da82b8bdb2b6d54fdfc9f3db1d596a93beefbb9482aa0', '0xa1f936493bc6b9e6e559f49b863df9f62f3cc0c5b127918f11926eebffa9cf6a', '0xaffae2572d68b2f4a3a5bbdf08fbab3850dd2d7fdc1ae4a800293f31f31fd2bf', '0xec1b7af994d8206634cb1912cb0d7e84a8f3133e324dff1224303387f3b1f5e2', '0xb038f3fe6060d257e5b1c0ed9f99789ffaa0e468a397311fc46c82258f08487b', '0x134a27ff01fae762d4018dc50c647a98b00606a19049b0b518511d454bce961b', '0x3d2c52ff83610ba74723c50b5f1b8ae29b6054f79708f677065d1c380487974c', '0xa9bf0d185c5155e9cd1e5541d65fa7047fb6c3e0694848e224a33286e3684e70', '0x655b921b2f595660b78954fc78d3f84bae609a3a9aa0cc7cf20d3c89b13416eb', '0xc4bb5ce4f99762395f758b8a91bffd92904b5f311f202d5eaffa907858f8dc1b', '0xf0510a39f0223a56863cba33674fdeb53631b04ec9070c13c9084df59707126d', '0x99475841cbf35d7ebefc583e497b7891c77e823df31635c9909b73614e32442b', '0xe55e24a251e18f451f2c84e7e166956e509b6bd877b538be13528371ac1d1ef7', '0xfaf7e283492efe51eabcb09a43962d4e49a5103bb3ffc83b59c08311504b70ca', '0x38d777c8353a946c3817c787b8dfe95a4fd887dc2db068e1649cc213b62f7216', '0xf8e23e72dfee14c67aa23cd9cb0ae4bb3f456d12f8b551c09d74a10e716c70cd', '0x8e022adfabf750ed4ed33623512efebf4a81e0d8377cb51d9569800302317027', '0x1f76987d3a8554dec2b8b3da9187aa55cf2425658518d527e97e97fc528f1d1a', '0x7fcd13a36c77614551d87bdfd8eb147746813ea20e05af7d7a3bf327d49dffb5', '0x3cc4755fae4ee3a2c45df90be7f818271096bcf9c4e2e12252e16f8fe24f75b7', '0x199e605d2fbf833081754b34c88fd8e12b6eef948fa4fecc900d3630c88da2dc', '0xce191b7ab14fb436f9489543282f7cef4d72af70cb736a2b468601a4023e7490', '0x18e51b48e9e7a9d51f1d80f383af550576cbca1a2b17ad91b5c98c1516102166', '0xdf3c8756d06fccb3ff135d09efe0130b8f5b1d776eeb65e27cbf1a395b43a1ec', '0x605aa15c9fcaa834cde5afcbc0e58fa506242b72220475da58e55ff5e132cbf8', '0x8f153121d264d3660897ed3ad20b8edbba3415fceca64c02138308066c017f9b', '0xaafe50c7da5b1be11de2d95f0af5b7be1b36ee4b8160e648f9802b6d51b5433b', '0xabc482fa1aea63a858f9f7a05e3fe7bad7d7c532a0c65951aa293a29ef939785', '0x5d30b45c8786f993831a25d94f96f285e4c990514abade5fe83e07455f8ba411', '0x65cb795b72dc356134205251de3895ec4950429358785c851244ef9926369e49', '0xd71779700408be1ea07261e4ac8d20a316b5efaf960ca8c4d629dca861b664a7'], 'transactionsRoot': '0x2974c57a523e27643c899cf7812928b905ce3e9785331d54b972143fdcb0b50f', 'uncles': []}} (async_rpc.py:86)
2022-11-28 18:11:31 [   DEBUG] Making request HTTP. URI: https://responsive-convincing-aura.bsc.discover.quiknode.pro/3e7f242edcfec9ca1a36ef544cee66362af95baa, Method: eth_getBlockByNumber (async_rpc.py:78)
2022-11-28 18:11:31 [   DEBUG] Making request HTTP. URI: https://responsive-convincing-aura.bsc.discover.quiknode.pro/3e7f242edcfec9ca1a36ef544cee66362af95baa, Method: eth_getBlockByNumber (async_rpc.py:78)
2022-11-28 18:11:31 [   DEBUG] Making request HTTP. URI: https://responsive-convincing-aura.bsc.discover.quiknode.pro/3e7f242edcfec9ca1a36ef544cee66362af95baa, Method: eth_getBlockByNumber (async_rpc.py:78)
2022-11-28 18:11:31 [   DEBUG] Making request HTTP. URI: https://responsive-convincing-aura.bsc.discover.quiknode.pro/3e7f242edcfec9ca1a36ef544cee66362af95baa, Method: eth_getBlockByNumber (async_rpc.py:78)
2022-11-28 18:11:31 [   DEBUG] Making request HTTP. URI: https://responsive-convincing-aura.bsc.discover.quiknode.pro/3e7f242edcfec9ca1a36ef544cee66362af95baa, Method: eth_getBlockByNumber (async_rpc.py:78)
2022-11-28 18:11:31 [   DEBUG] Making request HTTP. URI: https://responsive-convincing-aura.bsc.discover.quiknode.pro/3e7f242edcfec9ca1a36ef544cee66362af95baa, Method: eth_getBlockByNumber (async_rpc.py:78)
2022-11-28 18:11:31 [   DEBUG] Making request HTTP. URI: https://responsive-convincing-aura.bsc.discover.quiknode.pro/3e7f242edcfec9ca1a36ef544cee66362af95baa, Method: eth_getBlockByNumber (async_rpc.py:78)
2022-11-28 18:11:32 [   DEBUG] Getting response HTTP. URI: https://responsive-convincing-aura.bsc.discover.quiknode.pro/3e7f242edcfec9ca1a36ef544cee66362af95baa, Method: eth_getBlockByNumber, Response: {'jsonrpc': '2.0', 'id': 51, 'result': {'difficulty': '0x2', 'extraData': '0xd883010111846765746888676f312e31392e33856c696e757800000040fc9c67ffa784a1edc9ea00cd617c4607c039ac9d3dd356cb36f3f56dacb259c931c12342d0103f417efd6efcc4adad8691ee48e15882afbb877097637f7d70b55f4d0100', 'gasLimit': '0x72e1f84', 'gasUsed': '0x151b78', 'hash': '0xaa5a44124dbbf7d4da31321460f6123ffe2ab4f2e2c51bb67d30bf26fd447c83', 'logsBloom': '0x0a2222000000001011001000e10000020200040001100080000402010a22000000210000001212002000a82000040080000002004000210000001000c0200080210040802000000001200008400000202010042800000800008410188000008c08800064023240010080200002000800080440410a80801500401110035520004200001000480a00008000200840408000241c1d202002080108406c0100002002700010020000813a0000000200000000000008000000200020000000140000404000066000001240004000020012002894008080000030000002020040a0010010000280004000010040000000004410000400008000580040001002800000', 'miner': '0x9f8ccdafcc39f3c7d6ebf637c9151673cbc36b88', 'mixHash': '0x0000000000000000000000000000000000000000000000000000000000000000', 'nonce': '0x0000000000000000', 'number': '0x1655c93', 'parentHash': '0xb5fa4a6a73ff730f0b8b2ae90a58f9fc3ddf10e7f4f05596430e00bf1e4e1f69', 'receiptsRoot': '0xc46407eb6fce1e7f6177b6c17babd25b6ceed4409ae5801b363da3ff342d524b', 'sha3Uncles': '0x1dcc4de8dec75d7aab85b567b6ccd41ad312451b948a7413f0a142fd40d49347', 'size': '0x1200', 'stateRoot': '0x4e1a681002c6d0b25df71d2fd5a5abc9de2d86cbb98f8f57019de307c5b23512', 'timestamp': '0x63837e86', 'totalDifficulty': '0x2c6725c', 'transactions': ['0x47294e0ac5bc66060261ed1f052ff07317c2aeff842205304ba785bf58b39101', '0xdbf17e1c908b7230701fd3d1543dae9b195f41f7474301ca739258e01fdd4f7b', '0xe9c551740e56747ebc40d9c72787e95cad1f607b7af0fbfbe45bdcba8b9a3c09', '0x991d88fbf5386417a7da6081d738124997e866c393e3f18bd63d9782270d7127', '0x8f3ddbc6bfaf48a955be1ec117b84070ae8eab91e4ae01a43d50d2126e203f41', '0x3063253932ee029322ed7cb17db428c8f7de24bd2947495092c7f2650d229524', '0xccab21a22ba68acd298769bc60f8cd193c233deec4ed50b861eb92c2779e2b95', '0x56f01c782fc806166f9f50dc00d43649ce6065eed2f197579e2860245fce67c5', '0x737438cc5c2abff5fbd84777200479ecd450b9590a13f86a61666d7a294a47e9', '0x3a9cd1a17bb3c85b28a48e9d2164b44039162280bb25c57ce32c78e868ffc8f9', '0x2650ef13ea15f8fe7429e433c41747ddc60e66254e3f142a3f494a11605406b0', '0x608f72f1ce315d8c680b10cb075f2ba28eee9980432ac50b6983dd9221d62475', '0x1619d9b969f555ad4c69df8a11823c3661363132dc07972b008f7af1d11c7ad9', '0xce140628cd8362def31a1d49873879484c61fcbc9c2711f19aa06465f5dd9710', '0x01e9fab389c6e4cf65540ac67ddf35bee39257eec63cb444796ee7746d040b60', '0x353dc2f755a7ba8eee3b0163ec8cc48b4333a7525aa568d4589917c174899fea', '0x71b25720ea4fc39c6f98853c9b1affddbba76cfbd8196a899d4e796fd88b842b', '0x8526f6889bb3dd398d43a1f16153ebad148e3c2feea7a148be76236fbf44a92d'], 'transactionsRoot': '0x5f639122aa0c307f4dc108c6a650d0d9e279fcda3ee2ef1332df91d998000c6d', 'uncles': []}} (async_rpc.py:86)
2022-11-28 18:11:32 [   DEBUG] Making request HTTP. URI: https://responsive-convincing-aura.bsc.discover.quiknode.pro/3e7f242edcfec9ca1a36ef544cee66362af95baa, Method: eth_getBlockByNumber (async_rpc.py:78)
2022-11-28 18:11:32 [   DEBUG] Making request HTTP. URI: https://responsive-convincing-aura.bsc.discover.quiknode.pro/3e7f242edcfec9ca1a36ef544cee66362af95baa, Method: eth_getBlockByNumber (async_rpc.py:78)
2022-11-28 18:11:32 [   DEBUG] Making request HTTP. URI: https://responsive-convincing-aura.bsc.discover.quiknode.pro/3e7f242edcfec9ca1a36ef544cee66362af95baa, Method: eth_getBlockByNumber (async_rpc.py:78)
2022-11-28 18:11:32 [   DEBUG] Making request HTTP. URI: https://responsive-convincing-aura.bsc.discover.quiknode.pro/3e7f242edcfec9ca1a36ef544cee66362af95baa, Method: eth_getBlockByNumber (async_rpc.py:78)
2022-11-28 18:11:32 [   DEBUG] Making request HTTP. URI: https://responsive-convincing-aura.bsc.discover.quiknode.pro/3e7f242edcfec9ca1a36ef544cee66362af95baa, Method: eth_getBlockByNumber (async_rpc.py:78)
2022-11-28 18:11:32 [   DEBUG] Making request HTTP. URI: https://responsive-convincing-aura.bsc.discover.quiknode.pro/3e7f242edcfec9ca1a36ef544cee66362af95baa, Method: eth_getBlockByNumber (async_rpc.py:78)
2022-11-28 18:11:32 [   DEBUG] Getting response HTTP. URI: https://responsive-convincing-aura.bsc.discover.quiknode.pro/3e7f242edcfec9ca1a36ef544cee66362af95baa, Method: eth_getBlockByNumber, Response: {'jsonrpc': '2.0', 'id': 53, 'result': {'difficulty': '0x2', 'extraData': '0xd983010111846765746889676f312e31362e3130856c696e7578000040fc9c67d36fe5c52e2a3144935756795ba0a09d1b2f58430eeeda3dd1ad6e29d6351283766ff1b87fe73c3dd211f5f115af40fab35bddd000211e4a1bfd9e59bf5f05ac00', 'gasLimit': '0x71fca76', 'gasUsed': '0x22a827', 'hash': '0xc6f08dc9d4510e0673eddca1621e23707a160be89990330fd29012213ede7f2a', 'logsBloom': '0x00a0660800000410200800008000020020a0088004008000000080280c00080080058400000050200848011050080041002a00000440060000200004802c01800000040002080800010000094000002020100000a0440c00000400808001000020020020020200001000840110500800480050400011058100c021100340006004000000000000002080040220003ae004a4040530000008250840428800123102000004902000a002042000020c000800048010080000002480088100160040480080e20010001700041000180014102118200000200011001100020000e0000110800030004000870002200400000000800410c4000040a00000000c800000', 'miner': '0xaacf6a8119f7e11623b5a43da638e91f669a130f', 'mixHash': '0x0000000000000000000000000000000000000000000000000000000000000000', 'nonce': '0x0000000000000000', 'number': '0x1655c95', 'parentHash': '0x7c2aa12ccbc9ad6f2be9ac62e49214ef2a69baf82be33efc5cd45dd4eaedda7f', 'receiptsRoot': '0xfdb8045d98484b3c4071443a12bc041aeb8fbe6b20e5a9d057aa8d1f4514e2db', 'sha3Uncles': '0x1dcc4de8dec75d7aab85b567b6ccd41ad312451b948a7413f0a142fd40d49347', 'size': '0x142e', 'stateRoot': '0x6ed5e128b7504cdd5cd80d082ac292c31ddd89521bed3c77b75f0d390b16ede0', 'timestamp': '0x63837e8c', 'totalDifficulty': '0x2c67260', 'transactions': ['0xed3fffdc17f5c51bf6eca000bdc29b762a3927f6c6749fa907290e84cc39f1fc', '0xff90034a2a7f84a5dd14f298814f4eef98fed96bea3b60aac539414dd0885f41', '0x937d3adbf03f90af4eee7e4284b62a297c71700a893c8f7d4e1c4eb3629c1da8', '0x0a9277a85b4ab34d288ebac5c1ee6cee28fdedb0ae4e973e30d34f35810abcab', '0x44b90367a6fc7658b25e4b7bd671793f1b41d039b72cfd2502b184cdae923a70', '0x8e8febcf9a685ab2a5b4e7717ef80f9a242e50f23ec0a3341822dd6979056f06', '0x7d94920f21b502f1152bc87d4e0802efe4d912e7e77e73a61277316c6cc41529', '0xe3b744a7a8bf862cdad69fe44da0ccef56fe5f6fd90f02ed038348fc3881e145', '0x943b412b40146b71ae2a4eb8699faf90b9c886a06eee49065b5ca88951c428d3', '0xf5ea8fc30e934fb54f4b11d975aebea27a0216e075efbb250cf6c02341fe848d', '0x8c5b37b39fd22f5f16c07f7ecd64a0455a75deb3e37a8a30227cc9d2238d1466', '0x24faf646866c7f18f6126eb40539b07c6ad792af114b6b9f3ac12b254b01cb8a', '0xc709aea753d6833dbd5f0d2f551f7f6bcac28eb86825487215288cea2eeafb4c', '0x48068b637ac80affdb747245ebb517000aa49ecc7c01b37c7b0f8f562a09391c', '0x5eef4a682457dca645867afc20979b21420210f9712de4fd329daef463844a94', '0xe7f6d438ef1c86a604fe8292bc9f336d25123a2ea265cc7eb80da787ba02412f', '0x30eefe4b5081d8d232accba7a5a003a7cdb5664203aa69eaeebbc0efee6af989', '0x52b38ec09cb69927337eb5878aedb562f037aa7adf92ac1039c5d9909e5ba773', '0x90ddb62b0b1e2367b7acdbb9781ac4d280fa147f63b5d5ded3ff91528ef96623', '0x862d29593b593655f400381e129abcc4b37c5703d765d8b98683eded52b2a8ac', '0x92202c6d3fbe5cd7612b708050504a99f9113675452f440b6f513cdb429dd7d5'], 'transactionsRoot': '0x155de795ce8318d410b22dddc6e2d9c2fe2480cb42cc3aecd1c57c58bbba1de0', 'uncles': []}} (async_rpc.py:86)
2022-11-28 18:11:32 [   DEBUG] Getting response HTTP. URI: https://responsive-convincing-aura.bsc.discover.quiknode.pro/3e7f242edcfec9ca1a36ef544cee66362af95baa, Method: eth_getBlockByNumber, Response: {'jsonrpc': '2.0', 'id': 54, 'result': {'difficulty': '0x2', 'extraData': '0xd983010111846765746889676f312e31372e3133856c696e7578000040fc9c67321558dd917efc473aa34a85eceb7dc8092650c76336ed1cc79d20c7722a6ec06cf69c882e10d07e448973a6288fcc0f1554dcfd305908289d32ddb1e569f3ba01', 'gasLimit': '0x726ea3f', 'gasUsed': '0x9dcb89', 'hash': '0x1d2eb9eeb3e073b6b08e29b10dfa1cb4254c9a98b79f91a8f3b2bcc50f16c3e2', 'logsBloom': '0x176286b3ad699899527c78dec021551d806e762ac5e704ebf4aba1996458b4963b0f8640ee80db64911b13979a9f6f2c690903144aaac79cfd7de32fb4bd31daa698c7cb217dc59bbd73cdfd401067af23fc2b59bad06cd37d3eb71cb2ea0876086d1fe106d75a6e096ef2ce92a2e9656ff559c43e2c8e0d3c9b9254b74f8a5930e31104d2ac1e7898c4dda689098ebddc7e6d3d2e764ba8370bf647334cb8e9b3ae09b034d631704aaabbc78aeb2da91c971e8462f70006fe144b81ebbe5d7ce3ca852bf51c973e5a304ce106815e4a3736256a39de48176f3362327452ac441573f40b8f05fe83232251db7583333bcc5b15c8ebccadf799033aa4b038580b', 'miner': '0xcc8e6d00c17eb431350c6c50d8b8f05176b90b11', 'mixHash': '0x0000000000000000000000000000000000000000000000000000000000000000', 'nonce': '0x0000000000000000', 'number': '0x1655c96', 'parentHash': '0xc6f08dc9d4510e0673eddca1621e23707a160be89990330fd29012213ede7f2a', 'receiptsRoot': '0x79d31e5e7fef5325697c69c7fe0e61ca5e6900d03af0ef9711cb703520bb428c', 'sha3Uncles': '0x1dcc4de8dec75d7aab85b567b6ccd41ad312451b948a7413f0a142fd40d49347', 'size': '0x6569', 'stateRoot': '0x5231939f4de86bf54d37d91ddb88e68c262739c8c914a021cfc8ff0a37f15ea0', 'timestamp': '0x63837e8f', 'totalDifficulty': '0x2c67262', 'transactions': ['0x917eafa4902ce1f2ec4d53e0a09b5acca35b5612e8a135c5812e6d95db5b2d8d', '0x6e01edd2279e7b0f7f9b0e093013b0a71943e2a2df396dbcc8ad6614e50f339f', '0x23d80e9e37b47cce1cca4d8d264ae81fa948ad880cdd2f5c0f1407001c5bd6ce', '0x10c9f9a7cfc0a96600ba663a1c7d3e63b77be03ad61ce02c9ffda2544120d067', '0x73e3fc8ab90e374ad74bed66113fb5f769746e60e412805e392bdfcd6ec0d9aa', '0x71ae5edf79e90abf9a480de1ca55c85cc2643e46f09b215effad85b4d88250cd', '0x22f534c06c25cc05e59de6ce1c0d7edcd06230fde0613822ba05703f2a671777', '0x9542fd3cb8e5b9d3394843213a2fe78a34757b31f45b8e6c9503d505a23a3a3f', '0x884a08b4862cce9e91e9da47bbaef2b4afd6e557ef6c07c7a2d54fd949e1b7e5', '0x3d63855e7ca6827d3b8841a233ea3edc1f03e2b4e7d7d202181a7b505ef5dde2', '0x925ddf6c6d6b50ff7e430381399425092721e292d5737d637690310de5a53d18', '0x0536ac8ce68771e371d0ca6fb82b3036162495f185cef6a2ca06062bfe1e263f', '0xe154aef083d02b2c548bb454f1cd7f224f39484f753f378f23d07b4fce7f39f4', '0xc6fdeb2ebebd5c7a7dd5d94a68743d39ea18f1672a9d1b25fe2ef2efa456c7dc', '0x7d5e07286b66361671d480a02640ae80417c417cc172c23cae959ed98b723c43', '0xbcf38b8fa46ca89fbb5e6d5bde7a5313808d6f75b5179ae09d6f87567fb75226', '0x93e56a170908dafbbcc24ceb0e5eaacdc43ed1412fc43f09f1feb42f2b8e65be', '0x071a21757bfc473be24576d8f0d5147df3c6d707197b103f844229cf2afe5aa4', '0x4431b39781eacf8f92cc2df1f52df736beadecc3ac7d09c0d00f145e425bb94e', '0x07eeba59c4bde55be3880b05cfd652a9f4c1238e1fddc9439206751632eba36b', '0xe58223d4dfbb0abba23a9bec395738a54dde0c6601bbe301915f74ff0e585c2f', '0x622aeadc3e5616836c5a18f2d8b8197ce4a729af434d43700826975c5de01f77', '0xb68f216ba540c1187f1efa87e901fa44e34f0d5c01d6963107854c1323059c5e', '0x9607062150cd0054e55e63b4125ca3d9a179b7bc4a8c776c19bd4e35c8b03aff', '0x7697e29fa9c509743410c7bfdfe2099c4cb04a6fd4a85b0ea1d3dc72165dda16', '0xe1f3859c8a58cc506d811fcd02557e751d0a6407d93fe5645f3ca0086332fd3a', '0x62f31cdf5708fa9b01affe95d657d40c9a7aa58047b58d89a61e8039f5299f8b', '0xa227f4e0fb86dcc95f41cb4376f0f500a79bfa466482e703a2122085ee0e4ece', '0xed7d52976e97d3dc0e1e2fd62cdcdd603ab9ad1a92731c8b060bfea7e9f2b585', '0x1b107b5df66e1abd6c97c1a295900750d01da8e4a3cca0d597af9d3876c309a2', '0xde3f06fbb5868cc9045492d35014f2f1d52983364d83949ffdeb5ff7715667e7', '0x90ede623a2740d912710e8ec72446a5697c731921a8b3e0cd59fcd7e8f808c2d', '0xad71ccdcd00de185f574106645a1d0297e99c8f3e27adf0955b332f9b185f959', '0xa270aaef75273dd8ddfe4aaeb208b66ebf3f27ac9f20aa6de8b0dbb0225ba5bc', '0x0cb389e06799c666b2769e6084b52d0ab4f096549a6b0892ebdcd6d45f79ef3a', '0xc4df56a45ffd6b3456a40888b6311155b5601aad29c0e95f47ea0b89d4012a50', '0xc1ddd00df633390af731953f6d78d0bd32b8c312f52bd7749a510eab6afdfa23', '0x57c7615f448657e9610fdd9b105a21b7ac3e1d741662afd1b81f9fc2dd4359bc', '0x4feaeb53b95e09c680491d9c8e2777fc2d45091b49aef755379d6b8dd3c644dd', '0x0bbb2fc88d8eaab710ec0a0372303d17166f851b6e7fb961d483d90329578d8e', '0xc152b6e19806377000158bab8a4b636a323fa61c7a0a4cbf83fa99b9e2f4fb9d', '0x4aebe863fffaf53d6e48c639a711b7ee434e8773ba65ca4cfb1ba3f4f4cf77a4', '0x4792a773b35718a679941bf59259ff687bbf56eef02f1f056fef0905535d66e7', '0xee2052a148803e54646a468f1bb08b3c078a2d897ca0d2bf81d72ca81d5ff961', '0xdbd172d02e6dd03f784ad578a3cb048912c87d2f2f111d04a12cdf91c8aa65a1', '0x9fc777f31dd7cff88e916c8b1018ab4c5e118cdf321e6bf261c38b77f937fdb5', '0x89f8489bd1f162dba2881f3871188b50337e8cb5fd9b657b85bf98be5b071828', '0x304152b97163a67ced3b46454f8dcfa3a92462000b91124a2b2c598cf734430e', '0x15b9eaf4e974f35a486b1b6c2a0e00a839b4a181566ee9f427735e9c5d168218', '0xaff5d0d0d9e3dc3a62ad292d2544a50c43820e320d10e46296f8f6c903f3e457', '0xb30bd16086cb63ad5af45a1edb469d51366a5257a6f77bad1162df02b1213b59', '0xbcf1febdc4b2eda50daf8280a411505ceb965ee5735f9978b463c21f7485679e', '0xb6a8cec0f949616432e0462c5ff181436924ec97f8c12dd8fa99b952372c98f7', '0xd7dcad95292a6c959079c44735209f9d5100f20ded79873965470b311cd93710', '0xb146f5c1b102b1ae73c63c281cae7767fbbab0abfabd34d72bdce11c20cf235d', '0x68b4b89e927c5f73f95b8cc162c9651a493bc81664d1f1923ce4b94b21b5e9f6', '0x09c98842206b9696d7bc17128bf7b759f9db5e207628edcaa2313ee01f66082d', '0x676e878239e131a46d6486b40889b8453ee844af85d3f8c8989d217e2c1715bc', '0x4e66e7c79f72883e660bac0c24dfc9a3f6364f2653e074c612b463d267940ab3', '0x4b172fa505256002ca5783b69a2eb87b8ecd43ab3925309276fcac359a56dd95', '0x635b836848d14790440f7ee97f81850323f4e6f920a3cdbacefd0acfed03a9b0', '0x35cbeaf00c019423bf2befd10afabb8b1131f81b1bcaec669ac986fb202993b9', '0xfc0ca2bc64616f02967f38489c5634f1501b49fc1b1bcae767d558810db048db', '0x3bf2cb75b3a2a589227e2b016f69618c90dee81d9d298c6c521b99185da974d0', '0x5370ba43cbb653a7a00553cbc85d61ef33db0c009dfbcb088c6a3a40d5a01833', '0x4fc8d2335676489b3942e653a7e14cda8ca4c75edb66046af4dbdade1a2e76d7', '0x8e595dcb5832cc9e3ffbd28781a1263d953bc22bdc1b588ab3654a92672d5f0c', '0x2c356149868055abe9028b811e4a29d5fe1008689f36ac40027a9bcc93870f8b', '0x0f948027a97741ae0fdb48b9e3c20f15ecdbc2021044c26dc4ddb155fdcf3a82', '0x210d047e70365b8058bcbbd92cd8f6ee9c1807770a5a885ded7359bdd2ce2f21', '0xcdbdd2829875a609cab9d53fb5e75e2526a304d29d8b305b7eeae36ce6a94648', '0x15d06ea557c01685d0428d8eb1891d4e33024ab6e0202b0d23f1b9fe9a259a00', '0x2521cef5ed87640d882fdd1e064716c647f15b5ba72534d84e015601dc940d5e', '0x876729e972888590f7605db0d458331565be2f66df54261b805f54092e98f109', '0x4f34a36476d4a650b95cb581b3ded02817c0b6003c463784d7ac5db0d2486c5b', '0xe02d0756ba72626583c56aa7baa50774a21e131cc40cbf14abb6d1992adc916e', '0x51fab6a4243f1148624d5e8f264e8ca1190df3d710c95088bb63108667c51ee0', '0x96ebaf449a7a49a7682539b58c90c0e2f02675229b22c4b59bc46b7a97cb518c', '0xfc8ff454e0d604174167e703e2082ce64c2a8b32bb0225cbdd2e249f944804e2', '0xce9a178d4bdb09965e405cef73c616c7e78ca2e2aa08f71b354e60e9e4f3d238', '0x3cb8d81cda27689647b2ecf5164dc37fe96d860e3d59ffe184d7e3227f26a613', '0x0885b14ecbb7fc268ebc886325360385307eb419171f147c4e85dff85a7f937f', '0x161edfbebda0d6ee5abf5d2c2785a99f63ccfa4c9fdbc2e12f8cb06a228d7a7c', '0x2518c752a4d5379c1b02c6d09de752b42561a3cd23c50a7c6d79080b31c13bed', '0xe3eacb5a61ce8646ea0155beb90a72b89240a9742ccfc32f8297a03b5c492e4d', '0x7937712d00c031b52305bc53919199643419d1a4c78023e485f484b25a4fbff1', '0xc18194034cafdc96aabcb9c78c55dd5c0b79280d26b98318bf9c32a0e752caa5', '0xa4e3cb0eff1840a1b1a71f6d60917861238348000b7969bf7fc6ea5aa17698c9', '0x2d470092a6b58fe1a2feb10ab8fb06a4804947a1d0b2e5b66957137c01b6b1bf', '0x9dff16c9c1a92346700e63642d249e6cd93c5732e6eea4db0cd837735a504faf', '0xfaab41bc812e1558740f2174fa651110c84a92a94c83ee5b0e68c8f4d2121d51', '0x496c0b90cd02814eb09f31cab104bdace99700683dd038ab4034c8b30cad26fe', '0x6778daa82a396f11700238c37e9ef35399234e57746599a68cac928296eb9f1e', '0x7af54efd9321efbf7c626e7787f88d6eead122b77a898bfc402cf84db51ca852', '0x5ef6f6d84c7048f8f01f32b82f862ec493f66ab28f08f073bdcbe598f35a64df', '0xc88607f90c45c8e850cb371899b8bdf4eb96202dd11c8fcaec8e7b448b9654e2', '0x5ee461bc0f7a8da5a36b57fc5983ff985bc242f521ac7ae47b3061f7bb99bdf0', '0xe86285db09d0f7b86c3b8e74262ffc47d2f3dc0944e78a86a207237f64c11027', '0x9e1c0d36a6817383442288dbb49f0d57bbbb508d4cc7225d6fa05bdc8123d692', '0xe2924a55c0a1e2854d2ca3ed6077e8dcaa0eb484d80c4e9c398b86649d1721ab', '0xeb8e15a661df0e5ad5a8d6d02fde33f41d7829f0330fd34f1d04f867f0287131', '0x8b9fce07d034bffe19e3daff814930f25c6c593f68128d36f93d237adefbbb62', '0x9249e40cb6706c81b8d6211dc1308867c6a54b81d116eecd7beb37ca6f26c371', '0x49070d876aa0173a93eae0d18b95f2e28071de6aae81b5399d1623c7dd1c6d8c', '0x456f67c4e614dac8dee62785a69c5159b9743a3652ebcd2c7a51ba7051fe2e12', '0x2264fe1f682f6ddc7dc1c1ed2e04979b245a78cf2ec95d8a5d80c5cacd09b31d', '0x38e543dc909103a00e0d363174fd808192f194f12bfde394e3ae5fd1e4ad58d9', '0x68cea2315b4cd936522d44d056322ff2e56ace3cf4da769cc006932c76ab472e', '0x26eec7adf6d1dde00fdcae6cb6b77e8fbee16702f206a80f4bf1e7393e62eb26', '0x88ed55cae4b1dd1a7aca041f46240b9ba00d7b1b38e9fce994f505f4c8fc946c', '0x27231d098a1676763e76912a37ebc297feffc4e5fffc89392b94418d144ddf44', '0xd810b321acc8a6db5a78f38e66cbb2a07b9e609780f01aa373104c2b94e669d9', '0x218f0aa23bea09aa78d8b42b044c75ab74a7823b888a264a27c35a63ce34b40b', '0x1177de3918d4111759df629546ac9cbfcc9865f48715227f2a1024880c8e8477', '0x31e6a05a0f8126027b655773dd8966550939f9b764fdf89723a0a3eeb60b6925', '0x41f7426f55f044ce36e8584fb94ba9655bebbea9258594918a4518a38b42016d', '0x0e58cb34a0a90130a820ed859bdcefe075ec564aebe8630636f21b1a4714cbb3', '0x6ce7b598d0f1a23efe82f405d7a936075c40598c312e96b3355570781660a1f8', '0xe7783afdb2fdc24fd8407ef71d428b3f41e49ed905121dbd9df95447de3aaf87', '0x870e037831a4f76a9329b331c16b430790e2962b0ceb8ade308e4018d2b4b666', '0x0c7e281bb6dc5f8b26209a3f64f31ff97240a54b0be92270164a2170186756b8', '0x4e09905ad3e533084269a26ecf08250a004c9cf5116313a638acdef8b913cd96', '0x61bba5ea3e900591daa4172ebb0bade8ade5fc6ee4e2245aaefc262af176279d', '0xb7535aede08bf19285d84a133e20ebac96ac750009f1090a07244d69171d1d1b', '0x751064202b7f32bc2d73aa0cd5b453b634ffde49c610e773a976b75b13193b3b', '0x3c9e3d54d078a982e5c0f375fc558ab199fd10d001ccd3c2a3accf484c48fb32', '0x402fb5a8a8ddcf86710cc36708b245018dee3d2e4f734fc2627e7446ab731429', '0xaa7c1ad0ffb142d65049655b9512669799d2c49d059e6e45438a2ee55489e11b', '0x0e5357fd3b638b7540c8af5392e084977cedb2e7e2e2254f55d3cdec9370ea51', '0x6420962add0f9248f1313c96a8f3f55ff81544882a8ecf8de987271eb1b1bc80', '0xa8d4998fac79dd3c1efe73a7fe300b5ea3eb9d31a26939494f1b5b43c1ca917f', '0x7f7776d7ce008d8a818303c4d427ee178731ee72f15627838a90cc1ccff358e8', '0xddced8483796aa9cd0493d9733f54177f47c58cbc08bf618a73a744d3ad0e7a7'], 'transactionsRoot': '0xf39523ed2bba48f17b52ab17e1e670434a025139f93807078c811c4dbcfdaabb', 'uncles': []}} (async_rpc.py:86)
2022-11-28 18:11:32 [   DEBUG] Making request HTTP. URI: https://responsive-convincing-aura.bsc.discover.quiknode.pro/3e7f242edcfec9ca1a36ef544cee66362af95baa, Method: eth_getBlockByNumber (async_rpc.py:78)
2022-11-28 18:11:32 [   DEBUG] Making request HTTP. URI: https://responsive-convincing-aura.bsc.discover.quiknode.pro/3e7f242edcfec9ca1a36ef544cee66362af95baa, Method: eth_getBlockByNumber (async_rpc.py:78)
2022-11-28 18:11:32 [   DEBUG] Making request HTTP. URI: https://responsive-convincing-aura.bsc.discover.quiknode.pro/3e7f242edcfec9ca1a36ef544cee66362af95baa, Method: eth_getBlockByNumber (async_rpc.py:78)
2022-11-28 18:11:32 [   DEBUG] Making request HTTP. URI: https://responsive-convincing-aura.bsc.discover.quiknode.pro/3e7f242edcfec9ca1a36ef544cee66362af95baa, Method: eth_getBlockByNumber (async_rpc.py:78)
2022-11-28 18:11:32 [   DEBUG] Making request HTTP. URI: https://responsive-convincing-aura.bsc.discover.quiknode.pro/3e7f242edcfec9ca1a36ef544cee66362af95baa, Method: eth_getBlockByNumber (async_rpc.py:78)
2022-11-28 18:11:32 [   DEBUG] Making request HTTP. URI: https://responsive-convincing-aura.bsc.discover.quiknode.pro/3e7f242edcfec9ca1a36ef544cee66362af95baa, Method: eth_getBlockByNumber (async_rpc.py:78)
2022-11-28 18:11:32 [   DEBUG] Getting response HTTP. URI: https://responsive-convincing-aura.bsc.discover.quiknode.pro/3e7f242edcfec9ca1a36ef544cee66362af95baa, Method: eth_getBlockByNumber, Response: {'jsonrpc': '2.0', 'id': 64, 'result': {'difficulty': '0x2', 'extraData': '0xd983010111846765746889676f312e31372e3133856c696e7578000040fc9c67c4446804f2447842fb51aa4b7a92a342cad26df1417d5e2d2aed2d5088ebb5781e127025569080db13fa3a9aa3cf101a88e6f9b9740e9d7a409fc159ed389de200', 'gasLimit': '0x72e350d', 'gasUsed': '0x53a21a', 'hash': '0x40daa17c0fe8c8c4ffda14c787f3598e006f2a0721fcd88746b1569b4fe576fa', 'logsBloom': '0x026c32180320411048040891a2029181424925e4d18abc860990822920909000688569c19801908082bc12a10a0048c02283531403b8017050088a0acc393240862d89000901c2b2a16a0c1a30000631681a142814496c600cc7401e2c52428c02078ae3261e010424102e810d200d025ca003c9144095040143227b63b00c815a1b9120e62b1020248000c04410522120653c85ac60460c051048c77655c8710706100f178a9c83b0002099426ed0a85dd0701c426645d1aa0231396852472c2168011a7001026300b2901d9090d218a9262202294ca011647bb82a0180a23d001f1500040508f8cd04201b348808cc4aa2060c4906c82cd09b482402400a54', 'miner': '0x2d4c407bbe49438ed859fe965b140dcf1aab71a9', 'mixHash': '0x0000000000000000000000000000000000000000000000000000000000000000', 'nonce': '0x0000000000000000', 'number': '0x1655ca0', 'parentHash': '0x428ac23bc1a0f758689442f838f15a010660c6395288a4931f7ac9b889370018', 'receiptsRoot': '0x155dc41cfe7c58fee5bd62d387fcf690cce620eb559b9e65fbddf910466fe8b5', 'sha3Uncles': '0x1dcc4de8dec75d7aab85b567b6ccd41ad312451b948a7413f0a142fd40d49347', 'size': '0x368e', 'stateRoot': '0x663e1734c6ddd0f86a72cf0d3ccd3ae03591b46baccb1761bd8e9294d43a4c2d', 'timestamp': '0x63837ead', 'totalDifficulty': '0x2c67276', 'transactions': ['0x308b0d6350b4bd15724371fd7fce7d8ad96668bec15de5d58b6cee17a6d33103', '0x7db05d5fc2a39d5876daa039b0550130415040d61ebe32e8ea33cafbfa3ed05b', '0x0e8d0c4d70e4435ebd2afbac88b0d3287ac36e1920c156ab5c3821b3fc33814b', '0xcd8fdae13ef198e28e7530cd91e0f40beea7b9b633e710de0cd31df5d20fedb9', '0x1e57d7d9cf2aadc33186e156af0bd09c661b3c1a51ff1528d69fb54c369f816b', '0x74aa8319c5f30a6620b4ac798a00b8bd67e82c01d6cf2c5c7d8f516217803fd5', '0x8960ae302f61bf96b41ffa250a38d0d22996136076c97abbbafea1ef71cf4a99', '0x7ac572f4f3c73173bf493cde2a8b192ffe52e4a2d63d80a386ca4a62c950629f', '0x7e25b46ede4df3fa25b9d254afd327392ff25539afa73acad7195922dc28bac6', '0x04e87798ca2f9b56a2d847ada899f96fc6b824df1d617a11ca1f7c5df30d5299', '0x0375620e70fa99444a078cc91dd2d41ff63d8f8bb8d584216471fea1cd880208', '0x9b7808d51b9ea4137e5642e274f08083b0d6f618591e838aa42d86204639b9e2', '0x44a4f53c04ac19cf6ec6e9955159ce33675eb847eefe07368e7b4b564f8e2e90', '0x7fbc97700ee7ee2ad374e004233933b30ede34474da3b1327c49afa8b9f9cd1b', '0xa926b02cbe6b8f93960bb5cabb6b48c6303c4e691ec0b739c491be17b752700f', '0xf7e6fac912419e75d595cb18aeb641cc3400d7afbe5624d2d6f2b9bca94e45f2', '0x7316c21adb7a185278b383a47bf74fd927573edf4130a3fd416d0959c9484039', '0x847f21a68f2d6740acdf043eec291e831f378ed28ba0964f28102546af8effde', '0x86ec8a2f8e03ad1e342b0b683c4aafabc1768b3ca542c143c1f283f5842f66c2', '0xdd6adaae66a01553bfbd2c18f1845c4e9dd87798d305f42ddec7b9c297e5bbd2', '0xe695461277fe92566715fbab2d526af8d0bdcbc9d8a3af1bf3f177cb7fb43951', '0x7d59b9c68138f8b011f57c32b2f0ce5e818de3b97e66d0d3efa65366952777d5', '0xf39a1bec401bc91f07fb9788c3b92486c2b114d784a0f792a04c205ea678e334', '0x6343036af6a516e0e927ca3a4c41a896e9ece7472cf0ab53877ef492b5598e99', '0x112f2b56487cd544f44bb06b30483acd189c7e64cc2806ec58be118fc98c3f48', '0x9477cdb2105113b92f1a37855e4d7148677a5c7983b17025d6b6a8bee1238052', '0xf91f0761a60dd590a4abebc6c0e77eada8b25890fd830b9f8341629c670587a8', '0x70dceb63a549edc0e13da6faec4f7c86e15767e32da5a004d59ef07c28bf29d5', '0x92afecb6df75a0651bbcd47481cd760bce4d829bd87c2f04914e868ef8f02286', '0x28f3e54ccc2c9f1cb00792072d7cc0f4edc5c43b9a0b8566d4aa7a86233d685c', '0x3617ebde0385f522f94f97bbf4f803b51da9527834b9c068b05f359b05bc2961', '0xbcb1d437d5a7ee565bbd574280e3aa8ae3514550750719bfac1362c9fa9ea4ad', '0x3133677640850202e6f56f9e3ea8ee39c757d8b8136bc2baa7cdbcd7998db8cd', '0xd2ac6a3fc822ae44a9dcca6c46a040363d4f0560fc9c3105bc003b508ead712f', '0xabdaa84f72c476ac2d5c4b1023829b60b3d7dae325d6281356ee7ab9864d9308', '0xfb0baf1912edb2133292210d060e793d4129bcb8dd12f9544505fc3024846316', '0x087dfbf9a913a8f97c095e0ee32b6ec97283dba67e5f9e061cda4ed2858514fa', '0x197ef177e822830731974eb5bcf5d259c8155d3f32b2d6ebd5388bd15941ce1f', '0xd5067d5ebc265afbc91ac4f4b677296cec50fce31bffa9188d3e84114667ddc6', '0xebdc2abc0ede7ed3fddf1c4b6efac0973e3f403ed3fef6364a14875cec0000d9', '0xf7e56d50dc5a13718708b8d7c2f1777ea552bdac6feb32e60fe823a75ca0f8d8', '0xd8deb4d51f288199085bcd46517fb74952b6d37c09b7a866f8f5f11bea44c74b', '0x1eed60579df9df99bc0b609985a8d000d422fe0898b5af21bf0abe2a378e3766', '0x24fdaaba13ed32e20fc8b767d14737ef085dc1a37acb86814543a6fd8b6573ef', '0x3c419ab497ebfea780dea7eee4df3f7b1ca899037f5588e02cefd50b07210133', '0x4134a804d5a135ba8a45a0f9b4d0a99ba68fb52266f2d0f3d84e7235b5bc3b3e', '0xf26b257add3a4b7301970d6f021fcc96fdc1a8053d24a8fc6c8162a555bc07af', '0x54b5634e3d06d6827da95e3ed04f03e6104f21553552d0a9173566fe520626f0', '0xce4908ce7ad9175c24fc6effba9e50b5227f88fcd9ff6a2dbde73024878dfed3', '0x41b599b3e5601f32d2a87b01c8de8d7d2f116e76e5742cb9fe4b1195ac1df96b', '0x457231096405bd6cd8aad0166e36764e32a1ee782331f0abb6f1b3d47c025663', '0xbf1911894fb0bd6ec0ddf22d84c8ec488f7f28fc41260a205a323e23693422ad', '0xfc695fa7881888e3545134fd6b5de7d21f21b5a68c92faa5e28eda7f090bab8f', '0x0cb2127eb01b8a2e9aec9cf3ea708cd65106309387550e3cd26e46cafaf8e629', '0x91335901f6da9a9e2afeb13a2014bedeb960e273c4ed65bc3ee1e0aa5ea3f819', '0x337288338309aa780537d64356f3b41abede0f9430886df20b000cba3ea2e682', '0x292c1dfe12532f1ec840ed469197805562f789553281f54c52cbec9071ef345d', '0xd81681fecc8f0163c84a417b416c69f55e4777329195871396f9724f7b920c37', '0xad100de34c388e3e191194be80376596af6aaeafd80ba682c3cb47e9959ad79c', '0x583a7b4f5bf4095c3ef36a19abede70785935acaaededca8cc50c2569ba0c8ea', '0xb595fd483bdad7559d58133db4762aab5c5417342df7a353eead7e5a0c08455d', '0x3122294194ecb7758d85d839215125e68963a3eafb3ab9f57721f63dd69dac44', '0xc8e99c0883fc72f399a7b0979277d58eff1f0744ef72f97569a1935289ddb25b', '0x1073b31eac32c2d3c461b8723f11bdb9f788b4d735d1bb2a931b38c2bf70dcf2', '0x639fde66e8f6a40f2aaac53dbba55327fdcc9e9fd1ef8a53357f465effb54f2a', '0xeb223e9a2e4ce0131041c260e3aca4d8b3e0085b646ff3bc6677d8f630275c34', '0x405726016026832a34724d7297fe143bfe4442637d8567fd03e5a68539dba62b', '0x3043a30dc7c91ac0e88b3d0b6c29463e7b2bb35a23dd37ea1972cf9bc0609c65', '0xfda2730c72962f7c6608033c1d73ffc70c426e7afeedbb5a5307bf58377eb04a'], 'transactionsRoot': '0x6f819baa7afed2005dcbf89f65366d90f55866b19a1479c3c3d4547ca088c4bc', 'uncles': []}} (async_rpc.py:86)
2022-11-28 18:11:32 [   DEBUG] Getting response HTTP. URI: https://responsive-convincing-aura.bsc.discover.quiknode.pro/3e7f242edcfec9ca1a36ef544cee66362af95baa, Method: eth_getBlockByNumber, Response: {'jsonrpc': '2.0', 'id': 56, 'result': {'difficulty': '0x2', 'extraData': '0xd883010111846765746888676f312e31392e32856c696e757800000040fc9c674009cbeb9b8580212663d0d64635bb3019d0ebb6994fba2287f8eae5b30d19a27808edc2b3a3a41636e7e37438d21742dfc5a373b59e392ef8ecf74f4419de1b00', 'gasLimit': '0x726e318', 'gasUsed': '0x1c5dde1', 'hash': '0x938218aa2a1cfb8c039e76fd0c8108525e01c533d61d7ef39e3a60141ca5da88', 'logsBloom': '0xdef7fbb1bfdefc715aeda3ffe5240fa9bdbba2f9f5b7be8875b6bf6a6fe11d4cebf7dfff9dbd9ef74a2cfefc0a7c3be1dd97b3e75efa779ff1bee4ebfee73bbee401cc96a3b41abffb7adc3be6b7282ffd9faf6f9f6f6daafdefb7dda4daffc65fca2df6ae67b7197d35f53f679fb8cd1fb3db5bf9bcefb57877bf32dfe78e1ff1d7357f5dcf15797fdcfd37cea6fdf504ef2c9f11a71759f1bfd7d9acacef3ffb3fdfef5f3c3bd37f5877e3ae2eefbddfecf8734fdf7f675eefb1f6a3f2d9fdfd53ffa6490f1b6b53deb5019f9fd745385e97dbc9dfdd73bf7a77eb97fee76ef1fcde5974b37524ffef8df7fcebfb31e8be7f9be9a9fdcb9d9fab7ffffc41d7', 'miner': '0xd1d6bf74282782b0b3eb1413c901d6ecf02e8e28', 'mixHash': '0x0000000000000000000000000000000000000000000000000000000000000000', 'nonce': '0x0000000000000000', 'number': '0x1655c98', 'parentHash': '0xb7715a43cfa4a2f33330bd88602b4c1ff2af0e030307321a4d0b7b76f5f70ca8', 'receiptsRoot': '0x9813eadda9094b745db221549130480ce353f153b56babf14919299075c16d2a', 'sha3Uncles': '0x1dcc4de8dec75d7aab85b567b6ccd41ad312451b948a7413f0a142fd40d49347', 'size': '0xf3f4', 'stateRoot': '0x233b196e49c047d91c6199b31bacada5d3c24ded16616b825a48951522b01f32', 'timestamp': '0x63837e95', 'totalDifficulty': '0x2c67266', 'transactions': ['0xb4a0fca2eba7ab732cde61e4ec9e6db32e7e9055fbbadefa91289afbbf583f8b', '0xb66cca5724d8ef2018b97b88e0580576b5aab61991f3ffbc1e0befb906d65451', '0xa4f24098d4b93c1f23684222465ef4e90c9e4019eab165a7ff92fd51084280af', '0x6581e0bfdbcff647c769f304887d0e34c630a6812c6ced1dc8ddc0292e00aea0', '0x1e0eee6c9f4542ca758cf7d9d61f452a44304175c49e00029f1d68b547ff46ef', '0x29a4d336afae247acd28aee1f295b26a7e7abfe8303532ecb9edc08e78c01b7b', '0x088ad223115b1579ed661e3e2bfba0d1c0360c3ef029266ec461e0720ee23cc9', '0x48e15420539b2e99eceb01aaa9d41c16919ebd18cf270b1920b1ac4f9660e2ca', '0xae84077df24bb86addf5b7f9c16d2d6292b90d3c7b3e1d32b9d1ce5515461e99', '0x1e5cd8f0e3cce10732f369653891d33dbe66f6fcccf596edf0383ec11c1ce183', '0x9ad9ecbf043a75cc089671faac166c92b788abb6c3cd95712ac71fc42a23d1f0', '0xe5ac54699ffb75273bb4629101c246b115a9dec09584e8052a2870a889f0edfd', '0xd324d49aa6d98af65e7cdb6bc23d0380e81429e49566714d972ec4a6ede12711', '0xfa017f8301f48c3141cfdb3157bc5e8589dabaddaab8634b4ef8892c17413c18', '0x19807b912a47a7856f8e2ac6455333e455dff6aed213e63076f04dfa4768a80d', '0x1b8fd0eb5516fc196d57460f6a89ba312ee4ea437b485339a6e8550ea15c9d3a', '0xcf7ce55ef99f1228d4018370c5a36e685e1f96bf4e3c307ae012fa125eb69862', '0x169f998c605704158fb811841126e6b09349a7332df90029997045a6509f1b89', '0xecd7efc831de1cf494ec95df90c8ee8b9e4c000ba9941b5122c9c65d81df98d2', '0x5f9fe942f368409d52b2b771a7ddfd8487ff1cc67ecf82b8e8010d9535febdf3', '0x242ce29819eec659faca943b153b224c7d73c267082e5cf929c1891d51c7d095', '0x425f6633a271f48036ca50ffe9d7ebfde9a2462f9ae94179ca4e99a2d18eb904', '0xb1633b67f16b87b11f419123ed9304b0118446f5be55984fc48d580882d95270', '0xbc9f739d3de7baae9d6739c54d713624561a1dd3dd7b5ebacf0915be55caf0fc', '0xd3b1d31597a28c5370e926a4baf6cfb1b81f8e19419188a9b8b3f7dd023e12f7', '0x6db6e0d52707c376751bbc150d872ae99f50438815b3bc66e4c04de4e5c40994', '0x0f108d1583792ad80af662c94ab97c09eef42c7e13b360300e1fc5c8a643a91d', '0x801829193027d710c1ae6cac898ae4a70c2b09664c84f5f3ad974b09eb0eb7e1', '0x3888b94815062ad4311de0ce8e012cc2a5426598f3a046476737446ce20a4797', '0x76e9197034abebe0b5173e70a0ef8d70c94ea40582ba411174493df14707f4cb', '0xe384cc55e65dbfbe20853c54bbc4a2cc07f9c7fe03e50df87380ce0e64a79fbf', '0x9975af9415cb94f229800515cc8809140160102f28c54788d416e511bbc50e37', '0x2f6852b3083239e8a50ce3c53a21f3b68cda020dfbf797b0b60c10126315dd22', '0xb2903c0a8f236e7f12040551deb6800908b097389a61b79a9f52aeb40be1dabf', '0x6bd151e722a0fd455afcaeb75241902c76f51ddb45fcb391aa49efb299e02ebf', '0xb7aa01679302e65a849924207dbe89171455f65cea8d25c8fcc2661fca4a1442', '0xab29d99898918c6f44510ad61642173b2cf0f4d7ef0437279a05e5a83db66647', '0xa0064bb6d086bd712f4b2946862acc185791f8c6d1a28df91130fe03feab2499', '0x8a41454b7439108dc16cb8121c7fb75b5e62e11b50666378a31caffe6ce622e6', '0xc6584559d5f3949d138b1eb072725e19e9cb3de25293acdaaeefe94c31d1c22b', '0x111f0d1afb9967551bd3751f84909e539a65ee079e3517c375563501cb8fae0b', '0x3414327a7705259ada4408d5ed89025178e5b2af23e02ab6f02db947f2fd1c79', '0x1bf88d718a85c26b010800d6293f3dd288249db6484fad2e794d95fcdc9d76eb', '0x7cddae0b59ac97c2630a85c811c6b5c033593592c6b4604f089bc1d9933e98ff', '0x02900b45e742525adb8774c415123bd3a9167da2ba6b38060716fca5994fffc6', '0xc13b9e8a57eddc7ae2e16efbadc2a691977f86588b7929d144cb3584c267b971', '0xbcddd36095271a21d742f3e77c9b7214a7ebb1b2d4a95f27d445235848b22de6', '0x65659580806c9ef4f667cda805517f59d5541d998068343f7b6e8aee981a793e', '0xf0ef93c8f1e29fa47604d782b44570e1dbefb7aeaf2714cb27528f61258f73a8', '0x0902ff071eea9c08cd1352f8e245ba64127cee212cc6e03fb9abb859398c4bc8', '0x2bd41be100480c343ec90c5996dcce1025878dd667c4aafe4126c5c0b99fea71', '0xdbd770ab55ecfc970b9d12812311b9ce4b3fd59119b087cd29ff6fb51f560640', '0xb4089a92668b1975b326ab6c1340b262bdc497247bb1596133fb94f1ff9ce1c2', '0xd27d9daac76bf282c423e244b340ca56009bddab376c53c1788faa5452f772f0', '0xf961022ebb8d430c9f936b020ea7bcd61d9a3745d1b487bfc3aab4bec4837d98', '0x7c19ecb367d5fc4ba8ce62a1ea4b8772083218e3de2cacc9fff8023e866a63c7', '0xba16d66c72fb6c5f484364899f76a59f294e1543c8427b4671ea58c49a249212', '0x6500ff5af3c0d8375fb834457d07a90de94666c5a308e19e154fbe14e1a32eb6', '0xf031a2237973d4117554cd1020cb55ba8c8455a1b9c09ae9b475c9070b604dc4', '0xb80bf741d5eebab9787bed5b0b4ee9164a7258f17b371b38b6c42e602261ffc4', '0x789842c649efc82fe8a10048891456dacd533ff9d6217a7fe098741bb4955b56', '0xab09c7b89b3d2c19a03522f5081ebfbecf1cd11ccccc32ae3552374f04ee3453', '0xaff16775890003027ed7903e18c7fca8568ec56bc5059273da85a7541dee9874', '0x48a05b03c36d32ef6d0ff253be75ea3303b59ac9130dd30a4b131c15a45d3d7a', '0x56f9fbec910f1365c1566c161c2d0f6d6be608efab87a3567874263c03715d67', '0x06abccfb12a6f6553ba95cb077f7629b477434c5a1865a2a5c952a027e92107a', '0xba90f5a63fb0dffd44bbb0211f2674f6b425b8cf6d18d52ebb8b862f371d97f5', '0x0fce8aef737b3478ef1be32e2dd71b72b5fd529af591dad51d22d4ce00be481c', '0xb6480316a62ece3a5766b8bf12dbff15ee35ab428c9c4f1bdc7b2fcc318e1037', '0xc269cdca8056c1414895b934184ea07992bc2e92f967adb4ebe597aa854baf2f', '0x42d2e8c6a6d6d365d25f68e61ab7965aa26f9f02187624573a06308f56efef8d', '0x09ca1ed8f954d4ae96c400440996748c8943ca9621b5565617652a7c3dbb889b', '0x036e70f95c46e61b34653da686eb7fe24881025990bad86a093f30859a40059d', '0x2020e010b7496e3b6250c918203d3855dc0d354dc719e6604119a0003d18b804', '0x17f8325bb929dddb2313c0dc1ac0a73f0a4b1beedceb5b8573b46bcd6a70c0e4', '0x9de27dca41017336d5f69094be3483ef331586e0a13d6acb7aba06e191767512', '0xe4addc6c9455615c89844aa345898920a5b025d0e57306abd22053d9571accc3', '0x8e4e544695b04501ba348d3fb6b6904d4cb6a595da9f98c877e326e7c8ae668e', '0x6242408a35862753192187e88983748f675d2e1b59fd3bf0f556d1f215911f08', '0xa95fc73661a9ecf5e37b9d0aec58c3a3eb77636bf56c35f1a05526604ea86d92', '0x96ad502eac409a7b4320e75ba11d9075af761a887e949daf49eb9897e6667e32', '0x505bb00633d3ea94224e31baba299fe31d6977dd5cc0f5d5a1439203349b7d67', '0x1b9145514ee0470598c61249501fed4ff8f243102e0e5c845ba3deead7ae85c8', '0x72ab3eae190455df8a259d57a10942af1f030715a7ae80704d58c27d778f3505', '0xa8a9a1061d372a888037db1b7487073e3d3f891ac521eec38d3d6bc9e9184299', '0x26109a5c666ff2c7cae2662b57e7450c98bb4c23d4b4f8536dd4348326822443', '0xe4f9b22557c4f5193548551b9992c401e37b2b901c94720188095abe47de7166', '0x77aed3e0145f90b4bcb3e3ec91c9a31ad229790c668cf630599b1326bbba05fa', '0x1bbccd1123d5c69f8a5fefb37305ee190fe8c3f6be58277e705deab401a53133', '0x81135da0cb33dcc6d5816220d9669aa2991f789435fde4f8af59d1c237cdfcde', '0x0c081ca9bbdc6b515158a92730b9387667ded255e2731664ce1de73476632ce9', '0x07af80d13f154270f428f3efdcd8bcf9212c9d28cb48968560954150deb53c41', '0x819feb52c60865826a9d296e4288d81b941650b2c5dc601e85f7006472a9b9a3', '0x68667b303dade9edb29cb3cc4f839d67903e7c3fe580512deac815e9561fcc1f', '0x6c386afbf62deb0a0a6f54e142f152124dd133e10a704a7997821120e655ebc2', '0x4df029031c3d00f2b5ef8301c870471e1776a172032f06c83310ce154b8e76c1', '0xaad8ace3607413a2b64083c606e1d05159d5ff995dcf8432807e577a8b991da1', '0x32b68e6c846990f0fa49e055fb2748b299c4f99765114f51d64fad185133726e', '0x49a794e1d6fd4ecb05a59adc61ae2423f82bdce2e58d33073d948073d055f1ea', '0xc43cf4ec986bb6b01b7354ad778dc7631006b90c0a52338a5ad596916d478ca6', '0xbd98d68f8e978937752a776cc19e88042212fb539b59ee8a3657e7361da1383d', '0x3984143fce807a1818a309fda0a0f26a6c760b916f22a27159061633ff1de7e5', '0xe1491bec19f1abe8de2a915213df36757516aba02bc1977d6b03d4876052888d', '0xeb6a2c3319ecf9f79debd1977664415ba3db25a674561d8561c8e6f977219a59', '0x378ab35546c6e126fbfff448bae5b64b03531b850c2207e760e252b6ec6e719c', '0xfd060c29c244a33d812d541b8a118d76ee67a9a7bd2b332e3fe34ace5d1b68ba', '0x0ceac8a9bd8b8b6f193d10dc7dd51fddb25585bbd3dc91699dfe315f5a38f7d8', '0x39d751c98970a3ed6afcea7f4cd4759e8a2836a9b3aa9eecadafec30e3f5f404', '0x31b5b1e117b06c0740ec04ee6eab2f871b741ba55caa486affe5d217c782f457', '0x4b0c346bd5ac959490567d9fbbe40e0d81d43af6956660761f2c3a6ac718bc0f', '0xead5e922e47beeaaf158b0fb26bd6e829a4a024a35fe6213fef5332bee8e8a4f', '0x3187b1ac77b1c55fecc0094c81fe279565c9a42d4e9cb08e9d9c161c5353314b', '0x89f841958a72bab2619d9776c2c52f870456400564c940099a2af949dd9e3ca8', '0xc687984f14f25dbe442576d48c0839ea0e56de72400d97191ae5c37805c3744d', '0x9dbd738d9b1b3ece6f5b36869d6e72ba1e44ac737e568066d527a118453da76a', '0xe5f609671ca8eb9d329caef06b8ff85cc9dace72e450fdd3a0a87ccd2810e001', '0x482bbe9ea9c2559d51ce32707068d06c1074b6e3a9708a6be73653b4c5994ed9', '0x6e64b750edaa5c726d43e8b3b812bbee7730151814237c6a43fcc8ba5a0906bd', '0x1982e7ac6569949469add4c32915cd986102bdd7075666eded013013f73e219c', '0x982dbde3b789b2dc85f7a8da2a948cf34a1ba8c1d07d41063246b11388b31482', '0x91c78e44b01103560c637b40da4ab906a2d9b850c8290e61db6f635eb34dbcb4', '0x2e83f70c7f91d7246efbb1a6f20b7720fac389b49de3a938cdf9a6f6007e9e90', '0x698483fc4d7938f867a301add6f3d86c4265e30d9b90368e5e08eafb1b24a3f8', '0x4d74ab4c150fcd5b27811494ce59a2a26cf6faa759c9fdaa362959929f291b03', '0xf8ed6fa987bb8e08502e18cbe33d31a7e0b665cd3d13e49cce18d892ee5c8fc6', '0x4df2196d7bf3262520cd28d65b4f04a1eba7859beb151a48d68dddf66286fb64', '0x699fa06037de27b1ec50d3e4a1bfe47acedb42ceba7fd3648fae51e2cd1f49a0', '0xcfa55eb35026977f25730dea7d1d34329880600d6f67ed67f768237a2ba70e4b', '0x90fa51917e3592405ed6fec164c5417529d55209fcfad8ead9f4a5e541468925', '0xbdf1724ed2fa4916fdb95caaf3a96fe62f8915355dcc000451cc7ff0caf40897', '0x8a5e983dbf1740a39d18acaa83af8de1b17e53ef483b4b9b2d9c8483380f6811', '0x12edd522d7fa91e8ac8bd160c0094b01114580901398911ccba3a4393ab2e085', '0xc11c0c595b339798c6cfa7663ec71d10968787c1e9b9333d31ddd8402c2fb9b0', '0x27e1686d882b08a90557951ee633cc18d8d3838b96284950bec73829ee8e4386', '0xbe98f356e90a316166267ef8e3af9b87a11f613dcf8074d9d0bbc7e2a897442a', '0x65efea5b4302fb549efafad1865e33b02d1915123f8dfa543714a2837919c1d8', '0x492af12b9221054a7e25d5dbe1afdb7eeff292ab761ad9f78903ba16658ff137', '0xb1761518aa77cf0bffe280600eaad3184197587432652dd39434705d51be847b', '0x61c04e299aed31f05c100b2d626253205f586601d34ae914343da87d37f35993', '0x7185abb5ab4424b86d315f80dc9ce3519524da58a4f1d70bd316fef1416fd7dc', '0xf264f7369e5fcac39508ebefa2ec6a487c2a63fe2e9f255739eda61653d5a320', '0x901d1ed90d9424fdeb98d1e090d20b1910f56c61d351ee822e4d57034b9f8717', '0x208e1c3653c97e06c603fe1718923558d327b0dbf3b21e521bb9ef0040bdb13c', '0x9b91bb7346254e3ec7014d1394124af42534b1c27c409ec00326a3cf1574d4f4', '0xbbd2c28b893be37e5e6aa80c9ab572276b41b73517ec52f4a308f1928b16fb61', '0x8f9e8ff7542d419d229aba43f150f7b32608850085bbb1c50c1a66386e680cae', '0x52dd54f3ba232c5295cc971db914cd9ffa78caaf3f1f2da1a05b410b96a624e1', '0x298f71eb0f80e4197059148af317dea108781b6b105d9c798317b993f3d1c7fb', '0x19903e305a80209bbf9486bbe92a23e40719c6650dc42f4a611caa0631dc4d0f', '0xee67d11a26e8219bb4e661ab099d87e5337936ed6dfc21f5bc82da223a86b7e5', '0x5bc5974ecd847e3354ed6ed4a111aefaf11924cb171baf57e64312bf64fcdc80', '0xc948ec20e607ac49a6c0e06b0f387152f00ba8cccc5d83dbbcff9eca21972318', '0xb333c8eda0d1013b8a7c3555f168fa957a777bb236960e0d35d2887ef33a6b1e', '0xb8f975013d436d3579a4a2e50828716ed01a69e00c05c52aefd53502372bed7e', '0x58bc717cdc2c9b3ec77650b818bd2c026d3e10264661509e8e3365b4e9f50a83', '0xe810ad2c1a8c3e3f21aba124990e7b3866d0080d8ff80d38c61cdd9c2d03b8cd', '0xb7e17b46187e6a999bd0da81ff62e98d453bd61d50b3c53318f249546fc8110d', '0x90d4280707eb691ef10a909463060b748b9951ee9bd52cbe6adc142076ccd348', '0xf3320c5749027523de9a78cdb34dd509b6b19c0352adb61c0d116861bef55305', '0xe44cf7f7115a691c9990ef164a3628df2fdb925cd144520ae65bf762cf12fe72', '0x5a208b278f32047021063b8a2a4844e289870bf375de220099fb249a1c9d3302', '0x2beb20a9ced730c04a173cddfe5ead73f312efa863c74e0785b5a5bb3c4dfae3', '0x523309d336f4c361bb59ce5220169f31e8d55bcf890db9e63bb565946a94b740', '0x2afe1e642ef4b7cc771059f8b337f19302a819f2d1de08b2a92d4d34db3e1a55', '0x17a05c49c21bc53a90ea4e34e423aa6d80f801502301f22269b86864e217036e', '0xd492a615d14f70f68798a638c17a695f7367ed11ffd34ed1b775080cf277280b', '0xbad9b1ac802489c94ecaf3dd743ac09efab0916e519431974a8d445a74895620', '0xdd74dc0594e4eab57b5a349670f8af7fefbe1da2aa399ff826d4c3cf434b59e9', '0xcc40ba7ac46fb286facb75b9d8b28f9a92a73cf7f965ae9200cd3adce59ab972', '0xbdee73d2e5277a18da55dbb324bc58a87eb650f9f576e872d60be385533d9fda', '0x9852cfdb28684ce1608ac0c649914d36a3f2e18eee58044cc8b8d07afc5e5de0', '0xa42bd88a4a6a6a5b09ad3c69defa02347fd767491f0468189a32e3bb616bb42b', '0x7aa079e8939dc4abb4e83db779bc15d920068bb7a21dff1955e5a56b27ea1039', '0x0bc40b6557a441455318ebe6b1904e878ec84803bf0505b63e0f9859d5f8a375', '0x7151d22f45e4079a75afeb8df1a2b05a3cbf94a596637643908004a49595cd50', '0x12cf33de40e8bed1871053ad4545216075ab1dbf4d7044371e12cdc2a5ab606a', '0xb4677a2c035a9f65c8787b5611b16b4a3678f18279201172c9b3b0cef9821cb5', '0x6caebab30589fd793e26493d584b23e8fd12294514afb067f21c4c68004e006c', '0x843d90f342deada428bcabf440dc03de4733d089eba9283fdd01802c92d48a4e', '0x0d75ce5ce354b5997e7c1705edd7aac67855789ba5fbde98fa6306ef46d7dbbe', '0xb5778d8ab2f1d611df1624878ef274cdb18abbb30c6fccfdfc3a2babf0ffe831', '0x38a0785a6ad7b1a4bb88d85bd234baea7d9962323e36917d97383a9c282ffb5a', '0x7efd7ca510017acec153b8171a4cf55c5271f612775d3988cce7c8e19a7ea111', '0xe5d313d5a6526c1f4bbfcadfb9b9f59a69897dd3f95e6b54cf943c6559566328', '0x861fda8c1fbfb179bbe1ffa611afac87b64a05e6888dee83cfb13591821e018c', '0xfd15ceeaa5ad004b3f8bf87bebb915ef032f096e0f876906e529266af3378a8b', '0x4fdb2f0958b2222c4644ab3e7c0602e855f6ac58a54af9b77eff3274e4cb12a2', '0xf8ca6ee422dba8aa78c0c904320311c18a03788edfe12478ed7b3f2763120af8', '0x5d1288f0daf9777151a3293f94ec0c61617a7e46a0efbfddeb339ed3987435d5', '0xe485fba86c655902ca81aff3afbab2b43e3e0d1f589f98efd31bfd9d70cb2f5e', '0xc22a1876287b14e6126b60df7745b14260f83e299f5ba52a8298ddd22483c2a7', '0xf26d2241a3308b39c74482823221f9c9baab4bbf3fd0096c6aaf1806e5dc5b8f', '0xf235ba4f9053c6789911fbb4c85b8488ad8932a57646ec9bcbfbd4d065bbf739', '0xbea09ddba5866a2e29ad050c29c4dcd08a9899f7283af850bca4da610e8e1ffd', '0x87859a7f083f3df930e56cec1a0c6f377b79036d496235261e4fd28fcfa62f4b', '0x93f25e4ddacedee16a39eadbc270c25d26c8c251b309b53a9b7822688926f4d7', '0x9eb685ea8d5720b92cba5cd5d631bd57b2bc3f285ac4fa35c23cbf932f1184c6', '0xaddcf70fdbdaa76c986c1c369e7dd0cdcaa08da323dba527bfe31845379e9a8b', '0x32ffbb8c78cdcdca298c5edc31c01cc05a54c57dfbdb7a482262bfc0fe81b316', '0x89ffcc9a29da817f9dedb062788777b8701c2a238c506c82f9a30f4ceef1a503', '0x6970d4510ce8e2b15d5b9bad0cd96b041d0a18eed098845e4c9654d4cb851710', '0xa513ad8d42fe703acc9c8dbb6c192d87f2639835e77f56530f0eb80771c5dba6', '0x2e583da1788596ae714763a9822191fd87468827c20bee59410aed64e9625c6b', '0x59a9a3c811e35dbc5f061c8bfeff101f4f85e398eeeaff777160e6db37e4453d', '0x340974543a66584f0404c22625bf9956b373a3809030ff845ed9c5e58f2ec567', '0x67cdbb25b86b01d7b73ad0c59ff129f93ea82935c03afee7e7b35f4188e0152a', '0xc391d9a1f9ac86a282af255a666a03c6010198f5dc47fc1011e5aa7b6af3ec05', '0x28c78d3703ae885569573f0bbbd967e1ccce4cea1d67f5a9a6f8cc180903985b', '0x44559278667f7033b0c2e3627b3d291a8a444a9c1cc3c541b0904ae9005b8f83', '0x2328cde805c5194bb720b65fbebef2aef6b71ee04c8237681defb56d17a03fc1', '0xf25b129d8b82598ee0244462c52438429ac51338638988d9f58182b5ebf4c375', '0x289bbafcf41e66eadbe8bab7cd543196aaa973a08bc956a350a2f730acc07cec', '0xe67198856592a3b94b7898a411755c4adc0155a59d26c9e687e0bedcd39c0b5a', '0x5b3b339d72d733f4d6800dd022cb1dadac2f2a750f7550b09c4d54770cac17b8', '0x72bc7c23881fc9cef79f5a4137d498be01ea7d10c13e4f2b1bccc6e9d9f40fc5', '0xa6904c2fe00181481390a317fc2fc24f5287396f2d6e52537085c34fe113b1c9', '0x67ed55af8d37aeeb32e1ec8ab94fa9870c56bef7a678342eabac0c404d6e0042', '0x0f3dc46e33fa110000acca0a34ba4b22210a05915aa6af7e76300cfa11285c4b', '0x690eba7b4e2fd525fba82c2ed491d1498492b700e7185f50ea7f5401f7eab642', '0xa4da717eda2ead33d0044e99ef5c0b5326a471792ecc20c6403e3aca754515ae', '0xc9149ae3966c7ae39c1915a45d2b973aa52542072c4390b46a9ffd0bca84e183', '0xfbf23d8b3b75dd3a91fe0c4867dc11a7cd941c2f5b2462fe55f1f0ffb07ffe71', '0xdb589ecc33ebe511244ef06562cf25ff40469540b9bf77f9590e14b42e8921eb', '0x89564a0dff37ab5cc5a5c000818a2e6f7e7a93d2e46e02d1a8e1edb71b54b73b', '0xf21d168c2967c3b0f5dfc6a8dab34cadd2eee2a86f69ee48a87bd786616e3b58', '0x73d77f2bd5437b0c8ecf54e94c2f95c1b4971587cc43e59d388cebf3f2261d54', '0x9edb6344b61c7ed127052bcf979f42f938157a3878fdf09b491e9f010cd0ba11', '0x69bed8808406753f281fe8d23d0d60bedd46a39efa1b27cbb767179a77204910', '0x7efb05c25063603f36ea9c9cde51f1079e0ebaf3e012ec76b1483206a88915d0', '0x2ba5ca824a455fc964c4788a30220aeea1485289459eb8d51100b2c980ba70fc', '0x68ab41921f93ca9e080c3b40aca00d6a193aed4d846ae2acf011e72289f3214d', '0xb51b93989e34a17a34f8508dde507e961e5d40f825c048225d704ea25159bc25', '0x1b3635d3bcbaeb70f66e11b283f2f2c6de2c250548150ec542a4223c7df4eb0c', '0x32bf6af71f4772ff1cc4b51ac258111413f526a09b185c19748331bec0bd486b', '0x3b0a478b7600e0af384b756f21222bfaaf147937c09c579ee78b5eb5a83d61ce', '0xbec67777abe86850598249f2d2fdc8486b916da1e4cbaa2f24283c4497c0742e', '0x983d455bad72f5c8ebae6c36be5b19b93c922ddad7ecb5887d76e4b71e25a8cc', '0x73ad0378ab62e4b7b2c49b1a68792fd89c44c2889ee6926a84ed61902cd8a6e0', '0x2973057f75f54d78f280d5eef030b926f8a549b4df65286231d06e896e34380a', '0x03b84134a4d1b04da79294b0761486d9519ddd8277ffbfa630ffdc33f4b6c491', '0xc9fa6eb9037df47a7a79d64bed01b9588d3057673248de2f6c856f2cbbe4bf34', '0x68d7270b08609cde023eda62dd8cfde98981b8efd69c7d732bc32da90cd5a26d', '0xd7bc0f5a4e50d9f1ee4e054d055c8acdd95ec9c05d24496eb449c3607cd1f83d', '0xf51fbcd355c41faf85737cf783552f83959cb5055864e56cb276785d7556b4a3', '0x2828bed5da1da5c2ed30032c9857d8d730f60be5983f264e2d13cff70ada961b', '0xcd862d638252d648f9e4ca54a2ebef5b2a7c48ec07b6ff380ddd6951aa3dcfcd', '0x9adda896adc695f6c0b467136120a0aab263ef74224758d212b0a886103a111f', '0x4f884fafeabfb84f1f641f1391ef984d13b1ef83ced949f8d32adb7748880878', '0xf4110389ebfa9fe5c5170ef0499db229f9e6b6403805aef803b9d8c05652448d', '0x95072656f4409988f0f0669350641763249b458c90511471c00a6175f58156e7', '0xdb5dcd3043232baff79d9c778696cb34d69342c475c1f6abb274f6b5094bfb28', '0xd003e67b7bc15484f351d9d7a8639a76380623e211f5c1e2f2b20d7abaf34388', '0xe34da39d95556eafb8354a61c4d68d5325625535c418e1af1ae4f0aef559b0a1', '0x8ecac4fb596778944e71c00267dc64acef9b6ac492072ebb195b405d6c1f404e', '0x84fd1584ce2ac71754b63f2c8e94553953d1fb3c63bac8f8f5e6aa1b606d161e', '0xd5a738b6e12c6a84f883ee76f026a0b5748efba518fc3cb450505ff11364b52d', '0x2e5c7ca5964984603ec6401e35525cc4178353e46545f47f6237a978989f2f0e', '0x36a7cf3a0c1d4ce5c261a32de87537a88e39238c7d8c0931499e40fc06727f77', '0x14b08c2695be5267b1ccbea4fd4fbe30d09ef299874344ae149eb0ba13810234', '0xdaa17e49c0eaa44404c3c572e37928715df57f20904b901f80b2bcdce111f157'], 'transactionsRoot': '0xde690730c912581b9b76fd19a01f65c07741abb7b00c10227cfe115b571ce6bb', 'uncles': []}} (async_rpc.py:86)
2022-11-28 18:11:32 [   DEBUG] Getting response HTTP. URI: https://responsive-convincing-aura.bsc.discover.quiknode.pro/3e7f242edcfec9ca1a36ef544cee66362af95baa, Method: eth_getBlockByNumber, Response: {'jsonrpc': '2.0', 'id': 55, 'result': {'difficulty': '0x2', 'extraData': '0xd983010111846765746889676f312e31372e3133856c696e7578000040fc9c67109ca19fdd92f050505077f9b43016ea9fb71dd99213559a3e4e109b3d53ae9a549f2ca261d337d36e6008776d50995e4156c9d37e1fcace85fdde5119bb0fad00', 'gasLimit': '0x72e1128', 'gasUsed': '0xdad3fc', 'hash': '0xb7715a43cfa4a2f33330bd88602b4c1ff2af0e030307321a4d0b7b76f5f70ca8', 'logsBloom': '0x66b77b92a532361e5885086d838bfe40957d1acf1d8bcc7357d9f0ab5080df034fe5f1490d4e1de9e3ad71fdbc1f4b50391606e4193d5efc759e0297f2e523ebe7aaead41b9c4dd8eb74bbd8737b8b6f20dfde0bcf54e690c78cc459e8d93efc9cd41e7ba767b75fd4bfced521415ab32c1a16b0d0ac5f4bbe6220b77b1a3eca3c40c107861f349445ade488766009f8263f0c59501385ac5e8fb85e28efdbf8270b314bdd1d78e8bc4633660e6e589e6e1639a0d1b761073257bd0cd652576f27c4e443da3fed0398bc762dfe67d68fa9ecb5f3c90f7d90c1f7cc1e3bdefb2fa39f66d875b25d08ad439c7ef1a431d556261ac84d8374dca3f32b265eb200ff', 'miner': '0xce2fd7544e0b2cc94692d4a704debef7bcb61328', 'mixHash': '0x0000000000000000000000000000000000000000000000000000000000000000', 'nonce': '0x0000000000000000', 'number': '0x1655c97', 'parentHash': '0x1d2eb9eeb3e073b6b08e29b10dfa1cb4254c9a98b79f91a8f3b2bcc50f16c3e2', 'receiptsRoot': '0xb509aa8ab063fb0d3436f5bcccc690efa51f89bdb36779a5d686058b99aca469', 'sha3Uncles': '0x1dcc4de8dec75d7aab85b567b6ccd41ad312451b948a7413f0a142fd40d49347', 'size': '0x61a6', 'stateRoot': '0xbd0eaf48ecf9b8785f72bcb2a14b2bad1b17f967f725897ceefbe5d5474603f9', 'timestamp': '0x63837e92', 'totalDifficulty': '0x2c67264', 'transactions': ['0x3f289c20ee6c9b6ae845261e1a56e91f150e01aa59de184e854491d358c6f273', '0x82e951f5d826b26194dfad6157af561836597bb78ab373edf4312693e67a89dc', '0xfa77ccd92f93358654f3a8adeef6b8ae2e7491cbde88bc2c978e0cd3e02da79b', '0xef3be9e98498afe0f92580599e9f639f6867809c6e21e440809fe49ec870f19a', '0x426476c39b3905c7fdfc8db661d6deedc27485fe3fe9309bec6cd4775155733b', '0xe4bbde77b271906dae8206456555d12f3280e675c2ada43dd563b3645ceb820c', '0xb0cffed9e31df6c50ae728d6a6c7b3af45a8760758499aac743ec8da1e9f7d1f', '0xf6762f5250c7f3ec0e8f51cdb1334577fbb6252d232fc4831b932765753278b6', '0x375e0efee304fb8cede53cfd7639564d65f78c772a238077e545889ca417bc9d', '0xbc124aa5c841fab47c0e29ed65a66d66d67923dd84dd570a82cae252420a12b1', '0x851aa7117f9e5969e6edeeb2f8d8ebc8422e190d027df046ef6e1d841f99cb8a', '0x6dbbc1ebc6197bd6ff444797a04e5ab0752a13af22985f802903354e4daf15e7', '0xeed4abbd1eeb9c6ffa796373923d4da901763059f973e6b0d9c733399a203386', '0x95a7a6126c1d40288bdd7bb3ff7c1b3ef5506e397620ef150fd17e938fa87e08', '0xcd9348db1ec35327f61e48623d9e602a9b9a464753174ebbd64a945580e0f270', '0xfe05199f8f9fc3a4193ffe5f4f79cab9cefe7f4d2e436f6e5bcb3a63f1cc9be7', '0xd3abcb7f3ef1fb40a1aeeb68c05106f91544a358be4b718e7b5b981781f3d6d4', '0x9c6d644194361a1c24cbeed4ee4ded58171879c0fc4599f18cebafe4e9a0ab63', '0x750d534c8f6e25c1999cad21ecbf9185239dd1c9f65ca41cda8af7a0220e9615', '0x6ef5124ca872755869869a47015b5ec9f78c1156bf1f56113d6685c9cfeddb2b', '0xa2a48072a6d5bb831416a5deb16679ab3dffd459d903ab58f836bbb9a95c0fab', '0xcc08f0df89587c4d9b8e112efdfee7ddf38147144817d38fffea417956b46950', '0xf1d54f9821cedde5f1b76ebceb9b9a9e19d6c06f7a0658d8f8e7d992b5c1f8c5', '0x3431a38271c3a1c4bb58aef101c8c1f39a47bb635345f306ac6d4dc55873a58d', '0xe816384836930aff023506bc389d8374c0a461ff48612adaab1f62600660193f', '0x5700cff55f66a7eae25890371a4b808503f176dd92c248e04d9da78369d55563', '0xa5d1ba825e7ffde5e187dbf08353c66f91114a335cbac2b7fbc667991c445365', '0x0e860836d3b6e3db6a1a54b0090ea9bf091552ac6c6a05791de1c250bbbdd04b', '0xe7b74bfa2c48307a7be20c38ae2fe6950a573385f34281f3fd6e7f3311b99472', '0x03695a0f262f293ff022c9d6d60b1ff35d8d642fff1a0a971dcf05d42ad7c2be', '0x686d31dab83e0930fc8e59d2e83a715e245053bdb5bef54de2f55be7fc10348d', '0xe3bb6febfe010c4940857bda61497792a9998956d4b99f50fbe647024b2a888c', '0x91a85a274c9ca327fc5e5c7df6916dea19650176faa2a7a16a6e901529f93bce', '0xb25401c83ab14a3ddbd7337fcba5a8a86e2262cfc65a58825392c6988715df8d', '0x38baa1f2672fb01cf7d8212caecb396448d7795349fde5ff3b5ff33966033ef8', '0x8858fa41e1b1034c58c62d0b6d63fb7266c7ab849637f22de97245398223735d', '0xb2a1a768d0c9e402f015949d465bac73a0135c6db9b5daa9cc868ee57eda3650', '0x6f5ceb550a19310af1a1126206df8c00d5511617bdc2f74f2c2a5583a4ed276f', '0x12626156230ae9d32a83544cc8c805ae24bf4e52ee591763a262435795e6b728', '0x8221e0d064c60433211555f833172feeab14f5e987da04326900eb28d7a0200d', '0x9118081f3ddc851cb8e3d4a249c5997fe44ba7b3828ed6263702eac176bfa7b5', '0xdad626575cb9433679e914736fd7ca2a5006e9b7615c956bf34a1c4bff4b5fcc', '0x41b4fc49d5a345e8a24a23da26626060b96165ab2640b13cabbc03ee739e669f', '0x1aac7edbdb61b1ad28cd10333ef6c407968a904096ef50065865728ca54d67ec', '0xc0e8650d3bccb2529cbb19e0bbdbd9f1796302612277bb6f34a9479c9bb29ded', '0xd4d56ad0a59c1d682f03f2c270d2ba4ecc55ba9b26a95299293545c004cbd24c', '0x5bf097d8ca6b71d8ad27794733c499ed2e8b3a4bff07c9a8935386334ddc0ee9', '0x18d23846cbac4c1adec5e129dd3187aab868a9fd8cd24a6a6b0f4a51bd6d5ad6', '0x85d655789fc2295042f933ccc581e590b9a90063f29a83b066aa95963d4d2542', '0x379c538fb9bc0a097509e6213f25974fc574b543482bb4e482940d4aba49d49d', '0xe1ff5ec446b6d6e3a3f148db687e94bd4576e4a9a8350ece85b3b66b54bd2359', '0x60c97c7e455dc7fe6ac491213b1cd75fdef4e9a96da7efdc4d4ec3e1ce16109e', '0xd6336fe06751922bfeeb276057c1cca4ee28d7780ac01b53f6e6fcd203ab60fa', '0x374dd826855ad9e86d46f8e9ee02f61a8d7f78daedda35b4377379fbf79b2dc0', '0x65f607e9b954080c046e90806299d9b8ba9bf17c65c4dac1a6b23b5e7f9eca96', '0xeb1599084cfd1c027d06d564679ac5a7a1f616ebcbb372e35b6b6ef00377c594', '0x75e24561f9e85e276c8fa65f5ba88c47f39ac71555665f9b2dd9a40c3cfccaae', '0xac1b4b8c0f05125095b47134a61b36ff4f9a0422f0ffbee07a34192337cba04a', '0x655f23eacacca6bafb01819d22fefe608e13c23673fc2d4ff3d8f7f8b523311c', '0xc0c426e9f3eab78bead271fdc8d3d21c07d8111d79f4d1862dc2a6a1e78bff54', '0x370610efd088273a51b0994e0193c7c89d6475dc3f908af8fc4be376fb05d53a', '0x092f29ac821004180470dbbd870b4b13938e9a7fa67843197a27c4b0ae205b10', '0x8ad20bdbfecd8dd60fbf57f230b4bea9f0e512910413e13bcbc17b2e3ac49ead', '0x45dc8e4e53c191893fc5a6dbc0439a8717f599fc4785338f2074bb27798d97d4', '0x7b991233fb567819929854c6d7258221f98c2aefe67246a4bfb3e1886dcd7404', '0x607fc6792bbee7e425a02172205e4c80c9360bc6402129d82f54c1b9505fdda3', '0x23077898188c117852471c75bedce715a9a03f76aaf4340b102d41172d84bd58', '0xa53b4f78c16d803958465adde543f1dddf4bc49f6533343f2da37d923ef830b4', '0xabcba3741fb805a09278bce976d3019abf5cb66fbb69e53f0942bf8263f505a4', '0x9966183ff3b93c5bee78dbba84693e5d09c9e29d74618d7427950e35a89c19c5', '0xfe1dccff076b0af78223cf447e72408ffdeaabc4765cb7ffcc84a2db801b3a04', '0x1df2cf1c104a0b154ec61d1395c561ea34395fe6fbc5bbf2b949b23206520abd', '0x30ecd673b94b066b6f4d44b4206842a08412c15dfa214438b9270e6c48a9e08d', '0xf63c1e5d3a9fe2fdedb6e094e0f3f473922c5905d7a2841401aa6cb9658baa99', '0xb1b491321b49dab620f8d6f5aa3e31278b3fb795b98a470b159146d203364325', '0xeb3446f8d5f8de2a8da30e3e26e08ba6469e6f25560d0fc6760f533eeef26339', '0xe8ce958c96d493bb5ce4f0c03688ddda6bdcfadba403246a0090aa41e5e1c1d2', '0x304ce4be9c144864b516e35390eaa8299f2db835ff0b587ae00263ee4d2b88d4', '0x244c1f1a790cd9191ba056fbc9029fa10112582d803e5f63aef8a5f41c1e2f02', '0x52a93f8d84f1283f4a5f8a29c0c7402918b7643cce166cebd26289144a3caf2f', '0x2185909fe23d7fad48b390f05d53112b33f5d5692eb156fd088f96a91b10521f', '0x072832dec7eb32e5d9f222d7a4cc90142708afdca392dbca85ecd02a15d09220', '0x8ed6a76ecde48b9d887c35e3466a30b78a24eecae5fd299b149e2f927aaff080', '0x6b093e11bfd3f7bfea77970cffe3d0a12384c0e297969875d566deb2a32e768a', '0xbfba97ff56cc489ddf00ddf26f8aa45f8b7fa2322bea9a060010091f8f60c9ed', '0x1a620e2160ffe6788b1cb463376be7c6ee64ed2d06c9fc862d829f305585f934', '0x59331f492c992f2c5e6d6c300a3d0218a8d46f4598fd25d8dae2732f4b90b211', '0xfae7e52f851c2fb4df4e61ab7f382a88bab9a9eb280bed57c23822ca6fa9f4a6', '0x6578ab71beddf1a3440ed8d8d52b6b2d017685ee777cfba5d08710be74d53360', '0x5e135e785a0fde2d60b96c675b1cb66fd5355ded72e4656c3cca9b9035a5a794', '0x313a230f0bbd1b99db445dab27020032118933dba229431d9a490b35f3a4f075', '0x67ca7cb155723d3542a769b1808f8ca91469b3d13474bd99f4f8385ed49a5c2b', '0x481c07f122155bfab4fb07bc346f0e019d0c01c559399acfa2b78b6410c2b0ef', '0xeba6b1e16f2a872afd064efb8e97494dfbe74260fe7755b0ad52d7ee6d5f5827', '0x517e45d0003c85432ee7323e602718b8c805c4cdfe6f5ded78236a9d8edf6822', '0x7b733f783648f95b2a84b0b2d371225b2b31bfa810d894c7569a1ba9420316e5', '0xe39eb31c13f51f6874b1f0bd5e44e347e1bd8e4c911a6301274492d400743d88', '0xfab35b92617ff5a04b9cade974e2887dcfc97c9ef63744032357b45e60f534c7', '0x4dda9c8ca00a7289c0c536fcbee7f1671f0de6f0643742c4e0fb9fc52534b619', '0x3d2c2c789ec0ced6bb94e3f2988f03171d18a7cb545a00b38a2c1bc8c3b8bfc3', '0x61ea63e382274fdd1711da013fc371d15cdd178e287f04f92d7538da8812c04b', '0xfedcb0a48ab17b18d8afc45ddc9ae7879e07cb3518b2d15f54a5c1f7d02cfe9e', '0x9a60850af97af34493318b0f1b28b9e07fbb121d3e1a5e6392c6e41ed9ec521d', '0xa60f4f4fd933f6f328b36b99c1e0f0286184bc70fb1e468f4e85fad9a716fd2d', '0xdc9a390c9c3ecddbdcc72975cee784021933df9c9b8a9ccc3106c0d5672cd909', '0xac1af08c1ca5d0d30084ab5b612f4b74e9dddd7d027f6b34a47b04bcada3adae', '0x53b6ed3dcd6700fcb1c9cae10ea1a217fc079674a395bd0c789487efd980b532', '0x27c23de3b7358bfd67136a4e5337e308fc9638f59748d1dad7659240205413eb', '0x7c00da835bf37848f726badb0a6ecda42848f45848a8a04a44ab9d7ce5029563', '0xb97e61dcb69e3f693bc3060bd77cefd39bafa0eeba45b839b2ebda1cfee4d93f', '0x1bf741ccb832281ce88c8a8741d095d8f258f8926609482d978bc24c81cb3269', '0x2f1b4d44682cfbbf5dd37238618f08569e2a5bed0d4de0c66f8e9fec66ef4f8f', '0xde70505b4b92b4d083b36b16114aef5e0da53b95904e10d57c7e3f541bcaf489', '0x8acb6ec5a206583ffca500750da724e53d20ca27bcffaa2efdfe969179a8ce77', '0x75558ac95ee36b5fa730eadc184cd981a294f9971418b0c3a0eba8b2e5daa919', '0xf267fe5bf547268f82c3fa1dcbe1997538bf99d8398e75ca2dca3fc1a0f156ff', '0x8a2cc2dda464ea2fa0c0f87970644029c7704f7f63e7b8d903e6e384de7e99b5', '0x7e37463bcbf1a73ff526b86937837bb6ea7ec3d399c197579262adaf79d5dd28', '0x17a994b07649785efab16d9245b57f34007e92d83f767527f974ac9d43cdf1ef', '0xeaafc637ff69ee872d243f49ed01ecbe25b190452fef8e800ac3923c26305677', '0x343ed5ea876d9ffa71719c53eed4a55d3d9d81e1d4bc592348bf31b599ac4cc0', '0x347f1250de1c12cb23b80a41e625961a5c3282eebc8f7a1446f32e4f626935c7', '0x6233df7f05f50d907a545d0d5d79ca5a427dc9d7d1ecc27414c1b5c033139237', '0x67efbc103f8236bbb4b43843dd7ed00a61b3d68ecbc301baf303132981f96d0b'], 'transactionsRoot': '0xeac4a7a3138528d87335d117bef40c18e653ef44f7363e19e1c4e13ba51775ef', 'uncles': []}} (async_rpc.py:86)
2022-11-28 18:11:32 [   DEBUG] Getting response HTTP. URI: https://responsive-convincing-aura.bsc.discover.quiknode.pro/3e7f242edcfec9ca1a36ef544cee66362af95baa, Method: eth_getBlockByNumber, Response: {'jsonrpc': '2.0', 'id': 62, 'result': {'difficulty': '0x2', 'extraData': '0xd983010111846765746889676f312e31372e3133856c696e7578000040fc9c67a7b066f36cf88f0074e76b59a8285425647d1d64761d9facdd5725a1fce145a43496321f7eef38aff54875a2ffbef2d99f08ba970a125c6f907e16d0a421e9bd01', 'gasLimit': '0x726cda5', 'gasUsed': '0x64e733', 'hash': '0x91ab241bcfa4f279340458a93aca04710cdce483a35c1f8c4d922897fd26ddb4', 'logsBloom': '0x016112028c0b0178c000020085001002e0a0100000101080981000089002220800200860080810000a0804a0200000250800041180006404500000328020002000012000000a404159a00d4800000120601000000008300800041014204001c0500288244212130008870c013002080108420100804008010805081800800680528080010609040004800314088c00010076140108811008640080c10200c0260200068920cc3000a1040800028e00c1d130563004c809402009a8200042000c220080022080100e0082418182041d402001195010002418010106830040a0ab805401010221000a0110140053d0222040000000400044000106004800004002', 'miner': '0x2465176c461afb316ebc773c61faee85a6515daa', 'mixHash': '0x0000000000000000000000000000000000000000000000000000000000000000', 'nonce': '0x0000000000000000', 'number': '0x1655c9e', 'parentHash': '0x55290776baa60e002d3a7352e725831f0e001ce24875271a77e599a4f0fef474', 'receiptsRoot': '0x69dc6fe7d816cc9335386f9556446d43f0665505334ba4b6db7d009c3d385015', 'sha3Uncles': '0x1dcc4de8dec75d7aab85b567b6ccd41ad312451b948a7413f0a142fd40d49347', 'size': '0x1c76', 'stateRoot': '0x3d1d9c3ace5ee33409469e2a38e4303712fe7642675265f0f413a7d87d4db206', 'timestamp': '0x63837ea7', 'totalDifficulty': '0x2c67272', 'transactions': ['0x36020981ffbdcae2e36f4c82746b76168342b0d360d5933c3a857485fe614978', '0x22fe7e086dc0a32d84f2bdf99840994f512a972e036ce32c458a8b1c695f5d76', '0x245157a089c21df036d58e20c85f41c707897b2031abcced3cb3ca8797a891c4', '0xaf5aed3a43bc978a56cd550de566231d46b13aaf3755c5242d2bbf635d4d29cc', '0xc3df20cad7ae437c261c77e0861b316e2e6dba8b5e4e97c79eb1f6a392e729be', '0x51689b4f423a982156349f3c98b3708790451e6eede65c7d752c8bfe609698a0', '0xef912451f47d60af611453eaf158fdeb873e64265d2482987c76715fe12c89f9', '0x18139ff1461c377b09e76e2eaa3130c6d740f62ac0585f1cefe457b23cf5be84', '0x9fbf61891346aa7fa59489b5a355b089305050130d6320e3552a90ca8246c9b7', '0xaadbb4dc0c5fdd551ab8a40b82a7aa76938324d4e449409335920a5b84683785', '0x50605ffd157ee568f4deccdb7f61c48d4fbaaa12084d4ac6665dcef357ebd86c', '0xe41cde8c9ef2415e5264d54853c9228543be4335638aa2b967868c866a069484', '0xff13962575b53b8ccbce6a5848d53652e580abfd4a4e08b623bdf648bc987681', '0xbe9ce90abf455e11dd06a97d5694ed3b5fb6113c151046a224d2447cafbf0025', '0x4c9577e81f48162d5979bf7ddd0486b20993ee709984ac363017c317abba51aa', '0x08f15d8e06cb7ec576600274d32b5a20a17d4bf5b1a07e8ddc09188c0d9356a9', '0x783dfecd0acb3dadd6ccb6ff3f6cc5943755e4441678588a8580f51ab1e0f248', '0x6f0e7997d78b066bff88eacd647f7737b669a61af984671f91c7eed6b864e9a8', '0x8bfa81e596711197931bcb1bbc265a04e6986711341f565e7ec4d26759af3a13', '0xcd9ccb42e706fdff0179c95b35edbef22bcb47970da77fc4d2eefc5300ca7e1f', '0x0c78b061794cafcfb1bf60bfbfab13b1a42f87e625a67684407757a5ff1bc7c6', '0x8ea8518615d26b42bdc72fca88113855738ec65fa7be4246708ccb793a24bede', '0x3b8a105c3f8589e0d25d9ce9eafc602b2d3401ab0db3adcfbbb7988d7a1a94ef', '0xff1115e7476e6c1cc6016805180870b15c2d5f1a507ac76de7ddb25d9a64b24d', '0x8f8ee8b32471d15fa20f0970a3598316fc5d393f8098d58ac59a0414320a4c82', '0x98c9bb452a2d732f6283f20e0d555b73610e66b3d50a6e99736f518c13c28e79', '0x352ad2c80ff912fcf98016e9dc5bfa78e824f01aae1bebad5e7bd5dd436c91fc', '0x49919164fd1401e1dd3545b797aa0ca40e782ff7de841c075b192eaaa59c03cb', '0xea3f3d3a6f8543903da26bc86e90830e81899863f883ebcde1a6588c94ced77e', '0x0addbda3fce266678e1ef79dfdfa30afe272b667a76a4381de33c79302c65975', '0xb226d3ba7af195bc67b0466bb8cf3971a33e833bf05da4960de17b779e751ee8', '0x7265ec0b4be4039731d3e2051140f2f09455c9c1c2d8c5e7915b6644c4aa4e53', '0x5aa2bba6c170d497b152960a4d6c2eebfe7da11f01beb4af7d4fd166f29bab93', '0x1a10b9fb208ed73d4503e369a3b06cf3ed9fb88c91d07eda68e843cb78e01ab5', '0xf1343f32289049f11022e073c17ea05ec366f59d7c1515c40fe797ba05ac8044', '0x4e1cb2915935cf5d2196094fac2b7e32b3ce05476e3dbea818dac8d23e44be39', '0x4de5ae6f1b36a76dadade79315667ba35351d2e51ab52d90d7a507dbfef35aa2'], 'transactionsRoot': '0x8cd2de045a54d9f8d4f9a7a579816a076f39858c22dbf6c19e16256199fae597', 'uncles': []}} (async_rpc.py:86)
2022-11-28 18:11:32 [   DEBUG] Getting response HTTP. URI: https://responsive-convincing-aura.bsc.discover.quiknode.pro/3e7f242edcfec9ca1a36ef544cee66362af95baa, Method: eth_getBlockByNumber, Response: {'jsonrpc': '2.0', 'id': 61, 'result': {'difficulty': '0x2', 'extraData': '0xd883010111846765746888676f312e31392e32856c696e757800000040fc9c6742fe82fc3b1358c8e12e940a24b2b5131cd444c31bd1405d75e6545257742fb26d722f0bd00a7ca9288515cc01ab429b8f556f2af1f0e41525877cbcbeb6034d01', 'gasLimit': '0x71fadf9', 'gasUsed': '0x16f87be', 'hash': '0x55290776baa60e002d3a7352e725831f0e001ce24875271a77e599a4f0fef474', 'logsBloom': '0xcfbba67d2f4b57fbfaad86b8861f5b64f8ca2ce96c5e7d5bff943f7c6f8f5f932f77afdbaf81dd2e5be97df735dfb84f9f5746b7be7d3c7ef8ec66dae26baea1f0dd6fbd67039e7ab97f58f81f838dffb9bf586efbf8e8d99fff67d7fc6dafcefff0dafa2ee74319536fafc7c9edee5b9b7cced7f799f7d575f35bbedbfdadeeb6babbfcc79dd688caafec415bf6bbfd153faf7fdd735acde7befe7bf8cdbff8bb39bfe2a99af2f6ac7c83e68a3e6ee879ebf1a178cab75b767dbd7c23f3f7bd7fdccd82c763677f64ba8ea3ce8efff2b2b7ff61eb6bff7dd96bf6ee75b8fefb3d7aebefeddaf99dffa036a1709c86f57f6ed6684944c05ee8ab2f7df09fe9e0', 'miner': '0x0bac492386862ad3df4b666bc096b0505bb694da', 'mixHash': '0x0000000000000000000000000000000000000000000000000000000000000000', 'nonce': '0x0000000000000000', 'number': '0x1655c9d', 'parentHash': '0x472fb8aa65aa1665b8327fac6f37e4ba3938a170fa48e5a69ea7db0eeeb0aa23', 'receiptsRoot': '0x3364cb9d0a91cdf2b38d915d2b51f919d08855be2a8ad36d4b248026d57c2d26', 'sha3Uncles': '0x1dcc4de8dec75d7aab85b567b6ccd41ad312451b948a7413f0a142fd40d49347', 'size': '0xc861', 'stateRoot': '0xe6ac0fd8c963e98cdeb3466cd01eee46df2fc3d3d876e97a76bc6c2175983c2f', 'timestamp': '0x63837ea4', 'totalDifficulty': '0x2c67270', 'transactions': ['0x66353ef4e3e3f2c9ce3229e2ea4913c30026ec107b0cb050e84271cace41954a', '0x04c67f9e681f668a060e13d7c81cfeb4a85784ce3de15d0bc51b2aec33a3269c', '0x307765607821014edb4599dae1f6f41e96adb35d4df15789e9de802d4a1b1ab5', '0x84718796ced26ced8bb0bc4c1cd0a53b11dd73543d80ea5b5e498580342c2dd5', '0xe255b5da3e536fcb0d69008622331d8bfccebdb901dea58a8695b5a69b889c72', '0x75e171a4819aff2a298693faf961307f0724217bdf75b79acf718a516c395a4f', '0xadae79996d62328c1e2b98281aea226e68cc411f4cf12a5eb442e6bb6448f7cc', '0xd91c82856fb4bfa21626eddd6b304f48fac6806a8372238041d6d42bb0d1f3cc', '0x82d074e60bab747e2ae6604d1edbbe7a025181f4a0a7f0a3cc513e3d2e8ff185', '0x1c527116fa7b9a33447644e1910b3792a971f0e65d4d1c9def1322cdfbe7aece', '0x01317fdacb11ed387fe21589f1f0dde449592bf976ff25ef6e2fb44322bb951c', '0x4dbe2016c29db019b36ed603d3c865a018a49f5de4020365da3d33209f21982d', '0xb050c9300e143c7c14d5f54fba96902de3ad56fd50e3d9cad71337257c863848', '0xe15aee22b0fc0e7a5b8a6a71f576179840feea028bed999db340af96880d1f55', '0xfcc0700abbcc9ea38f8428ae309d7c4e6d5bf6231a0d73a21bde31cfeead6684', '0xb882f875c15df7b3d963b94ee0eeb4d32b37e8a125161fefe708d2c63facded5', '0xbc2437eaaff615788e1b64a0035429265a752e4365fd95413dd53cd478287824', '0x521653f32c6e530cfb171e964cbc715ced1d13fc087119c47b8ff7c0a3a2f5b4', '0x844b135e6bd36305b375de06cc167fc01671d483b57c0cfe02cd4b3f3bd0ba8d', '0xbee7b95e7d0af36f29c3eac6e5aaa1abe31dd1a93a3f0179274c4c3a89ca17ef', '0x06b5dbdca9f665d58987a7fd8cbc358e4a1a40eb48817deef32975d6b392ea38', '0xd69f2333599ec501ecd8de52678c4bc54dbf2226a26a9f64b00d949424e068ad', '0x4a705007c89a1326df6a92746a24e1800b1df9450c59250bd05c29cf7691ae4a', '0xf1a2f63a1b58689696a294508d7f0495c42d79b48eec66d0285a54d2d92f3a55', '0x7dcde3fc78fc884a3b02c8b28115dbc72b46fabf85859950175fd16bd23de0bc', '0x1a8587af8a34bf2a8044ad9e784ba623c6676d57e53b48dc60675817035b6afc', '0x837d94d311fa608c6b7493bdcd1ad5f18c6863002e0a086bcdc591031668561b', '0x5cdb1a687096d03a828d5a323ec0a97c7bfcdf726b104d780f6bf4031ef03159', '0x4a282b2fb9c6a1dcfa102e2cd73b14607ca54657476dc99b72618f41153857ce', '0xcf7fb8165a7a09f6fccf8eab3c479b56ff6191ed22defe5c151e0fc201a971ec', '0x29526bd1f4a9a25058802fe90fc3aa6ee4c43a82a5e4e40449964921d195b218', '0xf68c8bf4e19e76aaa07da04a58b723a4a788724ff45b6079275b39cdc0923e6f', '0x95b516ed6da0de86f87105607c3091d9f292a2520623691b1452f8b7a85be833', '0xb5c09b8a0e6be7b4ce6287ef8860458f6e8c5f86666954d272678776ece248f6', '0xf0bef89f3d7c2f9c3a9859e1b02f0e083d7f661a57163a4181b2e2c79f5d2f51', '0x697a7a86197cd7c2d3f1c91b4c0cb84566b084558ffd88a63340041fe71473c1', '0x2764dc3a0445b05ad682f7079d06c592d1ce9160a2fac89c5458c666b9f2fdc1', '0x1e68386c33b946467a4aa60263b78d3b17e711cea463162081a0a3bb30075418', '0xa2d670f2027d6b52e1c1169be79727ba2af36296a0c95e57c513a96db8219a4d', '0xf8e8d68094fa79123683b57ac78db58be70ec090ded7215eeac9d344c41bd9b8', '0xc4fcb4cd133f897c9cfebc7fa9d04da834f638d4d28a597a1b57a1ca1267fde6', '0x26affcaee86be7a533877f1a65ebea9185a6bf4f66790a6613346498ebc39ba2', '0x71dd81d5caeecd64f900d275f7f7217d613d242dc763e2a97a015039d4b3f9ef', '0x95312a597d6974768ed0fe53410c93038468aff0764e9049b96110d20d22fa28', '0x922781b7b58820bbbcd0b6c2a68c246ad72ed101b10d46acde3cc201ee80b93b', '0x18405277629ba3a6ac4f614bbb947ca20350341e7d75d222b4d721f86f5d95c9', '0xef39a86f98293243f91b6435cc85e20e737fc9382ff633758c899522ed292949', '0x54147d4d4b5a9e5576a96f3273f90b3e8cf180a29815c0100af2261e75c3efa9', '0x1c946286a6db62854144f366356e5443c2b15c517d2d86f16a43cf306e1f0dcc', '0xf74f5addca1cdf908cf608f77d84cdff4a748b7f35c943ef19765eeba03e0780', '0x0a0bb2a4e07c8407893ce0b47118f3067f87622a7018b9cd0fb1a3e62f906b78', '0x861fcfa416094630e427f7ec9471578553bba46ccbeb479372bccb078b5b2194', '0xfada7f4ee317a48a32b69bd82bc3ad1bc0ae072614ba101a73ef060b14572fc5', '0xc0e1f9328874bbf6e548c2648d59503ef0082f64c473d3a6650211995ee2a6ac', '0xfc54ac5afb430156c8a656bce7cfd52df86fd525e5c8fb2846a2b70589b41fc9', '0x26ef7c90802894781665e31cecfd1df18d2b21367d310241686be55763631444', '0x42ba3a0f827fc16dbad4ab4e95d686a5b60a1cd32cf24705ca4e27193cd947e2', '0x1ededccf4e048002a61f1d172aff612ff0e9f895a5f4a3b3b8e8786df46c7bd5', '0xf7e74ababbf3b28fa52e8173752d68bd2b40b15259ded36c65356e6ea75e044c', '0x11c2b003adb195a4b97bc6639567c5da12db203c9ab557952ec3e598ed16cae1', '0xda01195b65c8df8ed20ec1f753f3a6f06822d7c351f660988e32de8e836b4e11', '0x3c4e31c11c35b26ce502101482e6f56e3b288307c3e205538390fa6af7a7c51c', '0xcb4b80fe411bd5fb32b4427f23c31af1afa0ce1eaab262c55f8008e6c93a2300', '0x7ebdda8cf733f74ed2ba4cd84491555813f7efd6b37fdda00fc7cca43285a6c9', '0x5276f0dc0fca77964fcd3c378701e78ff7a9d7a2a59d00a5377539daf1c148c2', '0xcc70420c30453e4bf1487a6638293c1b36baed7ebb29b586d990ec03488b6950', '0xde5e9e1f8567512bf1250f5485af2aeb8500030dd6a68d75110345be24e7f521', '0x78fd63e224cc32217f2bb7414902db6419911740118d311ec2e247336d55fa09', '0x77a2ecebaf8bfee36d57fa62d99223b775a30268eeee7b26a867f3903677ffc8', '0xa3ef6af07a2abc727bd6991b6e350dc7faf608af06f563629a9ba05de603708a', '0xc16e60a4008dde10ad07a0affe33afe29eac791057b56392c6489d4882c24d8e', '0x06b4dec11e5a40abce8593905b5cb07c1809a2b0a11ae1825c45b108a67477c9', '0xbdef2e844b663ca7bc3fec66a5e58fc22bc5b424286ce64e2117bc5dabca438d', '0xab12b98b3f4bc6df02eb01818312a36795fa0a2694275c419c760d38b15a813e', '0xa039bd6dd9aa34099798aa8343409d6afc4d26206036c622fbed5473b501f433', '0xb594ee7a99cde6cf1309a2970df52355ad96c9d0e44fe282c74e034793f557d4', '0xa7c3c8ea2cbd818735f17f95e452339ff6651e28e4057d28c96246be8dff067a', '0x8dced7ca575820985302ef1dd9f68ec9daa2917e15a88253ed28afe922ff28d8', '0xa159ef63f5959853caf584c2a3949242d57ddad2952bc1fc820da9a1e8dee694', '0xc116e798334c936c446ab3ffea79c887a99f251cc3ea2bf08985f42d07989074', '0xaf14a14e3678a3b556947e8a32b3c21f0a6560f71f13e123cf1a9d1d144ebe8e', '0xbe3b67ddf5fd11d9efc432423d43dcf19e506f7a15cc23686427f7240eaa85e4', '0x390f895bac080284ed7899ae7e127729ad55f7a410a0ebcd5e203a4208e41aee', '0x6e94b681055b9b67a7df3258811e3a7bdc25b930eaa5fd5634c58b706f0e1c05', '0x9d8b2664fda7cecc64950b447549454be93be062ebfcbd9badb28d2a9ff590fc', '0xe824d8a8f4004ce5c254cab8696965fa9a9a163c5e75656ec056556efd6d4187', '0xd54bbbeaa005ab25e7266fd92286c781deb8c92376ed1c6cbf010a880c285595', '0x1fadbd058c305d786b46e8dd7c73f6901a8603e041de9aaff7a51d5bd996e786', '0x5b6b3ee539df565a9a2ccf5e10de06d4a55c6f9d54ffdfae1e5301a738959580', '0xe119fdaeace374822e120dae95df19f2f343089bc2449ec3921014d6d18aee47', '0x2190ed60402fa5711099d72070b8e4dccc7b8998f97a03910db6ad46f467559b', '0xabd553fff6af0859d2c823f9f69106d4bdb053b4319cfde7e67154e69c75b9d2', '0x17b830e255a3b1938a46c8f56b94bf06c3156ca317c5164183b1eb426ad82588', '0x1676a1ba8b26a9b3fd96c9ca74e5e470701ed7dada1a03f50954645c0df3bb27', '0x0fd15a82ac94572999ee9079aa01d80a251d8ce94346d331918791085c3a0b4a', '0x09c2822ba27e2374d0e878ee0263526f2053025cfad8c52235aee088c8d64ccb', '0x2ccd146e6d4ade48f1acf07aef352969ce20d73880a4774b4dfbc8aea66cce9c', '0x2269442163a7d9fc82ef6edc0aee2f06d3876eb87c46eb7babbdb7ceafde55f8', '0x5f47952411e41d1f0dd9ed9998cba581979643f31e1dc622f08ffc17a1eeeb73', '0xdf50134e3985189717ab76f730a9d8e506ba1bf1805bf9c37ca081104da00350', '0xcb72c8f75013b19e16dd58f2fb6858cdd0351b215858e4d905b7e6b701d82a96', '0x6aa5b27509b22a36e3b477b7005a7445b58dd94b2304e22a7b69f36c1a12b3bb', '0x95429fb75f486bd128a936a08d58ebb5d0766727f63a77c33faad13d2c7dd6d3', '0x52f826b020fd3b84aca05cf9bd5043b619f3e2cd43417beb0c7c23327bf76f70', '0xea9e1b7ebad22225c5d2e5f2708bc136d49a9898fbe8003be8b5394031969a2f', '0xd888d94a867a68ec108ecf80feb4f09773bcbb467b48e70dec5c96cbc02251cc', '0x3231eb88dffe063de92a16fc292540bd38314398421107cfa88fda9ff755fdfa', '0x55b8cafd7c49107245702f882f38b5537b9cc644ae3a1be4c69423647b19fc14', '0x24547f975065cc11b5a5c23d16b47993be97a273c623a3b7c578b584f4e9e8c7', '0x9b55819bc90709978f8ac018b37819f47b7394c3272b2f3a907cd12bcdcbd370', '0x4a7f7dc9a8a0c2ae5663c504ac7d1e38d8435c076b7adaa615305b4f6f1b6b30', '0x44a556a12ffe795e34afc3b55fe96e1952001bfa5282f840ec4f626d98681cb4', '0x40c383ccb8ddd6457e0fac2807512744caa30212efbf28c062475e383a9d0007', '0x03719bb41c5f5c57722f5816486a8dec9d23b2eb1a434ef18afca5c639fee99c', '0xbf8fea0bdd0e7880b9d334e90b9dbc902c7a1d1fc0c26c231bec4effac7a4733', '0x5153cb8d228de83fe5fafed964986fd86e487ba163fc0fdad46d0ebb907d4eab', '0xd5c0ace50f64dbd2cfdc6cf4568e6f848108d85b607846068a674b6852d9e208', '0x8cd0172560aee7b8050f4d124e8ce5c0b23ccad4fde70a23a0c01ad33c8869a1', '0x21181f03837e857571aebaf1940437732cf544201ad5a7638ef9038108614b4e', '0xe4568c490242596dc0dad54f8f3b170b7ee3fb77a3cb66b4fc5e0716e247a842', '0x14d5b2e91f98e20102b0c1a71034e6a5817b5de01df2b098b00e6a5dd0b5aa41', '0xae999db4bfae299d60b50ffd79c72e23bf90f94d99ba17b46fe2b96510bac613', '0x68b4864a2c6667be9eed679d55cd9d844fdcd0f978417a721c8ca1ff2d924383', '0x6fc9cd7a3e6417e60afb0b4ab2940f144ddc9b3866e64c21ba42243633fe1bba', '0x85cfa9d392cb137e05e868e2a75e1dd8c356609b4b503e1ef58916b14aac98bd', '0xe12b19dc2b1d9bbb324a8de01fe5dadebf541398182138b782b42212751716a2', '0xa0c1ed11ecf6bdcb3e699e010f31a1615068b3c55a1b522aac0ba34ceb8708aa', '0xa336c0fb4e45b015d1c3b196d04f4a7e9ac0994bbfa8961ea24e7082a0559886', '0x2da0dad45f1a7142847c57b1fa1d68a6ccd0b4c8e9062145577409f387aa904f', '0xd0d5652ac8de34a084ad8f05fed06829570e8e52c17c7d6ce9ad1f061e8b323b', '0xf3023397620ac74d1aab05ba157b1e09f2e08e2bae01c3fb0c4bde14a4b1a8cd', '0x59575c0f6f1559e02642e68222b06ea16f4c0dec141f44a8f0d083d9601d216a', '0x68e1ac18a617c62351e2d4f0c548d78b79d64b7457cdf9d2ceeaa3b878d3a79b', '0x57adff8f220e30499c1151a069bf28b9bd50b6ce0d2ae9f5821e644b4e889a72', '0x33ebc2f0b0a97ce2811fb279866ae2103e80f15f216a2ae323ab8f1028191ea7', '0x2883c5aefdcf03aac0ae8d6816cf545930560195d1731d4c023bb8b7e25307c4', '0x6a2f54820af01dd64642b486ade54146e31f66819a2cab6054dafc64cb867d0d', '0x1f0b5ddd771dfd4b22360618b16bbcf164a95da0e5f61ed07ca9887d3fb6ce86', '0xe31a2f5442e11efbe4e1c2266953df521525ac9d330398073b947c3ebcbc5a0f', '0xa68c87b51ac0de3929b79a8cbf75019312771b8f5fe55c131a4ea3d48e881775', '0x743495cc9a09f219aa6cf31f1f6e82681850c9610118a09c85b4035afc5f5b81', '0x8385d3261c6519ccc852f63fd7a6ad7d3bca74987b48a446d0244b2a7379cfc4', '0x82545005e0d3c2c8a66d8199bb68325b6010a16da07d64a0209bb97f9937e1ee', '0x4617cdcbfc5c8a5e2d46e25b59e31f45d955bdbd5de1c42490c9426ad9a1badc', '0x3b315f944209bb84d022d57b74c27165244698fb2e0b69be2a12e9a6f103c0a2', '0x7d3625b995c7ba224f5ba4fb80b9275092d31d5232e4648819401205c37a2630', '0x64e4ff9ac680a2847dc8dad3e7759fc0d890de906330b6e32e145d0109eae49b', '0x6eb01abd00d8e4ae8c41e5410bf631c7d57485a28b62b2bf42541fdbe4d48edf', '0xaae7091b51c6324c6196bf45c47c03827313abba5cbf93d11f49c361f4706b20', '0xf0092257aa831443b1fdac54d1fe87467b93973c9629e0a7da337fae32eb7739', '0xccc68bd6fba1160dc7b1c17befe5004179624b3b33239fcbd544ec012b95ace5', '0xdbee3552d806a0b081e2dfad69ae1d0f0aa906990cfe4e2c2bb08b71acf9820e', '0x3a71d6a8cfaae9a8a3735574516fcd2c6e59516bf76c99495822ac8c518e4c60', '0xee66bb26aff40b778ed0861197aebf95aa61ea813d99d9f57416cc3715cdce7f', '0xf958efe8ca6b7d21bca74c6def3b030e921ac4c9b170086646488962f7b3eab3', '0x00cd676e84660ac59c2bc90a612a34fde5a566e3c4eaf084e75b983f33af1066', '0x84e189b2dd3a0f2d91ff8cbb709c4cdf5507dd6d4cdd70012e84e8828b282b79', '0x7543779072cf5a949f66269f04d5cf525c48f2099afac48a055e1d305461fb40', '0xe691b64d7d28bc3e9ffd70af41b13eeb9623fd1f647dd074d9fb907856b748cf', '0x884b9dd2b5015f3438169075c3593592c4974eb5802388cb8a5625181d36e8db', '0x72982259fab68a1b1c17f0cfbdde2e360fc4c33289dcdfb5aa673e90b5a45f5c', '0x0373ba4a4cfd83d902fbf5c520de7b806b7aad4548058b9ee3efecd8edf03e22', '0x48c5dded49a5bb38af4b071a8a30acbc69f51ae8cc805d93db83ecf51827b7fd', '0x65aceb2c2c1222d640a436f4bbbb220420195326c712be918f663a8780f877e2', '0x4de600afd991f75c2a9bd1b5265da1cef0bf5a13514c1ff0a94342971ce8a8b1', '0xfd329181f85e7674a1fb0fa82a97c53135f12f2dd215fc29c2395efc02c5e695', '0x96d59a1359309873ade1cb861eef9419b18ab208c6ebe8b2b85c94dd42f9e1ec', '0xb527dcb7bac4bd3cf796e1b7ae7f46b7ea8b258eac582172926fa89edbad233b', '0x4933d7f3a88f7ce4b44132cdb91b1e38ddad6bc0d4eecfc376090609dc02bfa6', '0x5f1ecce7b384474f9c91eda74d4118d0bddac519337bfc704b4674ce1142e38f', '0x4252f54d478a6a6e7a13835e77cfbab97367cda8f3c2a1188561ce45e9007af9', '0x08921d84e6df3d85826b6ee63c413a00042723bc213be7af3e54d7d00f2e7dfe', '0xcd31c56a3f1e10b01888cdd2299493f54b922221240b19fc11c7e6c3bcca0157', '0x5dc57d4ca5a9e5280c7c8e219e8940f229a839c0c963745e4ca6fbe039be70d1', '0xb68e9375a7392c35ed4813d39555a3d2a01af5ed973d6b967792d64a1322af0a', '0xd567823b0701b5d4ce67da5acd5345ec3c0066c59ed550fd8237876bcabbc28b', '0xfd92ce4a2faf06ca728f9518e09190f4002a89eeed2fe475b00ca64ea00adef4', '0xb2b276d7699cea74bb4e0d76c0c35afa228e59835ee6eb1a5f280b0e74f640ef', '0x275e82c837965907a3139c45d1a34d8c7b4f97ea0a59b048e09efdc76b88bf87', '0x5a8c94dd5d88eb2f7729b7ba8758a4bac3f87f37c1323b8b2a8797695eea8876', '0xf0091e8c0d4e5950c8bdc8a9534cfbb9d3b75766385b5f68578813e080c1ca47', '0xeb1563912c7e1845810d9168c7b8d574459f5710256ba02645035b456f05db64', '0x4ac94a1edcac9e5dd4395198aee81789e78e3c2d9862cae3c5fae15a39b0dd8e', '0xb080d9236cd53ed32fe28b83e28cdcf2a811e7aaffc46e89b6ab26328c511b84', '0x63235902f2f3ee5abcf18efc0e51a2ed5ca8e39549f2cdebedfefe1364049b91', '0xe939e14b89d735f4035022d80943f31ae2d46c6d9347e9bce0e2d6158bc5fe36', '0x203b5d64fe4b1baf02adfc5891f55cd1f0df911150fae50a6849994588a0825a', '0x2e7a15ef9016a4513057497296ab352a1575b89ff2fb4a0fec46e4528aeea4cf', '0x194e11578d105af0e4cba27bf3d2738d2df5275b01a49985d5d0b9d91c62ecbf', '0x85dddcbe5d0bf080eba50c609c04af275ab0b8a1a15b5e0a6fd258824f3ad0f6', '0x88c0dcc9e3be70d9a412208455be096e66f55f46195377f7d14e4bde27f5d3bf', '0x1736d8779e45a03737b99b75abd29ac17423358203c25589b02f12d9780c739b', '0x684881568412f0b98cb0a29e4381f7aae6dc93c068ca729f629da88de426805f', '0xa39e4b6abe511093efe915912428a4836374188638e8d12dc0c81f171baec834', '0x910476f30519911410f953c2f26838ecb4018eadbc9d81feb27f01d1946ba43e', '0x1dceb3152301a88b8f3970e7a14133c2d49f209b6c0accb523a140b579e1c63c', '0xf1da6ce3e6b4bd0c7f13864521c7f28a84916f8c77241f4d246c15bfffcfc934', '0x192a2c3b7de15629e4315e6ffe2731ae8e8ecd0a03da1f6ef01a5cfa2a1a0b59', '0xff9638f8ef0c91a4fcdf040c86e024166e9d66d6546e03d3c2c5ce59e1e88cc2', '0x346ede93482544028b8340eb9a4b7f771fdc69e2b4303d5a2754c4c343be6a83', '0xd3bd88a5cb07619d8f415ee369af544c2613ab1f9cc52ad82de7be53d95934ec', '0x52261d9c445d99bcadd7a2dab13e7f0392c1fce33026fd8a1d9c7034d57d2439', '0xd28006294d97c9a0ad58fb3a725304b43f391d3687863f119fb49e2e14101baf', '0x8c8415b615fd5a243369a0d49d39d0d45d4721a4e67ad196e4f2f521964e0f77', '0x8733421fe7a4959b8bfe03cf7ea74da48fd301fdefdc7d2af83da5ed9fbf394c', '0xe3ae012adf59837d5626facf9cff9997aac2e27d63a9238fbf4633bb0dc19a22', '0x5fd3993e63ac0f7e721fbdfe76ac95fd0963c333f0c3ffa96ae7bf2bb4c41d57', '0x43cd5e91dfc8083921273545b2ce5c752612be177bf09cacbc8220913e34401c', '0xdd3c37195cf52390484b0e6cdd962075f44fa9ce1bbf23431dfedcdd16c86c44', '0x10e20c8f08c8877b292ce2cece0509e713564299af9229e22b4547b1bc2c00fe', '0xf2c4f0d2364e27969e9f06a73c3e25754669f71cde8469dc92ec275fb6b90e26', '0x76833a9fe3b73f1fa5c3f34b37da061c5311f9dd133e0bfabca0b85b5c3756ad', '0x7a77be688889620e7e7b305ac5c3ffa3e09c5a0a49cdf1a16a71731ef51dce01', '0xd7f3bf26b341cda90a681842eb09631203622aad74ae16469cbfc89997189961', '0xf1c423c117d42d32b98d3b01ca16f03d60057c1a5620813d1b81c4acd8dce3ee', '0x731f25ff361ce042537f4a2bb48e0a7a983b3823cee88e5824a2ac8d8b00511d', '0xe3964f817e7ede0bbe14a2546c9da38cb16592987775425d3774f48c45801eb2', '0x79517f03165b01cf857a71fb2322dd8227c90f82957ff5a07d4339e36f5120dc', '0x78e7311b08bdf79ca77dbc04c61cb641d01cf85ac83c3a2eb7de3ff33751579f', '0x79578285bdc2b0c427c1e6b635d5cdfbb24f6b7662745583a89f654add423186', '0x7c709f735f7d383b3ece030895916a61b49760adde76196024760bf79eca9509', '0x9407c6c34d7912932422fe1fe67842af52cf8d18eeeb3c8ac2c7d0c29399248b', '0x0c2977a36b339d6619c1ae5e4ce6a898aadecb139d0f2d07e9b92c5d2c589f83', '0xa4e8d2bfd3a8c6e95cbf1f901558fbbe9bd0b541206f9986acb4ec72ee90d871'], 'transactionsRoot': '0xaccf18d72bf18de6654049907515567a3dd8277e6fc67abe481974043a765c37', 'uncles': []}} (async_rpc.py:86)
2022-11-28 18:11:32 [   DEBUG] Getting response HTTP. URI: https://responsive-convincing-aura.bsc.discover.quiknode.pro/3e7f242edcfec9ca1a36ef544cee66362af95baa, Method: eth_getBlockByNumber, Response: {'jsonrpc': '2.0', 'id': 57, 'result': {'difficulty': '0x2', 'extraData': '0xd983010111846765746889676f312e31372e3133856c696e7578000040fc9c67a97c50ed0f91b55cfb7c435584c4a453a6479fbe7ab3454aa8d1f21ee3ce2f855499370d458b792bb12981f44d0aedd3d597b961ea8e03c492e85a81593dd83501', 'gasLimit': '0x72e09fa', 'gasUsed': '0x1923ed', 'hash': '0x02cc58dc054a47c20e6498070837bdcc5ad476f949b10770b64904fb7d32c8fc', 'logsBloom': '0x1020032000001810008000008012200000000000000800000010020002024400800000400006000002012000000000000000800044060100700000400020000000000800800002006301840a8000086020120114101004400100200010100004013000282206000803010200000028004c00008000000140080000320300240010004000320500000082048000600000002004902000050800000040040c0020020000000008300024020000a20a400120101000000801000040200002520028200004820000081200800000140010002000a0000000001010100082000468210092c200000000010308004200080008400000410000001100024010c0004200', 'miner': '0xea0a6e3c511bbd10f4519ece37dc24887e11b55d', 'mixHash': '0x0000000000000000000000000000000000000000000000000000000000000000', 'nonce': '0x0000000000000000', 'number': '0x1655c99', 'parentHash': '0x938218aa2a1cfb8c039e76fd0c8108525e01c533d61d7ef39e3a60141ca5da88', 'receiptsRoot': '0x19cf7b6034e708a8594133d631eeba906798875f66cb31f5c7dae4b866a67fe3', 'sha3Uncles': '0x1dcc4de8dec75d7aab85b567b6ccd41ad312451b948a7413f0a142fd40d49347', 'size': '0xf35', 'stateRoot': '0x2d33ae74914cc5d8ee47e69dace4f7627aa56e4a7a559eb7efb8fdf9c58f967b', 'timestamp': '0x63837e98', 'totalDifficulty': '0x2c67268', 'transactions': ['0x817cffdcc1911e3d4456ba8678c5f9f95408119f7c00659713ff3be6d0e5df97', '0xf9650698b0593c29bd1bee676911f48779bb97594bfa6e6de0b0e651e76cf4f1', '0xd005f3ac776cedd7c4822501355ae917efae097d070590e5fd9cb6c2768f6fca', '0x522bd3adc78d91bd17b20ec4853ed8ca7fb43360fa9b859e0ef2c28e1ad178c8', '0xb420a8b9bf566336d18d2a0f0c7547b76f238c5b9990a735dba5c2311206bde0', '0x530a4fdd0c196d52e99f603e2ef30a351d96cd7b397450a20ab05568f8da7d76', '0x42365c79b62dbba6a8d5078fa8d395416d2b99781e68a6118a29afc9b32b7bd6', '0x045741096970ecf2ee317d8c98930fac98ff31b17de5e5758cd21e8b24736f65', '0x20a2e2480b5de0c8bfe6ad09a492fd13208533cc2a74cbc937f44e862fc739b4', '0xfdfd4ea23b1d1f4150b56c7eb7e1410a4672b64ecd04dd2e4d648f10294a5c8c', '0x6fb25ef6219e5ee4c5739fa277e956cab89faef21de4e338b89bd12989576c50', '0xaee0a1760a9f265cf51f3fa4c3623b66cdb2d21b65780c79412132d1b01a34be', '0xf9a8924e40d32fa7861eb0fa408e6143719840e13e76098ed34a76b77dcfbafa', '0xefc6e9d67cfefc6d7911c4ccb8d01245c2a22a37c4e81006607083b103cabaec', '0x559651b9d97547f22a13528eb98c04107c4a379597351fe64d21ea1ac2424d63', '0xe8032059682775fdfe8631ab05d8b4968299e297c40c1bffc65f9a4c2e0f822f', '0x0d3953b68432074d70833c8d49ac3cddf8d43b69fe682575333f4cae3e093b69', '0x94a214ddec7f6954177356a05ae8e320f3bc657fd833904ab1d92d66692042f1', '0x02cf2d534888ddfe07ec730c8f0bb61d83b75f61156584a6995cbf260fc39497', '0xe8300cec4f56d59a481b8c5b089b7307b2c7b97d183c4cb67a357d991d0f6cd6', '0xb9ec15d11017a2328555f0d88b624783bf520bfc3d7cea86d5e4c82e42d0a78f'], 'transactionsRoot': '0xa8f4e5e1b396e83ead844e71797eef54d3f0d83023d9857a229d216e7c9c2d80', 'uncles': []}} (async_rpc.py:86)
2022-11-28 18:11:32 [   DEBUG] Getting response HTTP. URI: https://responsive-convincing-aura.bsc.discover.quiknode.pro/3e7f242edcfec9ca1a36ef544cee66362af95baa, Method: eth_getBlockByNumber, Response: {'jsonrpc': '2.0', 'id': 59, 'result': {'difficulty': '0x2', 'extraData': '0xd883010110846765746888676f312e31392e31856c696e757800000040fc9c67ed692c275cfec76a0405fa0e4200e271e58322247404ef3cf53dfc2d5b6c80995817a9e1f6bd5b3a84ac02f7c68d4558ad0565520fb47ac54391a67dbaf0821e01', 'gasLimit': '0x71fb518', 'gasUsed': '0x107ccaf', 'hash': '0x01b6a884703af6466120b07e0a1a946dfdce97ca5896a99a886dc8531df22a5a', 'logsBloom': '0xcba4b61ef47fd6f9fa99d9b9cd0e4f08797c638365206ebfd7703eda3421b1f20a35916fcd86b10713c93faf28cd7f6c9985b8e5b68ffabef07c5cd7502ca1e91cf3a48535e55f9041faabdb2be6d93e329f2fe9675aa8f97bb42f1ab76efa4865772e77a326ff4be50fa7faa4083e9f4b78b675aaae2c8ac56311bf73f93f87b6c317013cdb3e8d9feb17b748a2df6f17befcdf3e20fe0a2d3fd3ca20899ebeab4e3945bd9bea7c2f193ef3ff7f59fab39713f55bd731423ee272efe3777c5c2996458b85fbaa7e1bd63d4139af52e83fcff7d28fe8385e07537de31849e83dc6f2d7073de72a2ee35f3baad7ff88a4ff9f369fe9db97dd62be3817ed637a93', 'miner': '0xef0274e31810c9df02f98fafde0f841f4e66a1cd', 'mixHash': '0x0000000000000000000000000000000000000000000000000000000000000000', 'nonce': '0x0000000000000000', 'number': '0x1655c9b', 'parentHash': '0xfd6a5e313e45732dcb6e3e0c5557d01bee472efcb866deb6bdb5735e599b23ba', 'receiptsRoot': '0x506e01294ec6e6b4488cd49f11a93e1866daba73e11054e837f1cc1ce815e807', 'sha3Uncles': '0x1dcc4de8dec75d7aab85b567b6ccd41ad312451b948a7413f0a142fd40d49347', 'size': '0x8ff0', 'stateRoot': '0xeb45f2dc0eb0e9fbe49a47e92fd84c6142b90470b76b9b20b7d01542aa08aeed', 'timestamp': '0x63837e9e', 'totalDifficulty': '0x2c6726c', 'transactions': ['0xefe461086804c0fc5489a8c61f3cd83eceaa27605b6de907b28f4dafa2646e69', '0x67fe4e68d8e546b87e0bf6da59e539275dfd1a36c32969125b0c8f3c04cefdb1', '0xd7cb5e54e3e664bc2d65ccf912da978c389b95099abb527c184f33a4cdc89cb6', '0xaa929c072e34913cae12784bd47de873ac22ca2baa1d3cd84ae94b17bf0a10a0', '0xe9dc872ade8dc54bfc4384580d4a8f02043388d1713745e13da60ad14fe465b9', '0xae3fa08aa6bf74529264dcd35cf97df1cd03524a798252bd79b4a758a14934e7', '0xee21e5f6162c16c0585ec5ef01c5607f9b85c3a3bc39af2a1c9bb701bbe0b0e3', '0x0776d355671341ebe6f4fb0bde2157141c63558335e52b3cef6ad0a4e80a9b64', '0xf52f273b40e275aab477a94afbf554bbddfd36a8fe28c1ae48012e1369234d81', '0x553d4c3bedc22521d4bf5261744b31462f349beadce9c4b217748312c609d9a4', '0x05b7b60e0aa72fb3b45f1fec4c22ce95167fe7abf330155710a69650c44a5ef2', '0xf5b12363f416751fe0c1cbd8904fa77e274a669a3c4b2003069224cf8459e702', '0xc907e96c46bb1bb348d81343d1f2f78ff68c2ddd1cf80d69adeb6d7876136151', '0x7fc7d0c5d3cdc91730949b6e61b412c0669799cd9d57974c50701af9c77679b7', '0x53bed39092dba30b824a1e1de85c2f92c15cbc8f81e408ce40a01006a5fbdeab', '0xd58bde7c1a0393baf845cdfa1b937fcf443a0f39256dab61f297089bf05948e3', '0xd5d615af414ee85544468feaff0d9b23c6f9d7abd51ecef43dd2a88f6bb59a3c', '0xde528bd6709092af74fcb467d7e6011a185e83f5813d7b313b391eee1911b9bd', '0x956dde530cccd7afcb2d700ab8ed48619d519ebcc529f6d870c8156cfbec5025', '0x7d3a62a976ff30b089626c66b26fb72675078c4ad98a3d138bdb64d3b47aef56', '0xefa938a96a82ec598222f718afde2994bad152cd79df2f02d2f1125e86ef839f', '0xd332ec161ecbdede1b32f2ca68b16e43245706086af86fbe5d2f622a6c01f6c4', '0x886f331a612824a77bb7274a67aa70858e12450889e6ec7e425a99c1c38d5813', '0x1fa5a6bd2d3653f9baedf84df59863ff886187653594b9789bb246f2dfe19da7', '0x11a4d719ca5ce5133d7e0b1f76e60d3ddde59b1fc0fb37b4669e527f326a38f9', '0xceef6d29a6da9a18fbae0abed2bb63a90fa3e15156aec25726e6090806cff33f', '0x211a344128105276fe10d4eff1c692ae9cbf2dbabd2b08890a33072e396ff390', '0x89e7df11930f633f238411aad8344caa08641882f3ee084e426c0f31b02a2723', '0x4150559679c12a09472e8a97e5c7a2679fe6f7439e38883e049c013fb423bd5f', '0x7b038aada097c854bbe21df4503b635081842e26bc66aec3d37609ed41a93d64', '0xda024843826365199139ca406a06d7f1185d7fee5dc6ae2fe63f7672980a2ef7', '0xd8ec652c6b09f83958146cef54998b65d80915796146de6440598d58023a2775', '0xb58dd11d1f5a48a736ab9b638f082341c936691725a39357046174d8f8991721', '0x123cbc6deed6113d29caf5c805578c63305e594a46f2e8454f959329c02720f9', '0x9a709cfc19c7d015420bd258c38497565f3dbf4f8ae2ac91a45e65dd332d0a0a', '0x3b0e9519f7bf6bfad7a16c035de08b65613b4fb416a983fd73d48efab7249696', '0x895976fe3f82fe4adec0aafdf858d10f7723c367901f518fd377c03b95fb4f45', '0x0e11c4cca3e3f6fa82bbfe39a702b8f677e908671b3727469f010bf85b195344', '0x4350535b3da681b62fe3d4d99265948e811d28fe82f06413aa03c92fc299e5cd', '0xd9a0b0217b4862a0c7cf18df74545692a24612fcbd0e31d393d4b69109f9ed16', '0x819b35d722a870b7cfe6d66d963c9a21821f38962645cbb1d73c70e8ab01b682', '0x33966cbebde072fa06e47a1b4c8f19690f9dbabf26af246fcb90ab420ea93de4', '0x44c1dc70ecc5cd07f29d167d10b2608048dca42c52f6ad6cdd5843a6964778bf', '0xdfb872b074813a6a718311592b3229e478e1395e7e2124473d70ce7857a6037c', '0x781cdeb72fde284cd922d3ec495882a599e2cf45cb3b3ffde95c93bf62ec7647', '0x7db7dbbef82cca21d6c0d5830490e8944d3e9311eb3f4cc38a9abe10f3adab26', '0x6b7af1e7edbba5262bac5c049e8258eb983cb976ce7f94d8a1e7b1e5712b99ff', '0x4d4131e7976e59394c6b47a9362cd8ab0e9ed98b350fcf1bbadad8adf9c34fc6', '0x92aa63d5e2115ce367e3375c3ed201092b02c3604ca23dedab2a3eb524c66b4c', '0x79d4ddbd8bb1d83672f10b9e6cb9b41e161c7f044b03e04e67a6cc0d40cb151a', '0x8f97317de4e38923dfa09ef4db7f3e4db2754710c66c463909ad2e779fce4dd0', '0x7a72eaf21dc9cbcacab2f4430c2e454166e5d1a285a1a8ecabba693cf02cd75d', '0x85ffa480384d272f333749f3589a0ddff73a84a77d5490334537667228983907', '0x24e6bf0b1376c082a51e9f56e6313b4d71d13a8f0d5d7aa6355a551c15712861', '0x16d1337a37244731dd3e4b380162b54b6fb68f454264a11e392bea121330de8e', '0xf8a94b45bf7458e897dfd34c627f9f8223a71c4a333a69db5b8dca79368a78a8', '0x03049a2c607f980416ab6f6d8748ca51af599cb6862f89330c9abd62a71e4bad', '0xff5f3b7ba1e0dbf6041b36ff54f030c4b09d944d0cace5c86dda3051789be381', '0xeb14757eca4ed44b60340a0bc73fa8c897a58e1afd16d7100a31c23e20c3b7f5', '0x64563a5000ee81b083ee3d97c9c8726a6ae95a4ac73eaee0b0b41c36af40acb5', '0x3341866f3ba72de0e7b5f3586567f3d8a7e48da23999b5a740b9f656463f71fd', '0xff9a76065e2b8afdc0685a624d30ac197432e76d0f95b9cde8cdec78de0a5384', '0x4e3b437e2b09f679e52f16c81556d2e8f1454bbb08e0bd10f062c38256cab42c', '0xfc80ecff698bd0c458a25c962ec70a93bb9d367dba0aa750444a444f4ccba441', '0xad6d29df9862bc2583f91200123f95e56f6657fd1cbad0cfc73a4c2f99f78aaf', '0x7c2bab9ede964bb9579fda23ed434006532fb028b94e4304dd6bc3b36b97221a', '0x49cb05c8519ff7b1b3716f4af3790016e071bc182cb1a09bfda2b0f7a7846e93', '0x02421f75232cfbc299b9aae8687b090dda4249352ef8f32fd9fcb6214fe26fed', '0x7484d61061be276331de50bb52621c028b45c801ed357fee7bedf1220e0ab104', '0x542eb22265e8b6a1ad577213564768c75c8ef588887b3d35b25c799480f96727', '0x16f0360fb929b77ed9f74ff1bb5ff4e0287d2bfc2d289f6776c1e237f22bf5c6', '0xfe7e5a9ab2d533f4a4877ecf2bccab81401e06210d5b78d54ceb7d9377c21a49', '0x56baec81ff643f9ee07540f09b7d50365aa858ae37f9caf9292d7525d54100d9', '0x0ae6cecb60065982e858eabcb5e6b47d13a4e6516ed2395d461ef2055bf3c7e9', '0xef058fbaf84e2a32de95f2f4fb7b7f4a566dc4f9255af81813516e06a131cae8', '0x3ddca6b019e3b1b64c6000bcec1614ee8e8476c21c63e3d5d6836f7846776073', '0x9830e85167e7687f548f3b5184e1a0ad4651d640cfd34c0217207446d1562699', '0xd0666933e40f648c6d3d8bf003daa82640f027427d65a406963ae2c2ffe194be', '0x431886f20ec18eefb269212a4ee011cc7f279f642e5c3e6a5929eb6fa2a6d86b', '0x6b6b922df3dc4b8886402e7e3189d2958ac3f8d87f626334b269571283032b39', '0x32c292f09a27493c8ef82b9d6758fd9322e92188e943472e2f42846309f1414a', '0xb2c6d30791c0d3c7e86d3b5fc5f546641831d17ab69d949417c9668c12e599b1', '0xcdf0e71d9f64aa89357acb76e0b4962ffad8ff4a3c83aba7da18ddb5b40aa279', '0x96b2f65eea55bb7327abf13eeab46fa3979c22ba3fd411370f7c279046a0c1d3', '0xf23a2694cadcebf01ec907954c528957b485a7fe21c1be68ed5d5b0ab7d90473', '0x16dfefd5717204a82893300103483fabb494595f109e4d18cd4528d9a9e20ad5', '0x4dc3091d373c25922ecc54324bf28a25e7f96227eb401597dc75e983482612e9', '0x3a83c45ea01df1981b6e88b6b4ccb9a210439f233c643a76c7657009bbcb6c12', '0x76a1754610e31de58149e70fbfa9f70ec6c8584b85887c486a5a8584e477cc98', '0x3301346b876ee36002eaf03a9857f63353882c148fd6be1c3d12ea5164fce68e', '0x8a68442cf16c76c1380418d1cf64268cba4af34ff36f0dd5cb311dc010ca958d', '0x17ab1cb21b3ee91751ae094157c022750c31d88181b8a53c749d2827fa2eb47a', '0xdf8f4d514264a10b61974e3711be47fed6991cc0f35a06f9ef8e2e3ff4974097', '0xcac096a1d4c2c48181ce2520ec9f9ab9e3c438852bb77dbe0566220ded2371ba', '0x0a48a6bef07ce2591f346afe119f3603c35801dfc95ecb0c6017d87b5d761981', '0x72a0a2df0b63cf84876e179b272b942432736f5d9e518c980e913ed1ad102cb5', '0xbf0e8719ce48dd0bfde289372d58a87d4a7982428c1e0ace8b89fa465e9eafc1', '0xd5fe53e9f4197fb16fd822e7932435c2078700a7621f9f11fb9b178555b87fe7', '0x2eda2a9ec1d722443e1bdc80bc0d668cfa3606f628e978e1255e16ff1371a236', '0xe56646942eaddc4fd3fd04949c24b3029438264e302fcdff747a537779dffe31', '0x22c61a4479a97d90bc5ec1557286190e3041ef8af0a9f920c302e73ef9e4e228', '0x255df438cb5f41884f5afe5e898128085a07cbd1e3ce2d249a9f25857077d9a9', '0x8107abaea57ce70c93da40b99a7e4cf46fd2e5f872e52bc551fd842f6aee53fe', '0x2823bccea157c0c370dac40d733c1ddd50f73e508231c3f4a8edddeba463a948', '0x879bc948ead8943971fb93c6102cac52018226a9fdc970224c4346c813c05c1a', '0xf25f70439a43614b7fe5fc147a6f3b56be3c343409530832af58615d742a13ef', '0x6237594e2c6968db10cd6eecb3438f6e2c85c5dd67a4bbe5f7c098541f002f9a', '0xeeed02b22aeee719be2d539b809e350e625ca4fcd4b6f69a7bb0f23bce5d3b17', '0x188250020469110560672832129e8e1c6df1c2e0a94226544b32628ec61933ea', '0xe4e2c73dae674ffd00ec345fdaae340f6d73e275b3b3442fb7f53fac499b062e', '0x4ce2bacb17d8401f6f00aa2df8b0cb1f2d5de76e9c69f6678b16fb1b3c24d05e', '0x6bc6cadd0d6b6178c06edc3c03ccbef43262b3cecab19629eefef939f8659fd0', '0xa30ebe071dd778793577804b7f06fe9cbb7029b6fd5611fe72d5187e165bc549', '0xec0609aecae0d73a64b7a6f668a1bf809fc342cfb5d36974c0eb7be822c0b143', '0xaec951917a79adf58343ddab340b56e8b7c923eef9af3895bdc08593423dd53d', '0x2c6fe25a650b1aeeb9002506a519cca64f673ad0a8d83a5be94001bad90765cd', '0xdd6f4ad8a437800123b1c58de950ce86338e3d94405f3ad3037175a8ca5a3c55', '0x3969d3655d72d0536c8ec8db077f0ca6a114373d548dd1f7e5ec9e2a8cdac2bd', '0xa8ae613271a4e8ef2419c3a9f11c58243d3c36262648639e5017a84cecfc3616', '0xf3e709ebf2c43ebab097fc5f4f48bbd267178e6a50305ba8c38d87a9e7a12f7b', '0x446017e9a605b8cc1e8db0a863681becd19ec306a4d4177f47d676a6800aafb0', '0x2e139e342e1209d8899a147561a61bb122ca3d33d4017138e58cc25a28a5e04a', '0xbb16f7e934b2349be5f967dd0aed7cf12a44b9525c8ce514af2ce8366c6b464e', '0x22a10f8962349635dae3804f2e564f4b9825c9b046101fa7243c895c0a06ca19', '0x5d4f6555c46d8fcf7f20da9c6507560978d7260e2cca8735dc7a42a20eeb870d', '0xa40ef7a970ab52a88c8258004db7923714fb2b4b80233ebc70497aa8e7769c98', '0x8d787c03d056c0f5c0a4d958843f61c5294fcbb58006a5a49ac095a699334b9e', '0x3462c3e0b52240e21acd281fa3f6e2fc126ab3bce27cde7954fb4031d9f15e7c', '0x5b336d5d1791cdf7ebd014e27adeb6191359f32e283a5ddb5593ac692ddef94d', '0x674f5bb17876f622337370c5dfe2ca88ab2bf80f01ee3899ca6871ac2e46d359', '0x17710d1a2d39f0397a20f310d4afea6eed09dae36ce2543cbb706b873c414a6f', '0x4516e73bbcc502209cb4558efd53829b56c752bd7b49a37df7a943fadb915196', '0x6500baa7792748ff36291e36ad7f9d55c46ed5cbef16fdfaff3d68528c0357c3', '0xd2791d2dfb2e71f348046c0d54c42c25ef75781b07b018db5ebe93409e77544c', '0xdfbb9005c89c6dab254624f38d83b9e89bee4d166bbac16755001582abd84fa1', '0xa9d54334bac52b53b508d44ecaf2c0fa1a3128f3a78af462e04869c42de2367e', '0xc10b2afe8364c946390e710815205b88834efa0493ee3706f06aad540bed7da9', '0x4c573a6f7be11e06bebe74992c8af52a5e1e5a178119b552dc39c755b2217306', '0x31d71614b40a6fcbefc6ea123609da25846e9885a4c1d519d959bbef6dd80f70', '0x323577af42ad51988f7bb8f69d51844b9c83664c62d845aee513eac0484e5f8c'], 'transactionsRoot': '0xf1e7d96e66cf0cb86bb90ee59cff2f18c6b2b820ec542a8cb18d7313c014adb9', 'uncles': []}} (async_rpc.py:86)
2022-11-28 18:11:32 [   DEBUG] Getting response HTTP. URI: https://responsive-convincing-aura.bsc.discover.quiknode.pro/3e7f242edcfec9ca1a36ef544cee66362af95baa, Method: eth_getBlockByNumber, Response: {'jsonrpc': '2.0', 'id': 52, 'result': {'difficulty': '0x2', 'extraData': '0xd883010111846765746888676f312e31392e32856c696e757800000040fc9c67a456029e5d23cd37dc8fa0428dfc1768a244d022743258e2669c7dd868a7f328091255c8d9c6a5bc28a53bc13762e7783cf3559918a9fc976777babcdc466e4a00', 'gasLimit': '0x726f166', 'gasUsed': '0x16b8cdb', 'hash': '0x7c2aa12ccbc9ad6f2be9ac62e49214ef2a69baf82be33efc5cd45dd4eaedda7f', 'logsBloom': '0xc3adf63eb5fbddfdfd8cc777ebebf1d3f3e6aa32af25f5ebfa90be3d9b1bc292dcd63f7cfdb7d63cff2bf8f3dddafbbdb0d3fbe7fac7fddc66cdefb7fff532fb0738ffff7f2c7ff2c3abe8add7a3e83afdbf67aad7fcf8f9adbf75bdb57d8f7bd86dbe7f6b362b7ca9ebdf7df7bfdf4bbe5cbaf7dfb7b7956fa3ea7fd7fbb7f73fff9fbff6e97fedeaee879cbff66bfc1f7dfdfdd57ed4cb17ddc3e1bf9ffa73fbd3e6f31bdb5dd766d7fdd96edfcbb31504feaddaff7fde82eb6fd985de38ec2b362fc73e3cbd7b65e376b3b457ffe6b0debfc3fffdf6bd7b7e5723fee3edfc7df9deadc0cdf81d9ddae69395affbf5633bc67862c7fdc9fab62e6fab6dc8ed', 'miner': '0xa6f79b60359f141df90a0c745125b131caaffd12', 'mixHash': '0x0000000000000000000000000000000000000000000000000000000000000000', 'nonce': '0x0000000000000000', 'number': '0x1655c94', 'parentHash': '0xaa5a44124dbbf7d4da31321460f6123ffe2ab4f2e2c51bb67d30bf26fd447c83', 'receiptsRoot': '0x8dfdfe3cfd9b6c5942bafd0840b6e0ac71f0c7829666cb3d321a30f68c5012da', 'sha3Uncles': '0x1dcc4de8dec75d7aab85b567b6ccd41ad312451b948a7413f0a142fd40d49347', 'size': '0xd6cb', 'stateRoot': '0xc30e93c87c89bb3b07d6046c31ab23ae8a2bbe40ba0b766a0fff588bf42e4e7d', 'timestamp': '0x63837e89', 'totalDifficulty': '0x2c6725e', 'transactions': ['0xebeb24fb51b5675c33ba86010d6da54e99f525031d28cd0df8de4e9d56449028', '0x5e39ade9e773446017d8a747ca7c24258045ab1eff7ce01caa56eb6dd92f4d69', '0x44805e0fffa18159937d781f7c7175fb2f0fb417af2487420b849c3827e08154', '0x62f42f04734cac7329171f406cb93e0685d621b20f3fea272e378e0c5a3363d7', '0x70eef6407934de443a364ab729f2507b7a00a7645636d7272b98bf8840b8a1b8', '0xf28c2c82fba606fad6970b55e8d869fc6cd4709b51018038a855b1c64b66535d', '0xbe9e1861943a6a0807d4160b19e4466b67bdb5ba15331d4965d387e7162049c6', '0xb7994864d5d847f65482208fc0a9f944bcb726b8038d34f80669afa85f18c98b', '0x8086d59fd89407c5fad65bfffcd656a355ef014bff3ed0e52de3d0af86efe1e1', '0x79ca26d1470e91498be14a845c36ba88f717439a4fe893e330e45eeb10f99f7e', '0x2c234ad25a39e63ee8b207a4fed5f6901fdd3502f986eb3015be7ac0c85cf429', '0xde42bc0feaea2a345e43507a0ec516ca75a078578b660cf195c5ef946106c428', '0xbebc4832c09d44a2a013bd058dd08902b990ab50ba044a5381506aeaf3547529', '0x034d804d230e9ffd88c208c84aa80d1e98775af0a64ce3f4c1741ca229161768', '0x91a5374113f98ffa57ef2d975f321005f30150637aa37f4b38830749546b21d9', '0x20dd595ea77c00e3ad7024912df6245b2bec0d5fba40a0df15402cfa7d9f63eb', '0x27a1faccc5aadc476e4a8d29a34c0c21e90aa918f715fe01b060256c8f907431', '0x215ad4683cc0e173c4d254dee269eb0df750df8086f89a1bf6b68845ec138c73', '0x5718cca1fec718dd128aa35e00873d58631c58fa4b254223d7db37eea6b48f71', '0xfb20baca45bea3205c1b06262945cdcbe2c697b6bdc2950e40a389e2d32267b1', '0x577446112bbd873f5e1715f6d020f53e7baec4f73fc7ed64d2ec865a252acc6d', '0x992639a910d0d8cfe48e347e128c13ad63513821fe94ce356a5b259cb28e4fde', '0x9ffa2a91cf5e865fa375d24cb5da41fc31a6df67b56a254f90bcbce043225eaa', '0x74d50f15bb898fe949518cb22474d43a38f7773071842fc19efcae9888df5743', '0x96af067a4158168ccd22c17f5a770b98befc303dcb2137106ab5d8c99c3033cd', '0x7920efdd8f5bcf7baf28d029b497f2ea56eec25743e7b582ac5170357bd6f816', '0xa3ca02f6419ba08bba4e16490a9e65771b37f74a29bd7e6f11b8d40db6510642', '0xe65c7d95ba3b003bd1985231be31740fafd4fafe0d03ad53564ffae5698b0e8d', '0x15a9c54045b7bf5e02126d3c391cb1021670430148734b5be5341446facad50f', '0x6fa62830705ff60d3ecc458b0e0111096b951fe37ed02eb747e22ac29ed06a62', '0x94886ba6495c723bae6de8c35eb21cf270f7ece94e8a3c462ee9130748096a16', '0x6082393598edfc856b3767a9a464e124ff43595ea775236cc97cbb719ebf08dd', '0xe9dffdf2ac50373eedc516991743d3e603b3219631b3b17ce13ef28c300cc203', '0x5e9d735437efb517cf057004c4a59b9f68b2a9ab36ccd5645a723ce6405ee7aa', '0x9ab09dcb8db5b4972365d45c399e8698dd8879473ccf60efda9e9912a227e50d', '0xbf5736740cac677439ac5b78fccfc006c76b60bee53bb4c5b91e72d1b7bf288a', '0xfe1483e206ee17981f55257a315eb77d1036599ad8204972b36ff593332a4db9', '0xf6a731df3a565ebd57af7bcc05d010348631d99ffaabf38ada3b03604d693627', '0xf2a28e90520a81c31f2ab452078cf2102c78bc95cc63b3716a45eb5c6fcd52a3', '0x1d4234875c095d5312396eb774d33534c9043d6863e2b41f7471a78576063bf0', '0x6646be35b7dd655c4f572869d309d13f922b0aa5c72a99775272031b79476d15', '0x16e7da9c468b1c60b5eff228bf2e35a117ae039063e421fbbf2d19f485430ff7', '0x7750c36373ef8a984cf6b8c970c4f4d867830523a4dc46d69c2c48560b863191', '0x6b6996474d663c0d9e1c5a864c7ff1c764a636fd6b6bd69cfe2f90598e51374f', '0xd476279ef4b521bc0c05c3f971b7c594ba47fe1d96eedeb6af794681a3bd842d', '0x5535f38ad383eb9574979cce2134a875ce1155718177a37f78652a86c92ad4c6', '0x2049f204ffc6ec17d916f5e4fc3b89224e78768070bd61af93e1480042f33fdc', '0xc1205fd555647abc02249d919ed3e99be0c2ab83d2047c75eec2fe9f113b38b3', '0xe262ae0292386dfb1dd770e4c28a782b7d37a53607ad9518729995cd27440632', '0x983aeaa458a5283bf6cdaee2641ceda6fdc0ae23c3a8078a0c00a7ffcf89f45f', '0xf627eba65bcdae1619e906fbc6b8833d9687f5bb962e91faf3516ff5bd36609d', '0x9496fc8b831ea59f6602ffd8b546c5d99d63725bf7123eb3904d7adcd3a5e584', '0x8b9feb8e9d4bd1face94de7ee268bb5c32f5e568fdff1d1859667c6e6eb6f953', '0xfd6d4e437c85862be7e487573c205e689934382b2052d4023cfa056cdfc3ed98', '0xf4cb6bd1e91c3ecce5cce7045bbb64690bc04da9f38258ccbdba19cab157e173', '0xed220ae2fdeef98e1be1afc2a3e017edccc7600a1da366edb766022b690f7f69', '0x90421b224df707637651d4dc906eaf7bc7257c2ddc14014e798380d8dad6641e', '0xaa8bb1ecb58f04d1f638dc735d48bc4ea82d9f692436b7a80bb460120df1d324', '0x96f23b361873cff6399139f7d36b71d650741aebfed1cbad0585266249c81c1e', '0xc48e3f24f0c278e9e415ed6bbfd6ccc0e1b3cf35880ae2f8a25c6dcf6ff6884b', '0x17cfd69081b1d096216e859064a32b1f2bc28141259c1641b7ac5eb8d2fbe87b', '0x8311255f1ad23c65cbc89c1dd7f0eccc1fa4026a1f17374b9ff36744434eab9d', '0x641146ba5b4227669178864347b92b118cbfc09efed7129d1c93aa8a7689c49d', '0x437a2b66112c7a89ec8ebd8c3b14fd473adeac67ce48f40cd40fe50662a1a54a', '0xcd0d48a0aec8ee8c9007a88448cc1918a15b50b869ccb5944f2e2e2c45809165', '0x1651d913a58b6ef07f3c93280e5e55a14b9924102f3d08044f60b543684399fd', '0xe3c15a579f47fbb3f6914b2a541299073d1a1ebb268780466045827a5f4969d2', '0xedd1eed9c71ed24a98b5d62b93a4daeb0ab9297e89afe0fe9791fcabb086c213', '0xdd9e99439ff77bda4b3862b42b9f7a0d052275dad570e08ae5aa3d2cba8cbb3c', '0x6066f50fd0e8452ece544a2360e9ea8bc000e2f9e7391d04e40187b964cde057', '0xded357431ebd80e62e43ce40d9c27d1229d9ff896eac581747de2ccd78543840', '0x68484438d36f86088e998519945e3d3150b41644d1a842cd08d4678e5ab9a8b6', '0xc7967aa364bcf0d12aefa75419927c9696edd09bb3e1d790164879bf7aee9d97', '0xdf767f1e31bb7bf1638301367b69bbf5b64a96fa0222a2fa4c37ddf32246c340', '0x190d7dad0143704f1e2bed6e742aeb4556e56cd615c84a7dd5bcd275cc645b3d', '0x1e21b2cee98f73236e66d1e7d346acb45490db6ebc6412021ea4f263b7a8ba7b', '0x512a3630382d3fb8922b8e6f950cd1dc853485eced5a6754b4e50df9d813d31f', '0xb7632878f1c9fa493ddb51dd0eb0c66ea2e1cfe503339a454626e29db0b6573a', '0x222b073ea614e9bb697dd1f0f6d4f44f03d6d07d3a5c81332911063ccac761ab', '0x5552c5e7729ee3ed91ccab00ae6bfd4bb5986c5be44bd99cab7c1a5434abfaf0', '0xa08f288c832126cb22ef4cccbbbaeb37e5642b9b51e9f073ed9e59a0b8710d73', '0x8669c8e6a25ea10de3c6a505c53155e910ac4d86afe2e0a2473a0e97226e50ea', '0x677af4394d3fd373f4b6f9f8cd8c470f59e6d3c17a0d304c60105fd59ccb2415', '0xc5d283fbc784c8b0c9eb21ce1091586ffe0485c53a58b2b2b1f45e4a8b6955cc', '0xdd69b54168b34097eb12631024791cdf93f02f5453842be8ead88d08db1c0d6b', '0xfdf0c183c9770010f22d123ea24a3ccaa6673312505d03802ff82a1e8d12b711', '0xd6557650f2e5780252c8e82e0d252084c2d6cce17aac16bd9a44b123092f117d', '0x49757a9958629260560723cc4a2ffb74c57e27bd6224d7ae5002d17581cfc890', '0xdf346ff9990db3372ff8a661aa1196ebb97189fbea295895319b6bd5bb6e324b', '0x6ba293d6713cbd246c87a31395913f3252fc19bc52c2c32b61c2d4f06e02a134', '0x6ae74c72ca884859076bf64144d10239386953b39ad9737845847b29e5ab3a65', '0xd8d31257b4c3b19020c62dcfca081489aa08833c5846a6aab1d5877d97e1e423', '0x65a325b20ece295e8a3213fc2cb14b6a3588f47f9e788867e1b73956edc36d31', '0xfe03dcb55d2507dd2fb6b155620030b7697051a12efc1577950dac03a9f37506', '0xa06b8f499e3352390e17a9b027486147b3e09f3da1afc66d0a3daf25758bcc1c', '0x3316846c948f4628b14fbdf51a4b8e21c7aa10b7ada325114df46841d82bdbc8', '0xfe1bc332403910859f18222841fca3a1d4f7f9d025ff8669b4b465f620d64b15', '0xed53461c2854fee300f1fbe9bce64df4cc192c22d612941f2bf95bb39ca435ea', '0xa0fab503a8130db1df8cbc304263f46016a55a11451d97cd52129e917e54c9f1', '0x9dcbedd36801bc321ecbaf3622842039c4d6dcfe688f57c525d85a7329861019', '0x85627fcb9ca8662681d7c5ab7efd6dc97bec4af9ce8190ae68fffb976a816318', '0xc4c15476c6bc11721931a3cf60675d9370779374d5f098ce41dcc1977864c18d', '0xb89d727edd9f627d4efe7feb70a94eb9f7e7dfa2c5c5552134556e59dcdf4a72', '0xd5d46378159557bdf3884bb9282141fbaa7e41a653ff327e9f381ee09aa2f633', '0x41ab951e83abf5b8527f4c52fc408c1e24f53279c0e3a820f11535e90bc80e2b', '0xa6a843b246bbfefb206f89d36004475d8eb6163a4b2c4de92fe7809aff018601', '0xe3b0777449756a5665cfb404a21d6afebb6d8ac263ef6b6d4ff8323c401658d8', '0xf4f53f0303202c0335baf14fcb2f5defbc5df13ad3397c4c0adb1a3b6fda504d', '0xaf1051b546a585d8aae5021f21c4a7a6fc380a77d4ee2f4e7adc25e04f0d4a37', '0x7723c034c1e790a8d3d62d37129d58dd2693697106f5f996dd59e2229c776722', '0x364ba6851f7f9fed987c10739b8a7af57195fa2c697aa4f5693e7ea1d0c20f8a', '0x0063cb88f9ddb1cef0b815bfed18387c45366f13cd7073df038177445844a8d9', '0x5d146c6fc0cbdfa15b52c422addab5b47689b26f7d7448d6217902b29d728130', '0x956356357c13ff8fd3c54f30fc76785ca58d1298cabc53c56bfbba58ead27f06', '0xf34a88f4936c64c8ee1321b94a8560439557d8766277c3c317ca9b463908938a', '0x4ff2a7b97b304dd0d8063e0c101518a98a5b0df2ff5ad648c7fe1b57566b80fe', '0x0935083c5cbd5e2639927a1aa64233778bd420107af1b0a8d4aecfe557dbbdc1', '0xa0f6f089cc22fd3ee58827dd6c94ee04d2225ce34765d74099d8802b3df5c1b6', '0x6798fdaf348deb2ad3a36f6e396a43439c91cd90aa876c8e977759994187ed56', '0x410ae07f9bd3866be613eb25fb5931c3cca1123d0c997b1f33d330b5492b7a4f', '0x614292b7ff293bd6893d00a44a2c004fc5f8b4c15cbc2242998e2b238584b0d9', '0x0d14d707a019222fcbfab135c453887d1743a29f4a4fbfef005e14110ec6474a', '0xf8bb65e99eb29a4daaa51d3b0be08709125ef342b742859482593b06cfbdc566', '0x17050eaff1eae074366d051caf7b8d1ad291f80f939a0e4c35f357ab5b7ff0fe', '0xb35722f2ea6541df915b2b6e9cabe2749add8882e7fce670107f6e2af6a31a02', '0xe8d25596113792c82f97a12e21aa79b7ed7ae5c06dee7777b8e3de740e23ec51', '0x90ddc2f01a71fc47cc072851abf12eb7de36960fd5cafb729140d1ef95b8747d', '0x3b7b5cf8048fec8d614d40edc81e137dd92dba2ea5cfd71cc378e92462c7cff6', '0x5b444157129f96061b3f66c77fe6a2ffdc9623e7e202d9542a38be49ca57a4df', '0x6c20c8736d8aef8a96e0e4a265c566c12fa18485c3ef576dc4c5c908b21bc2f3', '0x7e623e5259e4216a3698bfb3dad026989f9a101dbf8606a3622259fd6387ccdd', '0x7d53e4249199a440f33ce26cfbe51db7ccb56a677b5e3219057e34cc50ff705f', '0xc3bf53d9e7338411e4d04db898f1a0e1cfdf9dabec33315ece8b35fa64cebdfc', '0xb0826e9497d4f884a18e9565619450d1961df51cd4d27c316076d2feff80ad40', '0x17d357c0694d460a77efa824a4d3c45a3d82c2362fe28c5c273168a462103923', '0xae5c1c087b941d8c637363e47a221b6e05bbdb9b2b66b59d42df2464c3f78566', '0x0f6d1198612d7a3974f2fef8b68c1017ebe650a96c112e8ec97d9b892c520a30', '0x504de9fa4539ff4fc77e6d7c272e9eb2421688ffdfe9a09d5ca881461bda0353', '0xcb2393a91567bbd486ca36e9cc84f9754500a339c885eb26798e641688acdddd', '0xc4c2918560e5a3babdd253d9df6dcdfffae1557d6d4fd575dfe96021e5207b0b', '0x45e5cfc229200022b8b9c0ab7fca3d393a1e3d7ec6ebb5d057109b6c8a7caa36', '0x9d3fa1e31e67ab50c419b307f080bb57b1b5ad4d0fbca500d7f4d40d6ea1ed95', '0x676553db315da64adaaf7b6c380a49fa076deb104e4f8bc1f1b97514626cc965', '0x75008ee57fa56a432997ba7dd514a3a938269b335b7eee18b904a0f03ece798a', '0x09e30f5ae3b186eae5a291aadec9ae19404dfd67ca941098322559a4601ea0b2', '0x3790d9aae92cf2a2d1f17167bdfda5fe54c0ef011ef05bc1c061212debc05b69', '0x050005426d3b26aa6ae1eda56072d28b6d72632e8160c4c22dc4ec2d27f44287', '0xc338a704277f50d1e5135700c540ef846ce30d9209047874ee030ec0928ff0b0', '0x69eddce4d9d16f8f779c0e7137d2d052493d639415282450c2fa36ea2adbe1eb', '0xe0bbd2864ef9302a697f066a1c36ed075e8ca44c53fcf33a3b269e05339fae6b', '0x504d08efde0ac614fb5820e299e1d86ebe0fea6437671bdc8364a60656878565', '0x28351110cba092631c33677ecc9296bbfbb1886a739a72267824031837f73c55', '0x8a8d4e4a01646bb71d4ead4558fee8220777a51a901417f76500dedfd57c5114', '0x22ff487912633f6cf61198def3e8a0f626e759bddae11b5fcc7fa1c411012f16', '0x0df0ce139489884d936c4f1619470363ff7758aadd79570b9870fcc2cc354a00', '0x719f48cb39b69a510c7381b7fb41eba8e2a09e0411b55fde537d6d8b1aa3cf66', '0x2922c67d7b4067ee6839d9bef3f62335cad660cb659ec78e0267542d3c04b249', '0xd3a11a68da5899aa658fedf73af1a60967a280070cf31dcd4d7b7fa805dea27a', '0x16d0a8be2a28a2ffdfb011a5e94cca4d4d87d3c45b7852123f32ee0d335e778c', '0xed97683f46f828db57af80df0ebb32ca63c4403aafda6c8fb58cb1d330b0dac1', '0xffe3f73a42fd0a2dda39a4dbb125faf382f49437af2cb4da2d70f1eefc7b52d0', '0xc6b0754ef5f6fed43b4a063aef28389b24e5014cbaf12fa80eb10cb9c313bb35', '0xf27fc4bd37ed67da20dc33fdcd2f78836654a3088839f96c318d6ffb3cd2edbd', '0xcf9dfc32040097e66a3c7cdbbd2ce4975bad1085f2710110adcd9206557c4493', '0x24c0fe4a07f0faf8d05718d1afb390ef39506bdf06ce3c09fa15a215256970cf', '0x699bb76e1e625c2f4b76742042e3d1f5217e4e6d7bcde149e689b417b313445a', '0xa050129fde61a30f604541e2759b91154e120974a3ac01c973439e415902b216', '0x1d68aee53ebc814ffb27e182efd36d81bebcdccc5fe2944a74ae178580d66e49', '0xa30de057a3c9495861f3de87fea19a3d5831c117ba97a7f0bd1ec1f103f9f5e3', '0xb424040d5379d6eee07b11272193c54b590bf01b35cb0f9655f6fc597f8a9d46', '0x56fac97419e76c6f5cc408de1b262b41257e56c5358218cc4ca62d64dd719076', '0xd7330b4201c89b24e859ed5fc48c3c7415d81a3e3851d9c155e9db644ba33c58', '0x8538012370371d12fc6754bebd6ce4538ae3135d88f9d99fc3046091ffe406a3', '0xd2d3fe386f0c551260b03bac8e06f1da1c74709e3795e1ff54e589bb97117060', '0xc1192143a683576a3f2d919cadda6a7011859c20b5a7d3ff42fe0cc8f0b1b669', '0x76f2b999d91b38e20db538964cd2d72a20ab07f3f1131702fcfeb9fc96b22f43', '0x8a9dd8a9fbc7ef73e9af79c48ac856eede3c94bfadefdfa615bec052d43fee6e', '0x24b773605fd602714b657ed7f4729dc3aef16e3a6ba1893c1d6d62da879562c1', '0x6b89d03160fdca354d5e9bd45345de4c32e890513429508c3c9a85636a9edb7b', '0x9c00cbe9b1e3f112a94fb77e6e480d0c0b5deaff6c373a9b0ad217c0d751ed71', '0xc3301c80087ad851143d190a068cc3834247cdc9a3bd089776c837dc3f596575', '0x130df7357779e627bda4c0a6c0718ca13b5528b1a07645780f449cd4c8af4286', '0xa6ea1b35e89f38aaeebfe7bd37c18459901f1eca1b8b0bc21bdaa08be9df8d70', '0xe7fec96e1ff649000b782a8cb9ff583384c9ece4e6bda9addb5890475a8f8473', '0x138f3c28f122616941f50d0123bb5f329d2359cce39f2f04ddb95acc0124f24b', '0x443da6fcd518db2379d3f47dec063b278766680d93d24effb050bcc2fd99b1f4', '0x50680fe0405cb2d3ccf3240a67fed7c36f96e331d8ae984cfc449ced346189b3', '0x76a281ee39978d2eade0dfeb0a65a98cd2df0ca76c4bbda07b0de3a17a046e47', '0x91a4ded5d89185464114da42eaba836f1e0edef9f62d4662693d729512f6ebf1', '0x623d4c702271b0bc70588598c9c148e6b2ae5f47ce3937a11d65ef88cc73afb4', '0x68074543a1730d10d2746697e60af0a772d44d43f2772502e047ad95aae46a12', '0x378625833a4ba2d3f8840a1cb0d07df13cbf3c44c1335e22b3a7a7a23e2399f2', '0x3419ea2ab701f769136d056595d616b3be1cc1cd953a3353d39bd1a47accd5d5', '0x717c4b11488153b62ed4513d9b017e419551263f359c89e3de8783c49417d496', '0xf90cb7172a155fc4ebe1be4f51fe81e7acbc917a4fd52f8a6d17da30a63a4ce8', '0x68e4c6e7001dee9869185eb713c2ced021a080056bae28ba3f936a7328ed87b1', '0x8ca6a57640fcd9a1b5664fb5fcf49f87bd740019f7cca06b1d2eedbf2e35174f', '0xa83336bad1e5b6c1390e0343859ed2acaa406a63c201d3063d7f1922b2ea724a', '0x0be9284059241ce0ef3b85505d29170f23b341dcbebe6582594bd95e5ad9ba64', '0x695cf91b53c0a632597fb751bfd7f4dfc7aae34aa26d5c75c7d767e5a30983d5', '0xdcdd295d5020f483f793962bb15b45700d349581977d66ded8c49adff4eeb816', '0x42c0e8b9448947841c30c4a4b3b559e33567870abbfc0d84ecef0d93524dd6f3', '0x1c4de28efbdc75e8e1a6ee1c7450dbb89ef7c53b530dd4efb07899d1a7b7c6ad', '0x8b11f38a709b2e68a80ef257bec9059ff1b30d67749378e797f7b8b9a3e4476a', '0xc6972f2cf0a72c04ff8f2920f12a7d6e2522891c237a3a28ac1e17a43c1e5f65', '0x67d9c8d7ea2d316b59b81e771fa8fbc548919cfa9eae033464df262698e34b5d', '0x3b57c873a8ebed8a36f1b339ccece13bb9740bb6f7e834875f18b668c864bc36', '0xea965621fcf91031089a835a2e8f14f389eab56a9cf32cedc6fc9175401e2773', '0xe8b83b81b249b32737ace7e1e3ed9b50dd4d2c4404872dd27e29b065efb8b83e', '0x367a5f5db1aa80a8a613a3cc9493540762b6b5d8256540c2098340e2fb1c050f', '0xeecdecf0e2c854827ef8ffd0aa169aaded3771e965e7ccb1871b8a453822234c', '0x149a1d951597e8668a3553647d4331792eb57cc6c023670c715b752ade2c7bda', '0x5061fe15f077ee821a8c0e43e33c8e60a9c7d24ab6d05f84643c2f43daee3991', '0x9462d49c69dc6696ad106f04fef1e039f8a9688ac7fb1893d9d82bd27d483d72', '0xd3361a7bf1367cc6dc99bb1f4d18ee58446752a01f12b7ab4be095a95aeaa355', '0xfb4312dfc847aa2b6f03519c39c97ee7ebc5995a2737824a0175986719fa31d2', '0xb2a4da0f5b1111f1289638393f5b099ea800d46cbdc43d8c02d7abb98ac9d452', '0x462bc500ab498e83d1129c6ccbfa455dc3db7132d4c6f5da9e09111d06d6577a', '0xaab8eeeaf1a8aaf5b592e67cc244aaee8c56971959c245d4cf6462db476dbebe', '0x65f285d21bf48b940f4dc1f852d5e47d495ad00acb5a075b498aa1961c67d98b', '0x8e1cbbd78178eedee3fc8a6900b5effb829f160ffb8e2bc7ed6ae8c08c5ed8cc', '0x03c8a3d77450d558ce7db080d2d5a31cf234989e6b8357a4bd2d9a7cc43417c7', '0x65f41fea9d23de574aa0a12fb0d8bc7fa5aba7485ca137ca8f51f958ed4057bb', '0x45e363a53a9e93a4a9b237df2d34ae971c6c2a1d4a32f6dd83791118bde6741c', '0x04a93e544164d8c0c6d6509693189a863f8053408bc63cdf048a1c961f7553cb', '0x3de0c087b39e25e7b761dd207f184e937de303931c9778e56bf1855f2a2a28d7', '0x2f37ced670a50ea8474cd69ec6376d7412993146776895fd449999c1227557c2', '0xb6453c01f6c47c59929ebb89ced72cc64ff8f79ea0ceeec20c888ea074e3892f', '0x1d43102ab57b58eae2459d1331445548c6a0070c3b8c079d8e44185675085a11', '0x026d165f9e0a66077a3e4bfac9dcbad2d786bfd56235aa86a0842d55d1bb296e', '0x5102683184ca1cf1e31250aced0bec1c0163c0ecea7659dabbd8c7b0aec2f124', '0x29da5a0c87455590439c57fda5f5491e1afe08f03d2f3a5970b7b06151aed812'], 'transactionsRoot': '0xb2be9de33a4cb51c7bfa9b66a144986aaddc79b8590a0326c9398420e1a47a5f', 'uncles': []}} (async_rpc.py:86)
2022-11-28 18:11:32 [   DEBUG] Getting response HTTP. URI: https://responsive-convincing-aura.bsc.discover.quiknode.pro/3e7f242edcfec9ca1a36ef544cee66362af95baa, Method: eth_getBlockByNumber, Response: {'jsonrpc': '2.0', 'id': 60, 'result': {'difficulty': '0x2', 'extraData': '0xd883010111846765746888676f312e31382e31856c696e757800000040fc9c675b23e9a545d7624d6dfd46aec486807a718bfe05071b4bbb830c336f117d377701712e9156c6ff200a8417013b23b8d0371be1757ca7cc8e4dd46a7d801a73ef00', 'gasLimit': '0x726d4cc', 'gasUsed': '0x10379ef', 'hash': '0x472fb8aa65aa1665b8327fac6f37e4ba3938a170fa48e5a69ea7db0eeeb0aa23', 'logsBloom': '0xd63cbedcbd6838391edebbfdc8a7d32d323b19785d490e7ed974a50ebb9b35e9b5d3cbdcbccb35275fb53af03c75fb1f185b717654f1cbd2f72c073bffae79fecc35ea7465dc55ba5573ab78f9812f3be138b0ab3f4ffbb797ef37f5b25644d0e5b89de71a164cf58bff2b578f87fcf1bac29cc99e6b7490e9222cfb5f9b4e5c7599510da7a5f4d07fc1b242acf26becb1f48fff13e4d0e9ffbb00dda6f9feb67fe20ecdd136f3799aebf7ea3a5f3df65fa5902d84b30bf34faa634bb292bcef3d2b5367e601995b2130daecd6cf9367aebb972559d8463c83566d77cd53ede4a9b1571914f9df9d695167ae55ee18a44c06f58c634809db81d63fbd6d9c96dc', 'miner': '0xfe6e72b223f6d6cf4edc6bff92f30e84b8258249', 'mixHash': '0x0000000000000000000000000000000000000000000000000000000000000000', 'nonce': '0x0000000000000000', 'number': '0x1655c9c', 'parentHash': '0x01b6a884703af6466120b07e0a1a946dfdce97ca5896a99a886dc8531df22a5a', 'receiptsRoot': '0x3e44ab166d152753bfe03f5747df1065020e9f9df70b8aee9304dd62d41fe6fa', 'sha3Uncles': '0x1dcc4de8dec75d7aab85b567b6ccd41ad312451b948a7413f0a142fd40d49347', 'size': '0xca66', 'stateRoot': '0x030b341805c50c572e8fc6664021f6bc75722e891ffa86ff67cd9d958c474449', 'timestamp': '0x63837ea1', 'totalDifficulty': '0x2c6726e', 'transactions': ['0x172187d9f5536929faa803e7a1a185d53ef2b727dab78c725c2f310cb661ef36', '0x084a9072bf416f3f59b99618350a3964ac428127ef0aabdfec69244802e82447', '0x2a97d4df2231884387c52842a537e2dbdabe17bbf0dbe5256d1b210e0c177503', '0x09c8b81316660a4fceabec231bbb965a9485da1989f1e96b3134315d56c09573', '0x2befb2defb28e86778e6df5863057a8adb5197ff3009fc707b32f87a7305bb33', '0x0ac47522a7ef74a6c635688500906f329e2ab7a298337c6b9975e7c05f3aca66', '0xbb305e3efb1e51a0017d65e0793fe4cbbc362795e55eb15cbff3fe083febf748', '0xe50d0ef9468cd937f867dcb9ed1c38084c511461b58bf43faa16242d0be77f50', '0x3a9301d56e532a0f2ea4bd6cef5b9d60fb6eea336f3b353d42ba1cb61f92fa87', '0xf048c2efbd2acd329cc64222909bcdf29394dec0d4e020223eca3266f1dbf16f', '0x84ae821b110f240df745ceb5552d60543e20b5d87af81bb4f01f4e4f01a67036', '0x95e15571754795a510a7937d0fa2ef36496ea9f7cd5b86f6a031d5b621e1c8ee', '0x1692840ef2e88429ee21c46f4c163b2093874962a05bf73e1cd1637f3f232453', '0x1c19fbd55493b9cdb1939c6130f75b242a318034b65b08c58d7135de802c7aa6', '0x5d55808512aa90f91c06ee89c11dbf565ec6cee7743d723134ee43df9bf11681', '0xf6d74cde64104dc209d609a1e9d5c99e3764d7c77eb068a8bb0955b8012706a9', '0x3fa25681f9c49e79ed27298b72b3e5843df8d8c97aa72ecf14ed04ba78a69802', '0x2f03590d0273b85d71e27562e662eee345cc24d0ef8b7a528a83a32fe2c4fb7d', '0x861a44182e587a16c764146faca07e7b1277d52946a11f69191ba7041ca18e93', '0xabe50e4edfb5823a7e3f32c054fe843bcf7904a25f82e0b7a566db268267e04b', '0x6da0a68b1b75a86dd2dce6f4a6179bbd96fd675aeed17e2f9951c6f881268f08', '0xf84a9f3f41d0652bffbee267e4f1f45401d1ce44b13fa7c02e7eb81ef4ddc63d', '0x2cccf170de161bc6c6b8803a4194938bf049c92cd3f4f622914155ee28f572fc', '0xe0d9b039f822da9b8147822494bca3858b8a404f9c10472bc922baf4223cdade', '0x1dac593784cd7c16b000a0f499b43da9c676217ba29a132262f29bc205b90629', '0x10265bc1d577cca161c527fa7af8edd74b02273fda33ad7af816fa0e845d253d', '0x1c9d3c0daf32f97963b7617ffb842cedfcfd2e7d4366a76c806af2a84ea78957', '0xe86ed0f79c105814c50b8ed5b15dfd1b133cffb17dac15b11e3bf7ae1daf0b62', '0x94dbcdf38150c95320368858bd86ccd8f0410701922daef5b7fc0784c5c0b268', '0x0733e8dd90a2ab6f5da472500d0ee598571e1d979d2008e4217371f2f5ca5ee5', '0xfa6505d8618790d270d745d44ea67fa28f1472f5313f850fee5ad21eb26c63b4', '0xf4ab0fa0bae2c11744ca139685d8bf802e69eeaecb7d54449687599cdce7a1be', '0x58edfd8bb48eca1f32dfda8b915c1986a64a95b6adf5d202beec2c1b3041e04d', '0x3bc030651707c5f6560bc372b3d0e6e7b7313fd5a472c4e2b05c08ee5c61358c', '0x11841fb2ad57e6af75c3331272ecf5e3c8819aa9835a2ae494de8050ed8b8326', '0x8d63e43c3fe4b3cdc214d138c62ca725e2e15a6e66063e1049031d94c2b6c198', '0xb7c887782b6dd25a072d284e019115074744131049fd470f21ba80b4a8c333e2', '0x444087d0d7b1135976e6531a4589de87fc571f50fe492c355e4b6fd744595e46', '0x94deaf20a538d86afa781a1a201a4aa2dbe7c4b8ccf68cb13ce9757125f0f0da', '0xf835b7a1a2e80442460b5d3041b08e7ab4e5f4903a17b98165c50bbd62722610', '0x2b7796032b8e8486f72b301982982de1ff15a1e3c0a91a7a5dd2b3be5265e434', '0xc81955c2ff8e66ebc7e1bc0889cff1d7290730d5f85d3d092342d9d5b0e09711', '0x9e12001bca1ee631c579f81abe6acda8c4c1d69e75a557edc6711d0d281d85f1', '0xa058b91283e0b1ffca8f3152a851b70ccca579245e3bce39659b8478ad353aa2', '0x5c6499cd3bbaa2513f721e03c9931d3e61207eafd0efecb34fe847ebdd2ea35a', '0x269e28b4a6a269b365827aaf410affe9621d98cd228120bf967b37a33aced2c3', '0x2b607526c6e579f4cde78fbd04de33b0a3e8eeec5b07c4d65341a0385a9d6208', '0xe94fc50f69a20e76819b9ba14e7732f62d8fc7ce548b3f36fc77baed7b4298dc', '0xdee6fa40cd3ffb01e2f9e19993108dcdf9dac400ff59cba08cd894f9eceab054', '0x99650e4f905512c57e0f4a12e6cfb1631508d41a3f0acc04e535f719951512d1', '0x34db883a71e6550903fc48f1b3c9ec02c62e7dd20a8eb80326ca63b508798625', '0x82a4f80dcc8fc3e51b1378f1d738bc8691703732839573bff21998ba989a62db', '0x08521dad3b230d82d32d7bf617f405f36b38337f7efd8821b280729b30e9e1c1', '0x62f63e24ff5506d1eb3cf45d95a1876794c631214cac7472628014bd466f882b', '0xe1008a78a7c6fb8292a615d2f2613ced96a74b7bcec07645f5bff7f03f649310', '0x61290822dad5121bf3843de73e842b7d4c7fe249b02a0d2f5e703934a4380968', '0x2b5a31c65a77da477021831811d3d021c60a84f9e7449002d9c2f29c57014a0b', '0xe18519eaa37be67488400c48c8afce2b5ec3373fb96078f761efd8919ff37b28', '0x7cea2e53d36142b902b3fd865b17a7f63214384bfa7b2378f8c754d15b015a28', '0xff58ed6bd5435e7a44b24ee8740ca33c257c2e2c7be5abaaa20ed09df8fc0e83', '0x52943bf5a4262a0fa9fd4d1299efacc1bbf46171e9d1dcdd2da916c1bd2d8fdf', '0xab3913fb9c7e704cdd3655e251d34b606f1d85a8e442457eaa1d2901915c3c64', '0x3fd9edcbd93edaf89854c12b3f68841c9ce03e71c7da91eb96d15a510a40941d', '0xea1758f03c8eaa59d9396574a35db418de75c81b02e6bba99b5925084322f7b9', '0xa23d895674160b18a734ff3a5810ef9e43d4705be52f13e1b245f2d8de54b823', '0x9ded4ff75a1030c6e5f6b152204a21bd28078eff2f4aa4641010933bad3efeab', '0xab6b29c5d744ce85749e3be7d87a62a0afc3f2bcea8cec0fba2347d8b0bb652e', '0xcb66ff14434de5c83fb0fbb87769bd7d985bf47b7cfa32f5331eedacde91b7a3', '0xfc391219986e3f75d5afd79a6218f24cfff8b10f8cbb5190b8968beb1b494a6d', '0x5c06b0eb9af65323e42a47b1ebc94ed9780d7992903aa51a9f6d7bf57dd24512', '0xcc69d4dd4e0017fc3f406d88164e29fb150cbd5f8af2677284a43fa03bac8bb5', '0xe272a0402bd345556d9506c2aa2c472b368bc2bc5588cb42dabfc118cadc55c0', '0x5e5d6efc2392d7ae35a660a873dcce9f5183ca570ceab0b9444b117b1595daa5', '0xf9eaf2a3d37dc6cae007168bbaba2a2bc7c0bd81f0626cafad13f9e657a0fe5f', '0xdb908ffdecf0ec49711f4fcace34dffce6868bf03fc823a58fcc69f12f18b535', '0xae99b4e91cd9a5c695e04422ac24042abfa75b168513af3915a127fb3d1f2edb', '0x088e2ccab083b8ff6476e29a39ec3fa4683f43d1a5329c4aa9d9bfe9c4441e07', '0x53977e059a4a1fd4516e5783c3b42df7ce7219db2a85ebe980b48d6bf29d6f1b', '0x228ece0de96370d58280922aae6dfd5a5fc4d087dabd4fbfc9cf2651704823e3', '0x1719df67f40cf3e26e47d4095862d5672934df7bb0c901c41a677a3898d1a852', '0x3e2212c9809c4b841d3483410c9b7ebc2229aced651fb183af700aa725297f8a', '0x85db1e82d30f45e289608c07584be4a0c5b30a42445252466a092333fd99c6db', '0x39260a1a16af631d877810e0a84cddcac689e0c2c5d6f2ee577487c2e066e6ad', '0x9ab25987d26b0571a94a4521f86e12bd19c277620b339af88a8ac7e411b296d8', '0x459d659e1aaa9ba219b9e60b020f6679098f13ca483cdef551940e789b6de68f', '0x9a08ce83fe5665e234d6dcc907a5838fee3978898c9e955eff638932a37ab528', '0xfb95298b8dcfff6620dcd621280046b6a7c4b5fe02cf98b212785459f1ea3567', '0x1d470cd16ede97a65b108a21e82fcccd4b76213678263f93b006c636f447690f', '0x7005d832aa2b40ebbfcf112b244d0e3435c5ef661c7910eadb08d9358be9440b', '0x35ca8e68adfbabd729aad11d2514392614f8c83d7504558f814536b8d2a154ff', '0xf965052bc116ab8364714e4ccc5213d2cbfd29b090fb946a534df37bc5abb7a6', '0x6808b58d7d95dbe7ccdbbc8ca622dedceb75808d58cffc398f9ba4509c8d5bb2', '0x5cc3310ce8e6c1fa62d356803c971855d91c928549563e833aedd5d8d17bb6c1', '0x74ef333ddc282d66a8942a651454c7a07e1e2d1bce529eae3a48256c22068487', '0x72a7af0e7c1dcffe19472706e63cbe9bee156e9a877a1e825864d043fd3d4dc1', '0x98c958b4fb0d98e5fa567104cee3bab018a4ebef5d943e20f770d08013b7cb59', '0x4429aa54bc32f80ca8f450e38a360c2e1f075c7938d74b5c6ca65557525a4cfb', '0xe030c76341213293f358511e7983beb672b358ddfbd2a9fb437d73f72cb6b8b8', '0xcfdf4f9966263371fc374c5e3b414d25ecb683d988765231293e36b1f1630362', '0x57c497606495c5d480354f51a3425a6e798865ede86c34f890f4d7ca1841b28a', '0x468706759f1c1423cf59737212607435ac08a69b9b8055f60e8939ec9dade6a4', '0xa2d19b3fdaa3845c82cafb732f4f9da91f1612ac49613c321f7e212d74cc91fa', '0xb01b646d9b0ced11ab6bfa4f9326bb09a8a3e95242ecaf3e0cc171fabfc48b7f', '0x97e74a9b6ce1d692d753c49b22725de0abc02f45dc800040eaffba7f0b76ab6a', '0x77efeefd516b5f86c9d537290deeaa02cc6373904f23040e2860ba838894dae9', '0x3efa18734c134bd13f2ac8b6b83a4038ece1ce06fa3dc8fba18d55718620add6', '0x7f6a9c500156cbf075067a34a63d681b76dc64ed6f2e9382e1d5c9f8847a0ff1', '0xb286baa412afa7a16efe6dff72c56aff2f2337b183755ad6f5170ed18275c57c', '0xf193c91d15c1cfe651972cc091924b94fb3d71a613fe789ce407d5c16ecc2803', '0xac8843720823bdb6a4c93f149f634b8559edae9c944a72dc4a2c65b18faa5a98', '0x9967b32aa835fdef671188e18c89190e6d136a23546d2c22e314d598313a9d0d', '0x04d39e99c68fb2c172594f58da361190dbae4cc880ca58f3c31cc9cf434785ca', '0xf2a2d477b2f5995bd6427bbb56ee483676f539ff6e559cda50fd392b9d452873', '0xe063b68cd085c7673edf2e2759c2dbd8699d880bd003ae2bb9e182b8108b3623', '0xeaeaf385c324a0a5c422b1206cfee29331d73f963f6eb248a22506081c901cb2', '0x9624bb02e808c43cd218bf37708fde84ece5f6f437e75fee0cd1f79e87b9c8a7', '0x2fbbda5ec617347cc6cd02ecaa6fb7f22a7fae587b3620d5824417be6a9e014d', '0x4287032b1b8bc29d4f4c4499cb6b68baccd738d1978e5456adb2f674b0e1b3b0', '0xd0edbe1f726d0486a9fe7ef0b8bb4c6b942fee37635ae0a627263f15efe9e7ad', '0x2236aa2d2bedc71fc21b6aefd97819c98223482792a4ef9380fe41104a8d9351', '0x19bda4acce8594982929f86e56fe6b3855313aa60a7e9ded0b39a3ccb08ccc8a', '0xb15de5b9f30c86dab6116c664ba887f3aad6134120b686adc0aa2bd2f7fa0a07', '0xe407af6aa1fdc0fd068f7f2982b096f3284cb7fcb6fc32c7c3e7f937de382b2a', '0x3ee8aa9f66047058e8c5a1b4121da19e57e56545f30d7a464be4857c7ce5e84e', '0xc494ffb69b3bc932438266259bc73765d604e9a17630e559312cf17a508a0187', '0x31ae05f94da47f8116191338e51f1d2560a55cf18fdf1e7cb347643042ea5730', '0x09535bb784a67e18fe367234d7f78e161fab315b5076b5442cdc674e6b5831e3', '0x622ffacbe1e3d789fa20b4f6d89ed5a42ed680f78c3db3ff0213ead0f6e1ccf8', '0x6fb828a0d3f42ca800f440fdb2966b7c26da4920c2303211647e0c301e2e81a2', '0xa2b835d6f5c468a693252d438e52ed06969fea748e46d19a10981c45be60eb5d', '0xa5bcfa2e2f6550215c1b9d6b7ccc94c9fe34c0211dd64820b281f3bd8237309c', '0x1ecdf449f89f0da26e620e71ac107305f3695c3754cb9aaf49128b1250dded96', '0x1e85a3eb961c8abe85a2293bf4fa62338828e5fc52230c77bfe73f32a8003164', '0xd315aacfe33b7e5822b531744edcbc724960b1fa9f572358a593188e6fbd9e82', '0x9c9a2451f599d256d6c351e9e192be5110b7ea423ff5eb8778226b0736d9f7d4', '0x8b66d2a5e2704340cde353335e4af9d2c021bd579502cc0bd4e08270cadb13f9', '0xca42a21ae305dcd275a9eded99696a05df70cf940d647ee2150e66ecc6e08b7e', '0x24710ccc0c97f12e4a1e731ff49a0d222932fef61c8a680c9f238b4d99c316be', '0x591531b8cd2cc4ca43f5d3dff1f3828c37d59ca1b912efa7e958e4b94aaf326a', '0x0c4a603569b29cc1a72b738c895d4e3f31485a3c1b4c4b527356f87ce5de5203', '0x5652df4d3217a88fa79a04a07ac7dcde02ad76945294eba068b1dc94560ebbf9', '0x07dbec9ac1cdd05503b04abeb2aeee84e16f8078b8d37f4ceb61358b0b6747bd', '0x9b8f1dd078943c276ad37f7f1a538c503141de18454c99d9098b5c9c64b1ea2b', '0xf2598a5a16a8f94b69fa37e5d20d1e034485bfa43b31385143301ba4e885e2cb'], 'transactionsRoot': '0xbc8cabd13041781843cbc8865c30c138c0fa497c9de26db618666dc30e502e84', 'uncles': []}} (async_rpc.py:86)
2022-11-28 18:11:32 [   DEBUG] Getting response HTTP. URI: https://responsive-convincing-aura.bsc.discover.quiknode.pro/3e7f242edcfec9ca1a36ef544cee66362af95baa, Method: eth_getBlockByNumber, Response: {'jsonrpc': '2.0', 'id': 58, 'result': {'difficulty': '0x2', 'extraData': '0xd883010110846765746888676f312e31392e31856c696e757800000040fc9c6798c25bdbd97b8775d4d64e293930fb82b7002d2296217d6a9dc800947743857079de2ccae4d1d71f10d503afb96f7f6615715a24f3c811e769a0f5738809b47a01', 'gasLimit': '0x726dbf2', 'gasUsed': '0xc3c446', 'hash': '0xfd6a5e313e45732dcb6e3e0c5557d01bee472efcb866deb6bdb5735e599b23ba', 'logsBloom': '0x2a6923010a26f0dac8d78678a82f8464101b134e8d23e885501a3f0b806b8a4101729e4b0dcf1b21454451a4e5128581c5d611270256b51da0e483e36aa7b1909ce2400b033a6a1085035cfb6022ca3ca8fea7e831d6acd8a59d8235f7c0072457591538824e2494cb1fab098836da9a8c00104f88a485c2ac6056d12b000ba55501d3612d50dee81c8614266805180a103d9d8714412c2b0164115de531ea310a8eaba019924266a814a2236e71f68830fb3760b5f512432ae40cd1c8f751235160470ae20ad7c7128a9181a43a16d0f0460341d9d250fc1d0525033253ea18c4b156485537858ee163bca2379593d128133610603a0144304b446c03fe95b7', 'miner': '0xee226379db83cffc681495730c11fdde79ba4c0c', 'mixHash': '0x0000000000000000000000000000000000000000000000000000000000000000', 'nonce': '0x0000000000000000', 'number': '0x1655c9a', 'parentHash': '0x02cc58dc054a47c20e6498070837bdcc5ad476f949b10770b64904fb7d32c8fc', 'receiptsRoot': '0x8e5e9865d7abb500d7107b1675d05523f259579e02de88d140d012d1967a95b1', 'sha3Uncles': '0x1dcc4de8dec75d7aab85b567b6ccd41ad312451b948a7413f0a142fd40d49347', 'size': '0x7d9a', 'stateRoot': '0xdc2de21d458a0400a9fc79534fd8cab20bd1279df3c801b1ff3bd4db0847df83', 'timestamp': '0x63837e9b', 'totalDifficulty': '0x2c6726a', 'transactions': ['0x21af2f77bf8da4857b791d654d6530017c0f6a9d328d8ca7042408ed9ee94aa1', '0xa8d66f7001df0943ca70e00db7750b020f0006ac58f2941e2c5294f877596b9c', '0x6e6a2acd8defabd1213220918bb0cd8d9f597c870e59f0a6f1e6b8d6a6379000', '0xdd0c0e02808c71082dd0bb5a09f4108add0afa9f84c1cdfa08391448de9fff53', '0xed639ea19f9d64803aed78d1bd4c3e797ebb4b86315041fa48c7c0699dd21582', '0xf501a729c00d0d9330ef03c5feaff892d8b0ff6a4b283e23680dec0cc253ce12', '0xa443ccbb80747ce7e41ce2170c3db34cd4adc71e39d5a878b578b6aa6b6705d6', '0xb507d78362ba2a8718a0aad528d38c44fee62fbfef664c1c7b9c59d374064d17', '0x0f15381d242eb0ba47301ec2cbcc6b7ec55a2e79c40a1af03d704e5aab9c5fb1', '0x3448d31f85132ff710e6edd086343b6a1953b87dfc8632d0b9977d149f279e7a', '0x01a3319473d446591c680ba7d18df4b9f690f2d813eff4ae097d5a947bd38815', '0xc7eaf694ff169b1b8cf68cafc9661e6a6369528ba3a35bbff2669ae2037faa3b', '0xcf7692f85d2514d6650bf8e9ec7ac2d84537697fb216fc4db346d737d444d6f8', '0x7bb9424e9a6765db267e6fdaee761321a67c3686985a3915db8b54bc08fd51ca', '0x1bbfbbbc7e16b7ce4a4e3903f1383447463a8cd43251a6bc2eeb159bea721b5c', '0x123994e38738239920ae24577a9ba2afa4c2271c5d6418b2bc02a4e40b0313c9', '0x111a0965b13e640af614e206114e83be185a0af91503914bcaf82afd740378a4', '0x989fbafb4c055cf3fe5c1d108f2886486eafc5e600c279ea3805112242ebe27d', '0xd813ee75d4786881c237290cf94697b9af3b47dc75b1bda61b721c683b9e6930', '0x82f13c42adad8c9d228c99257f4bd61312a51722c2e57a15eebaa3515c5a6b3e', '0x986ee783d235997e03b5b7844cdd1362185e71b08f7ffd8cbb70f8ac91f4bc7f', '0xa3514a49e0bdc3cc0d27fcac42c44fef9a75765cfbb57aefb43982bcfe3bdecc', '0x2d7f880c05ea32423f2f66b5812da297672f4ee704f2453e3c6ac0650c961e65', '0x206e565866fcbcca5cd95e5c0cbbff8d8a0a028f6d264c36f04ab0f4ac9cae2a', '0xb5628b38d89bcfb29262dd3fc9c8c18043c883476a5a618b9b390453aaea6258', '0xe12556feb9cadfc10b2b2a30a05a3a9b47c1dee00e3be33fe3120a4e707b37e8', '0x074b88593a7bc4679e382be179686cca8d58b91a490ff64fc12a58fb7ae5ed5b', '0x89b2498a01dfaa9c7f93a15fe43018b23e06309c9749661b6c30cfe764723e55', '0x31693f56dc34a8f99440b7d10d6c74cc0a6480242e6a86f329985ec6f2a5bebd', '0xfd0756afcb8b9fd77c41f029fa45558e25ae73fc222be52848d44e7fce0451b1', '0x2ef10e36b839d1efdbde4e07f90c31e95e8c58b1dd3ba38cd9177c6fafc2f082', '0x300059dd5c0ebd1b9f34629ee33078e1015821d12f6381a4a55ab1aa6d56435e', '0x807404eedbe6312550f8ac0ef665dd87ea2888d9cd37313f93fffe8c76d75a40', '0x9f07ba3d0702e0af4e3018483fc06454440c311626c4209238818c15b6634371', '0x94c16ffef3b0276aad049ab73a674baa2d5e8f1ecd12124d99043688f9ca1efa', '0x5a8591ee48840894ceb887b9bc4d36e7d2d642e8cb7ea9f33737bf3c447e19db', '0xc3193ffad065663ec3a9999461a82e7c62cd410f24a0b2425fb4463caf95a89b', '0x1bf492563e7a3f531f9e5889e8bc8f045ad93928fd5a23e31b476308377ab7cd', '0x48291ba80d66e32fbb17a3fe1d0635ce48f26ac8b81e4a9e69beaba52b4e5e91', '0xecdbb329e363d50d7fc17b6f7f03b0df38181fab367f844cdc53d717c13132b4', '0x45a1011bb103344c58190fa6221ddea345a5dcceb836c2dee2ac8a21b5748c53', '0xd72390e71cf795dede543fc632f67a2b1e0d7c1c10e1f00a7095461db99446a9', '0x0c9d1d5b8dac3eed93c5fd13022783596702b3769a8cbda190768ca7164baa19', '0x390f6a727dd5cf9b09e44bbb517d03fdd217640a45f36518bb57ea9a0398ef0d', '0xef57c434d623b4ad3e470003fc0b9238c55267444f7c7079a65a4d039e474b83', '0xc6b08aaba0cf80e2a2c5b4c532c78f46735c3af9fc967fdf40d63bad4b63a5a0', '0xb638c769ff96d68f43489a9e0ea4be946ae662586a7b001de92707e1b3730c01', '0xef27913c58ce2cc7824c5d95091cbf1c4e7521956acdb7ac7a76ef550590ea04', '0x4e3d0cacb9c4fd9c8b1cc37d9421d04b49c9df5ff294664470152b1e27be3907', '0xad0d12faeb9fe2973942afe7a969f186b6430716905388ae3fc1e9deb2537824', '0xc40a7e58835a23f9300f1ed57d1283f2639454eede0a13910c9cc3113179efba', '0xffe3a4212c276056643b7662a7e93d0019343560057ab29bc3149862b4582a86', '0xa9a6017d030e1bf77599c7f360f5319da605fadf7348f91ea25de3a4ee342de4', '0xdef9e58c0522bf3adf0c60ff3340a55fcb1768656ccbd541648d392f1f5f7b71', '0xbea9bb02b02e94909b5550db84b48d37a6f868fc0056bca1238aafce782706c8', '0x8fe66b5304f27225747a387c616412c77d2a3cb121d1a11deff4e6b28ea050aa', '0xb4064f6fe3204ba56312f15291b637fb21a46421462f9843cacba8335a697308', '0x8e79fc2df92d113f2fc94389d7a19262349bc570f6073a8487c18569c8550745', '0xbf70a71f3ee1c8c2d7d88587070c3f9b49eb57b8171b656fe924a092e0ac3430', '0x682c83c5aa0b7e3178184c27ea447d5b89b6bdc6c2d46bc8d93820574a49d7af', '0xed71b5baf0ff32d0d45d386aca78ba1bcb324650d9bd719ba794b63f22902e75', '0x151e3e00832713c0141cf4523ec5010d4fdec7c8bee20a0510db9459cc1a50a3', '0x2065eecf1f1b85368c9e360da7cb5a46baaa4037cb70f4c71242e77f6546b3dc', '0x375052da841f1946012012b227ad0cd8d0d62c554449f094f74e3e88e24376a7', '0xc721e6d0f03c3c37c8b888d94aeceb9a998fc0ff108801f39c2cdc2bb3cb704f', '0x64c572a2c5561da9a1600ff64dba10fdf33f42c6b1deebc3f4e1df3aa047836e', '0x2cabe33cedde10f7fe32052e3ad2fe8c17daf48e008c7389cd2b64e7e7e4d49d', '0x7007209242a66e3323cfaa71fdfb92f6069558ae280a1abc801710f183233e02', '0xeb4812e9f5f55e8838abaf4193c9888eccbf78e52dc41f764be3fbf9eaad4260', '0x4675813685b1e58387b8c3c34faf3e5957c8ce70f3d3c126266456b45b4a12f9', '0x0be120511efbf90a751df0c4304e5bc12c94e8921297492cfab0bcd62ac1a535', '0x44c5da584e0785c650c8495ed8d858fc57d627f0a82e89f1d9f5e9b7040560f1', '0x23591361dfacef6dde4d558028c0f35edeabba1061a3a33d95b49c4ccd5c9794', '0x2919011fc3350e42af59347c597f541d5ae36e26a031e559e967a02653665385', '0x3cc31d33964e3522d3ecca94d8d3f0b2ca3d2409df02c0eac0c97bcc94ac956f', '0x6737f2211d8e32c3e64f7fc2032de0317ffdeb38e29555973cce44719e076243', '0x110306d82a8fdcf63a8f2ef01c88ea0127c685eb49f51721b71f90f9f991fbae', '0x83e2c10332ed5498f913dfcedf6ef6a315bd1a328feb3fa9b0dc1bc1e595ffe3', '0x7c3b6865c3eb133e7ebb0bcc73ff45fd15d1cf423d7c2510dd26a88966f96578', '0xc160bcf3bba8a4b128803745c3848b44be2d91e28f73d59bfc44c078a31a4556', '0xdf5b8c82b5503eacaf63a33e6829eea3775cd5c90405883702b6826d1630b37d', '0x921509e72741681ec977bc0c3de1d9f244748ab7574cd33fe252bd9a9368f83d', '0xde726e04fd45b29444d1287d32a29d37ec3ac2e875b31d420ec2278d47c00c84', '0x8c73320f53a33d6a5b990214d58ac67828c91680aeace768810d678f12e87dd9', '0x3e9d4936919f8c74fb0983e5af2ef8e2ff4444d520b76131a184b43c6c61e4c8', '0xe0a7ad74aa34b7a20f87e9b4efdf92c3246b4ee7a7fa692c3e8259978f357ae4', '0xdf6c3e8c44ed8858090cb9ac312601f9ecb279ff91bf00334789342910d4dbbf', '0xfbbcad830c5aaca1edce824238197c3219f42ead151e3ce0370db6ef869708d8', '0x0c8ff87e20fe15c3fe0c016558bce4cce9da9d7e8278238eb713a1cf7b918c83', '0x3c905cb030f2e2e250328ca56ae2e4e3ef9f33ee97749a818837056760329d45', '0xa81a6fd103136e82515302e13e5ca0472860f5cee1de1fe50c22bb5b015ebec3', '0x837602d191f297877383f2f1d5bc29e707c0b5afe69c990519c7658bd97ec7f8', '0x25de47330a0603947777aacff5e7a8657637c6670a9c19265e44490780486edf', '0x1bb372d0aecce1657f844d900093649af9520f48322ef0168a8fa305646c767a', '0xb0f1437e4123773f78d9feb013a07be8fca2b81885c463eee9cfc6e5be300d1a', '0x660831b14ed8da48f56ae57a5933c479631190c772ea4d8ce00b34cdc11c1bcc', '0xa56f4d8e8ace12b640c12d8516ca152832b505a84b23fdc19c52539f134c1198', '0xbd2d84445876738f071b82911f2e016fd09b5bf8b963f341b7ae0638cd3260ca', '0x87e3c9890f0076027075d00d623af219905f836b0e5dbb5595452c1fa9699300', '0x67d2a018462074a74a007270a5b5e112727e18ccbf7a2a780f846a39c46a6dfb', '0xc9d58297a8fb26db9266a085c5c8703b140cf2e247e6001e17cd8edcef821adc', '0x3a6048aafb34f85f1546dcb2537a0d873770da1b3d1f469d4b4afff4cbd557b7', '0x20728c493ee2c54421b2e434bf8539d068859d0ba11bd2b9a7823529eefe9a07', '0x76fc43117709c721e5dd732b0ce7b530f039006aaa1719691aeaa28d3a64ffaa', '0xe836cfd13f8e4cd568c4d0127048be1d9696aea709680608571db1f63679a520', '0x39e17b7e568f772018c9905caa52a56b808fe0ea8bddb534337698a3f7f7345f', '0x512a93cdc0e3c5c1ae134e7aba43b1f66aec592f6ba30b516b3fe30c7dd90446', '0x384ec31d4e688326623913d08354f817a195bfdf1593baa072971cd9a7a88765', '0xd776c68f72491901af1e151bd1eae51a46d6c71f6170bbb361164a64ee5986eb', '0x0bea328e5f65270ff3d7ea0b22e1ec23fcb803bc4058b4656225c0079c39d1f7', '0x9815c8debf733a869626ce3c3ac6b311ab3f50bf2ac1b38254e8ce1a9bf1908e', '0x7fd450b26353780e870a44822491b7acc324fe1f8b017e8d6dfc917bb5325ea5', '0x9a1305612d3fea5cc7a73dec1de2c15c675968fe45a36efbe3fe13f482fc4fb6', '0x3e471cf14cfca9710f15458f088a4e4ce8400c02fb12b6e52598ef57e0b72f51', '0xf4666b6a64facf34a41dcea83e1db958519f31dc056903a375d99b4022ab5b3e', '0x7b8efdfb70e6664c697d65c28efc843bf8851fc5310096557624dfd918db4fa4', '0x0a9935b43ec512e9268a977d343485b8e919388215a0e9447ff84c4b6252543e', '0xe445dc8a45077a30455cba87d33cb4e63e0c7221a714e6fd0ccdb9f238d7a7f4', '0x8af0051679d6525fe423eb199f568b28f13cca13ec1a69a08b9ec849462118bc', '0x0c389cdaefd3280e65df512ea3f990ed31bd09b7afb74d77ff78721dfec1cacc', '0x21d8d0d6103d82656e4a9fa55d5a0869fb6fb46e5093e75b5b3de7ce85ed2523', '0xc0591ec5db16e4f557b821a0fd5522cd2eaeef059983fd4a6219d04e9abd9740', '0x1492dbc1df0016c41b7978e94a09f667c9e02f7a1b8be8da56bcf961f4a8112e', '0x8df6b967b8c682d35ad20987bf06b9039ae46d5771d63dc94266a5095ccd648e', '0x94d4a46d8d09242878d99d87b2abd13fc0551ba1a9f8ff9efff17bca3c6609ae', '0xc404481fd3507fd5f022349773c2b22dc1cfa2bb9a5b575868aabce40df14c6a', '0x251cc42df3bc6114f12d8fd036a8bbc850043c87a97861d08df72c268b77f946', '0x20f807d9ac57da63fed519b1ef68cce24ec094e046744f4b9b7b42b1b70e716c'], 'transactionsRoot': '0x0f41463b22a50bd274ef7180ffa9be2631231da6e44ff7d3f0e81f808a3f98eb', 'uncles': []}} (async_rpc.py:86)
2022-11-28 18:11:32 [   DEBUG] Getting response HTTP. URI: https://responsive-convincing-aura.bsc.discover.quiknode.pro/3e7f242edcfec9ca1a36ef544cee66362af95baa, Method: eth_getBlockByNumber, Response: {'jsonrpc': '2.0', 'id': 66, 'result': {'difficulty': '0x2', 'extraData': '0xd983010111846765746889676f312e31372e3133856c696e7578000040fc9c67d5db72b1a9e2209bf3b8d606fe77e94da495a82cff94b962fd320141a355cfc55ce765ac3a55834c9a6535ed69396fea200fcff05632f5ecdd157c7182e42cee00', 'gasLimit': '0x72e350d', 'gasUsed': '0x10b3178', 'hash': '0xb091695c88aecebc6150e2102b8d7a70948bdaec6f302958b35bdb211be18e35', 'logsBloom': '0x592d53273f46b37abeed203da64e6a09e0b2a3ca86ca54b8f5bf30a88b3937df756ed74d1ef076b9abd55fb9144c64360e131bdd374736b760b50adb586938c885fb8e8a1bc96610ddb0eddbd6adaefdf2da3c394b5caf3ab5dd559fb8dd2e815f89b02e2e67fc64da576ea025bada38af9a27659bbc679224675dfc73e36ddc19c1d3298c0f7e223b921d1a8c385ac016370df71f5214ccb1685155afd4ebfffb894a1b579b2ff4efe1a52dfa2b11f0aa003dc1dbda6d5f37373c24a7db197e3f128587e188c967a0a100938c539a46ad662d7299845d1badd7c57afd10bbfa4a316e4afe5d682d57a3d268b2fd98ec542f7daaf6d11f7de26b451e08937633', 'miner': '0x61dd481a114a2e761c554b641742c973867899d3', 'mixHash': '0x0000000000000000000000000000000000000000000000000000000000000000', 'nonce': '0x0000000000000000', 'number': '0x1655ca2', 'parentHash': '0x5be26a08f06c64ac8b562ea36851afb17d22abab89582cb5c3499555503dae51', 'receiptsRoot': '0x8b7944a6ebef498e43876b39b78975987d8102b70ef8f4a89b2c32f49e5a1297', 'sha3Uncles': '0x1dcc4de8dec75d7aab85b567b6ccd41ad312451b948a7413f0a142fd40d49347', 'size': '0x7676', 'stateRoot': '0x669c40d859e2a67c8e5ba4bcc249680685cbf6fdec64bee786bf1a26195fe49c', 'timestamp': '0x63837eb3', 'totalDifficulty': '0x2c6727a', 'transactions': ['0xfcde75ab967517ed0237384727dcc32339273926d0d032f2268f9a523b653a19', '0x70836ad257848bb5c282498322f74bebc69081a884d0fdeec184d29526323ed9', '0xa994424925cc82584e78fdbc30455ea41edf242e0bfb087d3c671ac430e39929', '0xc3a1796a11f2fb2251c5d35635d86669849ed076a056165048fdd09328849fa0', '0x8ba0828d7198ed35fa67d1007e0086ea89368f3bb4df4e761b9c9a31f08d00ab', '0xc9a25335b90688b565969d4738502b5150c635fa7042ca9911bb57076fd43d33', '0xa9e78b18bda68b2255dbb384298cc8c698db4725494e1a960fd45809ff7b24b8', '0x0491db7299d397fdec52cdadf64b57f6275b4cd2da9440deb99386c9fe8e55f5', '0xf7e0fc393510dad481ff2df354b936b10b2e08bf86aeed9b4773c6fe712408ee', '0x21c67cc9035d51785b66c464088429f0a2cf179aef0b870e34cdef69621e9f79', '0xa9cf53f32322d262fee5461cedc73e8add50accc6f968a69d50bd0e90959025b', '0x3f3432ff1d32275ec83f4d5852b78153a2fbda98464842784066a980caea8cdb', '0x44097aee0d903bb6863e354c795d4cf496a06a32a1fa59ef93dd7ec18a2e901a', '0x169914d6a0762a02722d51582d8ea70a9a938cd72abe9c1524fca1dfe3bbfe96', '0x0adebbd326f94693d653bf832c270caa4b853a072a2437529441bcf130fd4518', '0x71eaf6bb0a05bc645d97895566338c58e203e7bd219f61894e45e4f5790cc222', '0x8dfc4780bdb5b369cf3d1a16d56867b9f0f71bf1ecd35cdfa257ee3d5e13f1d8', '0x4012e1e806305ece10e1b8b740bf07eadbbd2c96282b9720463764bb1358a21c', '0x9290e779efbc862d7d274c97fca59eb813ada41c3909dcb6df2968e1980a3ba4', '0x345379d0dd6b06d364ced3cdc3b3d4b6f08c870cdebcfe41fd036183eff3db14', '0x9115498e1edb8223c3f86dc2ac0dc580c31644ae0ad476ff96b7d20ee7e7419c', '0x567d1767fc966da1e0f8d363a2fbf7200b38a3db8e8158498ba76dc079a3c513', '0xd9ef3c51c882eab13ab71c8307c7336628ab29a531b7ead3782010d411f5b501', '0x16c6ca44703c4ec5ce6d7adcff3ad6d76e4e89346319f29e77f5c09f5e0e3097', '0x0be52bd1e1a6ec10f39e6a02a8d0cc7ee960705d73e996e51ef4e730c744adc5', '0x2f74a0e04ad3d5e371d0873a5f32f61fd50ff3b3ed1054291231a38fbef09272', '0x85f9516bab11ae318f6a846bc836af33cae716302145a08d70cb7fba57ab7003', '0xa758e49d50bf0514ccea564e78d31d192ea33e9fbdb66394a3ccf04e7b33b0db', '0xbe5158555b18f6560e406793e28435aa2b7d7c166f10b87f07524d332e1b0b5c', '0xecb0b502ed27080ba702521b4477548a7e5440ee1e972334421c774d26b9e7ea', '0x8444e7c71c84c19724cccb8f2d57855e9bdffd62c3b33af5dcd597ba71a245fb', '0xa1f189e33b1844093fbae797027b6690bd2dfa8342059b0c7d54650fa0d0fe4e', '0xb5c37b55b631d3be527a778fdfe71bfc10d3f5fd6e04878d65aface7e1e46228', '0x40ba191f28b181603e932875e6e69c9a51103d32550507cb77dee68885f31846', '0x14f6ea6908c010969dab939cdff85a44f4ecbae0bfa84ba17709e4a9ee66653f', '0xa7f1d21ba6d5695ef76cc171e25baf853016a077442befebb1e835fb2675e23c', '0x26a66b3eeaf567bf4fa344f8820edec8650e09ed72ae21f19611c27b91197f4f', '0xc0a280e05f8e28536d9120f55d73a9460450350c07f89cca0bf83ed00722f53f', '0x5593efb2c09d742d4b8c123bc942244b46a6dbca268e7b354e2e6a9aa0e5c3d3', '0x861f47d9abf411454fe60da41f0bce4f8303a3c36cefbc07bbc64822c893e4c7', '0x63968fba1d79d965e2c097cfe78eeae7087f880b080456769fdfb3616b7f28f3', '0xc87520bfc3f5f639ba15d67e51e12bd0b34d6b1d80389cf29ce43142da8334e0', '0x6b34ceb5318f1d46d30e47d06dcb2c95b38248325dadeb269c6ac69d0980f807', '0x6976ff616e79aedffd304f7730a5414007cc7e793d7cc47b46b8fbaeeedcfc87', '0xeee84eadc9a66c1c4bf68a699be64ec281a1431e9bd15baae6c02ef2aafa4b25', '0x0096fda0e938823872e8768c1f79831909afa6b95e5ccda15055b292196ff1a2', '0x8fdcbbc8d42716721820ead8658e9dd04b7b34824b77aa0f9e1c767dd5dd90a4', '0x3868a3fb27861048b232770d7ef479326a43a9ac2334f89ffcb3f096a5623638', '0xb726d964a41e11ae485e04c40c747b75880d9af86858404eb6a5c7e136bfea78', '0xc2049266e9c1e919206e0001b8f15d98d26ba5df371c6ea46a8dcae8aa85b5ac', '0x5d5c14101afee07346e9df24575ae433c9497310a34522ace2406d046de873cb', '0x9fb84713bfed3d8b0f05170ed330a260d6130f76b0999a29249a3a2b938daf4f', '0xce72e9dcba6a889d51842bdfe408ad0d53d5ede3cab273bea7574cb4f2f64cc0', '0x25460c1afee85d452f91eaa0a36bd51fe40739f23486697865b680c31bcf10b2', '0xea2b12a8c0d614dd086d0f1b9c9a90999bb4544ee0689ee13876bdb5f2a86702', '0xd23c7495078e2f5580ecdf721dce7c64c9cbd90b21ba30e91682fa73de04c516', '0x2b5b5d0de04d1845ac3275c10cfaa32864400eab3c6d3198913a0af7fbfbc663', '0x3ea5990dd5275803d4c430c918cc8b4a73aa225785470d86cc6dd90ff4a4280b', '0x34ec9d1eb626e50fdd506731149fbbf0957a727959de2524fae7d7507fa7c889', '0x4f07559e99dbc7c8c4a826e31ef3d97c1821414d86b4516429259a6b42071b75', '0xe2412ae5ab4a7453eee6af1cff8b78ad7ed9ea26c6b4b847bd20033535ff3341', '0xe1dd12f54bca9def8543bad3199ddcaab80059b64809a2b00a47c5bbc2eee3ef', '0x12a05301ee7b55fb15e70eca9fc27597a77d216635a05b243160a21a3cfe4d2e', '0x51c60f5c8aa5cbb767d5332b95eb1a29253e687397da32762cd62f607eb9a028', '0xa5f4d3b9ccf0f3d428692b65494011e200396d1d97ea3b8eb7eac9df9a75a2c5', '0x8619d1a2a3fc3204c8f63d452bc6fc0a7e9de2e42eded97906c43c9d8bcb8510', '0x9f31e8b116bbf2328a32a47607f0d4c365d6794ee09f3b7011bb9ea2778e134c', '0x7e3c6da47d6958c3568c6562dfe33cbcefaf59ef2c64be8d177a9e246bddae95', '0x5a51509244cb520988ff9d139f0581e149436feac7d7d128ecca105ef89589a6', '0x9d0ede368b6a18ee5961070c78afa16edea532d7f66be409a160d3824daf5002', '0x6e0f4f0bcfb838c9418cdf7575fd4d1ba187ffd40f69821bb67ce1968381dc14', '0xa42eff3e6031f49d298abb063bd7baffc93cdf474d2d3e8cab49e69993a1138b', '0x6880e83d6fafdff62a7299ec98454c5291a741fa0d02b2f59440397fb7777973', '0x3e942cf876b527c283ef78bf450a3f5f8f25d78667025aa5cfd1c375689320fb', '0x861ea40b1e6c93919d0b060b464d91f8af0452e60639a752be5916e6dad0b99b', '0x0ee587de95774e7b1547fbada3caa948e518d8d79d4360316573dc669fbf5ddc', '0x6a2c2e195fd8334c72a1cb409dd0435baa8b080c6075af958760eaa617bbc5d7', '0x874b154047837dfde2e14cec137d7712a35e48d9a90b158d9ab2dcb37c46939e', '0x3171926e02ee8a17040b9072906015dee30d27a02f66c214d32e5204a8fa9e5b', '0x012da6d2eb810516493d3154e871ab786baa278274cf2043f13ac53a99169b74', '0x84c8ec1fe27f5e5ce13db339c5261d35e0cffbd69457cb3d7e05d3b95dcad892', '0x869a9a10eeaaee76816b6a6f2b1ca6b133af4c7997b7a74a62c309eca9bb90c5', '0x38b875ba6054a3d861b27b9c7063fe41ecb1ef45ac14cdb3503cd2f3f1c32c46', '0x2e8de087cf7aa110b4a2efa12c7dcb35742da35e758de4a40db7273ec1fc677c', '0x355c0a08a6c17f38966feccf513bacebcd22ff420146606fb96af3f5a7180f03', '0xc3aa4187463b2d1e1f0c7e317ad506190f33b14ea079e0a253ba31617a5b159f', '0xf9405fd75ac6620286f9c0bf6b82ddba874b24b230359374d930e21ca684ccaa', '0xda2c22fc851ca4a1108fc9fba2e8fb8968335b855b2221068ba7644e481bc688', '0xab002fea58fd540a4f63ef4c46ca86994c9b154d5b81e5ae49bf6c8e410c370c', '0x8c7c1199d546044bfd2d9542ea9bdb63f76db1dc7997893e996730185a345c7c', '0x30568588dbe8be1683e20d59b75ac020a4c5ef9884d7bbfadfb7799fb0d23066', '0xea9899aaaca2c4ac7655b4cca01129316c7506fb1b383c55ff86f6530a981995', '0xca4c786c71d457e0e86e9642d5178738a77446e3081a993f87a0215dff0c3982', '0x85c81697850bf239e03c759c8ee9ccaf0c81d49d6b19dbb798bd646eb85e8f50', '0xfcd338b11330d6d4663ca3e84707944e203de2a620d331281a638efcd3b3c5c9', '0x3a731118176cb8704cc1dadd01db2d4823aefa715b2685812261b0817a62d10e', '0x8b80d4fb94df803ba72e34c9f5aaf4272dc8b8f6364ad575341f5f3e416f5133', '0xce62aababb8a7e9ee5fe4aba73eb08aea168bf68979b8aef378c0748747cd674', '0x411bb7ca2f93095ae25e64ce15c4189dcc6931f96f4b35eba81e68011a1c7654', '0x874fd843ad24865be340891aa4e411f36e075c4901a6dfaf179f80455415d12e', '0x8ba767b8597374cf5de6fdc7875e3242e41d967f0989e3264543dfc35e30daa6', '0x377fa6ec96a850553877c521eb3bf655e1318591c0df4343ab1cf4a640e87f35', '0x33dd929d9d8609036194a2baf2f93a323681c07151219f9e8f9cbd5c8c46aaa5', '0xcfa1f3719e7639dc80de1029cc629c2e2cd2a9d5a37fbb312381f8d20261d8f6', '0x3aa7af092ffe8a430051cbfe385eac5a288c9582049d3a01c8ecec0795c0784f', '0x047eb564112afef16b928c1d7410b18f67c258f7ad22e8f1610954f967d233f7', '0x7097a5d0aabd7aa6c802c2281136d764e20d9c3aec3d58fa1b7dcbbd794237eb', '0x2413b23ed805c1e3bb9c4e4ff769fe6a72ae40c246028b03b6541401250da17a', '0xfda55066f2ae7cf0cd25a92c1b23c6d7bca9c4b4f95e1ff12151dd19cd0db2af', '0xa6cb20f894e189cc9351636ed1694b205010be270c33144503ae5cbf6498c103', '0x0195bc9da0e90ccbe40d4ae15d27f3709fd2a989c51420f69db27798e6de2453', '0x7233f2a5e48b99f2ea6076ceeba0bb6a6d4d8dbe2d1aa89d5c475c40eb6e5871', '0x912b128fa4f97df5e04357eacec79a61f43101d18d33f876f90e2dce1bc2d0a8', '0x3490a71e73c7fb86ec6f7f55ea2ea3c5ed6d0ce38d6b46fc04eaf7459cc7464b', '0xf8009e84ecbb4f06aa9a05cf28a96d0823f58e950bf79e67b3f366f2b66e6267', '0xd5b2596d61a40cbb2f70068c8167a6f7ec08dae6fa65c7d2f5dca2e1ba901e8b', '0x4365aa89dda55c8d84a5804434c415511e48a98c10bad2102517fec02e57946d', '0x184230b10dcb0d4348ca5dab919fd413c091f521dd47e0116c8f0c15782ef8e6', '0xca165fe37b69d5e299fd447c857ab4a3fc948393733c8421863db5716326204c', '0x56726d03184ede70b03b1d30ab3ab7eed86d225184c505f537a5658d1037c15a', '0x1c2a96224c9202861ebf12d5790d7175eecbf18fe08f8a0628f6db198d616d4b', '0xb46164c93123c8ae93324e1b7015422fc3629377db24a5dbf0c7b05f3c96649c', '0xc5901ae8c78f4dfff992f07f3aeddbda0d940c978c0f7b4891e3ec1dee1f551d', '0xe453a58c3b6ee7a33812d63d39342d4c659aa30a2ed561a9657faeb9f7165dbc', '0x212d33fced16cc0e46b280c819bb95d2dad3dfbf3f841a7d2ac5ea140217b0d0', '0x836c9c118cab06b467400f6923da4ae07055cfe1603805de619fea8ce2154c1a', '0x6bafdc184bb9cefa23e985ba29c03db37bebc00ef7769001719961dca1831273', '0xa66dcb80c4371b7a829673cbca48fdc9219e93b25dc17e68efe21278f2b6337e', '0xc09ce6d45be2f16c0814a6e34bfdd2e4b04668454575a2f6e9745f83abfc94cd', '0x1b723db2075333559a8daceb32a0cc4fa57f8adc2bf7016b12cadef86e20ce97', '0x621d47a96015b7ffd3b908da5052ca74b1d5d7fb3c1dab30c169c70429469c4c', '0xef0781165b8536b7a3f7b5a854ebae2f5fa482b62b8b442e1115de517bc50f1b', '0x4b1b2c0fbb40f40b0a009032f7907e3837939939fa3fbd248ee26d40533082b5', '0x684c1f699f1e75ce2e76f6552bfffa141faaa8aa903c27107ae8acdb630c99b6', '0x19f50aa33a82badb63897486b96f15476d8685661449215e3bb8bcb6cab4b800', '0xe848b9f37c4723f176ca78b9e4a4b873fbdc04884ef900815afb377ca3fbc479', '0x5d451136be9daa8ca9eca869b9c32f0c933642cfa867c095b5fe6d4572866bcb', '0xcf49da7bf873f8c6f4ee2b015967ba3a76698d4d5c274c1c54752b4a11217e8f', '0x677da8d37eba28815898985285fd536953c115bdac69e1789a64437be0435e2a', '0x581783a6de497b2afb8f9630959e97a5fc4d583d47b6e775f473a5c38e60d0d3', '0x55f51d8f6167a68ce291f4c05938360dccef05d9380cf3bcff7abf1f20d07ecc', '0x470746ec10b493885ebe6931131e51cef4b76920f38386b91a613e457132d7a2', '0xdc0466ef643849e8132ef7abb9a83c5d84057377a5c6340ddb6ae419107d41db', '0xc588e73cc5b37bcc855436e9f9b8dab95195c8ddf6dc516781edbec0d0628c72', '0xeacac9c4a6f13cba3b400f3fc53c2721b735cf13f96d2b24cb3bc76eb975e741'], 'transactionsRoot': '0xf1a9e6a7d32a89180705ca3a4d3594b3944f27eaf9e36f665e782d606b211456', 'uncles': []}} (async_rpc.py:86)
2022-11-28 18:11:32 [   DEBUG] Getting response HTTP. URI: https://responsive-convincing-aura.bsc.discover.quiknode.pro/3e7f242edcfec9ca1a36ef544cee66362af95baa, Method: eth_getBlockByNumber, Response: {'jsonrpc': '2.0', 'id': 67, 'result': {'difficulty': '0x2', 'extraData': '0xd983010111846765746889676f312e31372e3133856c696e7578000040fc9c67595708814b7b0f5a27226c7a74488a075953f0b4f85f1178917e9bd6d9b52a2c0b482b1ecfdc8677832e1ace243397221b5bdd7a62b4a35f16d7191b31ffa0c701', 'gasLimit': '0x7356341', 'gasUsed': '0x14a2f2', 'hash': '0xa38d0b3c38d584f0e93f8b23f7771ae19772b0996ff08da5abac7aec0c9f2bd9', 'logsBloom': '0x00200040000004044000000081800002021040000400000020120400210022100000004040090000800004000018408048002000040000080020004000200080004000000002000001400008090000282010204000000000600100000000000040040022020200038000200002000820280000b0000140800000001003000400000001040004100041880400021000a00001040268208028400000c0000000200200400040000200000002040002842000200100001000010000000100102008a182100600080800d08000002080d320600002440000001040001002008024041010c02002004000010100001000308000000820610c40200000000018000002', 'miner': '0x685b1ded8013785d6623cc18d214320b6bb64759', 'mixHash': '0x0000000000000000000000000000000000000000000000000000000000000000', 'nonce': '0x0000000000000000', 'number': '0x1655ca3', 'parentHash': '0xb091695c88aecebc6150e2102b8d7a70948bdaec6f302958b35bdb211be18e35', 'receiptsRoot': '0x3f756b9393d613fc56f4bcce4f151f009ae862889e746a254a0fcf841a14957f', 'sha3Uncles': '0x1dcc4de8dec75d7aab85b567b6ccd41ad312451b948a7413f0a142fd40d49347', 'size': '0x1246', 'stateRoot': '0x490ff95577f994daafc72cac50882d3f5ab67ff1fda5578d5dcea643e6e7ee01', 'timestamp': '0x63837eb6', 'totalDifficulty': '0x2c6727c', 'transactions': ['0xbb14c4ee2b801492c9db72b078fd603ee0692595d004c9f3b769d847206fb400', '0x69e7e95c6ba5bc14ff28474b2e07eea3f2bf448ae40eb01fbf1e7b3910b1d9d3', '0x4ae4ec9a04587f55c783a6f7ddd91e7d93c59d326ebf6b347c22bea6c7685cf7', '0x5d2ee429598574677b1d54423bfa0d9c25f914d44e8fe2ffe33db64443cffbb0', '0xcbbfa78da9d825f717a9b20cc28d7ffec07b9de1e295b6fd1f66ca0718699753', '0xea6ab8e022fb4fa6d314bf147340ca3f35af5fc9bb8c7acf66d8ee11a3813140', '0x598e530e313a7aaffbc3ae0f2d60c97a018382ea52b3873fada04065efe7c403', '0xc4930745c0ef6888eb3824891548b3e38a94b94a1badbe52c0d53b81570aa780', '0x02ffebff004ec4ffe60925a1010b7b57cc7021713f9421b9667a7b95c77beb18', '0x3bdb80c27184d0ea20f04e0c2ce62f78ae1221aa8028ab025c35b1a0ed5bd955', '0x853bc2298f59acc7bf700d3f3cbe668348cc8ad8cdc1115ed3f24b710b37c183', '0xc436a60ecb579d2b970cfa7df2f70fa89f1f2365edcf920be40683d24f00e0e2', '0xaafbd63f33660d070cbb244f40bb5afa055953aae6ff45768b93bba0badb4053', '0xb1fd41a9f42ffeeb5b857ea93a7e361469f7b5e6bf8079d7d3e87e49a218b4fd', '0xa909624ed52a0cb7dc1d85e2e43b79613dcaded2e2274eb9e92eb3d60f98c36a', '0x8e184533a72e85c581c1f3e00c7654c4ee7b1508289cfa3f1f848b29a422c594', '0xce6e54513ce1ef060961ae1d0702df81f85eefd11f675438b15ddc220521f11c'], 'transactionsRoot': '0x2416c23d8c0e439c33c296e794de17b226698331b8c95f04924cd4439af0c39e', 'uncles': []}} (async_rpc.py:86)
2022-11-28 18:11:32 [   DEBUG] Getting response HTTP. URI: https://responsive-convincing-aura.bsc.discover.quiknode.pro/3e7f242edcfec9ca1a36ef544cee66362af95baa, Method: eth_getBlockByNumber, Response: {'jsonrpc': '2.0', 'id': 68, 'result': {'difficulty': '0x2', 'extraData': '0xd983010111846765746889676f312e31372e3133856c696e7578000040fc9c6786f533e03205fb7ebefe997af6161df626099f054796363e02b886d12bcfe7697161d526b803efcb63206a66dc120452effe63d6e9bba9970f100a69d7beaf1a00', 'gasLimit': '0x73c98a3', 'gasUsed': '0x102672d', 'hash': '0x8b44a92c1e859cd5971f46fbeee31846f1fea6bbe6545f760dc4bff2542cb97f', 'logsBloom': '0x936ab62a287039161245005b8140d8242590a7dd3d017b066af321c24523192c0880c94104e09414523bc988c4e2650a4f1e438045a4a653605f01ef3e200390b629a88883494e414531570ad0a0943ae2d2171412c9bc6a41546715bb03730486228c221f1b9641445f325005204e645bc05f441d3a95c2c8e408d0d3d27da1184515d468c5420c0dcf77328f020e8108ad9c8730ea0e2dab1d784c8e8938b71ad21a4d9f30d0550a0003a90faab842df3401f421f2e8ed0a20e9c6a41a84e97c80d5ca4456cf0604ab688bde07196063562503eac0499216070c6785b4a08ae810769fa434f44cf90e6678ad1066002830dd0e5e18c94a304153a3da03019f', 'miner': '0x70f657164e5b75689b64b7fd1fa275f334f28e18', 'mixHash': '0x0000000000000000000000000000000000000000000000000000000000000000', 'nonce': '0x0000000000000000', 'number': '0x1655ca4', 'parentHash': '0xa38d0b3c38d584f0e93f8b23f7771ae19772b0996ff08da5abac7aec0c9f2bd9', 'receiptsRoot': '0xefc686a98c4c44be38ba5de66daabdebd0af7d1faabc7f5677be1f63926cd151', 'sha3Uncles': '0x1dcc4de8dec75d7aab85b567b6ccd41ad312451b948a7413f0a142fd40d49347', 'size': '0x5887', 'stateRoot': '0x893d3222e766b8bda9b66727c0ba5fc7b9e32f6dc51a8be4dd3e4ab90b85793b', 'timestamp': '0x63837eb9', 'totalDifficulty': '0x2c6727e', 'transactions': ['0x162e888e8780e147e3e614d6f294e92b415297e88e5ccf2ea778762b8221728b', '0xf7ad4d494a14de0cf5300b7938d19487ca59079e14f4889a45349bbb44ab7999', '0x058f0aa6fc99b1e4e62e0256eb12f57f1f9e7d35f67030b01e7755416032c9d1', '0xe9ce2cf686b9ba4b13ee5292128b8c5beaf53eb090c517850e97190b8d8e64e2', '0x1d024b9c48ecb25c8f1af056dfcdac27429ea8cfcf9be7d8f3118fe2e14543cb', '0x6ce711abfcaa4b8126f8ebf9e3751597291df245113b97abc1f7432ca1446a0d', '0x19fb2b09548b91f5dbecc8e9cbdf4cf188a21c053a00b63f7232b4cbce6a0902', '0x7697e6a880c97ba1c38ca18240e083d4291f47e3e72a49fc5d186bc28f59cda4', '0x2f450938cb8c1709bd428cf07a482b53296169301052e38838a9449194b997ea', '0xfe2a6ff954f37811270d8378a0ec87079ffa0a93dbbbc398d7e7e5931e03b82f', '0xae4185ef84eee06033ea21b3175715fdcaf429cbfae1319a3cf5fd9f23536235', '0x0615d8f8c67e48849174c08d99ec98403194c4b50c6546222d665343b02afd64', '0xf2b9f671b15ab3e3deb15dec8ed7835ba2b28a43798978962ad54de9e90aca8a', '0xfeea90f8311f8a976029d490e1ad02f0f1a3b9d5e8f6943cccf20e69c504af02', '0x93041f84ea726bfa13d08c2f148cdb56e40caad63f88564270da1e78628b1ef0', '0x2f9490dc23383579694ce824639395b640c2a53e33f4b3685dee2d0bdeab20d6', '0x35ecaf035617a999d2cfe9d0ece70c00d899204fedd87adf1b8f77d910c5ef3b', '0x992f3723f95535d60dc98330bb527fb82360f1fba3efc43a99254d2c35b4e1de', '0x414993c79770b983a40369a8e6b05835f75aa428aa0d625a63d8a705e2e2d396', '0x516433ef3abe4a256326559ed03d2035444ef6a44b6699afd71ae0b579d8baa7', '0xc066776687e1c22597dcf8140d79e85a3235328f6d2a4f83eec9f640bec4e42c', '0x308df7a27889738d4c08f7745979b5cb47fb265547f48b3ddc51455733bb8aed', '0xa060302b4efc6af9c9d672894d5841af61e7acebeb979638c5475dfcfd444a91', '0xc4783158b2f56a415e32f0f095f6887f943899e253348637152b8d346dfc5aa8', '0x513281946245df03ca15b7ed0a6af3cf2d4d668e0ca0bd19df9e76db582282df', '0xf6607e1e9f3f296b45637612ec262e8ec53416fd220870be394fc30d86150eaa', '0x132371fce2d2eea8cabcb4b099aa0d4b9df70ef9895fe4b7684fb1c57d8ef9d9', '0xe5624f740b6200694af45908eaae65fc68f80cfee09a75ddfe78c887554eb25f', '0x92ac6f76b87a262cf43ba111225b3c96a04b844c453541f0596db4b639712c96', '0xf215b4f2492bdeecaea7d0e9961ca67b851bccae8a00186f68cb9a30cda21236', '0xa99906abbddbc5c889df58c622cb5026371088731720caa0249a90bb279e99b4', '0x9ad8a28f1c60b5477c828fbd5a0dce2f1779db23bc975f0019505864a6bf1b6c', '0x2ed62f3fe97794f0efd87f9233f9e97755712480de810f0cf439a8b2d6f369b7', '0x3f8ee51cdac6add0669b75a076b16acb3a6191435de7e0e39ec1ea474502e645', '0x50e370253c76875b88552187b0ec74c6669d4f29bd7dcaa3c4cb10535a870728', '0x83922054dab1fc786ee90bdaa5b454ac2a4df4d4375fd84095f047a75bbf9f13', '0x36022e758e85977916764b9cee7281d2c316ca67e57950908269f7267e3cf19b', '0x03ce49b6ab47001213317e207de737954d4edbe1a0c0a967bdb145770a051383', '0xc3d8e11e1ca159b4b4e9b7ef87a337a2de8a920c52573beea23fb41b73a8950c', '0x69de8ae82163bc1c91eec669fae6e2f375c6b55936debd5f9f9df0383c148978', '0xe47b316afa98c3f513d3743932cbbe11417f1618fdf3ced149ac9c4aa512ef7b', '0x3af1c1ea027f5acea13571e980b28ce2380df3e36dffc52e6a9439cadc291f3c', '0xec87fa65ed6562f8042559c3d7ddbe4ef563367094a0aee33b3342cc06e8329f', '0x7c54ca237c78b2dd0a6bfc6ed5574e4328d3bb921fadc110be8b9bc023942625', '0x7cc254ac5c13dc86a3cada125e6ee355d3a1bf873c38d17a9d4cad3a5c0c027a', '0x0fbbda78c7d2b98eea33eb1576387d25e9e46ce0aed2f619d11d6c47d2e4b434', '0x9550d8337841cf7bff7a3498fdabaaa545d6d8f34044835493d0abaee8cf7377', '0xa5959f1ddc52581253e96e3bf9eb6bc3ba866519c289a408dfaf1fbc65fa472e', '0x1bd685b040294c65be7554701beaddef74023e981d88465a9a962d12d0dc0ea6', '0x17f14c8add4de02283df3934083e57ecc2376b277db4978e2c79979eb9995471', '0xbb8317b95f553241c6c6e799388236450551ef32756dc7b18dac477e06db9d24', '0x7ac3748d723282a3a35928d8e61780cbfdf0fd4d616dadecc80c80d41903fc41', '0x6b57161659a4348da248b097290db8d32b75b95b1db6d21af974583d8fc9fe33', '0xc982098ff4f5ca2824d4f03b03a1127fb3f1ca4a6002c45f845ca51072fee567', '0xb660bd2ec9ad268a6bd71c709b650f90ec04b83f3d24638849881e107a13e255', '0x81805c9cb9c54696d4b1e3fee50454288c3a08bc78b46c105823ed89998db396', '0x6f5ba762d0ea3233370945c0131c2e506b7f3b3a809287fbb219f615e381505b', '0xcbd38a65678bbd71c0b0f09e8557cdd969fa6db23f6c195e7410a803a8b8f3a5', '0x6577ab2bc18da2edcfcec4a76b8385784d92e77cff0192ff3acd3018f92d1de8', '0x3d632c3265268710fae95c3f41e1a509fea466cf367c8ca3720ed25d83cbb4d5', '0xf30b901c12c434e1705dc38316334cbee8f4d172a20a77359c10f4721b6bbb1c', '0xd8f7f077cdd9f58c0a3ed1890ca9ea5e77f803634c9ea3b7abac24653dda22fa', '0x5cc86b03673b4b22020888c297b0a806cf3dbed66d235a2837b6cdbf3d14597c', '0xd533366330571be6559f657dd7ed63e3d282ec4e4f4d4d83c08a7d57b37b560f', '0x5842f42314c2702d071d784547db409688824cc13376fcf55b8aa5515966d273', '0x42d89b57486469b36e864b1f2b7456237e12f5e1c95c4a94803f0ac9f4fc52d9', '0x78b2de9d107a1348d6a9024122d2882fcf8fea025aea04154ecbc3ea0c9c7a37', '0xd1bd20d537a030a860d77ce7e925d34b011e82ebe7c1433b5cc8fc6c9d3ce150', '0xaced8ee6b5f151adebf3c98cdbbd160d5d6add0ba2ce317d04d914352e5bb38a', '0xe2c9e8930776fd01740b1a686a5a3d989f4f9035130fa12ebad8afa3769c90c1', '0xfd9ce2a4203084e02f10b5ba0450935a828d1dbadb255c2c5b7c1171274de8ff', '0x2ee07436429baec01b491bcf8bb43f1ee9f6bb8eaf460f813a5356fb8de07f52', '0x4bf235be85684064e1f789530e31d5b246a293aecbf5d1a3652fe7f2e72864e4', '0x036fa965390349e700785fb7ab1228ede87ac737773a14bab0643ac3ee4a9b87', '0xe963fd63cea0d0a857d79624a31367c45e77a46954a5564c0ba23fba8c2f3095', '0x99edf046baae27056b2fdc97fddc262a97007844152f0e2600f25080d1d22da6', '0xb394a9960e364f606ca5f315407000be278ab8d0d822eddb5e1361fd4b91f08b', '0x40a8c9785a4594d3b384d754cf6ba6d7c781e03a60f196ae657e03f737da7a71', '0x46fd5dc106ea9024c3afa6ae5b44c73a79cd10025a4043441e75d58b69cc975a', '0x592255948a706992e7fda1f0923096dfbcce0be475e8f4a2c9adb00f8a66636b', '0x5312f7b96e9c5a6f2d5dc7c1a7e360243f23a37757264ffa755938d9248bfb05', '0x6719af8dae34a6d696e205cbd5ecbffab66fbef6111b73826202349832ed8370', '0x6fd19a985991553c2351965a92ce75f67c2e7e063ec3a51507f6d13ad3843425', '0x4a54b9c03e845da9acecb4dccc658f7686691cf277a11aeae3d23c5c45956635', '0x2fdd81462afefb8827dbe2d69fa548e652c7a071207ab0880e2077b08be9ed25', '0x0816467ff9c8a0aec3b9266be4d59e9b7a181f95d7b9fe6f9fd029c7dbb797d7', '0x97ff2094fbd165fca3336709efc9989af7ca4d194993eb7026ee9768d7747915', '0x67545e36b010589e21ac2c02ea70a1bd4cdc85f2eaf5ce3fcba605aac947d5be', '0xb38a60a9603974ec946ac6ab099f020793d8afdc4dac49c363d14a7b7290a1b0', '0x72837d304179e3796718f02bc1b8c73b98dffd42d281c55c6c3c7d6ff4892d24', '0x160c51aba778ba34bb206177b3384769fe39539836a094b4a528c0a439983f6a', '0xa0c53e50b6356e0d156d8bbc55df2bdf3258f8c1d5932a19c034f708110d85dc', '0x7a65a1c623e49a66f465024732b300fcc2dd53f3999b398a49b79204732248bb', '0x0ceb14c5c2b31395a476e88895aebf65618d0e59cb77951fae8645e15f64baac', '0x82d6c05a5eee1b92a8e9d77f81c0cc55e85e85e8770a40cc7ddf132a63388449', '0x5aa6c47fbd377a464023585b16dc39b58273c654d50492f4b2994d153bb970f9', '0x3b1a391f094c9199d0d5d2345fe891b73ca9adb7a96797bb1874fb21c0d6bc5b', '0xeb4f33f9e6c23b72ff22ddaab8d1c66e23a0b44d6665e62ae9cf50ee51adeb5e', '0xd0169b8fbc7a237e76936cfc5546e3a4c2a33dcb8bcd678b080177d1e2282f82', '0x2477d74188874964466e4639c215022de88c65ef28327bac547f0c2e6a01204d', '0x0df48049235a0a71867906b6eb9da1d1be0d750c9101b476d61cebd8efe65e7d', '0x2d4e055c6e7d5c475070810a1b1297096f2d52697858ccd55fb4f1bf28f37454', '0x3df7c206314dcd107e3a665b267bd0f7d80ce4c31741ed61d4e9cb08433518f2', '0x339ce044a18c0187ff224526f378d94913f652b12eb91698ab8faa7c98720b8f', '0x9bd42a19540273abede7f4f087a0cb63799e971780998dd914261fc4d4df8e7e', '0x8052809ec2306d10b501ae11978bb05b3a14a3ab539fd882e887d227514a4386', '0xbac0fe735d582321976382877ecfc36ee2d3d2d6064e32835fd3d0fb156d6c5a', '0xbf825cd1ff921b4c8cb48a75d316d6c8ea29c454c38bf12e1569669d9b9ce655', '0x8d96c8f1be8dec3a4fecb358af71dc581ebbd844f02314fb0e1e1a497b5eee69', '0x436e542734cfefc4093f8a37c52c6f5c4034a8ed3d4fa0a55ff373e96dd62cde', '0xd9d36dbfa7a65f6e56ed0037812df35bacabb6859cc9c6aaca10edc15634c550', '0x725c04253f9e5e3e30d5c19aba95e2800ccea7427dc56fc0061124f35081fee3', '0xb2270df3fc57d61b3f759fc8893b482284dffec9d6a6d0a41d6287917dfcd12b', '0x71101fba8f06cd50d1277d7c781f4e4eb8b3bb46018c18fa487faa00cfcf3c42', '0x23ea28d70561e86ac31cbe3e7b46a3f5aec88cb7385d61d7604e0ae6ff6c9148', '0x451874490e8f73d005086925ea5cf99306be12c6bb29ce32109577b2e7a0a54f', '0xcd4bd02643232086f965b9a8cee0017be09d2dd73030b758829a1d2c3aae0e6b', '0x1f890ad1ad4f3ee2442691d66a007fd437b264619f129ba2b0be2209584d6ba7', '0x523d055567333beb67564cd9ecbdaf6d27b07618a446ec1d66bd679416818d89', '0x52f406638131ad65000557abe37b1782cd8c5ca33fed2a05442c209f370b8abc', '0x266833c2a38cd868def6b41a0f10ff341d4d02d10ad4720efdf7253a058101ef', '0x3e51e6e9020c1d6d68a240ddd62864bc87252d7a3ee88ffc51b6bf5fce288898'], 'transactionsRoot': '0x32565fe646c04c07329222022273914c7e7770b6127c8452fcb12eaac1661592', 'uncles': []}} (async_rpc.py:86)
2022-11-28 18:11:32 [   DEBUG] Getting response HTTP. URI: https://responsive-convincing-aura.bsc.discover.quiknode.pro/3e7f242edcfec9ca1a36ef544cee66362af95baa, Method: eth_getBlockByNumber, Response: {'jsonrpc': '2.0', 'id': 70, 'result': {'difficulty': '0x2', 'extraData': '0xd983010111846765746889676f312e31372e3133856c696e7578000040fc9c679612a9a8313b85d3a29dd14092e53d81a3d273d9c00d659e408727d4d38e254f0830691dbc7f52366098a38f7a9bfa61fb94118f596026e162b2a20c042c54cf01', 'gasLimit': '0x73c9167', 'gasUsed': '0x5114a2', 'hash': '0x52a68283ecc4c19d9d193a1782b22a92e161141361d8bdb6f044fa2e76fcf9c2', 'logsBloom': '0x04a082000c000698200ca44389040262c0900b08bc1a001105184418a000194211000742390240290e002180195805021a04a080271100945012840b5ea0324028e48992001002089124293800008424a61139041440230120245e82a84d00c024710870030651384001c5a02b384d08ba040d07181e9553102a111627438721b142cc65c5278483e08420030310462828e41c59830000181021804000c89832320c082200c8006c648300e4c30a9798004051d810e1090008726000c45200083008642302088046218180035002d6e9a08661080043903420024c2bb100a13681140415370c08a9059448091cb02188d891041948434e41261aca240a440800', 'miner': '0x7ae2f5b9e386cd1b50a4550696d957cb4900f03a', 'mixHash': '0x0000000000000000000000000000000000000000000000000000000000000000', 'nonce': '0x0000000000000000', 'number': '0x1655ca6', 'parentHash': '0x1736927752db47ef22764057702aafea00b442fb609ee7a014edf9dc2177af2e', 'receiptsRoot': '0x289aac5b89180c2d55c8ed2cd28a0303273c7d25ac78b43fcaca9f0627f0207a', 'sha3Uncles': '0x1dcc4de8dec75d7aab85b567b6ccd41ad312451b948a7413f0a142fd40d49347', 'size': '0x2988', 'stateRoot': '0x92615e72f3464a50b27334472959c6953c1b8b41708c9c946258a7c0b1886143', 'timestamp': '0x63837ebf', 'totalDifficulty': '0x2c67282', 'transactions': ['0x62e6fef6a80d9fe7d92d98052b11b555e70fdaa5c15da8274992ed4961cf9cf8', '0x3a31e4a7267ae9ca0bd350f019703a5021b16a01e400ff78a9ec1487ef5013a9', '0x7e6dd2a22af62760bdbb69397c6ae90f732dd1db23f5d31a9651975163cc9f8b', '0xd5c509ae807a402dbb2b896f89f7274772e15fc55ce91276e9442e4fe070e8c7', '0x81e3ff8cfafbea5a956a2e1648a70a000c8d1d611cb816d86a37bd2d708fea89', '0xd161bd3232f43619af4960c760bbc539efe4d408644937910377bb4ef6b732ca', '0xbc99426b4fbca9f222da5052469b5fee6efbe8a883f9a5601b11eae824f940a6', '0xd6c98406c7cbc471d4e37653b91d5c8773360d60aaed2040398d8c7df42a02a7', '0xb3c472063f7e8d1db84cc8263135cd9785b21b20e3757555005b0877b9f7562c', '0xbca25b4aeb2725f4153ebedc254c4c6309aebc9e238904eaf974007729671e39', '0x545a288f9acb5d51cf581900b818d52f1932958f287c371b70af130c8f462904', '0xec27f6fdc77c3a8e0d4bb2957e818d55e51010cc67fe7382066efd8c8ba40fdc', '0x6ee971276769d0767852c6325a56486fe86ef4dab8d11b3ca92e0f0d41b0f630', '0x5a05ee8edacd518bdf8445e5b577aab20e1eef3fdba45887d6484035eb318340', '0xf71c7118ed52a5173cbce9709a6101ddc912940a650622e04ecf3079143245b0', '0x06978343ccd7cea884218f1b0b28a38c30dc68c6d422c4312cc302a9a1db548d', '0xa89e07fc085b7c194141b85e1716b2cee83e4b564fc5495cc00179e5d93f07ab', '0xa8481548dbfcb24af6d4700b06dbec92bc398e55dfcbe3c4652b0bbec47bd9fb', '0x976b6f038ab7c3770e1331d2df17a341f42c8f3abefdc880649fec9b4dbd53b9', '0xcddac7bd69c4fb4ccb22e386f1da7f88b069fb576fae6c6d5ac30ce4d5401825', '0xd733259733b60e0fa488c9f53764f1a704829aead39ffec92c28c8133b54bf94', '0x7eaea8d6ffba64517321fff306b3bdce5d2f0133930f5d43534c32c6f11ed4b4', '0x97817db25e9c5222e133800886de2870828775c8f4d2e2852d07a82dd0e3daf8', '0xc6c16568e09f5375a02c3b5c99873684f795f087f3e9a7e9592582ff64f88cdf', '0x15cb21a53789bfc365112b353106c0e81c162020f7c583c499606f2c10d22390', '0x2c54a906f60ac804d5c865a009a34a2261a8d69ed5d132dfb03a10dfd78911e4', '0x527e83093d87bd6b4a880f82a7aaea8ad98973ce3b382362fd858703d693c87d', '0x3e9108764abee2c9ee094ab5c3fbd6521ac8040f2b97a1da130ea121b20750fe', '0x53c9e334666d610ff4d956779d3f613d40141a463f7803ca617365f1852298c8', '0xa84be08bf69ec5b4fa728c77bf69fe12bbd1bc4e673ffbc577a921acd6894b44', '0x815f103eba306751efcbdddfed8805f94fb4f589b98238d4ee517e97c381c3eb', '0x73874deb7c3177a358b757d62159ff199dcb13a6f07940969b99cfdd8ef1a3a2', '0x1cfe6bd0fa795cf86b36114eca6f229a4e860ae13f191edb39f21a6b4ed22ac0', '0xeec35fe6b51f52c5bd341555f4fb4e1befc2bcca73f1229664f3060a90aab172', '0x6da39540e28333d4060dbdac731b5f2f160db218386d1d8495a871d4e0e496e0', '0x0bc3443ea4502f08b1a65854ec7aca3c2ec6afb6a88511197225944610cc2098', '0xe3209c97aba3313c8e338e12d94a489eeed9fbe71dcf71d61fffaabc60740d97', '0x0886e194bb81ed36c24a41391cfd7783d483e54f8cc80d2d303e8cc5169e3426', '0x08b578a083cfcdc51fa0ef892251211ff635b82585e52e9ac8894462c5c97f79', '0x5a3b05badaa84cd0067aa4e4839fb8f874ee3ed3a544e98dc609e21e6bba91cf', '0x6772e12f3c13aafadc93258dd961999e0dee72408aabfc533471ff8432138b86', '0x00a58a9fe0a72b5149e096172d1a906bd481b012512306839cf22fbb19b8be18', '0xf2ad4941885109ef49c945fb982f79581722b785a2d31d660cb032200e0a816a', '0x07492d4f040bc82a4d7c6d27fde8304a29b4100dc4a9353f21561b121920c1c7'], 'transactionsRoot': '0xb41ee07ccc628e7d9aed1abe7bd00f87e3c1202df1dcced3c4d12240eaa9c903', 'uncles': []}} (async_rpc.py:86)
2022-11-28 18:11:32 [   DEBUG] Making request HTTP. URI: https://responsive-convincing-aura.bsc.discover.quiknode.pro/3e7f242edcfec9ca1a36ef544cee66362af95baa, Method: eth_getBlockByNumber (async_rpc.py:78)
2022-11-28 18:11:32 [   DEBUG] Getting response HTTP. URI: https://responsive-convincing-aura.bsc.discover.quiknode.pro/3e7f242edcfec9ca1a36ef544cee66362af95baa, Method: eth_getBlockByNumber, Response: {'jsonrpc': '2.0', 'id': 65, 'result': {'difficulty': '0x2', 'extraData': '0xd683010111846765746886676f312e3139856c696e7578000000000040fc9c678a4eab8486c129c49cb825a1e3f251741a837a1dbc6c28db48c3dbd1b5d08b3d448abcdf1bfeb041c9da0b7b17d75090599392d267566a6b86f8668e3e9e8ac901', 'gasLimit': '0x7270e00', 'gasUsed': '0x1518120', 'hash': '0x5be26a08f06c64ac8b562ea36851afb17d22abab89582cb5c3499555503dae51', 'logsBloom': '0xedaa9ff0ed703dba8a6da3eaee0e78664880f2ce9ff99db13dd78051ab0915362db0dbd9d7ef110babe290ff865e89a2af22438c24f701fb60484aebde3522fcacd93b25292eccf2d3fdf7f9cea3063ef39f94eb7977bddbdf87d95796415d3b4cce35aad3220459b5636e4b907e189b9b669267da2d7f9a2ceeb6d36f0b5fb33e55d34ede191486788f341abd96dcf4923e9487ffe212b865d5e0c1e9b5cff88bfb677e59988246bec6b39fab2fd8f6cdbb69a2e976ef81527dee4cb71f94bdbfbb5c2ea36a9fbb51360d2d95d73a256b6bf16e0feb771d5931962b3c71eaac30b7aeb646ff59685b8b73dc81c7c7a46b87e6eccfc4fedbbb3f4c15bc0fe99a', 'miner': '0x3f349bbafec1551819b8be1efea2fc46ca749aa1', 'mixHash': '0x0000000000000000000000000000000000000000000000000000000000000000', 'nonce': '0x0000000000000000', 'number': '0x1655ca1', 'parentHash': '0x40daa17c0fe8c8c4ffda14c787f3598e006f2a0721fcd88746b1569b4fe576fa', 'receiptsRoot': '0xdd26fda3e8ddaaf0065849b6107ab8d632789076e25040dd1e8cb88bd5faecb2', 'sha3Uncles': '0x1dcc4de8dec75d7aab85b567b6ccd41ad312451b948a7413f0a142fd40d49347', 'size': '0xe255', 'stateRoot': '0x42fff4262ac46e5adb066fbbd6335463ba8116da88f53dcbd57ef771c24ad2fe', 'timestamp': '0x63837eb0', 'totalDifficulty': '0x2c67278', 'transactions': ['0x21217c54b0cf2c8c4ece53fe1e2208dd28729516cef93f63e0a0575086efab89', '0x99777492cc208de73ac0ba42182a2e0a4f0433985f3101f4c44cef4ef6e0e63c', '0x8202f4667cfe0869a1e49609b4f8fc084a8f79be27d30f1699548e04e72d1a37', '0x7c7fc7a23a714eaff1bc3df10c76c898dce0c2f04391fcf8133a7349e4529af2', '0x129c398041a31c375b0d70250c481e06f5b1290715100449af0265a3a5b4d10e', '0xa209389e1b342404130a195cc45058f906cab36cdb07dd348ff21aa68d661f86', '0xdc851c0b1278240b01c6814dba67a9e448668b59486aa8a22dbc7d98e2edf12d', '0x5b86ffeacdd51d9000759f1a57e28ae827e84cd71c6e4eb730717ce241440f32', '0x8bfea15e40dc0e55533378d9d50f2457a229283068d3475e1171f8341576f567', '0x947dc3aa4afc7067bc8fb30091520d9741e06add11de16bdc251b930024f0e87', '0xfc08792095590bc4b7b5d9d0f5085b091ed92509f2e1810c2e5460459216aa4a', '0x610273faeaae3051b531d1b8a0c71979d67c184719307c2923eb3a43bccdd66e', '0xdba71c7c7a117d50c794d83b60a2c99a9b10a4279fe89da985753c03d9bd9773', '0xc7d3dc2bed30e0d2404e2d2cb073e0478830ef9bde07f62d78b9456c7b293a4d', '0x21951d4fc856c541c6df95eeae17c1a20c87cfd90abca68849d3ab42e57d8b2a', '0xcace4c7ad1362e9f6146f4c545d347c45dd865a79c737fdcc67821891188e813', '0x43214c45fe25cedfc13d87514bd1b776068397da81103509467d4d1d059a6cfd', '0x9f680bea148ac300480143230b904e57d7eeb023080a43d0f4293c428051048b', '0x81d1b785a649d4012bfe952d255bfb3721493bcf1774c18810963059fa3cd1d2', '0x8c2f5c96329dc2689b36c14580f5bbcf0cd1e0ba7454315bf33a962452885cce', '0x9eb3d46e940cf1097133c3672b5d9d494db10e08347443af20b75f793a30eecf', '0x65326bfb7be29d6191446a4f92aa01e3a62dfc227a70e2a63f02895aadd3b8b7', '0x5a77a73d4a9ba9f4d16cd2bb96686f713eafc59bcfc86336cf83f8d2377ae8fc', '0x7fc07e52989ae490f3ce2232c0c87ef51fd2a0fe7a0c4b86356277077d15374a', '0x2244e603ab47284a44caf26d21ab609b02462e08d8f984662df46656ceb0ed8c', '0xf59b95bdbb7711535b3c835926a2b9610f44c374588be4432f0ced598a293f66', '0x11f9fdc295277ee60e844d061f04e28865afd5a9ca92a40ecde470880f0b5191', '0x35812987ca10ec0eac5eb78147409e0db736373ba750d54bb76aff8c3cd870ed', '0xf5d76959a1396226713885bb54d6ae056e5e4c04903bd792de7ec7fdbbaa58d7', '0x9dd0a3199f35a5e585a7d6a0d27d4d9c3b1d09b81cbae72adce759cf8adb622d', '0xde8cab89a7bc8238a6a6667ffa4276b81c89c1bc33295dcdd0005e4614bd59e0', '0x6f1eefd8a9471eece8faaf50732f4cbc2fb8b9539fa3bf340189fcfa000a3411', '0x520cb8f10ebbe4673e8892397729c6a7058267903235aac67b550e4425eeb79c', '0x735caddf8694e4f8d096f6f67e908547b92092d8ea2df8e0e90606cb42970f86', '0x3d92d6aeb22274a0f0ce1843324636fd69852890d545fa90c263a7bb681adda0', '0xfd3e8d5d9ccfa416a15a23cb3063c68177c2b9ac193294c254e151efd8ae2783', '0x469620f22ec63bf1c6350999c735c991ce15b1bbdeed005da28cb1bb20e68fac', '0x28d824b8c45b6ef153acd695d1cfde2fd9b65cb8fd269149bbcb3489082d2edf', '0xed8e4a45fa52121d41b6484f4b18d187a26bb58f3144bfca6f3bf5c1b788ed31', '0x53f23b8e68aef359568ed1c4202d5ab119abbfb02c6d23a2d11ce03e141b245a', '0x60009b2fb9c27e4d70b91328be20c7e8f5b33c2c919bcc9a2f24a798b7e85b83', '0x4426bdf8b230760b66c5591aaf4169601b39275a740ebd5c7ea8926672d4d3ff', '0xea6a568124009580602d79e2f0d450eccda81603a5b90cd80b7bf53d1d775c08', '0x865d61387449a30e34d2e99ed77ae4207503fcc524f6ed653960416eca154265', '0x89e1e771dda887fefaf907a73db45c8cee0bea9652210897397bfd2a61fbb3c8', '0x6f618e1c1fc0ff547d2de7aa7528dc2935d92312645f5702681d87c017baf762', '0xf978e7a043ace05dd8ddf822b1c665671f64ab41266f29e3cb620178e5eabb17', '0x47f459e2873c3324b58c29af253c7ae59d8208396273a45c0faf2d928e5aa77d', '0x8f26fd433c5e19b0e6494dbf717de7861e73f37e0dd74952c69d06dc04c1bcf2', '0xf67b9b90182a460847fdcb842c9e2edec80d1ed01231eb8b0c485721d5bf71b8', '0x868377ffe141f41e9b06a5c176a9f4a888888d00f98a4a559e054dd9ab4bf0c8', '0xb44b2903f0525ad08e4e11080684b1a5c0da67f16d407f076c9ad88539b6335e', '0x9bec3277b53d0603deb23a62edd060f42c116d78acc98f7d23215116b7c835a6', '0x203c13a68408c716d9f0254ba2692413ae01697505156712e3b7a421e33863b4', '0xf49ccda29cec64591071cfc17ece9504977744a625f7406a382412cb28adaf8e', '0x5d807f5fda6ecfcf503b7af37ec8f35c4811bcc5723d9f6b67e3286ae6a170fb', '0xc42ae8c49582b6ac2a5152dd009170e92f12e14a80e7904a30237cce8213c95d', '0xdcf283331b3c41c45990c575d4f87949eadeca33c49885f9bbae82e618d78519', '0x5bc782cdf7001c4f2c1d9d409fed6c2233697ccf5ad8f39d33955e4c12aafde1', '0xa3beee5c8a7ca9a804cb46675f79c6fe25402ebebca67209c5dfb7588b6e57f1', '0x934ec0bf94329aed7ce7d5346a6326b1a5c1bb0a001d0f30f55035c38c09ba49', '0x5c9742c5201a60c399d973811957ba2e23f825832b664672e952416964cf37aa', '0xe82a2d27d167369b8d75b364fcfa038e39b7dd253994cedbe376d5ae7e601268', '0x54679e54c5069c45c7347fbdef010364c6988441ae43c7b67722f1f4200197c8', '0xfe0c810ea90533b6fa025b0378d950d0fb59dbb3134b8c1d20ac578a028566e8', '0x001f9997ac884f3309c51fecf88af2f8a5023f8a81ec8f85af5bc8feba850f11', '0x0a212732486ddf7c564fe46758ff0337a755f3650d05182ded5930b009f4312a', '0x5503e62ed6c5ccb9f1bd63066809aaf2e5ee351db1fc318a31e73ccbca15c58b', '0xa377fcf22bc2bff3587ca44beb18ccba3dca30df5668d592d45d34abf0055943', '0x7f13ca1a6d53b6d474f2ef737eab3b9632e3cf84e79ecf885527cd6755e659db', '0x0758e4c10b2e59157daca9eac80d522c857062484ae13f177468155fda491d3a', '0xde4c75ce1f27bcbcdfc846d9aacfe37c4ca63b067f01a646338b1c67d434c832', '0xde241605ff0f24818c3759ae9cb05bba68c83b2c0f89d704b93da0d530d37044', '0x5ec78dba7cd7e224fd5cc541486f55e1f84bc94820866305f8b728caeec4534f', '0xe6c068ee529febb2c0cf6ecc122b51625fcc0214216de71373e0584c42ce94ee', '0xae3bda52f483f68bca4f8862b0c73c58e0a215cac835ccc6b7c8af02d6ecb04c', '0xfc3296c3ac954360b64f91eed292241723ed577f93d1684c37b0a8491e2e4a37', '0xaa34b8c5b43fa65bd2557806f81cae17eada2602ce109ba82a9b82d75e92f56d', '0x7c115f80feb655eb95241961e22ac8f3981428ae58c0bedbf4d80fbf679ad0c8', '0xfcbc5338be163eacd802f0d4cf0b9ef7647d7d88e4b716953b72a92ea2db213f', '0x5bcc262f9d82b70795794381d272d667151771da8fe3171e97f55bd508412876', '0x45ff22b94ad3ee84845a9d3151ce9a11c4e397ae36c4c3dcf6b796cf89d479ff', '0x14fd82f67737dfab1d15c59c9a60a98276e37c2a5897e0297391ef9a814e48b5', '0xf6cd66825576889ce8a463e1fdf351790336370825644343653042723a8e88f7', '0xd6429490f1db75f83e8141c276cb26f7d46022ffb1025d08964ffcbf25d56e70', '0x979ff9310d9b6e7c16a57190dd57cbd3e7158990b5f00eb48c960d75f4f86ce9', '0x22a9c2c0294d4776ac0363532e47b34f7c1c8b237f8079095f6da912bd60dadd', '0x60bf8d319dec497c6895b9b635a4f915e4815f906be1e8c4608bccbed784ec3f', '0x0df271a16e7fd47f1d91d8a7f74a15949a7c6ed213e4f85543a7d50c7c7a4dd3', '0xe27ab334ffe6c564fce76aea15d487215ddc741b15e12824305715c8c89497c5', '0x16202ea13576b3c313476aded0ba5838d155ccbd1fabf8535f7b44a5a6ce2ede', '0x06ac16f1a881bc94f30d3965b48d734684f8d102c0b2ad7b911f818a31948487', '0x4c4dcbf02ccfedd1708b8f776a9bea810992fc18a02de779c4cd25ab4f0c649c', '0x2cf379fe2078385002f09aaf73f151a6c6c6194990a41b7bf41e761c4ab7d763', '0x7b0722418ce847593dd4348cade16512c97d5eff7c5b6c3e6fe3b87c0d2f744e', '0x524afcd07e9ce19aee1e7f4125ce702a17e1948f8db11991d8e05be77dd58b55', '0x15befc4968ffce6fe653814c860c9f66600b7c20f4047ddbff16489620551f3f', '0x9491e59c28b419aead301a7caac3cebe520397f8377131aac76bdde5ffa92e39', '0x3a76757e40b12f76be08835185aba632a48562f1ba6a1727f023d7a313de12b4', '0x185100b65c8f712f5ef477756fc0ce03fe404c2e3fbb37a555a26a60785a81d5', '0x650ba911cdec326dd5ed740f766bad2c3445bd5dbd429c8bb86b857da71d1e0d', '0x7299b4fc3b06755a6874333e8e6f3708cd0662b176fbb2d80408db7ad2b85780', '0xf76953e296d8f617d38ad198fea97c3c4d3e45dcf38525818f616a4b4b8a4d38', '0x443b29f0eb8f0fd365031f4aea2cecc7e64c64443a12a7b2bc085c4a7fdc89bb', '0x424bf2ae9f4d2c34092de000ba552994416afb26c63a7368922074bb0313b15c', '0xf8bc972e41e015fce8c4469e82b251c0638d5cd89b81f23cbbb309103f83fb4f', '0xb22602247f0c7173780145c01b3046cea008ba36f94ae1b72cd2baf3a9ee2c75', '0xe3659ba654d70e9271f9fc44a36fd7e61dbdd1daf1f36c1cdac5cbb5798c1ca5', '0x020c84b13b55ace20f00b58bff341203012a7677219c5b895d52c2df95b2e4e0', '0x9b1406aeabcb414ab5d7a44c663d0fcb84b57a3de06cecd0a7a6d65165104a4a', '0xcda8d5bb66bf0a50db5846c6dd00e98d0535bb426e136b199748314ba8cb3f90', '0x6ee38c7380431d902d63a654b835634d1c021611291e15e377b8930b4788e239', '0xd40c368be7ada8c8adf3b8b5ca0283ce269fb62d3be914e026b4a3864d05ad91', '0x38532eaa2dda068c8c9b492c8de48ccd135a5f70e56491dbf465e0e4ada6e92e', '0xc49d832af690101d0a1475c8d24861889e253533c556a8300061aee7c62f3c30', '0x49e4a4e69576049179f7352ed8796a1b9f5d167fcddd53cac934041e5dab4242', '0xcb962d2c43eba22234218d93a888f8672a94609b5ae5b9c067462ddd4fba943d', '0xcf5f5c747b30bd67ca49b73b70872508ffef75b1abfd54b361783b9543b78ee9', '0x155323c23c645d708ea0581988196c14d4e15aac7267c5a90c8187fbe4add87b', '0x0709db5c53dfa414ea8ca1445fc9ad133599cbcf439189d41812aedd4042ba53', '0x5ea21561e1c7644206a6639b24074c4dae929e24438449b0c758e6e9919af754', '0xbd9d825118f9a8df8087146cdcdac3d9069c90f14a3bc9c599bb4f4f3b4a722e', '0x5f432832fdda475b2837e1b0588ec4ef0bec283686cb83d10146fc9da4d3e85f', '0x1fa71946f41d9a8a85b633de15068b8d693364e0121a46f488e5a72d0d8abab9', '0x5eb3b1971a9834fa8e4d987bab55d79337ad9701ef4ba6fe8249616a20804f78', '0x60a930f2d291018c18e76f13bc6e14b3a924c2dec2ad332692f8c01d9cc56e9d', '0x96ad8b3596c5cc605373542aadc2300285eda0051273a69cb79d71429a3073d4', '0x042c0a8e58ce385ca643c52182d43f013cf8028e2bac7fa12f2862559a1fb129', '0x3bb2dd68b4dcdc4ddd6147217ebda4b5867d0b13fcebaefe54614501a54ca7d7', '0x1971a3d8271017ee5b79446e51f994d09c01ba4f8047c35f20c56f6fed821037', '0x03d3512d5b739d3cb88e86bc87d8949b34d65ae332e4f1160097fbf0ab6148a8', '0xb548433f26fd163d4684bc372676ade455bbeff5ca014164675dccdef7f3fb24', '0x539ef4ade8b2b030f21a2c34855c614ff681da1fb6764fcf71f657521b8f45ab', '0xc5588cb530030fe89d6b4c8d2b939a7f71eb06222d03216d3dc98decccbbfe5a', '0x98f0610d54a75ec446e6d49a56829fb6edbaecebe08968776ead5045aa2af313', '0xa0cc3c4694e0cadbb048870c20c3881f5275f437fe313b482d057c3fb762b9bc', '0x15fd900ce5c98033368d1a851578e26d5124f015a4bed2f417280db5efadaff2', '0x332f93bc6c7b8536d26c20d049b6af563d48dc967b7a99eb62517d63cde4e306', '0x692b8040dcef2d69334fad4055e247dfb9a230970a0e078d79c88e336e66d88b', '0x579b2810faf7d4c1b853f2eb140db884a8d228a7bc9f16a512f2c0496af63d42', '0x00216e1673de3271faa137cffecf581dd07df377edbb4269d485686a66e42c61', '0x4f4b08374eec30832085cfdb2b60b5cb6cfe5f6818afaa06978cd43bba13039d', '0x75c5aac8493645b514e0793e2ab6895e32b145fa22e2e24aaa38d9406a136c4e', '0xf8706673583ee3190ecddb70e2006b612e9a8f8087175cfac49b800edd437ac0', '0x2fb1f4098f90c1efa6f969826d139bad1155606f6383245b96803a8f219a8f9e', '0xa4290bc6a8eb9e7a38a51446359725ebfe1c8306870512fef514bc05cc28c7fc', '0xb1c4f845332f6955ee1ff5a527e1c82d59201312f9a9bf4a8fc474135ac93b0c', '0x0f8e562fedef9d8348189679279e609a098c2a4b3403a3c8ef41306624685907', '0xc51c548bf0c669136ff39d771100c4dadee75a96fcc9cbc4242c11ab3575bc85', '0x54fe223621e77bbb3b1318bca79d39df8c6af789fcda04be1b0879d4586e4b7e', '0x04293466ea7409bc5101fd78b5892b2456f078de5c962438f7b424429d81f6d2', '0x36e4be5dcc58efecfcd84c3ae831e871800e94af357ac182006c4151164b4434', '0x6a30302ec3a99a834d01ee0c86bab0ad5a6b27a45bcf94ad7a2ecf34d04e9b5b', '0x8134168b13ed464273a89b05506b3517b3da54f6dccb4955e8e197c7e01ce49b', '0x852c371b2a050bc10742daeb710494cab0077030c5fa3de3605e1c75963126a6', '0xed23ac8aca0be789f31de721fed61786c0673e45c63a26ddc71252fb421fb074', '0xe26de1b29e32f39fdea977f1bcf0854cdc7f3f9234c567334fa94f243062111d', '0x892b8dd00a2598bb5d0f0585f2a258fb9f83c05878be1cf5f28e448a94ce8229', '0x737eba0680a3424d5a29afeeca3f726d4919fdf83c7714e3407e2305dad0baea', '0x1dd4be37bda6d39ec2dabe545a25d908332ce2ad734ccd7e882a94ab5c7205ce', '0xb48a52ee11bbbf74fd674cfbf0a2a239334b4b5aa48775aec6d973997aa53259', '0x46488a8369e84038832ecfdacbc19194cf2c5b28d5cd476e24a70f9822eeaeac', '0x8296c2ef4d9a71d78f2b706522ed38b37e088b2f79192242961f2e26e93f957f', '0x393d0f468709d50d89e691354af46bce9e0aa9753e78305d056eabbeb9403070', '0x32c78ed9e5f2577cdc92a3836d89182347851eb89f669d3f137e11b9c4c33135', '0xc6ae684afd1e8c465bc0d42a2015c9d3f177f90a2793228a4ab0355c51cfbe56', '0x4f1c0f39dd675d9b2f8d85b03eabb8faf17dbe21468e301c62bc0581ae9d98c3', '0xfbff22c675e81358bb72f5ce67e954d4f38be833512d32f4da914ee5f3e62b21', '0x19f809fbadcad21967d2b99426f3da45cce2bd8e8f69900609005c204a6ba05a', '0x0aaa6f77ca622aa6a1a31629d7d577fc7ba1fba215b19853822659c37afa86a8', '0x8e25d2af03513bbbe5685ed29f62d6e33fbe72e1ee6b7257e783ba1128462f96', '0x958c0a1c7d1d4e54ba933965fd23dd62c1b1fe8bd5b04c7d7e594cd718df7b6c', '0x3acc0ec1747d890f426c1dc623fae5c7a74c19dae4aa5791ee41eebe6f7f0440', '0xa35988b7a17903495615bb090324928374bb5d9d93450ea4993997f4f092ed90', '0x88d9f5af3a16a7e021bf5f811cc11197fa9ba2d729daab3afa14312a6f355064', '0xdb50555a1e34a8bed022b0364ae10812dc309fd3a74e2c142328184af5c8d50b', '0x1a4bee571b80ab464768c2cba5b2a642b0d786c1e4c5dc06ebc1497ea65e9a26', '0x8ae1e4a732b648ad92b77e066f55468b06054a750d18486ec3b95fac2a450638', '0x908d10f48e35b460760d0cfac33466b986814248426d1c5f5bcf3dfdeb0d217f', '0xa7e431fc9d26ea6551bd93541acaf5fb08a33294ecb21872c1c00c99ddfec0b5', '0xe055eb2ca066b4d97521d16ff549feaaf1f9901aa8b76ba3e74d1a5a6e4e8860', '0x0d1ac76ab3cec5c7ccb03d7e26066d4498585bacdc882000fd12ee45f08c87d5', '0xa97c02dda8dd74c55c53052a01fcbee594d2a49b2a408758aab06ea222ed96fb', '0x790f2bb96290469a8fd9ec65276f4a5528bc11968db47f361246a05c4d26879f', '0x316458ed42b749d0b1e8ad11321c251e27af409ab8119f731d28da2aa540ec88', '0xd8870fc927819349bdb72e9bc0c8ed30d60f5d09f428b6284aa5bb17fe6cea66', '0x2653cd078c65b42ecfe0083c97138df0fadc9d1f6a0780831d96b3bf3b16aa7e', '0x1eca676e0c4323dc34890c53ee9ffd7c6370f11c81e918754a59b4fe465d8b89', '0x7e48743a36be16f7245702999e615f043f911b291411d78635929ca1c8ae58a9', '0xb4be7ee66c558315ebeb9c5ce6237f07f184085af6743d4de30c2a2a9fc05e41', '0xe8f2283db7f61a2cc1bc68372d677e0563b15ae2d8e65089daa50c138393ceac', '0x9243952bed624711aaf2dea6c3e9efeea0c66d51d68483f0ad7c564c19c967c9', '0x9214932989d7fd2a16ee80d03e71a8e16b9faa4c95a022304ddd6cd8cd1b2d02', '0xf842515d5f0c451fa8719e489a61b27eb7839f523736e1dc4c64f7c006d87708', '0x7d0b15c7416a22ef05b0c48a0e2662d7d60c0c9f95e6de40c6cd35e9b35da0d9', '0xda3559e6ee1b3271d8dbcb02dc94e1c0c95279ff7f1d9317a518984a6004846f', '0x14aac84eabf467aa522b47d916a30193435af9c5ccfd6d4e6489c6186a6d8480', '0x44e6c6ce79a6ee3e8ca11b3645f0236c8b795804eb9365870dd6e8acaea1fe2a', '0x1bbea2da16a90043e3bdb5b59b8ef3c8b1dc76098871ba3f095d6e080860dc24', '0xee602c0d5e5e97e87e8480f6ffb9a093179a03fb32e8775acc616de09ae17d06', '0x677892956caf7fb90cd149ffd9c54735032bf3f6d1a6da64d4d5473c9f4cbd70', '0x1192962e7a3045f0be43a3b59da50bef93e5de702fed1ae9d11f086a5ca0f86e', '0xc55aefc818488b4413fcbd60a390de353f83b15b17b501c23aa5fa7f631549ac', '0x71e4c20ad4cc8be6168bf74d7ad770a1e2a0cec486cc075bbd28bea9d2bcc5d2', '0xf3810ea6ab9f0c2918238630cbe7671cb603321ca11bde022c40cac1aceb348e', '0x9ad4ddf55189e6b0c55b2572a967ef52ef854677a3dbf0df2de7e4a0bce7d580', '0x6d17bf7dd9f4a076797babc3b2c2abb569ce7c4923010b89f03b750ba8fcd901', '0x25b6f1e52ccb1d4f015e603a5085a4795292662a9ab32f5b1e7b90eff9f1c1b1', '0xdd01a5c6c837f658739734f234dba6fb5a8c512a77f69d99fabf26df38b52122', '0x3a4f18e75015c7008349e9ddb250f1474eb06aa6ed9adfb8d440f6c871e24744', '0x8653760aa16ecb59563fa8cbeb77f62a5c52483d2d492b35cc8384edc84936ff', '0xc53c754412db0074a0ec52b94a7c4e13ea81927470dadad81244f19075bdceff', '0xcb6c60188b64da7789c16c65e48fc194c0abe0e23b7d34604bb29b561526a4a6', '0x3dae6be53adb372c89832f02bd995026451f51ef6297236f1cda539231590e43', '0xe6eb7b09b273958f5d255863d37692a000bacaa6d729900c471aaed679d86b8e', '0x0be6783ff85eb5c3f23acd8c0228bc58a06b90de057b691db8e4575b7e3f108a', '0xf6429bde706a93eb3fb92b9cbc2ae8e828bc2b46111f909af0d0291989c77eb9', '0x27a35690b9e5c5055da216a8ee1557e7838b4097ddb68e94481906769c32c7e6', '0x074230163ad86c636f8aaa5bbd07cb5453ac459803ce3d915d48dbcd1e2f0c84', '0xca25b00503608a2e64363bc7b633143dc3f2ecd3c76aa28a1d01e26f56bb1daa', '0xaae7a3fdb0c2fdd5718ddfecaf1122b119ba214a8a991817e63f12b7109ca33f', '0x317d9a17d06c794229254341d6c0bf1fdaaf005c45656ea85be053710aca2b7d', '0xdb9e4f2d2751dca67919f660971d7c589a37f9cb60228fedb1880c00be40cb7e', '0xfe8da924eb69dfb5432bd74f26dc21223c4e312e7fda7d5c664b988eb8ca4b97', '0x9be75f2d6480aff8765ca43db2c18b6cac68757bf8075208a4994549762305f4', '0x2b25adca75123dddd408cbf95f1b9580d52e011e30f3c6a0279f46513c22518e', '0x1dec035daa3c45a4f7147b1bd9f75c39329514d363f66dca4921cf829c0fd30e', '0x4aab41cab2efded9bb78e825eeb6ac70df89547c019ac3251bd4d24923824d36', '0x5d2fa5ea118c6e8572282f08cc49d7e2f523ed92a8932e78be9018c402431c96', '0x8cdc6286e9c1bc21675916a54dc9795cfa4b68ab2dd4095be2c19f795898e949', '0xc5152ec76a2e5b5018f6ff3948dfe5666f7e8d7c7945a53c8d2176002e0ac324', '0xfc90f58fd9c61f6cf2d76e0a3067c6da7f462245564bb91d33b2b86ea097caa8', '0x5b813491faabc93352de1a0bf6d51117f16511ed23f5a3dc812bc1fc0b7ca6d7', '0xa5f32eae60b282bfffed3935de1edfa34d2885978c262a7f64e2c62e40b06f64', '0x51717ef0a0d4fb1c90cde309a92d749aa14f33cf4f246aed0c224563d387cda9', '0x9fad5c0e677ba993ebd57f010a17c8863942fbc61de5adfdded11dadae74a8b0', '0x25c4607261f8fe92e238716625057072bbe075f4fb13e558f59ecfc38f8d8dee', '0xcb3f4ad19079de91dd160e363d0fe867eb512ca9838687c034526a5644c6c356', '0x1e30bc8ca2e8f9232223f626f5bd58f91fb847862727babb6451037e1098f773', '0xa169bc3abe0eaf6c6348ae35557be672ce713fc1477ce0688fb173c3cb76512c', '0xa9cdced08b3be5312072ee5e7ce82ae29cd34ce248f9b3b1d6bb756bcef314cc', '0x1a234c7dd9f9e31811c923069966f29bcff5db03369f78a6b15e5f7ac3237ef6', '0x92a1c3c33604d0c5a1b83a8b147302986ecfb1157ae846ef6116485640ba55c6', '0xf2c3660e73b6a9e14b08ad1055d3666529f919cfc1fe083d424a00fe9fb91102', '0x3d659af39b18d5952302dc8334d368d58851b5fb64d49e5570abe81c3dca2378', '0x92886faeb3ea370c971d2fcd5afbe5077f3b781b11d73f46e4ce800eec1673e2'], 'transactionsRoot': '0xac6dc72c941258641c191c1fbe29a11f7821f107348446bd959deb31b1d8d044', 'uncles': []}} (async_rpc.py:86)
2022-11-28 18:11:32 [   DEBUG] Getting response HTTP. URI: https://responsive-convincing-aura.bsc.discover.quiknode.pro/3e7f242edcfec9ca1a36ef544cee66362af95baa, Method: eth_getBlockByNumber, Response: {'jsonrpc': '2.0', 'id': 63, 'result': {'difficulty': '0x2', 'extraData': '0xd683010111846765746886676f312e3139856c696e7578000000000040fc9c67ed52a8155b5f979f5101b1d8cf7179d4bd7cb3090029c0376976a43b1ae5b59041f3175d25ec393898aef8c43b973da88b65dd5bfb7619906182adb0c5d1ea2a01', 'gasLimit': '0x7270e00', 'gasUsed': '0xecaa76', 'hash': '0x428ac23bc1a0f758689442f838f15a010660c6395288a4931f7ac9b889370018', 'logsBloom': '0xcbe9e7be195572da1a6e66d4e6525839bb19ce8e1dd69ebbfe31ad38a3bf1b0e5704c30c6cc7d61473aa3fd98587ed33007d93f60e5e723f6212b863bc2f509837e61cfc5f124f3ae17bcf4a68d789bd77fbff9b32f53abaaeccf547b6541e019ad818f363825783a11d2801cad309f95d7e07fdb59c65ca4829353aeb32ff37869ca51f62c99040dbc50f451c331df08d36f4c73bf9152a679332416f9f9b7cab5cf82911eb19b215b4f3cd22a487e52e8bd42769fff9202b766a0d2b565462ed03f503f742ea325f2041ad02a6167434c3f3de79ba415608107442f7ffe73d88bbfde99517d78d5f33d1cd30c22d62684e5f2b4d4d8c50342bb7cd40fe468e', 'miner': '0x295e26495cef6f69dfa69911d9d8e4f3bbadb89b', 'mixHash': '0x0000000000000000000000000000000000000000000000000000000000000000', 'nonce': '0x0000000000000000', 'number': '0x1655c9f', 'parentHash': '0x91ab241bcfa4f279340458a93aca04710cdce483a35c1f8c4d922897fd26ddb4', 'receiptsRoot': '0x1cbf0eabfa5c8a6ec0c8086b7aaba651d05046755413d6c47eb6d2bd92933f20', 'sha3Uncles': '0x1dcc4de8dec75d7aab85b567b6ccd41ad312451b948a7413f0a142fd40d49347', 'size': '0x9a54', 'stateRoot': '0x27077bb982430c525199fdc369a1428cb308b78b0a68b441046ee6b1a999f870', 'timestamp': '0x63837eaa', 'totalDifficulty': '0x2c67274', 'transactions': ['0x21d74cdb730868a7cb2adedeb27fa7427e5858fb71e98313035afecefde41749', '0xa3ae8340d1517cf3a62b738ad55d190b4d638923049604b4e361aad4dd8dcef5', '0x1c585f3656a537f963de7ba48bf9176375693b774d53be08d3fe0d7ffd6a116d', '0x3a7a17fa3ef1916d9a177ccdc2f16844f9993e7ecccbc11b97a1485824dc009b', '0xcf5e3e03e1d9be4996a9d5e78813e973ac901b11ba719e46ecb8db777d1b11c0', '0x0219be73fa51becf0d433301d03d7eff138f695c70bab46a50bb0ffa608792b2', '0x14da819934bdf615d075dad9ff202c32fdc7b8c1ee6b7609bf12b8e61f781c43', '0x4024922fabfcc89dee3b17d26a125d69b0dadec3134d8f9a92c18540b88a322f', '0x9e6252a294d17d91a1007db0ad2a68e8ffcbe027a85a970357e6876dde292ff8', '0x09cbfd45552ed0421d01177308ef0bd38ee83184a938956cb175548e2facca54', '0x2b81ca7da04ffee4acea488ebcf8979dcfbf88f007053adb564066d92520ccd0', '0x50922229faef50ead64108f27e22e2672a40eed6738e016adeab9ce070df7a17', '0x3e75a9cc5fa8bd0c3bdd477ac5fa4d492a405599b65ec9bf3786ab0d6809ce7e', '0x2cb98347d1938daf67be8ce5e607db4e4b25ab876fc7bd975dbb8959c14b1c6a', '0xde10f41f2b762f9615edb3f15d8e5133c751c726e86c2e08e3d94180c4aed703', '0x3d8f8a7fac3d1a95bfc4111c132008e1b3e2917af9f430f252c63793d1889f4e', '0xed015d4dba0fde1dae63cd5f16b76c3704fb9ac5081e201119ebe570f2844897', '0xb2d63c12b4591cb0910087b2448649a5b02047acffc4445493fc4c3cf7b5a2ae', '0xfb5fcf284272e3a178997f9cde3695dfcb156c1221d95a8e2a08b9cecaf22ee0', '0x1dc2fb51fdc60577ce56f0e1bd7a615370c8d1681aef0a24e31176afd51d6f42', '0x3df238ea50d404907c8f377007021a10a9583363da4b1817b67a85ce092ae62a', '0x82ec535538bfdb941ae73f626357d0cf3c5c740e1a1ce2f45961c6d26594e648', '0x0a0054776c77d7f81e5b4e9256777d0fc5c31ea7453798289b40e296c116efa8', '0x2485ec2b09b4bace122cd1469315e6b327223a2426b126a9bd11e93ae6eb0497', '0x9ede745f67f8e45a6055369871c86ba6aeba6438b88a5e753bba1d1222f18983', '0x868388a0cd4146739c34209ef051ab7aa292aea56666664b3ae896836bb0fb38', '0x33460605307465433f8b6d482fa4b659ec8ec11266fe472f72b77f7aa2d883ed', '0xb7ae8aabc6a278430c1207dc49507cffa084ccbaef877f8e3fb971bf2893404e', '0x06ba4c59ba92b2c46875f0da2e680500bc6d3ff6ae60881aac2feb12387a0381', '0x57d0579dea76a51b33b746c991a05cd371100453154d56be3d7cbc94155ca2af', '0xfa3097f68d3b065dcca2563be3e3576ab75e7c47900c7227f9ecc9735802daa6', '0xbc04852835167f62764781c391cb86872968427f0ed755e0ee8522fcd59a1ffd', '0x6efd778734497de97859d71e71ad4ec766322eda190ad7ca1c89e6f0f48554fb', '0x5fef12556a899e2091c9e5a45b3e06647fedc9b30e4651fdacd4832164f9568e', '0x4f5eb097876ab5a1587d278ca63b1f0f9a651a454341459548da6b612be16ba9', '0x99a123bf758ac7cfd25b901b584632982de304e9de52b4afa063bbd444dbdb4e', '0x9213c81c9a74121076ed30fac2eb186285370cdcea45ec3a136802f065778ffb', '0xbb169ece25500b57c140c8e7ebc2b6536b66cdc8137f6a7fd1d8732ed6401ad2', '0x1383104ce4ae41465359f8cba9cc246f9ba383b358f6500941413232c78c88ba', '0x8322e2e7e094fc86a1d5b995435696ec05d93315874fee53c00f8e81dc021878', '0x9f6986144c9ed2fb16191ebf274186850ac1376d610bc5520ed4b9e5004185d5', '0x75b8f6fb529cbba6d369e7b16698623a4e1d7b6f9b09a7acd752241076469754', '0xa6746e6c24f7d656423e401a29333e64e895ded897fcb79f5d44861c9ea658f9', '0x7df2f347ff79408c38b802dc6e8bee3301d16b30dece97dae64d48425cc11c05', '0xe58955de2896e62ae86bd3afc3679541168d54335bbb2be29b5a8ed07777ed27', '0x1443ed81c7480be89b959c963dafd4e527215fbf7fb3df8581c15a4b89ef83e9', '0x5599352427b85e888ba6aa2d160f454fdfffd997a4c3b47d15dc037f2460729d', '0x61f0d32fd4c67d764cfa2ff1393ea05df1b64b4e749f80d7f3a3414981fdca1f', '0xce7ddec7e47bf43da1b86ec82c2713b36e1228815f72e784364389ee044a5fbe', '0x241784429a595bb523bd163ec8991d6f5bd11d84ec27566ed776bd84b6ebf318', '0x96b6990035ecc7b766c4fcbb0ba36685437d58978c17f8d5587c2dae2fd13410', '0xd0066c8f4195cf37743eac44ef1bca012737acbd837e1bb4915a8194f919f789', '0xad482c9a5054432df94822b5bbbfc792b04080a2d4569fc6db4f89c778d58ac3', '0xf35aaf958fbd6e0624c90476c610d98be6ec1d35c8734b05d62b0c6c22becd0e', '0x99eacc078940e08ff2a582fc0ddf82d9773f67f1e16b1734586909136fc2d517', '0xc69807ed648597c993d9b65d64c0917b959ccef7f7564c744877c2cfc2873bf4', '0x178ef62f1a419bf16aa948ea3f997609bd91eb6e98dcbd0d952fd82fde73689e', '0x84c0ea6d2c2e8913f3c4fce8974df35f59945a7ac0d970c97e7584ce831db9df', '0xcc8902fbcd013a6ea303746cb5bc96980aee52a7aa64b38d953562356ca01e12', '0xc8fa1f093d6bdcc21c4a9af373085abd36e2a6019c81fae420173ae696d485ad', '0x4f7eb3b00c0918f029d69e09fdcc0342c15f0b2d214c770eb15957315a59c1b7', '0x52fec051bfd3b9012571ddfbb9e63fadf3254f668d724316026d7fbdd0f4a3c4', '0xf31510f4a59123ec5328e6d9b4584a074363c61ae8b4eca14c7f89e4e2ae2c1c', '0x99771984b8940aea4f827afb4597cf7db0584577746ce02aaba80b0950895d35', '0xf271f6c8eb3f357a42a16cb0e8912de1a20c263f0d565edf05503c5518c4eec5', '0x7d12b51249bca0681ff28c3ae5345ac66ee4b8398625a72934339e5a304fb3e6', '0xb8d0c8401b875cc6781475ded261d3dd8f6660019af6264827765232fb55c1f9', '0x513f882c9277c5e795fd5991ea5bcb378c277b7a39903ba17ca74abc3f1ec764', '0x37be3b36e14ea25d59e663ae8acd4adbc786c42bd5c4d5b57136588a649bd95e', '0x48c3c1ad65e1dd4d2c865fffa42b001d4d5eb3833e09fece9a6b8441c6c5348c', '0xe524c6f021b24cd1b0a3009624e25cc381021067d6e24b943a2427c10e69896d', '0x25344e03e0a004d6b5b04e5f89b81fa368afdc00f48dfd4e03280b6d814c3f7c', '0xad614cacbfda5449e7f992a4b7e9555616c3bd28394b098c9cf678a9d24c3672', '0xa1bc417f3962729e6e9542e6fe1720fac515a55cd405893b3a2e60fea6600560', '0x19e8eaa538752f49af5c8a4cadd064539ea176a4e9f2c03eb7bc5ea876753485', '0x172da682269a67ab12bee91a3a42491d00555462fd0212eb1a7aba467e7dccbf', '0x8ae47c7d92744d6d840a06b5d83851e485d1a7d84e46e8ea6c56558a80567c8a', '0x6ec256d5954412525662242ef5d5c17c9aee2b559de2b3f0770505f161e83545', '0xc927a81fa9465548a43ea4833816ebed73c9967103399fd86f049d9422f2e741', '0x349409353aacebe3734b26edef1b8c0b6983ca7f316aefbc74330658371339cf', '0xcc584e0c2d7092e5f90ae988091aa237a0464380e90cb91d185e7d0c1a89ee3b', '0xefde070b73b59d76df35781d65bd08e3c7dd0b2af0f981093fb3ee30bb2f7e4e', '0x7a06b95e9b0131daec8cf391f7af835b0e7cf501d748c43477d2d58b385cb507', '0xe5aba553fc0fd9c06b8737c0c45388b9df05a937d329cb8ba326227cac6cb76e', '0xebf67229ced48341a08a17aab2f7b987468623658c8365e8ab38f845cbfc92d4', '0x7e6b3cb70519c69524566ddbfe5b3be4e39b19a6af2d54c67ec85822456c770d', '0x485a6653f25e8735f7f6708d84029157494871b849c97426e2301328370fd65c', '0x18330f32875f7a617be194972f71ebe429e03740e8e10adc28f2c823d7ee5760', '0xf7fdc2d3398f811d3f7aa12a4f66d1a95a1428b7beeb89adadc133df2eb3a24e', '0x7d595a6619a421f247fceb93a9f6ad7a1ac1ccf83693a85ec9e0e4128d87601f', '0x320f065d7a53ed9b1e8adb08c0bb68fcb67b4d6f318c46ffb2b2c9a1a0d70502', '0x0813c843cbf2ea6f8f60b91f78c8f7148d729dc3cf4c2de9d9c7dca2d26dc98f', '0x0bc1d44f03e69df3fed6d2003d3243158c27fca41d84ee5bb29e8fd6cadc647d', '0x8b171b0023389ac0130276c6b5765de2664c4b895678cca8ac6f67be6d4e9d06', '0xfb3ee288b90650941a6d846e16a8795478d02e34fd8379e131593cf414e3f2d2', '0xf0304ca427aabfd5b5d8d16cd6b579c4fc7c75846ee81e11bc3f607077a7bf0c', '0xeea6a718fa1674587d2a70213f9403e8f200191c11f195ec1b9d3d575c1dd665', '0x89ea854ec3cf248d1c2a24743cee67473d7b00f9e275afdcf669afb3578b6b4b', '0x4ac802fd1f9c78cbbbb8bf6eff295bf1ccf6a74595997eed6defad2322460a6e', '0x95da4e9d13d0b46fe39f84a77e03bd819d2f443b90619adf00724b71ec2e040c', '0x0554d63c990c0054161e6cd856d8a5e06dbc78f211d40518018c471e2220e1ba', '0x0c425a0c0d3ea74a07084a97f832db2fe0693accf66b42e4fb34069052481492', '0x4848e61dba513e620f4fffc0510b6d7f8152e98eb60f74c869a516e96ab1f623', '0xc4c024447d5fa37ef74814a717fb59f0090544fd551f704e3f8a1ac22c2141f5', '0x97f49824e2ecb6365e6920b2099355f79c4a476fbb951701b2116e037da5600a', '0x6f8fc041d64baec07626ffaabafeca045671742d6e281011d5e21a70447a5e8b', '0x35f38a062a945006fd7ae2cc34138fe6a1dc365da32702263a946709119a36f6', '0xf435562ae08bba2fdb4ec5a3113ee13db357f9661c90b149b5fa6fe4fc31b66f', '0xadff263d8b78ebada4760f21e868f744fbc5c08950d62802cbcdaaad3989727c', '0x6acf37227167a754146f3227eaab541e1ac736563c5eba27bde38c7e57633df7', '0xae5640242035f106d778c7f49d7c47865135231f258466963818f99258a4401c', '0x27895225d674109696d69f957446613db6df96d54c8f181a7803b1df752a33a4', '0x9d670c03c6722f84721492ee241aefc8c2c37c138527fd4bcde481f97609178a', '0xc30050cec8062961172e2ada70c45353ba6760c14ea3835a8ef5306276f45a9e', '0x1857a9d81814d648da59e2568fe2fcb3c5018fef7c411bd6333d085969874f34', '0x7bc5888680c07f15c16f9aeb58a548a31fa8d6d327425703b6ec7e44cffdf708', '0x282e4bc30c0c25ab9a7b7afd0552b108cb07e0a508e3bdd0e2e02f5c06b487e9', '0x7f79355258e300ae265483629a5ce6a1f182176a453e607de42e530fdebc9aed', '0x5e725937215f2e8c30cd7b8e6a1edcfc6d96bc8ae5dd7e056950fc47e456ee28', '0x964a2641736fae13cdf687cad74006b11c1ad30ff7aeb1cfb8d03560fd442712', '0x5a831c68f219d049627787c120775c02826ff844d7a8199663fd2eb2760bbcf3', '0xe374bdc25516bc51057cab0f4022395e990facd2f834054e69b086ba64291dac', '0x746500ddd446daea948efafa842f8875c4ab06b7ef70b0a63b534f7cb13a81e7', '0xef685ffae0d3ecd360f35c930c81ca947b968aeb0e34e6e095cea1f649d1cc0f', '0xdd3b36a63f35206f0ba7e03f2bf46553974624d6afecbf55a7f356832705dc22', '0x517a419b96e01b8a120a37649c25877fe0fddf66b9acc17e3ba23e07cafb1256', '0x806d959c8495420312c345ef018c35e36a97a5aa4c82b89d9f62aa39c3a1db67', '0x0c453c2a56ac0481d15fd8fec772f54de277e1e101a216e1770ad54d160a7618', '0xbf2d4ce9f4ac9da1343492b3b5c60825d8940e5f1e9c6e313874ff70ff0741f9', '0x297f5773e1d2ca616c73ace5530253c9f6cbf802e983774760a5ca76be2afe84', '0xb897f68eac71796bbbc485c9a0004dfe05bc0c11bb13c76f5500645d2f9a28ef', '0x64ca7fb4d2e5b6db585ee53aa6e82bcf35048d5a56a810199f60a167a0980159', '0x7a9227b2d546daa6ccb7422509f7479ccecf2b104183377cc792fafd23da1c57', '0x09aa24f4ad6ede811399cf37021d1e0b292264411969c9692068922b89365d35', '0x92bce3e57791f15e68d696b3ee54c9f399a13b9ece0428dd401688a1c1273f1d', '0x90c97a66eae06d1c2292c9233913046773160f33cd338649d5b8187ffb79125b', '0xc1c2a44324b5629fb19fca47fd3304561e89953c5f710119884f96ddd19d4b20', '0x25843a65a90f641c0c7053d795be973cda5ca4b59ce02047ddb01910fc197882', '0xcc56ac57bcb634796581ce1c69eb0f0b5412929b92c82098929fbbf1b1b01bbc', '0x3dcb9e341302ac7d3d1b2f6ff3c075dc04c750d97799489a0e70acc66c48ad40', '0x38f9645ad85e88093c90be452ffb63b0ac414e2ccea63ac17772ed3b35cc286a', '0xb4d12ebcec96043f58124723c7166be8b82550d683e2cd828476e478e4f69099', '0xbd474ea72b8fd5c02e6b50a045546a50d8584a5bc85ae7314a8ed49e295e7c82', '0xa0ad65329fe1a61ea58891e20fa994159cbf0d8297b32c437df026f597a3d907', '0xfc6b56f1f8f0aa8524784256df5944077ddd7567b427da3cdd7fafd0081d5722', '0xfda00b7d8c7dae5106e153c81af5668468eca56cd90baa6b7184104a584881ac', '0x74eccd5e6a0a42b8ee77ae45859c0b9474db1809e75b09dd1414add106615a29', '0x9489558830d0f6396a331a5c0c9af0d7b3d0a8fb56873c31a8403514fb5e48b2', '0x0301e74b6332ae16a90b922fc878d5b06c69cedd212b88ad40cb5c3f8a1001da', '0x91dbc694e5415fc8bfb1a002e4bd9a828c7a5727689c1e80e643a47d09b7d878', '0xebd7118a7666b2be832c12a5a7de59ee1004fd73fe5fe9c9360230005f1fd716', '0x94d502921ed11b36e35804ec8148b1bd1f5b2959e7e4018fe108b1e09ab5218c', '0xfdcf382c5c8da1b06239a4ee3349806edb0fdcb025c6f804d117a5d08a6ee15c', '0x3eb4d149ffcee9050db98ce7a628dc20f7a323bc17922c861534e39f8bb656dc', '0xf3689ef7cfe948e4256ad260db63309bc9ae986e26f97019a5e29eb1b7bfae8d', '0x281496fbb0a3ebe3546c02b9bc80f3128fef73795b584385f4c15b3778043304', '0x3e1e14a1b376010d45c5f6d51f9b3c6b0e807c967ebb89396458eba54ea750fa', '0xe9db5b1e20620f90430bc12ea32c7034a0ecfbbede34e2c12e697d58c0b815ae', '0xc544c6abc737cadce8e1cf20c27f9848625b5663b161a6cd600030430487f1b1', '0xd393402fc8088c4d6f872f117b18b22671433323bcbdb64d87191dc8228e350f', '0xf6d6ce0d321d9f36d9bb170b4fc50da8480bf38f9e71a5f76ed64a32dc7ba1ca', '0x84be39fcc3de66a2439fffc45ced6d03a0a23c0fb447d33e6e76de1ac01a3aef', '0xcdd03d6a425d8ea81cf3dbe459536b2239749370a8b6c1c119c2a660ebddbd6d', '0xb1a683f86f3c94fbc8b4a4daa55c9adba874b8af4654b3ad5e65e53e2a61b5a6', '0x1380701ce72ac9d6e243c48e072132e56cf9f2409aebd98d7ef143c4a19987a5', '0xf6be3f8f0f2d409a26c9a09affd5fa29a95b77c44e3a416578ba33fe0e19d38d', '0xaec4e9df8d92841ae2e35b244365f2727769173c6bfb4d145e443bd61d900e2b', '0xc70f94fc96525880225cbd867174f328c04fbe774fd2203e8486afbca3d4f1b4', '0x42f3daa2d33e2e6a748781690ad0cbac62c5f572eab90458905dcc95d3b9c8de', '0x4816c1b6e112e28d22d9f60c61fb19249da3d50de2e9f918d2f022fc6cdfc7e1', '0xb268b9b26578661650a44c2c87f07e22241a4e9d4037a9be61430084f75fa31a', '0x5f31aa7fd883982a0ff89095c780ca2181722161cfa9b96cf56384d44ae529f2', '0x84860cfca13c41d55d515edddf8f9c0d0e233532f7124913b65ca54ef88483ae', '0x7d96fa2c4ee04d488186362f447e2732c469404c7a3e716e616744db4d9db24f', '0x91feae753d2537d1d4632c4b4726bfd6e20a257bf2ee2a00df4e9f79632b79b6', '0xf10ce5b3bce330cddd9321f5ce614312be5332feb64f6fc1ef4b0411137e4e24', '0x6915a9d9ec25fff1ab2f498e43e168f11fa23a41d285f9e483358f8915650469', '0x4473eefd19f5c0f2bca406654a5151664e2df3ae893a0cc43daebd730e7b32c0', '0x129f291bc6ebbfd548a510a65ca77f2ca0d87d4f02ae791f2432575dc4315025', '0xae086386c82f40d07a20c64a6e0bd53ca9f05f34611183e2ac4472b6dca5b503', '0x4709019dbfa03710c79f9a943b82491f57eec811f58663ab20761637ecd49930', '0xaa8eab02365180c988817d026f2f608629ece9e0d19bed1e0e2d1d8dcb4cbf92'], 'transactionsRoot': '0x669ea386bf4c540e0e2fb1882ee2d456e625976500de9b3c1dd85cbf452b3a5b', 'uncles': []}} (async_rpc.py:86)
2022-11-28 18:11:32 [   DEBUG] Getting response HTTP. URI: https://responsive-convincing-aura.bsc.discover.quiknode.pro/3e7f242edcfec9ca1a36ef544cee66362af95baa, Method: eth_getBlockByNumber, Response: {'jsonrpc': '2.0', 'id': 69, 'result': {'difficulty': '0x2', 'extraData': '0xd883010111846765746888676f312e31392e32856c696e757800000040fc9c679612ef094748b9b6d74d550b3baf0b158c6275ec4ac38d42b2fc2d29a3551b2078f3d58f45d515ab23543266fccd26045e22efe10834032fad63016bd9c8a4de01', 'gasLimit': '0x7355c0c', 'gasUsed': '0x17da67c', 'hash': '0x1736927752db47ef22764057702aafea00b442fb609ee7a014edf9dc2177af2e', 'logsBloom': '0xb0fe63187f56b5beff6e22efc3cf61d1f1b6beda9e2b9fb8bdff4fffef1cbf1bdfad57daca3fbaecd3affbb5c98eedb77b136bbf4fff3f3ff3bb27cf3d6f14909ceb073835fd1fdddbfefffbe2a81a28f87c7a2c197ffed2ffef6fdfbecd91b8b8551b7ee75fbf6874b57edbee73ef7bbeaed777ade8bf7d7567d575b7d5eecdbf5af105efe9fbb33fddd5dccdb61d93117f5ffd6f79779e3fff4f45fdbdff3fdf4f5da9198becdcbff3e1e7fb2fd9a159e3bdeff1e5dfc9c3e1e7ebaff3ba6aafddf5bbee1b6b4ef3e75e07d3763a4fb3f7fb67fd7e7d9793be0ca6e6b5ff31d6ba7fb7293c79be7bc3b9d71bedbcc2caa7bfbe4e4aadceed27efdde9fd71df', 'miner': '0x72b61c6014342d914470ec7ac2975be345796c2b', 'mixHash': '0x0000000000000000000000000000000000000000000000000000000000000000', 'nonce': '0x0000000000000000', 'number': '0x1655ca5', 'parentHash': '0x8b44a92c1e859cd5971f46fbeee31846f1fea6bbe6545f760dc4bff2542cb97f', 'receiptsRoot': '0x2d61e654d79b87cd8497f39eae380a006560b089f5821ecf0aded27ab1e8c051', 'sha3Uncles': '0x1dcc4de8dec75d7aab85b567b6ccd41ad312451b948a7413f0a142fd40d49347', 'size': '0xe016', 'stateRoot': '0x33cfffdf9bc54fb92598ec17ca6226fd0ecf1eea72816eaeea50f575bc75a4f6', 'timestamp': '0x63837ebc', 'totalDifficulty': '0x2c67280', 'transactions': ['0x6945c5967fee5a0294dc8e0f69bf3b07e1fd6b34aba3388f215ec2028c584c0e', '0x93391485ce927c09ed4dbee33ba43b0a728159d1c8d51c136c08237945e3d72b', '0x1673c40f1772520adcbc1a5f6cc12f81cf9a20b1542ce8b9389384c9e5a455b1', '0xb8f9900a3e52590599f34cb17c7a53773593d02c346e0caa96f67fcff6567ea9', '0x3f478ac311e65c8f040fe7488a22f22353855eae57fc997ab70c76c05333f44c', '0x31506ea172390974223e88717483be2052b0c5c9b6286d0f6dab9b76d0ff8dc0', '0xc00ae6a2913159684582d3499bbb70d40fb0e9571ced1be55d7cf0cafce2af3c', '0x8361f90d3b682b785f6cedb1a36d4818e28b3a37c6431eafb03e7eee2c700401', '0xd89b8466b804118300716329e9dacf21a7a92240ca0b541c7bfe92b7880bc22e', '0x906e23a17e00e72ae6861bf606953ccc2218b1d5db517c2e88b28fb1e8707b4a', '0x6f59a10902135b50d4f4436da1ae09f57718fb10c4c7c2e52739f0bfab68c8a1', '0x3822d96307275772e2a5ec90c888d5747cb6f1a65cf03d994d1d0b56263723d9', '0x697208afed7e23a948c109e9cb6581e44c3170ed935fd9f62b910a5beac1fb2a', '0xb09fb03d069c604980391e7416b0c60d902be1d4a2eae3ec0da8ebafd520c600', '0xfff790842fa40b60e069cdf45b32f96d9d7b4cadf8c0f4b812cc44394bf8ec96', '0x77c0a7cad0a0546eb9155437d8ef8e9ca76d27d2ab3cb5401298f0ec3677a7ed', '0x0ec751804328251089dad9574b274569d83f240ca0145444fe8a3c7edfaac635', '0xdbdcd248efe4103dd32e3abbbee7f99b1a38e02f1b77f6df8a00ca6f6f2b0172', '0x0e086a5fccb0ee926eaa3e4238d756fe5414ff9bdbe473a9c6ba9d7cf4f136fb', '0x59903ec20989e5c642317bea0fdd813a72eb9044b33c357891febf9bee66ffb1', '0x126d95ecb6493a2619d9f0a8e7b9f8d314d9980036f0701026de7daafab7197a', '0x221d8ab6ddf30f0c44ee0d93d5745047613cc32887986912e700af7d004fe4c1', '0x1b67f32937cf361aa22ea7d9c48d4b4b88e0b30d4b8d22e43e8675bb0991c229', '0xcfc2657c9251b982f3d51699c0a0eff3a6304686a29392d1e2bc82a028f6b22c', '0xde20430990b311730e56031a6c670b38fe1b59286ad192b1a5d461feced53eea', '0xf9d49b16512c6c9a5bdc78e64a1f251a2652feeb4e1b9dfe7e6e122cbf2d44d5', '0xffafc32684134b1e78fc4cc643655f3f50851253013a68bcc60d6283f0dfcb84', '0xe05b50987a55f23cd6733304865f0fa385ff213aa7c44e768aa48d74098781e9', '0x5fd87aeb0d187f4a77efe5ea2690cb39eeb04d23c35a94c24f2a278f53c392cb', '0x451b094158f3b3863731f23bfc7e53cf9be9ee818e7f3b884cb23d2edd4b05d3', '0x73b5d4a13d104d8c8a8003172fffacd23d2195209c7dd8c6a7fecead66874452', '0xe871a139ffb4f47ee15f6048896e3b1fe3c1f8cf69e1ae9fb2c2dc0a5cc185a8', '0x6d56dc22dc5768058265307503911dba9ed87da7c73d95e7e644892a524cb0c1', '0xeabe9c7a9e7767bf763c19934981b19ac603f7cab5e2aec082d71a15926b6951', '0x2e8798ebf6d9d437a4ea4179c1653cfe46d746192d5879a4c20079b25a944f1f', '0x7f4b358f7247493f7382ac1c95baad476be0606a5e43bbd8adabf2f6131baaba', '0xffa3817fc5399d228fde4a94ca139a152d6ce2b4b8367ad6bfd914416dea29f0', '0xd92877d5be212fcc434168553ca60b230b790fb0c3d97e474e5b2a3d2c116e0d', '0xcda680de644878a94151e93e2cdbbc4e162fd25e8b32a6f6393f51b6be5a33ac', '0xd02a47bab8c3b264367ffccb9a154ffb3d6eef0eccad51469d2af5d55609b076', '0x50b22b8ac5079d675031cfab640cbd7822fb6502af776d5b18765dacb7d52072', '0xafe4cbf1ddd75cf6665ad9a562fedd14ba12b052ecae9724aebb8fde10c360c2', '0x04fcf487fb43e4ae80d3707e2a77be45cc49ad35a757a79a0a912fd79bdf69d5', '0x541ff57c869e5795f92778a71556df128eb2cc63177bb527c3f0820cc382986d', '0x7b7143bcc489aba15de62efd37704e5e9b211ffa14c10c2a9739b277d6f2b9c5', '0xe1186fccc7334de90e058c1e23aa3f23d26daee164f449e3ddff468303fdad1c', '0x7a39e0c709848ddde37c36dd788d387078ea8a7aac87816f2a1a391566551912', '0x2c9f36860876075da1c6d0ca3750b08cd45edb6d6be71098469c2ceb82e841d3', '0xf659f8d83ed425d9aa42bb3776b0cb32bfa23c7ac0b5ec808e06d8bdd82bef69', '0x45ad9bc58d5b612b865cea6960fa21f57d0898c623aa34881dd494395d10ccff', '0x77751ccf899d02b8b5b4f8a7849593dd77abf2b759650003567bfdc6a7794a78', '0x797cea507df53c17f9fc3204d86bfaf9018a401ed3ab8587cdae8cd8e19ef12b', '0x30e78e5e790a7e84347e49996b6773301bc02719a4e89656fef1f537d1ab7a29', '0x0117413f4f9187f2552ed533c3b635aebc18b329a8c9892df184424826cb8e58', '0xdf3cd570a42c7cc2bb0fa8d09830f08f19470365a6e4f2d36d066c18e2f47171', '0xd2e2949a8d46c37f495d9b42ac013c3e6b6054d1f3cd566dc791f61b39319c31', '0x75da7bbc0942d1639c1b06aac98cd0e18fd755a68006b43ab1caf347d1f6053c', '0x5ca4c54daa922559cf01996a4253da7de8aed9c60028c5dbf4ba060ce07673e6', '0x2be2643304bc9aa74a14153487f2f18cbfe32b44e6d1c216d5d39025e75280d9', '0x1c18611106572287398f3209d933df095938890b0bb2236b7719f0d8196bfbf0', '0x7aa19f630b29a253493efabfc27c50fe9ccf789fe005a94b48ad5fcdb650f818', '0x8f2a3e36a4ab65a9e402205ad3151a7da37c377e24f3223536cfe747ae86a600', '0x562cd331d5f497a43316af936e9441e9152539e9d9e2ceb5e38ab6d19f27a725', '0xfc49edb99a5451418a46a94efe6c1445185c21816e00fb9bb7222633bd8d3333', '0xbc61858ea01db6766b5b86c9c03f3d20f4363eb2cbb9219cd6f379205bf840e5', '0x6031af74bb6ba6c31ad2e552b34421e2ef0a082e3af5cd70f36c6949b7ea5342', '0xce1b1832d4be22004006b0cee203fb216b406a9618796ca73b9c273ece6a0fb2', '0x909ab284c552df0135a801d095ea9b79254a044e53022f046fcee6ea8403752e', '0x064e3d93dfc894b52e0b7395e9a0b55c6f2b03a68802d59f23e67c1226b48de9', '0x28f5b525651d595e6fc7e1e435888f24e02c7663221d0eab72ad7d8d2c7727a6', '0x506d29c97265fbfd82d14961c023f7bf9340b42a172bdf2d3945293ab642e88b', '0xf990df38853045565e77806b60adb7b1e3f0602eefd7753fa342ef7258bc72f6', '0x90ef5302fb83b66257b58f5e8a8d052bcc7826f080c4d98ccc20bbda81a29377', '0xedc2d32abe7003a767df92c1c8da3fe2afc0ae9d1fd2b067691be302c6ca5a1d', '0x6a83d35fdc67c6757389e1ff92eaa6ca85d4f210b9c5cade00f7a069ed0adb84', '0xcac0bd6b61186532a58bed87dbf93dfa7760e81fb2b2b3e2246be92b67223576', '0x527125ad8e810fc6199aa5a7b4233f595dbf06058e0955bb4dbff4efe4b00d64', '0x584e507de8ebf04b6e338893353f2e060a54efaff3b285a3f82e714f8eb721cc', '0xc708815a551700a680347ff95b7a1512ce6fc19a633a480b66f079a4ec29235a', '0x4dd9908bea9009056fe2f2fba42eee4c4e0328a5f3aafbe002359f7ecb9427fd', '0x3f977f283d9cfb245b647c4b553ca32e90d141980be6fe8459c22fc8374ebec7', '0x50db9afa442c9fe1dba93c3f7274fc3f54c4d017611b3d9d580bca17001fd778', '0xf27074480176194c9a59d19b9ea822c5023cbf80944a4bbbfc3d86ef676cb7b4', '0x84e449e183e87387179bc93011ea38302a74b5a77f7e07acc037c1de32d2298a', '0xc003d0b084055ad1fc3783c355be33140a150a1b1cfb79c24d5c4f8feaa23585', '0x600f69d8b1f72b80e4955d95ed809e988cf700efefb435cecabffd2bac1cff01', '0x33f1f95b5cb522398d9dff929536e34c5fc579bdbe5d685ce0b49ed40b1ed864', '0x0ae87d67def53b7eff2149e28e272a1f513e493093a6ef45007ab0c1dee950d6', '0xa7f8093654054b141c9cb22abbc7f7286ea0f5021cfd97ea76effdb5d847c198', '0x6bf133ccddcf37b9fdb8e4f0f2ca541521aba629492cff37fee359d9e948a56a', '0xc291d13c8cdc16058a37c9324515a8216195a9ef52b742539896f7c60cd65512', '0xe21fd7c979872544dbc32a4dd494cb744bd6322db72e22be61b73501abf5765e', '0xfb03300b4bf3167291e03ae98629808b689e0c8875762763be3a59932b2f47a4', '0xb3decf18432360d5c371c15bb448adf6d4f4f7cf6348e27c0990f05eb2df2f58', '0xf41185828c1fc61cc811740c208851e004abdcaebeb1acf8233480148d42779f', '0x3d96e66ddb561fe58a9583a35cb3c12c6ef27549afee213ff5a512152dbc2e29', '0x1e07a7c4e4dabf6fe736c574586b339c07dc3fb76949a0f93ef531ecc110aea0', '0xa87ba1d6030622202ae17052f830ab0fb34884de69849a81658286ff38d8cfa1', '0x4fec762977aa212ed6b5180af74af9dfa350e845d52f9b62347c0903f6981b2f', '0x6dc2d0b1e678ab02c907b05e678864a4d6e205629edba1fe3bac54b19ed966d4', '0x409e77de5b74af7d2ef6dc7115d70bcb9c5a29e26889584efcff9c8c91aed3b1', '0x76237761e836ef8495195f00278c6e631886198a38ea85b5ed6f2c3ba3c53314', '0x4d212a27bb82f9a7060e3c3348ab78a14f4667798dbcda1bc66dad5260064025', '0xf96b779db155c2ef1071ecb4b23867ee965fb6c7901706ad1c970747634aee74', '0x9814911f491986f591bc9d262f084addba1c38acbf7ee7575fafe012bf93e248', '0x6f8172ba71fbc27aed72f4c7b1d1f78967e365e6bf3bf890e6b34e2c5f8e39cf', '0x57f7d4caf96d214e8cc06646088d37e5e8a23dab2d36278be938d806cfa3914f', '0xcdc5ffde20099885d12d279a81bc0d983e0e4fac7a4ba09b1f44bd32665916b7', '0x18212c245c8566a01b03a9e085adb6fa4795321b1b6a4a8cc230fc19ea282193', '0xf4bcc27aef5208a4a93acda0a930090bf17a859cd4bd481c1b7b6284d6778e9b', '0x1341a3f6f1d8bb0292fd1120b261365c352db27da3829db7464616a5286f58cd', '0xf4fbe61a13d571487048fc401b4265a77410f0ae0f1229011a183e7add779599', '0xa6910694b0e8b344db7f3be51a92b7617d16bf0ad3b077100bdc97548442e69b', '0xf40faaeeee8cafa22885e267ea573387856ac9ccac58efecdf2eb60229fb2cf3', '0xfc9efa336474cabd058c7712cf7577d4c69a16cd8d216efe7b999127de6e78a6', '0xf2abdac97582316585abed5f03620299a5fabcb97f52a7fff6dfd9cfa3e289ff', '0x01362f1244c9d12227bfdc2d8a60de2d32b179756028e37be9782ec0e53d7f9e', '0xcd4c5e7e440dda8b5acfaf87396b7959e84fd660fde2f9347794ea6df99750db', '0x34db8e912f9ac865bc37603f422319dde5c9e989837b199e5bc03457b7d509d2', '0xa7b3c94f758516f40d5d5c50d9202c6d46c640581509a76f74561e4b14d5d41f', '0x57e61addb16a1debae1d157b6f3ab7267a7b4b22030be80535e174db269ac55d', '0xf4408c76bed708077146998843dff4a7382b3868008fc924fa58587edb8f11a6', '0xd995a675f3fc2ed97c6a239cff1baa14b80417fa3612660f510d5ca0c18564ad', '0xd47aa6c4017c97c2ec7f518e6377a0ed73ebe04dc128d78b2074970d77d6bf6f', '0x904c26f4827e941f822679bfe65f2662dc49f95fe048b0d3ab0d3685a01b95cd', '0x30c3ad680ab287814a66b80a34bf2fb8e190f775dc5de83c6dcf21e0af5b5752', '0x7409ca44a9d43b32a2ef71a32612b3b2daaceb786261d9626311e8a78436669c', '0x190c1ec1639e7c8fff4b0392e248e4099d1a09056d407dfc79552896ec95b747', '0xb86fd4df3c1d593762cad2c68318246184d6ea0f4055216adcf17374c4935588', '0xc2acf5aba147de608aa521edc91f05b0ce0e8689fbae29024b120831ba851a1c', '0x2cfe8f16e96334ca8c21ca8a8f1fc4a31cea3bd0968564450546ef4b02a18d57', '0xe2d4aa37257fe441262c6427a322ba6d505dc67b724232b41551d267fa97fe44', '0x7ec4d2a2fc5c6b7c9335eaa7a2be0b7076d3908254fe2e55db9ebe7625b780c7', '0xda56f816c38522d09f28d331be368b533f594450a62f9dd752b907e6b17d47d6', '0x452952be85076b12600b7b48c58761297a9f451d4d832d23d229991987e7bf91', '0x91858e1f8bc4ee878d88f7cec39d977c7f5ff7055b0ffc222e99b7251b33118a', '0x66897cc5414f5864cca34e50d23e8c3f98934a84d931008a64c561088169061a', '0x96741fc195b15df35b04afb2fd671657599ccef5716b7947cbbeb898e3413f92', '0x7ddbc7a8d3c99bd9332a539400064572dac6f9082ac9176360cefff6dde40636', '0xf650d734859d7406ed25f08f179798bf2103ba97f047d174e408a8eaa80551be', '0x5e5dcf6531b4eb2e80a8336128a8f93968f0e41f201c180c34277761db03e0a4', '0x08ab365f55c8ddfb0b26264addfc09aac4b62f179e0f82e8a8981e67638929cd', '0x596f2b2a853ab64f2d3646f6f435888dc6049c76c6fc6842a835f7b4d4b3ad36', '0xa60bad280591e37a2d6c6a05fcac2dd334245e7b6606af828d96c7883497d2aa', '0x8bccadb7f1c7f412f7a90ec892f24b3c66b80ae9cd641493507e04ba81714c88', '0x4986c7b8c664355d26d2e88ba87c3bc7278aeebc7d2fb38aa2a1ff68d0222e51', '0x5f997cb832e0aead7564ffd73569a9b2dddaa83509c8b80906f24ac91a9d6fa7', '0x63f840a56c914a69f2dbff7c9f99921ca7159802ef74922854af8ac0eb48458c', '0x7a987405363e4278854a17cab8af99356a102aab44f62b2c3a1fbd28d87a322e', '0xa0d1cd1fa8e6bb796d68e164ce7f6155522b48d1428ce1ce67d455dce4b32b66', '0x7802260de28c8d7ef8a2a314abc1ea4268cfc275276ea6c4e356d2dd4ffaca39', '0x041cd5746bd78f92848d6104ef2e658d46042039d7e9a406756090efb341149d', '0xc823a613dcc4989681463dcf996acaaf6f6c2bbbb5a1291262838c17f73bfab2', '0x2e8a9855cb8c9c1487a5dac22979b2b2dbc155dac13fce69dd21af8f38bf5100', '0x46629de487390f20daa92d090634332ec5833e54a0a7fba7c77405fb5b515420', '0x9559f27d3e2e5442538195766b7bdc6d7960e32c6ac3fe9a09550ee673cf614a', '0x6cc34cf92a9864df85438857160f2d4da2d8a239c351d324e75cdc4ce5b76af3', '0x03e09f981fe271b3d85db3ee4d8f51b11121cd2e898ab9d823c355026b1006f8', '0x225333796dadc26bfef2837d3ce5319d8432a9bfb34fc3dc208c8c44a7a96f0e', '0xe292c0248d6a2365bdd83e5801d78c54c7f7c8746326648cbb3cc7bfa023b830', '0x02b6d141d5cb4e48a68289bef4456cecde1a9572e4b5a478eb67d54d38e7e387', '0xfb9a21d1103b3362ea0d8a7c3e439b107ead635483f15cea38dde3c9cba2eaf8', '0x99f8cdd9212826c384d35e7293c463e097f3bbd2c615614c8bd2e51e31cdf10b', '0x0c9c7e6206a752bb53af8c37fb85d447542f832db5e8da73226c5d16c9366629', '0xbd56b0f16a4d1d118b0f1ee8b81ecfe08d60eb010be7c860b211d245634e6453', '0xe8e18e669a23fd4388f2ebbd23a7205e3c813ecd823da6f392e0db0f14b7ecb6', '0x75f2f5f18603cf7b7f081054fa8097d944f82836fc097fef2d111164e8907275', '0x41840042ea117ab055c3492fff570b8b012065ed10d196c7f42cb3ee5f4ac046', '0xc2bb599b84e29ac37a54423aee6e5cbe6079f36775d8dd6cec39ed84057f2ba6', '0x052f021ebdb4b1b001e9d3ff09af463230c282a487189a8f8e362d506f18ee7b', '0xa5959072bc5574116528986234c202dde513e4cae4fa7765cef4a86ac778ba68', '0xa4a9eb6f5aa26ce31137985a0c616d14a8ea5a33fe814d59c616fbd56face47e', '0xc79a22cd643407aa96632f88ebc9f667dc0cf5809fced26a81e8ac55b765ad52', '0x4c196a2c72e59894cec002e7c774ca5fd19ecf8811a2399559a3c5a97a8938e5', '0xc4c6edf8d6647f1be583b3d677e25b79bf1d517fd538fdf8adf6debfda9f238c', '0x813c23e84568a5127138f8e93a15811a3f7f28235e7c283029f64dd9073ab2e4', '0xc0c04240bdd3e42b609547fda518aff116b25cad3d19e41b77823e8adc705bdb', '0x1d9c8823eb9b0da2837eec1606bc040761637d03154b586360dfb7f24a093b7d', '0xc529e38b2659748d9c6f5703f51ee309d8219d5797aae6331969701dd5354829', '0x60bb73820242796322d481eb9f9a47377a0d5759bfacf8900cb17e2aceccf790', '0xa9143b239901f81660ddae4bc776526a45a2bc70dbe8e95454a0a30ea1f341fc', '0xb81e009c1b7258df06954e35645053827a8a794aa927701fc64b823b639a4cce', '0xbcc5dffdfd75aab1a6134e143aff1aeb542b64e147c4a057f50ac8f0aa7995a3', '0xd71564e6500600727847fffb0887639139b54ab9072c1da0f74f442e64e9a8a6', '0xae28e857d098bc5ce5f0e8aff1ce545783de3974987c45ae1c29016378584dee', '0x3ddca9dd2149b2e0a152e957babd43ffedbb53202e8c0095d894527aab28f2d0', '0x5fd1295eed3d397a5c24411be080e24810216b34890b819be368c1bf158d38b1', '0xac08fe52a6f69c19c8ee09f36f4c1e13c6409e7fd9c14cfe57bd01ec6e683e46', '0x577377e8b0499165cdbb5ab788dbbcc13945a29da901518facfbc82bfbb99b84', '0xb956abb37442fb62a0e7b964ff6a69e7685509e8afb227ea5cfe716f1265aef3', '0x0ec59354469f4201ffe01ceea4533067df3fc7fbe0d69f06aa6f2a6d14b1b877', '0xdea15285db2b6b89e3b4c8c70748e84478ad1a48b55c704ff34e175e138ce95f', '0x4dd2341974b62be329a53b58e9caee004d48652e2143878712054bbbd3d12b5e', '0x9bc3d0347d4b80ae2d497c757e9b589f0cc07fb3ee75486d7e7300d796ed2347', '0xf467051b6cd5665ff902fdd21843f7863c38ab095ba406b7c0e1eb686616c119', '0x8080568c2fd4c9c4ea66cf6a480a26bacf412c38e4104e31641be407e5817cc6', '0xd5080c579e5ab05eac4226940a26e53eee7ba9fc04d7c955fb31ace44ee8344e', '0xc4b6a68479677351b8206429b14348fb47f0186d640fb3fa60ea79515bb5f0d2', '0x1947bb4ef785c6bd4ffa13b8fed05628b0ce41f3d3cbafe40c9afd3ce26491ee', '0x235312f3adc73730260cc988c6654d12f73c7ef93c8297a18c0d62286fd71b8c', '0x414da089cd59bcf6898016f454c540246bd11be2ae4a31a71768a434016aa0f8', '0x620f3da70aa7f2575a6b98e036ca33f6ba07c442896df6bfcaf69fc588014b59', '0x1a9a3184d2025243b570659387113e232267c70de5905f122ad3bdc8456acace', '0xa6553fad67826a4f472ec96a74e65549bdc5d0ed12f5e72158a9adcef18148b3', '0xd7f0d01f2c02e446e84a7d112a82397754880f5ef7eb61cc53f82fc208d16c1b', '0xe39d5bd3a02758c1251d93cdc606ce23a0c77f1506d98fb979ffd5f7bb407661', '0xe12e16b139d6b0b8008295c8d7839422ed4665440aff354970fbe6878ec0a1cb', '0x9af1097f1e7c7d53fc1aba2e4c05083bc520fbe8d342681ec0650217c05a2670', '0x69cb436803a9a7629a8e173b9481a41f4083ccb2fdb849bd6d815de9879576b9', '0x893f22e2f06eb18195be20bb2473aa1199f092374146da11a4d9c7f2193de7f0', '0xb84578b1a9e00fc4bb804a084b3b4d1483047062c461ee94c9d5b0dde556e702', '0x916232366db10ad3f37a4ff5ce1f4051ceb198902b5f5cdfc83737eedab30bf1', '0xbf8e39f562bbf747140d134c1cdbfb41eebb61c5f491d59c7fc9d1ea8521e1e9', '0xe7c53966a9a673c231a223facc96c5cfd8e03f1a4af1db899871e0a81526f20a', '0x52f72ecf4a7bd053fc178acb4d45272d90598f01584cf7c871d661cc0a3cf4bc', '0x21e54fd580bf6263b98d512adf164c8e6eacdad02e2a470f3834fe20e475f63e', '0x279803d14010c66eb569f280e330376004626293d9ce46eb92972ac4c824776d', '0x9179074c7a32d9fc5fd0bec888b47835b3c352324b828434f7bb74316ec64ff1', '0xec8801587abdf2621e06491c30c1beb2af48167c52e7261c230a6212a48aaef6', '0x5fd19f7887cffd387621abdafe8f57ed50819a45272585c8591e688ae669f347', '0x25df4fbc6b3365901e8a10b98cca1b9f7fb9f9d9930a3c8b9fe2e5ede2dcc885', '0x5ab01b63bc3d86adf4fab8caf6615c9d1dfb36f3bd43db18ad8ad2ff340419fc', '0x45793df7db27d1872965bc82b2058dfe59ea03d62e16e40d8dc5b87fcb8fa817', '0x8b5da5623afb2878bdd7e3f4d6ba3c21f98e8a6214f66653e89e1a831ed2b316', '0xab0030711f9ae8c1d1db4b75c5e81e3b5a496e5236bc3df3dcc568e626f6cf1b', '0x4d29b9dc8a86051b04ea7ff6ccd782cbbeef2918717494ed9e93867df1ebfa3b', '0xdea30f6b9c512714068b642bc1fe9840c6d2af2b80fd037933514715cf2a23ee', '0x3c4e31382f616803d60b0c5fe359cf6191247f0661461f96e3e0e805776b3080', '0x52c284df65ace5b86141139c842fa8e4f0c7910274eafac8baedb121ea5825a2', '0xe5e60f38dbf8b4b8d112a3f3ddb16cc23cb55ab0cf1ae00a9584c3acb96c40e5', '0x134e3493f85a809fe732203d00b0f4eb849491d5104707c0efd5535d83776108', '0xd57e07063192fb3dfa5a807e32d2ade17a99bbd88afc67ee477774678eff1ebd', '0x73ee3484c70710cb40e41fc68d3ab403e18cd4ba71c0dd369638caa4aa14d15d', '0x381a6a099a65ac36c4c97c7529fa40d9618889be0e011ddd7bd1e1a68a86bd57', '0xb4a0869ea53410f326367e120f351384b326e0c13d0d2ac9c5957ba7c5d031e5', '0x1859f1fe5045bca788483eaa4d373efc84f5d4d2954d41a44a17f65497c0dbc2', '0xec6e62dc8ee991b2f282b10d2b4df3a1d1f35b27b595268dd3cdcea0967c0cfd', '0xfdf88d3e07879c677b0f2dbc9a5ee414659f97c930c90cf29988101e248c975d', '0xb2d2ba9f455b886a6773770872bd24a8a2c2405eb48a1bb2f8c91280c407764f', '0x7c1a486e2efdefc275605af03a4ff146dbd8f854179cdbfd4dd2ff6f1c03e07e', '0x86ecde4c2c8d81fee368c40da083a9a5fe501b5839c81fc6a09486907b355bf5', '0xebfe78eccbf7648c4129945a88eebf82fb7ff5a7430afc6f4d419bdadf71dcca', '0xedf5b7213f04c495023e53ff7a384df1a6993fee65c784ceca52ac72dc7d3d74', '0x2fbe1a50db086027c22f432ed3f159e17d510708b9d269d4075ae2fb8bd9ac5d', '0x524cd126fac3fab3b71cd6873b4fba15a28250bd828bfbdca0daac51d6d7d416', '0xcd985d38d6aeb818da8d4198ff99fb23d85cb0b2488f058846b7ef334f1ea23b', '0x785410d79da026792b7a98fdaa0e86e599d9976bdb331b4b0f9c0e126f36b6d0', '0x92179943080ea3f0ca3090672f20ed314817213ace4bd8a7282c691304db428f', '0x6cbac941ed7978d2b037e74cd5ae900066a261e4491a70d9bbde1963d009a0a8', '0xbdbe879a291f8608c3ff27cfa6ad5c3947480af0e4a27627069764fcf674f024', '0x7967406ad4bfa043a17801b9adc28a23d9400775eedd95cebb76d9f40de9f383', '0xb82f51d47f05d73d9e658de2117e8eb482faec0e24b2af22028338736c59f2c7', '0x7bb4b3c671fcf382f4c5522d815206f34aa15e43703b39c2bff1d52ff8fa6922', '0x0744bdd18096de30c5e190a7263eebc43570aa28fec9af39b33628b40e1f5856', '0x8c704f93fe300c361bd1ec1264c7d1b1b4115dd93486ce8005f02666df2ba42e', '0x7d38be5b711eacbbdb1cc05b7fd4eb2111f6a0851239727f1c2ebdc524b8384a', '0xd4a0453e426b2a4fbba3375abe5c4a2449189d6662a26289d457a9b6a399288a', '0xb49c55046f90688d4143ea0a03edb6e0a8523ee674a192f85ace17972fc8821f', '0xd5ee8a532a342334047ed2083f1dc4bc5a99c3e32443ccbb3a99ac0280a54739', '0xd91bf71be462cd89c838009520442dd73b3ad61e4b97c3930149439dfd5a334e', '0x6f92cda067f191e0dc9b745e95a4e02bfc8fdaf3f86b39d9be8d48103e05bd30', '0x17f7ef8e1c6443a06ed0a45b814cc1e85bfb407c1e38c0e3e2c081ec999e930e', '0x9c4218dc034ddc9b5cfd3f60e9c7202052493977518ecd454e290806853e4a43', '0xf06ce9ca1c1a2ef77921be1168a327ab53a8749e19bb593bcc3068d78bb3fd53', '0xe4b556fd0b07a8581281c145da5c5d3fa14789a91d6b390d6debf5a0cd7d8067', '0x43cfa660b6a72f9ada6c9a353f0e0a64aea6018de67a041dbb3056a024be6051', '0x49f5648c304a53994b2326d904ac0637528d3f62fe4bfd4b133a87c5efd7abce', '0xc65292c2d23db8b54cb69aedfe835b490d8da99403d90d2d82b40ce97f0f3263', '0x63c161e58b63d0c87ddd6fff0b0c54009e1d7899d511118bfad622af5f7a400b', '0x489295e2a83068e60318d8062e060038ebb299d83aa4f5f8d1c4d552af324aa7', '0x2820c74b1bf3189ebafb140fcc39ce4e23535a569c2d50125e679789e688dd3c'], 'transactionsRoot': '0xf664f4dc0c913b206c799d777d5d73d06d532843e493760ebec1e158a0d7bc5b', 'uncles': []}} (async_rpc.py:86)
2022-11-28 18:11:32 [   DEBUG] Getting response HTTP. URI: https://responsive-convincing-aura.bsc.discover.quiknode.pro/3e7f242edcfec9ca1a36ef544cee66362af95baa, Method: eth_getBlockByNumber, Response: {'jsonrpc': '2.0', 'id': 71, 'result': {'difficulty': '0x2', 'extraData': '0xd683010111846765746886676f312e3139856c696e7578000000000040fc9c671939f04f0fa32aa558babaf86f3bc498ba769c0e19a1ada66d489fb1df94a4200dea27cb5a91dff0ac200450c5105893d75245795f352b02bf32951a6be6258500', 'gasLimit': '0x73554d7', 'gasUsed': '0x1b3264b', 'hash': '0xba386645ca29d585da246020399eb7f6e97c59efcd1a4a5941c36be702a7b478', 'logsBloom': '0xfffbffb1bfabdbf2ffffe0f9aff7bdfe3dfaee4a996d9fdbffbffff9f7fdedbf2785737dce339294efaffeff9c07ffb76d3ddf7efafe7333db7e767fbce772fc7556ffdee7689bb9c3ffcbffee37ff7effbbc97fbb6f3d69fffdebf7fef33f88cbcbb9fbe3ffef5bcdeb7deaaf9cfff79be6dd7deda93fd0ed73b977e7bf3fb3bff683afa79b7f9b6fff77fbbb373ff3363f0e857ffff97a2fff9af33ac9afeca3f975d59fec95aef5b7e3e36e3f9fbb747d7c67e3e7ffbcdefaf2735fdfdd7f2bf2b5dbbcb45e7ff75b149fafaef6152de7ff60adefad3d69ffdd7b21fceabfaefffe8fadfd7ffacb6a3fd755a537f6eb77dd82cbf3f4f3b7f79c7efeff7fbe', 'miner': '0x8b6c8fd93d6f4cea42bbb345dbc6f0dfdb5bec73', 'mixHash': '0x0000000000000000000000000000000000000000000000000000000000000000', 'nonce': '0x0000000000000000', 'number': '0x1655ca7', 'parentHash': '0x52a68283ecc4c19d9d193a1782b22a92e161141361d8bdb6f044fa2e76fcf9c2', 'receiptsRoot': '0x3468e9ba60902c4eb9bb2a878b8570836375eae3046f2182b998d55a43fcfab9', 'sha3Uncles': '0x1dcc4de8dec75d7aab85b567b6ccd41ad312451b948a7413f0a142fd40d49347', 'size': '0x11f09', 'stateRoot': '0x116ce2094eb8715dc6abfe43e4b9bc8d2947f2469e0fa8e3cecf2ffbc8901325', 'timestamp': '0x63837ec2', 'totalDifficulty': '0x2c67284', 'transactions': ['0xe6126e0cb2850dd5881eccf03e2c2c7a60790f5bf5b5a4f43231c27981f44924', '0xabff3f0ff332821086db12fc947aefdf95491ddffdbbf2e2339e459590339a5c', '0x5f71c57e8b84b13601e21e8600d96589420c8536b7870ec88003f6b17aeb8aeb', '0xe15ae873be792cf802cb0a771a97c86428371f6b19bdf832c3e64d813d226307', '0xa419b6fc9528de356951dd844f296f7a160c62daac12ae3db1e61c2d1548b93c', '0x326f0f84e35773679f59acafbd525ce73eca84127cc956837d158cd95f0a1915', '0xc3fde35e087057bda5983a5bc6c8a0db926b3899ecff8674adbed67695bd1e55', '0xd42408cc11616f9ab044c3ceff5ccd30900235dfe384c8af184d44b62276be8c', '0xf297dedca307adf113756f695d13557f773094cd93bb344a2797e0597825b00f', '0x5affce53ba4f7264371a7da51d9f36f0c7dbfea02452683d196bef1720af9db1', '0x92a80f0a53c37b741e2819899577b652821fc91acdebccb086f6ca7b723fb267', '0xf73623fb74f4dde6daec6193899467e7042dfeab30c5db42099f219f23e30c0e', '0x1dd83069f57d43e00573761c3d6fba0bc2483258d49cdb599db8fe9f43773b24', '0x63e95952a0f6ab0600660d6f2803e470ce8a04cc7f53ecd4ed2c9a053d0d2578', '0x10a1325dd9c4f26253fb87536bedd73840d497d7192c53f584d9e98f09a8a40d', '0xc1daf11561d61624ce5198e198c0df1c994a771a3da5ead031d2e71f683e0a9b', '0x4629209aa0860f7809412bda38ebde9dcf4df9c0a072d5169221a11f2fe7742d', '0xe8342f76850705a8d9a05c9c08b24a6170809eefcbc2c993ba2cad6c38796b1b', '0xec294c9b291d75e1725397495247ed3c51f81d5607697dc8c81826bd48c036e1', '0x29eec43bf5214a9404c327e39bc0acfcadee8520c1fa0eba4713ee3e0c7d7e3c', '0x79452d142ef59d70772b875fbec95e6d9ce2cbe3fc4991566b8423052d682c58', '0xe5b13edcd96317bb92d416a4657f10255e6bd5a05764450bf0c663bf92063c47', '0x147479173ff54643165084e9ee9d280f6d5b557c22fba7a769b101af406eda55', '0xc518f8e696a2f232ba9f929b1b0ae41bb09f344c1a387735fd5b5ae50cd28f01', '0x118915afeb9e822f224e0a9dce0d40f9c72e8e6891f916f4273559c357ab5eba', '0x8cf04780da2a25013f0ecc5b75bb8f7bcee357e466cd388b51784c05d6de4399', '0x89c7c34dcdf0a70c069683249723d17dd41d0cdf0112827c2a0c2b1fcd372e79', '0x63949ea12e277aa2a3ea22ad3f514ef48decb1ac185d10e1ac8559f9dbd45e56', '0x0719adfb72df228035143573bb20cf9143ac79d8f903e3e205d8d16a10c86c23', '0x2fbc9f566d55bf031af49bacefffca678e440fcd5c2e220c5fabbb741d2fd163', '0x178dc963af49d27f985fa822c9922e518c84460f336b3580c9eb92db6cff1144', '0xde5bfd31c9c3bc0d99bb53f078218f6de11b337fbe4239eb58ce69b91cbe7ac8', '0x0d4b14b61710823c9bde1bc4153464894509065592abc192f085d5035f2d4b7e', '0x678301c3410840cdaf1285183185aa5a8641f358381398a2066bfe1f732aa6ff', '0x73451f4dd3cbdb29577f0e9f57f460eeac75597be1a412b43167aa422c80e08c', '0x8a784096aa9129b5fb95257e753db99a7c90642ea095dae2a02d77c68b8e2d93', '0xe21a3151045b010e16c30fabfda5ca5856fbfcf2d1fd52b245f7b49ed56b6981', '0x71384caeeb3773d0c0a059d22881cd66c9b66f3f2e2d99449baf153ccce0d784', '0x862a8b99508ec8de051699ca68b9d90a83913d5b2c949ae9b5113487177320c9', '0x92cce9c431254d4bb9c06d59f8ecdd36a37b3ba23671265f779b193dc276b2ec', '0x9f351fdbe2122d70c0619e9b23deb6e9b4a75a60ab7d8026a2ee2f224d1f1ead', '0xac0432316a4c109897b410f51e4b698d3aab3c3478d93e20865aad2fedd84cf4', '0x69c41da108f51985f8676db3fb374881ce4f9c2e4364e1cbb637d1b2c4e029bf', '0xb6ecb173b2b4cd898abaa86d18777def92b47b80328abd4691b382c831b589e7', '0x17cefead26993407ad242ac25e482c0e1075b4745045abeef4a9294234bcd364', '0x6e7dbd5ba78cab6a6d05677469dc1ff777a1b7a2333720bb6b0c8c1326800ba8', '0x739e064bf9024f409ea7d94447c2c43d0098632b339993cd86330b6658b74436', '0x3e98a693b3956e3615dcec5ca0e4ce93ff36610b8bdec188141891c85d8a333f', '0x327d9e16f8ed6ad11ea748d076cd8a08a149d9c8762dbecb05a78cd3f6f09558', '0x02e5afe338af7dfb64384a9a09fd2b2f4a21952df056268107dafb2a429d8b12', '0x5c6b611617bdf1041a3f91259c8af39e3fc65152e25287eff7ba237e229b7ba5', '0x4dd981f339ac562b7e03ed2cf888f50b16cbbc0a8d4a2034b906e330f0aa4919', '0x005831ed78d7931ccdbf0e88a6c96ce2a3e8c28ebf84c67c12c39ff8081b2743', '0xbf38011357f7e312f36ea2d75faf2b8fdf3120ab17caf7750cdbe762af578082', '0x5722d3c4c570b29ecbed3697bb3509d4615fe914482c88b59cff8070e2d0dd8a', '0x1544f75f95b73852dbb031bf3bc39e71456846aeae1226114fbab7841826b346', '0xbdecaa18c348952e5a93fe7668c830bb61804aee978508f707327e3c51e181e5', '0xf726c4b3b8c4691461a5d5978534d3449e356ac421e0c87fef68426913b6a893', '0xb748c9d02541bd2eabf3fe4d5c254a9b3f507f53232ec8614d8f0c9be065ba3d', '0xe451707735bebf2b2e81af19c45180f49503eb531e7997c0f5ba1e72807d2dc5', '0x7124ebc5d4690591773659896d00b847c0cce3afe254b1e135e62eba817f697e', '0xeecd4a17c61b74ead133cb73e1e441e772e9d53a47c772a8ca279aab76aa0fdb', '0x4494edeabc782cc7f93a0c2bf37338ff63634373dd9088c70951ab403449747a', '0xfc00680348b46fa64b79c3478d9033d4fa109f9a7f15c3d3a432f93f81da5bfe', '0xc7bb0ebb1579436af1b5315c98f520ab3928c66a91d9727bc20ca6c092a00938', '0xda70c9f0e27347d77064bed57e78d90dd2c805468a33663ae967d8303d44e37c', '0x2daa19fe442ab4cd119b52ec844e47ce5aaf120c6d9489bd8cc50f810c14f4f9', '0xad04fd22428d5edbf68cbf20d198f7a4436d00a92c3b08a4a26ca5e2c2895631', '0x6383e245a266855408598e749f780e167686079691ff343b53f9b06bba5316c3', '0x63aac011e309d7d31e295d77f237618a79267ec30b939bf87c26945c0c94de4c', '0x6f833af67be3c24b0f48059b9d96e0f20791a842ee3034b3bf0d54ec28cc13fd', '0xb178933c70eb7cdd18ed5b95d2d2660142991c41e096d3caa1dabe341dc2752d', '0x8fcceabe4c4dde409b1623274d73e2c4d99f9edf307e102433167886a3a604e2', '0xf147e56504acd3068f8b53455cc84383480ee482224025d9c3dc315c6d6dcc74', '0xf5d7831b3c3cb89e3de2e7c4909bdf9a859973ad99ba4e10d49e81c07d9e3205', '0xf5ee717e0abd01a2c9d00d84eef6d77dc53a1d2dae2835e69cc7ba9c4122f8b3', '0xbf17139882e45452297f3b180e99ca1d7d3b98836c642ecc25f67c61387762a4', '0xca61463b13235e1e3232919eb28ea96cba9db75e26f26e4386837035b2a64f05', '0xdb9e16ba5043ddff5ad22ad95ccc2aa5ac50edee54d365b30b64d3f109aec418', '0xb3fafe4940a78c0678824a4d3b3da3ddfbedd721553b6879f663818af780a791', '0xf92a12fc0aa77bdbc54618d11765da467b27b32e4d6d8efff486e66456d0ea10', '0xb44677ac1d92d349f5e46fbb1a91836075aa52742a5577775c912f988366e19f', '0xa2e0092089e6140c96a9007ddf40b6a2d56c23b15e12e056e8e95a6b971efec1', '0x76df3eccbe24e66d1d79bb1c03f22427046f64cb243c9a084d45b05831cbed0c', '0x7687254603102117abedfc76658284f01d619e58fa3fc563d4689b117e4dc46f', '0xe20ae78198f80430a669d6ac2043591ceeb17d8ec000165348fe1aada76e1ce6', '0x34f4428b4e7b43e7195ba506ca8c096a6ca3bfc0b1d4114df71576fde2ed6b82', '0x28411b5183037477da38a5451908e2e99890394376019cecd4314b97b611bfc3', '0x11baec408242de5317c08b86d03bbd8a5a51d9f3978c39863633317bece64b40', '0x5a2311419a35af793e34798a20b0ab7169e4388d5592c322038bb012ca0e45c1', '0x319482e9c77e4dc4e404c81a7ad28e88eeea926e447b3b4d9187c376c94b9189', '0x71bcedf6aa4776b56ec3c11aae411d1f8c95c5c3010bf9adebda3f867ad8b946', '0x93f54a7ee693cc280c3dc29c245fa30944ad6123dc3ff442a864d8436b7bc5f3', '0xddfc0a248d4f235b328825ec3d3a75c47964812c6194d5928ac640e5dc38f739', '0x05208ce7c6c3f989cadc67cea1da94964113699dc94ecce9c8e1f69af73742e0', '0x64a9d80afd31de1b3b3ffae077e7e9e88eaeb25a1f99f6d9cc61f5438b247a45', '0x36fee63ae693cbcc5cd929b62a05dfa778976720798e93cda71febe8ed264248', '0x0186f6ee359396cd6164f0fbf4fbae6133d7a5b599238e05111b152021f60a9b', '0x67fb2abe7a0b05dd8b47428207c0ff7e3ca3cc3a6042bcf87ba333dce3f10f16', '0x45da4c11068355846c072f4097d082f5957b55dcf63771e4f34a641af9c2b6ac', '0x6bee1a2743b0de86525b0004d6051ae69612963e2b8991a9b1a9efb00919efc7', '0x365a911c3b1ef6de72413ca325b95ce7b3292961ccc8d9a20c1c79f0c92fd15e', '0xa9abb61fe9035bbdfcbadff759b38983bb14d5084c18ccd23013cdcfc26c2e9d', '0x8195f14e80dcf6049d22b5080d678971dfc76a7134367c6e3740f4a12901963c', '0x62ae403a7e55aef5fe07ac69e52a9d3bb242c0aa6aefb1696d4dd15d0b476689', '0x4ecbc6df7a749bde7edbf7b76e350ec718c20e427b956c6dad5214a724e07e77', '0x1bb56106eb43844e21b2c6d76a41d276ea98ce1324abe89f9eb8d19b80ddb0b0', '0xcb7504bac69132a2477f14c0f038dbde99d5c62af820b5763113f34e2bc6c789', '0x4a72bbd5d9535d802e1c90156b73164d471ace21f1a78d460778b30ac537f7c4', '0x7c38e1c91f0670db19fd3588d7507821836d7cd5681c54d287ecebdb240ac28c', '0xd0c7430aada4fbc019f4293c3b638e31fe8bfd46d1c9cf41f29f29688aa02db0', '0x81ef8eeec859900c33d49fa0f38bb3d739a0c933d9b0e107809bb1a18e3c3a96', '0xfe8bfe02c0559bdf353c42b5f2f1ff57ed8d6cce786540e0f7fb26bfd6aa3b7f', '0x4dc86bb8e6632bbf393714fcf58528b694a46dfa426af027b9d8861f58a641fc', '0x61d7c8156f79ad5774b94866d6b5fc53bf72cf990d7ffb85552ae9735289ca40', '0xfac98b42b0d8675a818b963d0647794a12ff7f75ba226d4733b4bb9cfbc2db12', '0x89d540a25159ef3bbef6a4a38b41263e0b1335744013fd210180338452f208d3', '0x008f7cb6c81e7dc3c018b7362177daab4c0c66e31dc9d3cc6d0f4dd3dee8d36f', '0x53243406b69a9fb993d312b51c199288623935b5b4cd9fbab88c461b6a21c323', '0xd77e29e16649db7bf9d0ee5d12b9af00078d1a552e406ed4d28611eb19b21c6b', '0xb9b2703766e2f34ad2cd82f722de2a7e7e5d76f24139eaf188fa4e0b63faf40b', '0x1bdf5efbc16662f8db1ec37ae31bb22f52605b06849a1eb153157edcd1c96268', '0xab9577b21b724fde1eb7f6b22df883b5a950f32161c4f4cce988e48591f47e52', '0x8ae1ccc93e5659693a1eec2c573b43434e1e26b2ef09faaeb42d594385234d83', '0x91196187cf124325b0a018af6a9845abfb4c37ec780160e91f0d96bc892bc760', '0xbd7757505ef936156bc0efede698a46d61cd8ff4b9ee7257ad8f19d61b1bd239', '0xfe9a2a5288e1adf252c19451dd1d4e1f5888ed6f7e84b865cd329fbdada15eae', '0xf412223bb779021ebd5386c48d05234677d937150f0c64bb28021dbc7cb37841', '0x986aa734cde2c53381a86aa807fb8908441261125fba1e515935d730434ab1c5', '0xe0d2b69b4061ff6b888bff62f69ce420e7478eb16af357bcee07dc69ea9e08b5', '0x9e4375599384d95fe2dadfb64fac81d2027a26a47afb7970a63b71a2466e633f', '0x7ceb48799093298be3a5af31f992e89fd63923572669e9f16765e3fb9cd6bec0', '0xc15c2495aa12938add54514b321576f03c0063c016cb43a7b8ccf4f3e71bc319', '0x3023f58e748f5ee51a2e948e866a268d3388e37c7f8db597d7ff1903aaf5197f', '0x09b52c280d3b24f2454c93e4d1f1c211dd949d878ecaf8d28b8080d1e7c31b8c', '0xa16847d8e756cfdc14aa5c7d09b8084c9511adf05707a90dd18803360324fcf6', '0x7abd261e9f17ffb7c8b778848a4798a56a422dffabad3989ecf93292efadf2a7', '0x5babc3eda0af2f02c096f2bfe96d47c307009701620225ffe90421f692a8f7c1', '0x4706ac422d30394cffb4685b3c4c91cda9e22c7dd8dfb6068eeae534b75a1c47', '0xc246d6a40b7b4afc68ba20cf4532cf681c287d6abd652fc7a3254f78fe65867d', '0xae983b076b32cc1ad7fba5c48ef05d56d576f58f70c6f70ab666779c4775ebd2', '0x2e6f7781477105491adbce103e08c149c516d62d42ab39501326bb0f1ab2bdb8', '0x20d321f845d096e9852d0bc7999c12b032f5c9068d8112a24bbdd000229541b8', '0x3fb7d1ed9ff0ad56ef1e091cd03ce3d0746337ee3349ce135f813d0f669cc637', '0x762165db7364896de1758f39997b3992d13487e93525055c2612734069da916b', '0x8c7dfcce2e855cbaf824cea8c4ea841307ac7fe245051d28e43b1002185c25fd', '0x8d90e0c1cdf2c782b85d4c80251638a7313911664f196f8416ec503b255844c3', '0xe753156f44be77cb48c375e8933468ee4e9ec4228f82b62fc166a6eea59dc50c', '0x5c1f1ca8674aa1dedb8af37234af903a046f1ab0765e6eeb9bc0820e17d74b95', '0xcecc26d8f303d487202eb8a50e79fbb02ff37c30fa5961b014a505d6fd627d9b', '0x8afd4a975a9960a87fb97b205abee2ed76310c61519495aa8905b01b6bd11e11', '0xc989704a137bcc22d7ae446199c97382f6d6ba840d1d45c85afb5659a56261c0', '0x6d38a87128603931419ccb301ef554937e247ca26f9366af9cd5c30fc561bff2', '0x3dd1652674540eec688821a695fb5546cbb7e57927a92710c2e949e759c017b4', '0x1718f31e6b6038181e78f7919916872b7372d6c807bea4741926eb8ed3b16ca3', '0xfd1d5a71b259ace28b18313096ca1dc05823c2c26c1937960cbfd5691d505e4b', '0xc079a4715fcc6a2734f3f1abe9344228c9c18fdfd31aa185dcc8463b9ac8915e', '0x974cdb10791ffa73ed04c5415aa1454eb947d02af95333586ebb2e055813c34e', '0x7d862504ee04fe48d7cccd9c5836023c08d3949d8f302b0fbd00b45405550b46', '0x1bfc097949bf0dc9389d8ad2e1ab2e357364dde15d0e3381627971c32e755c9b', '0x3d5aff179c18c244a0f9971317befeb8a840e00073451e5667c33c006451275c', '0xdea030f5ebab253d255586a6edd44ff19efb35d9e110dfa28d18484de1ef8b08', '0x3cc4079ec82e0d68af860ae32138fdd2ca62ed39230fa19e619a71d16cae6c3b', '0x525f56dcbc2c443bd30c2120d0317f38dc1774efe4a566081a030c3ad7f06d67', '0x0becf0e8b4376499777dbf75afceae80a5952d83fa51bcbe5600261a701c6e68', '0xb2d0ef38e773e3751f08937d5ea614f217676a70a5f4a67f5279363cd5050961', '0x0aed172a55af94fdc82e3c6d569c027aceda927afef2b401636b6575ed31942c', '0x06af72cd03877d76918e79c2f94ef9c3ea18f57ff8bdcde8baec250176262bf2', '0x0a7a82feee79fb4013dfb0e7e482a71aca869bbc20995584ce70876367ab5b61', '0x935e6ccf7a9165a90f4b8518200c2686f29cd8b53d815d7eb12f623c1fe6ccfd', '0x3d01f1dbf74123e686ad6f51a8bcfd5f603f78d4022a528aa0f95500faf05fa2', '0x71dcf4050bc6440568907e7097762a7e874a5a0907c9dedd72ec85d2eb4a57d4', '0x53539032fcfd57f7e7e854b06895fd5ee42d963165bcbac6d294fae06840a37d', '0xe1a84d61b79d90352d638d4ca9afbbf7fbb21da2f85c8164786c856402918967', '0x61a7166bcd335528bb3c4a72f2b143b7f6d34172ce42dce285f256329f41481f', '0xea9278d4bc1f1033a7199cbffa1a6354d871a8ba416e3fdc2bc1ec95bbd89acf', '0x027e3c143182946b9e407984e830259636d065f26838eae9aaa7a22c6bf31806', '0xa28ffef5cb969d46c5bd980d6ab00784dba26765a3ed311ec71b10575ae3d602', '0x2c2597a1cffde70c625e11fb3b5dcda5d93ab0ca5a418b18ef221e13ae019bdd', '0x5b67cadcf2bd8e458eb79b3b5ef3938eb11de152e5d089224b096a51b7a7fd96', '0x7503182e1f7b7e97e0ff850417bf84043914e410d23b0f01c5fbc08149edfd03', '0x1a941afd2f57de0f3335eb7f15c9ea43111158f37ec93194dafb694f94ae63bc', '0xa07a35778d3c5c880b263fe7cdfe4651ef120be82aa97cd16ad14e6dbd983ec9', '0x8ab24aedea2aad267bf74069273f38f99b391695e18067ae014b1f9cf956ed31', '0x862b3db56a69781186a9ed185bcb57fe1303545982d4c0833f6be9a85dfd823e', '0x8a40b7a3d9769032613c7266fa1ecfb66d660b3ab64b07acaca9f25f3613ad59', '0x61e2e927a537f3d583c1bdfbfbedb9af4b83df262c2a9e2cf97c7c81f8a2e272', '0x4c09ed076cb3b467135dc2fc45eaae06c1056e8ff1044a95c36105c4359f0ced', '0x7d9ca90e4b6f56c6da45903ca1ae676ca63fccedc0a381f800bc228cd4c67e8d', '0x942211aa0075d2c34cda8b52185ecdddadbf5515519c061bd01706966693bff9', '0x2e5dc479442fc1317b0dd9e07e23922af8d51a1474af70f5ff669198e361d5bc', '0x840a9e63c2b8059e15647c8b573a08534327ebcee3c91360d1ef3bb0a805c1b0', '0x4e29ee55f841438c28b4e0d9820ecef9209dd8516f5a1254e0e14aa6d4e126e6', '0x0f6e600711e632d103013fbd6904bfbe48286b5dbcfcb2ba9c60b32854b914d7', '0x280023cf462f0e6d3163a01c2386b4b4749a1062b6e453622ac71a54ce305e86', '0x728f9fb50baad971b51aa77e6672528689eaf934810eb1a61d99c915e3fa9840', '0x518c1fd017ea6e092c29576cd37e1b3c81ae6fc492f1b6d81e4fbd5292227a83', '0x1a8689513cc583631a33de53e4d0ec0baf6098a5717871ad1c89396789224d74', '0x0a541435e1d71c9dd2c6fef9fe04aa620474d72b53d0d5ba18934f3e13aba7bf', '0x86a648f1a451816f69a4e204b1af68fc4b6c3b47a2527d0c3ffd2c3864df0d8b', '0x1480629f0914f2a8d0d2f819d3b9271e6f16e22fae1808f6879817cb17814bbb', '0xd0d47ef69f700bc1a9c16c1167a8031b9fb1bad2f385cef603344f620fe5ec4c', '0xa868646ce3f581eb34d1f4b1759f382e8fe1f9be2aaec22be974d97711c29294', '0xd20d0efc3efbf718a874ccb9fcf07611a02c1df491997ade6c96d58c57ed5a0a', '0x67eab9f0795fa9ada515db60e2967fec9a89bf74e72b37927c2fc868a16e2e61', '0xecba85bbfd8031a603d1f12c569178bb0b5a4cf59520900fcf165d3d1597da56', '0x9f40002cc8b62d34ebf98b9c06bde84c60ee3ef337cc4b0b951bc6d59ea34db4', '0x8618456c7effd66687ce5c03df1f29f74bf40207602fe151eb5b09cc747a61ad', '0x5c81172a0474af2742066fd92be48ece3aca92017fbff3b3af0741f65a098838', '0xa6abdbdc04decb3e77a57a846dbea27183a79c73cb172ca854f45de69b4f64a5', '0xdb355483c934d915d74ded9a0542baa610c2cd605650e09c63c6a15d77e2eab7', '0xdf5f58abf42426d0bca9f305b6c101ae9eec6c81c542cd3def06ce800b327f58', '0xd460eb0b0880cd584057778134c1c76bad0546064bebb5fadc10b493a1c3436c', '0xbc6e7f6275e7401244d488bb5aba9cef19c2c6ed71967159bcbdeceba9e8c5b1', '0x93ab17fae5a5b544eeb8c5f05a558fecff0f0e81fc11ffdee5a9d3b5c51758c4', '0xf17d6eb89bdf0c4633a1889ec105f1f36ece5bc8859d51d80b9687c9d1749369', '0x5f940f92066cd641f86e097a019d0aff1ee55ce6b22d9abe401bfb32ecc73ef6', '0x91914cc942647f52c3e88df2348c3f85a78fb9fb897e0ec8ca3c333ec333ee8a', '0xb4100629ccd8153c9355b75685064d86d2852e9c9d3853be6827348ccbc40a3b', '0xcebdb846ebbb25a8d570017a01a5d7eba7f29a1f63cd01f00d4fe596c07184e8', '0xe41af36f90bd4217239883ca6b1cabd8058244ce02eaf99afac740738c47fbfe', '0x2d3aeca5d7d98110f634e8f5b5fdc77e965667f2327a8a54a83584284406df19', '0xe7cd2467b8dd2ffe383306a97119a8bcd35f9d08835ae27928a1aba29b796eb1', '0x5541e9e857384e69d86aa6414336a6b025950d748eaeb62de24cbbe7b28b35ef', '0x728afcf624d75829dc5507c39cb5403f6691ca308885655638ae3c6c1846e504', '0xa18f26cc73eaed630d890addd8d592fe264eda6ca295fb80d78804762c16584e', '0xc7cc7f3efc474bc667d995d68a9db7c979d14ed621e2d3df45f9f9707f3d0751', '0xdb495b62f9fb51b6fbaaca2fda49ac4e3b9d2f6226be1705f203894a49d96994', '0xe0af08346b3602bf542413211b2d3672f55a7dfa72f730e8cbfc568e703df62d', '0xa5aab4ad95c5998d7a9d434274930ca1976d134f72e9f67526a81056d492323e', '0xf1f98cfbc1e802af62d9f8a900a8dbcc5fdae509c936a50e35a62604d3ff6eba', '0xf457389c6c3e7c3c5100732d1f6cf11ca2ae14bce340b13c28101240bb0697ae', '0xc79767d64de1584fd79eb89b8207f92c55288f01a714970181dc4fdfe5aba07a', '0x2a35323cc8b2ff42b9fc8b7f97a40115a5b7904c07e9097fd8fead62b4f9b543', '0x566990844b19647a934fe06e3a5d93b7e3bc4dd947c452c87446ae60c7be06a6', '0x4bf6e489ca1128a7ddbf31758c3d4ef897c42fabc645a73ae70746e6c6630438', '0x333a6122cf27dd14f4dbf63d9e5f9965c02707631cc4a715b21eee0ef015f645', '0x6fc3886f1bd48b5da9ae0d4838533ec18eb25fe7fb19776ba2d9f20628ea25f5', '0x25478a8e28632b50a83d4cdb62cf19195b145238f3baa68d275769fcdf1f4cea', '0xd6b9ed11989a43bc0f664d52f6b573b5a18b8e33ca0b50f9ce7f4b37a33c41d1', '0xdc1f4b3833d35c4df25e01242d4a1565b45505e13f2b8745bcabe6ba8f00ddc9', '0x926347509c99290eea6bcbd8e723b4970cbec7939a04f4e7d6d064b2be78cc4b', '0xf6e29027d237b1be51ce40e394fc0937afeb36ba54773749834f338bbd221e99', '0x19ee62ddf5e8764ce578d7e98c435c053bd848d7a17aaf8ddca579bdc08e6acc', '0x563326d1fabe3cdafd0fb93a4173eafeaae4365353f1607b0a177fa6751ac3f8', '0x55176c2c3f54f72266e80e90be97eac7d8c82b9059aee806ed688725807607d4', '0xf935d9c39d307dcf6e1abe31683ad0867da262bff0a1fa9f4b854a268aa71a37', '0x97267cecc296d4d84c6a583006bf9dabe2c9a6162eaf2c655aabb64c93445d7d', '0xa2f23bd925ece3d330a655545c91c79b13e50b4b164f7422f8b211c44682c993', '0xf5d50eb9e399fff42f896dc3ffe33bafdc080c8a32f53374ffb78a6ad580a5d2', '0xd63c3caeb49d76b2e94044f1a52b0bec98304d1bbfa2ab1f2b5ecdbe348c739a', '0x9540254fbb67f3cfa3fc5d392531abe8d6a049ad10088a005b4aba8f0d8d4efa', '0x1ec9f23b2acbe07f0da5a605e730fb9e4711ef3ab115f592f43c708aa7bec9b0', '0x0f07b6e7a277b6f712e62656c29c4f5a6d0bce1c3eaad8829f17ab9cb119c30a', '0x37555bffeff51acc15da59576c5bfd077e563fadababfb351dc57183999de0ce', '0x714b84426b3358e417aab4eaf593c904afab08d580d692b07236ee5a53b19c10', '0x671f15d4383c4f9c49ea84b29034c5e930fa5d071571edc5e4ea9cb51f9e5c37', '0x7ed6ba342c35fa96613b3295ed3671a20c551fc7fe518b7b706a0baf95ef7f5e', '0x065fea9edfa59aeaa841deffd9ac796c0ba884f1b1a65352e0078102a1e8c4e8', '0x58a80043db625cb210c26769da0e442968f650c74145b76d315fa507c71bb298', '0x39f5a1853b993872777d7dffc5f1c051f52aa739da21126a99d1ef67b5a5cc0a', '0x5b56baaa4d9e57f779749739163d241a249743ff38af08fbc011fdc03b83575f', '0x097631ebcf5f9b4fcba649718bcc9405830354bc63b7ec7ce4c5324e2dcd8226', '0xe90337724b6e2d78484abbfd9a5a85fe2fe4eb3dac73957ab72da131c1c008a6', '0xe6b47d404c87f83690fc259aa01f38161e35b2ef45853d4d890ff004b2b85a99', '0x74299e50ae5e1263e89924c5b4fb2e53ad4afa1a34a9680015524e37cdb58346', '0x9c1196c10ab601e715500145348225140f00b284da58982e374da8090886fc76', '0x4a8aa49c444a8ab454f7ea7c56e504e496c12819ab23a07dafe2cdb683bef7ae', '0xad1ba284610d3def35f78c16570fda4b54648d01a1da3dca94e7e993aa0b940c', '0x2b8bdf1fc4a8d0d6bc17fc8eda93f152d8df67f26f4da2e3bae8c57916fdf416', '0x905e80357dc9058aaebc7e2a01ff732039b183a2b56fedec9566375dcd075a24', '0x045073d0bfff4918a2bba266be770324d46a82e686d3e2f9b3936a80db343950', '0x397bb6b27abaf8213020386d8c18fda59985b4ace1685dea4a36d761cc9a2a44', '0xbd89d3729564c24678300149af399bdc02521502b248cf903c4ddefa4cf45920', '0xb839575625fb22dedac3e154f9e7a95ae3516efd9f9a0519f53192c420c523e5', '0x975aa5f74a8023b5f365d99f06b20698c65bd71be6b56dc869415d2a357b41a4', '0xbeb2679f8b1699c86d1012b6797e4318d426b68c1aea49a0b0a22a235aa073be', '0x4bdec257f59b34866aafe80b7c01bb85e404e489dbdec94bd8c0669a6cbbe1f2', '0x13700039109861d14af9adfc2de0f3d65d50450b3a3618b405e92ec8e4aa34dc', '0x8ae8c777578f35645b6ee01c0923756921cd6dad470c2d507a331f76bbef9373', '0x5da10606d57d83d48ddbf139de86a587b156b183c4e78ec10456101b6046dab3', '0x50946a2604c855ec2338e3aed19365be7eb2bd965b2d27b417fe61d4d47a662a', '0xf20c90cda0a5c266a847f30152d3086da24d3a49baf7e7b8c4d258fae7bed64f', '0xce13c31d3116286fa457c146f2615c860bc2e40b9f660328c6150e8ccd25b953', '0x218e3e5cb6790cce05812fe3e05b6325252ef6e62158c8a33c8ac041d7589473', '0x6d62a6a67a75243bb493305899b52c365b23fc1a43ad289c9bbc9af461646f20', '0x77aed1e944ac92afd849a1e3780dfcad15b4efc8edacc5a339111400bbd7e12e', '0xacded7062204c0f24fb3908ecc9ff542037af50e474014c178020b2f7cd3b9c7', '0x699eedd115b675d6b3b38ebbafad588fbca3f8678f5b13dcfa82e3a151837d03', '0x4510bbf72fc6bd06d83c2b783f82a24b328926a15f9fc0601a92efadeb92a9d0', '0x221e60af52f20bf8d766a6f1e5cece89b5363246ea274a0ee130d1033885bf8d', '0xbbde8c3869c759090772b63100769077e9739ed9c0510a3c3be8711534e7d0ec', '0x1fb2f84848eaa1672df53dde314979cf29585d5b94393cad0b98099decec12e8', '0x8a8208538263a9d55765d990ce16abc3912c85cba32c196234d55700a4e850fd', '0xefa7cbacee4118764b244142fb5cfe3be5511a51b7ab3d6eaaf87513fd65f375', '0xa59a3847ccc0f4db342a4b623bf54d806c6e863e944fdb516880cb3a499e295d', '0xa254e0d2388531ab5a614fde9dceb5e3c089f042856882e5254dcb7f422f7ecb', '0x5550561bb71b190684ed29d4d73b94a552180134f96927780275a3d1f65e8d37', '0x7e9c22233ffea58e93929302ef2629e03e285302796da9f90352aca6d2cd16d9', '0xd03baf21ded3277b0adf69df188b51c29952ed59f306980dd935c930ce1bcf5a', '0xd6307f0e8ac9b65269b1e693d3b7258a3bf2b3f23c0d0b4ebd40979922fe33ad', '0x3d43adf1ebb3971ece9d0e7c4e3604f1251c2be1410b291d97d5058d20ba5459'], 'transactionsRoot': '0x242ba8b86a46d4c8ec5e79488256584fd7828e2441b007f1b2c12fb1e4d057b2', 'uncles': []}} (async_rpc.py:86)
2022-11-28 18:11:32 [   DEBUG] Getting response HTTP. URI: https://responsive-convincing-aura.bsc.discover.quiknode.pro/3e7f242edcfec9ca1a36ef544cee66362af95baa, Method: eth_getBlockByNumber, Response: {'jsonrpc': '2.0', 'id': 72, 'result': {'difficulty': '0x2', 'extraData': '0xd883010111846765746888676f312e31392e33856c696e757800000040fc9c67f6511e1c4623f4fe0d2806b135552c8f332ede00333e6e72791452c3a78770f74e92eeee8380bb2c550ac2ad8c5c3b0a09c25b1c7ed504deb897dba91e81260301', 'gasLimit': '0x72e1f84', 'gasUsed': '0x210af3', 'hash': '0x8f1e89edafb99aa36f21d1bf1f5555706943ed59ef8dc2e1133d2ed5f79af888', 'logsBloom': '0x2c30024000c4141000002810c06000023000008281104014080892000c02001800059000054008000180100010a020040804180100062000404400003021000000020050000080000100040940209820281000004100002080040011e240808000801060860300010000004000004b001824000080240104002000310080000009020040028a01100082008888402101042484810000020800011045200458a00208020a1a901010201400840a0450002088828088000002a400820202009800000610824000804604050000100018033450000020300410006000020009a00c8610300400000001010080000100800220010100482000c08011000000004110', 'miner': '0x9f8ccdafcc39f3c7d6ebf637c9151673cbc36b88', 'mixHash': '0x0000000000000000000000000000000000000000000000000000000000000000', 'nonce': '0x0000000000000000', 'number': '0x1655ca8', 'parentHash': '0xba386645ca29d585da246020399eb7f6e97c59efcd1a4a5941c36be702a7b478', 'receiptsRoot': '0x7ba32f414cfc04bba50f2d97919df167a939587ba91ae772bb3d27bbf1870556', 'sha3Uncles': '0x1dcc4de8dec75d7aab85b567b6ccd41ad312451b948a7413f0a142fd40d49347', 'size': '0x11c6', 'stateRoot': '0x2959b17e7cfded11a62d5a7a634741648fccb0d22480bf5b9d37a7f8b03058de', 'timestamp': '0x63837ec5', 'totalDifficulty': '0x2c67286', 'transactions': ['0x06d2c424b3a1cacc0c52cd6af7bd025805ec3844fee100a5c10d4cb8149b604e', '0x58fa9e8a62cc1381f6f4a0631492062a3e2c054e5f96c3333d2b56d71a199867', '0xe5e9260d37ce6ec03c7cc8de8922139417d50ff8252e544bb107f2ca6b638cb1', '0xa4e1c6df0352560f616a9b7010d2451c1140540caa9f205d106a36f5f35024cd', '0xec4207f52408997872671713436ace8b1e91483822a9ba9cb746c88a37b72889', '0x567e87f4592db83d97fe04ebebbc2d7b0cff20d46eac421ca39f198a97c62099', '0x162715d4fa44a9191f3411b2a56330203468af8a108af3f5d2eb4a58e3ae1f5d', '0xc692433e99accc454420282e3bb6c8e420bb98f0df192e4f0375f3a53cb34de6', '0x984af8ccf1e7118d10950d27ad1196dc392c07c5ca486eb00ed978b90662cc65', '0x97fe43e041f0cc4c5c477920965d5c435fbbd233c0ab99b0e74d04f419f2d994', '0x92196abaf8098b67a5e2d207fbabcce87efd5312a6d47a237aca170885735aa8', '0x36bdd8f27d46ce5b97895a8033f5f0c8249516dfb0340ecc4b34a192f32bdee4', '0xbfab2681a0b7be56e2417a08a9b817553dd4d52bc0efd402a2c45f030cffa53b', '0x13d9c18a8fdcd9409b8d64c819e1eedd776eef636386d013a2c675249bd4476d'], 'transactionsRoot': '0x93d271319b5b94e4a72cd6c635c4f7b0be8f3232485fcb14fe99af92b9a92be4', 'uncles': []}} (async_rpc.py:86)
2022-11-28 18:11:32 [   DEBUG] Making request HTTP. URI: https://responsive-convincing-aura.bsc.discover.quiknode.pro/3e7f242edcfec9ca1a36ef544cee66362af95baa, Method: eth_getBlockByNumber (async_rpc.py:78)
2022-11-28 18:11:33 [   DEBUG] Making request HTTP. URI: https://responsive-convincing-aura.bsc.discover.quiknode.pro/3e7f242edcfec9ca1a36ef544cee66362af95baa, Method: eth_getBlockByNumber (async_rpc.py:78)
2022-11-28 18:11:33 [   DEBUG] Getting response HTTP. URI: https://responsive-convincing-aura.bsc.discover.quiknode.pro/3e7f242edcfec9ca1a36ef544cee66362af95baa, Method: eth_getBlockByNumber, Response: {'jsonrpc': '2.0', 'id': 73, 'result': {'difficulty': '0x2', 'extraData': '0xd883010111846765746888676f312e31392e32856c696e757800000040fc9c673f2f0109f182b290a7be0e7cb87186606b6a9ff80e5f1f76d63c7019c2caeca44eb80180f41acd19622aa0d93e44c006b3e418e66f490a09fa1cb57b012572c401', 'gasLimit': '0x726f166', 'gasUsed': '0x1c0a105', 'hash': '0x5aa101e0f23f10dd0a85172ea17744f128870b867a75ef7bcb282f78682eb438', 'logsBloom': '0xe6ba9709cd63b538fb0f273f9ede2a22dcd5325ef9bafee97bb8febcf768df7e77daa7fc852c1c4ee7bf3adf18c97f743b77ef2477b61f3bf97e3efe5375708c82a6ef30cfcaaabdf57bf5a8aaa6e7ff67f990aedb7fea6eeef5759ddbef57915afb7bbef607f7f3713fec56ff72cfd97d87d651f21cbf7a3be3bf7cebfb2d93b5019dc8fefdbcc5defdbfdbcef20ced86772cdf357af53c6d1dccc9adaecf37bb5a99edbfdb737b2d89bbbfdeaf7ae26efbfc66e3a64350db516aa16773ffec3df0bdf35697dd7e80964f8791d717c7b7a667637b9e799d07f5ffda8f73eba99abfffeb2c2e6bafff9f32ffe98eaecc6d4c5e5ec3d86c7bbca3f96dfded5cdf', 'miner': '0xa6f79b60359f141df90a0c745125b131caaffd12', 'mixHash': '0x0000000000000000000000000000000000000000000000000000000000000000', 'nonce': '0x0000000000000000', 'number': '0x1655ca9', 'parentHash': '0x8f1e89edafb99aa36f21d1bf1f5555706943ed59ef8dc2e1133d2ed5f79af888', 'receiptsRoot': '0xc473750c687f6cc35ce34fe2a8f148aae30a0bf9ab349475d8ee3fd1d77854cd', 'sha3Uncles': '0x1dcc4de8dec75d7aab85b567b6ccd41ad312451b948a7413f0a142fd40d49347', 'size': '0xdbc8', 'stateRoot': '0xd268437154b3f626c520217b9c6798b78155de39ab1e27898cdffa014430063c', 'timestamp': '0x63837ec8', 'totalDifficulty': '0x2c67288', 'transactions': ['0xed8a58842f2e062248b775c0531c53b23409c6eaf166d37986c65b20a60cdb42', '0x9c4c5cb334a8f8856c5954c0e9bdb7cc97b10cfa9053a37e6bce8accfabb8554', '0xec5016bb77c0330257eb37a3ace9a85bbcb8dd8472e7b68d6ec32fdc90517812', '0x575d2c4705afd8fe5a8dd362de865c5983942d533bd10300c6eb4389a47b6117', '0xc0d22298fd4ccf3238765ed6765fa09fe708233a83db08cee4c8bab5b609de9a', '0x1e4dac98605d7128aebe0d3c0816ded423975fb2ed061ede205a56d0f0c14745', '0xfb1f90942ec89f31b3cd6c3621550c2ef30c6be62a6acc1cf705f79ba6288256', '0xe1010251669b90aaadc9d2a9c34b16ad11c658a5bd5ec67e18083d45b564e464', '0x499a1c035212b4dcc3ec77895c14db50115b40596f587b335da320b1ca90d10b', '0xc745f49e9bcd67442ae7d94b33bc7308db9192eea7ecdcfe27bac2e816d1f0bf', '0xed647b69d659956187dc21fe6c0e4f8daf0dea7213ca230eb77c73b1aa4d2f3e', '0x0a2d5696565c6aa238eafa94ee8f46ddcdfb47f251c9b45aa60a702f09ac8012', '0xdc7f9736586bbee9f9503728ce1a94793fa7240fd02b8488014a98bd1f85c594', '0x073638ec05d1387615d747581ba3ad4cc910f2f4c167e5c94b9b4cbb22f85463', '0x138ab2ebedf74e6dd449c626ec35d9d2cdcda84d75ebbf88d596708ab16887c6', '0xeba249379ff9b93f4a982decec29c3eca71975fe21d7ebff8e656e6edbc23067', '0x21d1bbb3613b84973731ecbbc3cba659604622e440f67b3c181022dbc3fc94b5', '0x7d5fee00acd8b095ff5fb032e2162bd5a650eafdfd44b825da703400b4c2b009', '0x38ce83748f45dcb62f2bb722ece77bf00ccddd3341b9efd8f964f96e30c7a37b', '0x2ab990a6a8cc153dba4818344f1f6626a0eb36a01f3d5f44bce79a44e2b282a7', '0xdd1a4b2e61fb166500c48f02a27615bc11e276dcae95f3227177b9d3557e25e0', '0x18f473c96c105d48825fa36196d3574f9cb0f318235201c784ec48034bc59492', '0x1e66c1b2b313f2a006f990ec958086adee726640485797e3d7a08e92affdc02d', '0x9f0522580150c977dca96fcb2b864accd3a59ce1fd96d54475c6a76eac520d1c', '0x5656e6afba1037a81e9ea9e9aed6848974cb6820085c2610258319f6f1d2a174', '0x42671c4b12b39f25c95adc659692dd015e2281a5f8b9eff68aa4478f8e0e5660', '0x429ae605fb9af0dee4653f4aa0c40a476e2edb87b7dd48d03222e56054ca9078', '0x1de7f3dfe274ebf27628d2d919f8254a43a9b87df155dffdf8d640df2ec105f1', '0xedb0e7e30ffa2b7f5e43a705f50340a806dd3b80e5b9e4929e01ba243be6a485', '0x6dbfbc41d1c2372c02699e2eb688ab2b59d7f454de2abe4c08011cf3c766e262', '0xdd35450d31e44b5b1a98d3f98db90a9de0f3aa41925d947ef3155420795dbce1', '0x8d30ad00c024db70f66bab18ff703bfdb7b06dd1bb7a0bbe079f514e65f42856', '0xdd0e9d2c98ba96db1886c827ddf2d832d6e12803912a91b82558a8e484b506ce', '0x11c1e1c65c9334d33658c3e0110dd38426eb698a65842b33bcc1d843c9454413', '0x6880d7c35bbba32a16335e374c47b9baf1e4abaabf1cef6aa3667f88b4296977', '0xb81f438d0a7234faff2293dce7e3b4d26edd7441f14e4a38be342b62ca00b757', '0xc21a9da19282ffbbc2ce8e0959aa2bd15949c764f277e20bd8647b7b202fb93c', '0x197da79b61538ea59281085509a593f0f37a0c1c5597e84e4507b4e3a974fa4b', '0xc59f803790e3cce83ccd790a49e287706835ef9500522537ad5a3068989c66aa', '0xf1aba8f1fbbbdf19ffbaedf2d94ed617961957b532a3fbb7a4e046d4eb02cb4e', '0x26008d360acf9deea0b7842518a7fb0b3b039720470c2efb99c559ab920d8ebc', '0x36ae6ce64d8da3ad070cf987f053ecbc5e34f929a370bed689ba02963a333c76', '0x48773ffe9ba578e9cdc8555291926134aff6ec44c4e761ac62fd815792561220', '0x5376dd8c3cbbee5d8c4294c8bdd869e1031efd305508d44463aa0ac6615ebd4e', '0x307a8d6cbf22e3e0bb17d51df5876fb16d4aee9852cbbcc6a8743965a666614d', '0xc0d07a69b000dd89e8d897750afd45be9b218707f3f654b2ebdf7d6fe0a5ff83', '0xbaf234d282aa23f5cbe2f654ffbaec1e83977bd32f634d6ecc848eacc3ad91a2', '0x9f87c93f3d14baf2d4d5386f53717f1eb58c0d8d320c85b71659e420dc455beb', '0xda6e76044cde5214f117b17c382c8e6c017b80b58eaef91ee7ae84093dae7a3a', '0xe72819cde42bf18b773146411dd74812f25c01ae2130c0c46d24cbc252f37bf1', '0x70094b9d0db78cda0bb9f65363e849be5c8f82a706b18d9ad21f2edb19a66675', '0x367b596b33ab028704b1d494298c0d5964a2464613ca29f4f25f0001b2499a71', '0x965904488c5fa4101c6768afaac4c96180dafd395bdf9135e6c85aeb8219b9b4', '0x09198cf748048ad8c155ab43a72f5455373c2ae4b5ef5a65eff9b0ab362f113b', '0x48d1ad4080a5e530cc8b92706cd95433af1405d7ef63816be8b80a5ca6fa2fce', '0x7a87b0d72a57ca33165090f6ecc21a05dc24a1271e204dfed4fe3d7fb6cbd26c', '0x5bc64433d9bfa794aa67256842d343f04809651c8a31b01a62b35a9e41100785', '0xed15504a464dba6c20540223fc9b591e7dcb64de4af697042e01346b6884cb00', '0xa18e96f62a9a007043f7b01e83b069a51d59a47fafdd24d81d24fb18ef894be6', '0x78653611c6f2a68d3762800a0e4a1f66dbd53a1e3744622f709a139b9613b217', '0x17f8831e98be8457eed86f0fd06d7605b56ad3cf65bb1931f8307825dd2f9dc9', '0x462d8a6efe482ec5fb03eef4c5df5271010117bfc5ac193ae6b9f614acfaff7c', '0x9e5e6a725532b3d338339470b7330de8c045098fbbe3cb512f0a4c7124e0e958', '0xaa4f395971bb46d1f3aa43dd30e108ca6277de9e911e9eb9bf4663782f314952', '0xe4bf052adb4a82368560a2b4eddffc1bdeefd0956d81749eb46a567bd9845678', '0x91981579ade187cd894a21d6785ef4a23d00433becc82021369b75d1f718f349', '0x3db3d7a5666f17780e9c639548c9182e520165d22be9992af60e3664b6c3ae53', '0x3e3d9d5227b63642002b3c153e3fb53184065347b9f995d7baf224332e300e06', '0x219a22ddbf45c5332aca5705b9ea4ac18e2e52afd370bdcaa074e13f26b5138b', '0x528f00db7073797862121af12b5ece4871231e15f828ce79fda02a544f2be216', '0xff29e963cb9fbf8c4bf89e2d0cf819db6456badf9114ddb891710e4f378f5385', '0x70fc972599e34b3f281e42779891fb20a70daa52a654b177aadf91e9f77dd0bd', '0x2aeb75d013de03255e165845e39e9f5bcd6c1a2abb2c12a234386f6994a3af03', '0xf1d0fe7c009fe292edc3e4e0f3aa688107625cdfbadd1875872fdfed319fd098', '0x4f1caa155c873d59d92fe311310a0443b161c1486104771a3c7785f1766341f6', '0x93f2bbc270ef5eead4a9a9dde2911a6e989ad081e108843c45f209143a90ef0f', '0x532c5c0b9fbad826b4d1c6d497262ac63578ead99f41cd01970bb13944284469', '0x9e1679c33025daffe0145f55f8c12edc2165e36db2f29d190d0835f7f030d4e5', '0x6c99c0f4afa4ca559325f5357bff2bbe348d75fb0e3dcef79dbeba842278d007', '0x35e8bc39f6c533392f388eea508b4abecd24e6d001eae207d066035b061cdfc7', '0x91d7fdbecf399f2682017e2e57dedfd06dfa8c9b725f20d900ec5f3f244b5fc5', '0x227b675ea250707ca927e3e2efa5005c4e792114989fdbf88523d216f084d65e', '0x7c1cf51553d12c91f641f4365947d9fd317689e5036631fae2c242b1aef505ae', '0x3f155906cf4a25528eea532ef43a5d1bb71f6e4a5d30cda0398d6f5ee24e7cab', '0x4fcf9105cb8500a3618acfb594b540903c3350019586f9d7840e036759bc83b3', '0xaabac496013ca14264e48d34c7513d8bbf991b9219ae4b242054dc7eccc75a4e', '0xfbf3a05281b51f3755c4dd98417613ee8f820a0bd1f33d0126b4724b63b87c23', '0xc73e8001a02c82e69d56e88fcea11371b3d1835fa19b80988fd122811f9de96b', '0xae65d61af603297e71919d63f54296698ab2ab615b9cd6b26381ccf3fc9d38b0', '0xd1979937c388fc73d0bb06adafdbafcd051d3920ba04f2c7ec18a6ec4f5a69fd', '0x2b517c76b45eee60821dc74087695549edfeca35e75b187739c67a98df5426fe', '0x93d05a90c5be503621f27472724ab075496c0adab12b06fcdf9059aed38af30b', '0x7c4908ed2c22faf5b1886b0b7069ebd4679ba5059414838535a03520973a418a', '0x99a1b0b130823d286a96e51658029d32fdd09538e4b60e4247de5a736fc18ba1', '0xd07709fed07bac700600d82c99c8f314575f9843aa3ad8eba607fbaaef113aa9', '0xf8f00d658179355dfdd2ce583e1927f45fd38d4c71b673b5b9017fa69383242b', '0x798a1bc5fb7193253b7b1b314394a79e5f10fbaa6612c03e048de27834e7a4fc', '0x1d7d379b819f27f604488b3e6e524b605152027fc9d0af91ee671ed0dd13638e', '0x5a521dc0505fe78eb150f35cae6cc114534ef8036a0be399ad2539cd1009b14e', '0xf002bebffb6c71a573656126ed8f708e7f80a10fe7d543fa2518f0d1c1d6df1a', '0x71bfa1110e690ff897508e6defca3c3435b9646bc043e2cf3e314688c1d22d5a', '0x82ee9dea901b67683fb06ee8d0523f7cbb0c65961cca53fa83565a8a8a40e7d1', '0x78f555a47d14480f6b4f190de6542bc1569e93ab40f97875712ebe8fcd16fb4d', '0xec14d44d8c3487ed46555d3b234b3d611ba62bffc4790487ce20a03b00923a9b', '0x5bc8d7f2055b38519fc464ebf3507510eff943a461a961ef0cb654712048ba0a', '0xc4476cbbfce89809feb29fd679831e71866830c7e101aeabb6fbdf57428846e5', '0x4ad680bd06297458d0181f0d5673a3852a25bcbd82c6b0657ab6f0916937b281', '0xbd469f83c98b07f6a0b6b8b2e06ada3cd896f42506948b2236a931787edc2524', '0xea909a98f64398f006ef14ae76fd795576c20770150fa95842b4454f0e443706', '0x91058a5272f998dc4a0efb169bceb99655eba12d16833642abb530096edf32cc', '0xa9e7ae369afd474bfc3283a92aa24285e0e9f0ae48d8836998ad37fd08b86c28', '0x75bbaed09be17fdcb94a4c03f3b7a086838463b5ce9766e5c67de82238023c8c', '0xf1bdbabe5eaa887f558913ba6a90399c3253f28d474438d408b745b507292a48', '0x2a79c0af51f4c9cbe5c630d8c06322baa0cddba5c56fb9943ed952f878948884', '0x46fd055d08aebb8ecbbb42ac917a5049d6dbb41cd249d82ed4ace09d51b5b5b6', '0xa012d5915349b424a50fedafa942a14fb24e860503575090563d6362c9a054dc', '0xfef70b589f97e7a451545f60341a0798db0f19ac8edc727486031d2746d53d87', '0xfaf924dc5c92594fc8325ed558b6f8bdb1505169004dcd502640168e13ea672b', '0x361d3df3cdc75babd6fa0ca9b5fac5c5806f82a52495e1c4e7ba73b4ec0ee265', '0xb606308413f7745736aa22bbef352e6e05401497c32824d1d27d5589be1b732b', '0xa34fc259bf4fd8b886a617b6bfe92ecccdd3ebe432bdcf58fdd6619463e845ce', '0x3dbff0c6ce7552957cc1a1871b0efaf0b28baf27137ece3df5821b5abab32b83', '0x6a90d88fa16b3595f68da8458af64e17d453973b754570ae65f1c4a1d2682e1d', '0xd6fbc91ea30d51db543bb5d25fd83c1d4fba11c0b4a82c3fda77a4fdd74d39f3', '0x8610dd2b4eb50d12c4ad1c8bd5749f7f351d7ec27389ec77c8a5a9a7b819dc50', '0x25d82d76f604ef9d4ecdb7014cc5f63ce5bc4465d65f094b0baa4ca513ac2b96', '0xa19f2fe3266923c036f91bf2d7fc611eb1b7baf382dcda884963819dd2163a42', '0x763e8c91923be3d788a5e676ac6e89657f28ea1db4e70acdee5caaf88f0834c5', '0xe33f7907bda3e5abbbfe80d4140d4cc4f74038854cbbbd119e6fda486b16b1aa', '0xcb4a279515a038cad4aa3980e624d3cc03833ecfa93258d9cdabc8f359494124', '0x6506e043d1ebdca2a28c385680b498d90ef4e3a1eee3d08ebea5f5559687c84a', '0x3330ba63c7ff6b40f2dd844d364ad7a8511ac67c3adb249017c019a12a3fbcc1', '0x566231b14584b40caa78cc969840aa92660b0089b0db65b209df11ad559e645a', '0x119cc662c82a15c5264656ff1a5603d1bf2dc8da13be70e186295180700d7d79', '0xdb66be645dcce312b1585f6ce4f43ed1c6b08d4ea456644302b5710b3d989622', '0x05b4b3eeedfa08405fd466c85582b433076cf02fe625a74f3d0f98aafc124d99', '0x9207bcc76a5e09a3cac0f4fae1844f74800148e1b288e8e6ac0ccf61a91df977', '0xb4067e6cc6c46096dc79ba5498a30e6da49a6858513e1d8bce051f58deb07d86', '0x98a170f9a742476557b328d195336b3bb1a61c196257a880514c4eecced846b5', '0x5645cad1749a4906e6e3a64cbd866634939855bbea631b769044e8cdff49bd21', '0xc60d49b154dae49ec4e2395f9bb6a296fb63a2d79cb11b506c211d90db976ec1', '0x366a2f60a17232c453442886e348571ad5ac5cb2d79e8c649c04fb3549c3bf6d', '0x9b967e08f39012565042da817f58c5c134c15fd54a0784bc7d1610c8f6d0a68f', '0xe52d3868c08638f5f157f10a475dbad72f280eb5ec2d477da2aac3a75849a585', '0x8d3d1b4795062353c90bf773c67c05080d66273ee943f17ccc1989d2d9156b53', '0xd579e9de3481f74ece4f11a343bf82ab5c66787446761c0effa48d8ac8c93639', '0x3b0ffcb3ef7337d7c8a6b4eda351740d4c12248b5da5b3b324963d918d1ceeed', '0xf25ac8ebac82221c14b69a0c57e2a485261936d5d72bd7563b1bdcaa666ce65d', '0x7305459c3ee252755b0c750d8c62330fa4f67282a54756f67723cb1bb99c3b9b', '0xd894735b1970b870d41ec66d6b3919c63560028d9da7ff14dae68e4513ca7f23', '0x734adfe709c1efb21e0fb87582a6e04b7c1b16a2ddaa229f8aaf09a69db322b3', '0x91206a76716f115284d715bdf40bfec4846e4a720e1b9df1ab208150ec0b7e08', '0xc83aab1794db2380e6756b6a7b366bb22a1252886493668dbc865e6e456f6e0c', '0x31de06d8861231ebc137c0c69b95e01e34176e238ab4a9ebd8f11ada6b50a4db', '0x6eade4a31ad6b87e1a7fcd1d3dac71afa60154bafe8f5884faa8fbe6cc86d00c', '0xcd690e92b1cc55cc46fa01a7a33f16eef58847a03f25fbb4ef438bd6eb7d5f50', '0xb76f30fc202647ae77713783d40927b3611bcb2262cb407ebe20b5194208d643', '0x8c660602b4138e341a755e0c6a343355c55a8272f2b4350837202223f663b99b', '0x1959f078e526439cc6510c9e86b81e0586b73b6e85aab03e131170a2b3f657df', '0xfa812480c85fd1e2b813266689a6f9cd96682fe67727b3ba65afe42c8c3cc5d7', '0x90b04cdc9f6273be5fbe93faf27e30beb98bef90781fb845f119b6c99427a6ba', '0xe7ee331180a0634ccc4a586cab7f8b9c8f8e97a0c2c958126feb7ae6fe2ce348', '0x19ad0ca8172e2ddd27a0038693cc32c1b1c73e6893b1454f60ae836d7ae28abf', '0xeb8aab3dac14cd56e01f0f824438cfbf71284b3a38f1ddcc9ed04ce2c067c4f6', '0x5a4c797f6c9e1183f0cfa7fba382043774fc6f5545a46f5a8663c4fd2d17f16b', '0x7b97066f1bf85a44d97e03c90758e530d16c02ccd7bf2beb9cb6859833536895', '0xaca0de2c36d6ea9ce9b180764f03b056cb9b3c37367a0dd3faa1feee6dfc5c7d', '0xfcb09f1c72655c42acd0994ce093c818be7dc8685fe26a452c34013083c94634', '0x015001537bb5f2a476c447de644f24144951a1ebec6d74c454ca77ae34ea46f8', '0xc7f478912db10db6cf9a5c02bfc1aeebcb61100e99a87b147420eec7f1ca2fed', '0xfdb94953dfd37987a62287aa2102a2aa024b8dc2449d294f9afd40e7c0f64409', '0x55a8fba8825542604c6fbf3a4a110fe28fd0ea84849114416650dd7c1f84ce83', '0x8d5acd9c744ac0d4a8a78d461786af2e5e6fc8497c3149bfb169e80486492709', '0x8b9e5c9f4e191a11838c09aa1276e58609e8995ffc3b7b700ca788b20ec47715', '0x174e0b675768072e6d1bc43baa9c535835a18dd0087c3562996545760d3746ae', '0x31ab5501870987a976f3a816701bfc896a77c13cf828243ef827f8f02a0550ee', '0xe7e33970d76e4fe4b1a6ff8045d1d83627c720008d95f09a3afb315a187c43cc', '0xebc837f6a7abb55584f79e574577ac88a206ac446a3d9a266c6d13e570ce3ce3', '0x65822390760cf2e50b468a561041c3fa4e1edeaeb867785b96858947f18ad390', '0xe3d22c3b58d0bc5271963a5a3f0c181d08ffd8fe215928e57651fdeacd6aa64d', '0x72f84dd6aeca5d05a7c103ec99041023b9c8dc6419448ce94332716abd304fea', '0xa6248b713f9c4e369d6ca5cc60d39a4b576e9c992d8157690287889609072b06', '0x3a0a64fb5cc9ab2bcd9f579bcf6d43f28d1f8f1d7898ca730e5bec15eff074aa', '0xe191e5cbf7438207a23e04eecbd9237b4b6886097f2a6878ed612346dcb44e3a', '0xc9be8782649153aa9a223ffce93a641ef7d449547a60d7426729c3b14fa93408', '0xb5d3d8e6f5454aed94008981abb6a1997b409c959a75b9c2edaccf2d84ce933b', '0x550c9f723210aa946f1d8cc551514a92c92ec0bed21d55e1b6e287d39cd55556', '0x18f4527e905c217adaae93f4beb946e6d5105045e941fa592a649de4ba1fc675', '0xfe1e2e7fd046f32b59c62b730c4ef1ae3ac21ef592c264ce8c6c9a2f528cc81b', '0x2d902db37a07ccc68888d6dd717dc3895c27230f514535a436a2c01cd32c1721', '0x72d88285db58156e296b6f93de884d532545bc75ea57ea867a0eb68cd0c63771', '0x55fcb15824ae4c8bcd58d4dcb324bcc148cfbe20e00436a82f2f134e88f965f1', '0xea15442ebea3fa657a77d5eac0d4108c001bd0ea64d9b0abcf3f68c74a888323', '0xf1db2ad2264ba02f0cf98de0c97755053d3965ad72ecfa4b3c7406d9d50f1d20', '0xfac9cd14fdc019a06002a5531442cb7a2a6b2ff2e8048865f22bda3253de8a76', '0x46ec285d36e3e562d72d845bd2e2df4d0cebaf9cdd4471ed3892039c2c1f1a61', '0xfa72fe0154782044c193288521a12325278aef4df09e86014e790eeec3fd4c66', '0x6de388752201630b4d644bacab8bb51fcc13f338e2bbe7e502e405ec1b775f59', '0x871d1bc2a2acfebb1d909c1c88c8076700c39bcf94272a25b94fc3d1dcecc1cc', '0x831b3a139e93ca3f67bcbba1784437b99ae0162682f6186cee4d82fbb726f20c', '0x5ef3d2c30bce29e710e21264b8227d3cb90e7bbec82da14f1355f077e1383cbc', '0x73c8716beaacb0a222888f8358319fadf77d357cd96a0ea84944298f5b748dee', '0x8c6fe96cb27d9066449922f3a5543e76cdb36701136bb3fa4dbc14a2bae92e3d', '0xf7436f25422a3b708b22bb2a79ac5c42d1b1325f350a6e2bb2dc9e96ff49fee5', '0x02c20d51f5b1b8a5695f3f406d699be787b73349ecb0d3f465582fe510c548df', '0xb56803918604ff916ecb65b4ee8afb1dd1dee09af303895fcf850e80569d7794', '0x9acb3f41338882cdf5a0c5f724aa73c2d9f486e120a9e58c5e7da7ea946e3daf', '0xa651458bfeeae530a838e15b0c9909fc585ad5e357216fa2db39d7dee7503302', '0x2f903bfee43fe918efea8c92aa46d9269583aa90be0800b62f2560c8f2e22ac0', '0xd1e28e093e04db854b1d81e90c9436f277e1eeff5b867735ab9eb1618e1519e0', '0x4d082bb78ea694c6e5bdca825c503870c4a7c764f28e6222fce919f6ee0f973f', '0xc2cae6b819a75df9283522dbb5e88e8f2528cbdfadf19ba7c6c2e72663f482a4', '0xc69a58dcfc68202310b8ec27336889ab89c039cca2ebe8b5699525760b1a019d', '0x80acfd37f220e947804b93b9ea0d68d1bacc506784bd5b1e241f6b8b1a1d3d29', '0x8f2a3a800ccf17907c4b590ebba7a751ee4fe2df798c95edfe5ca7a7557f1dd1', '0x8ba240550d09550a3578ce396cabf798806cd8a7e561eed771a83dbce0c18a4a', '0x43cd3645bb966d7064e9f5bce5c3917b9fb0e88aeed083736e672fdb2c7af72a', '0xb9c24f8bfdde7774408552d0257491d4c269777aa0b6ec4a66c63b7dcef6c436', '0x0a5e65571d15b7d95245b990426948337ca78579357b8e2c29398975a3dfc90e', '0x94b4c3bbf6ecc85fd3743acf18eea765075c86b335af8da844a6fd4c738d7eab', '0x1c24dd585eb7be78f790a9535ce9fbee17e8d7e83ce23748265127e24ed2600c', '0x9f1ac59b6154ea626d8bb74774c99c690ece6d3b43b75f4d58839b357d9094bd', '0x868ce22a56293a7efa6f55cdd304323dcde02565f35710d011b283cf05b4ed27', '0xb159cfdae5f6f5b0d682c9c28af01ddb69e2626e42b33ab59ebf82d97457f2ef', '0xe67947df3be3e42ee66d274844540d6fa1592e80d353c6a8b1a156a121a0544b', '0x1fa0365d03a792d17ab408233a5ab9c100a2b33a765529775359c1bdbef8e7be', '0x54ebaa2fdcf346425bfdc3db65c5293552278e45c53b9b351dab07f81cbf3ce5', '0x8ff343e6d0837ad241b979c22f74b7cf2edc47b46baae4efb9b2c58ee7f8a695', '0x1f3a3480db261c5184f77fa61b36818036299e19c77f30f4c4798c90dc11a2dd', '0xaf80510fe629e9851368cdd947b5a8fec61c654622c59c139d56cecd7e4039dd', '0x8b4748c3b3f90d59046d033cd55d3dce6e328c88b37e1ba4501d5ba67c644f2b', '0xd7244146933faf2012ddbb3056bd40c9aa591d979f4ff2f25e93f1d08a607271', '0x724e1dcde68e2877abd0a31eee055ab3b79d4d2b2c16d055178b7df3e6731812', '0x6bca170cb601d872248b442ffc3977dbd6d60bab2b1f7134a41952463d151609', '0xe988bc54d2f33ebc4c144e549e01b3014fc297c3341f6af4f0bd5d7f75a0a1d9', '0x58f29863d0116affc03234da14d6474eeb7f22910378361ef50052fbca37cffc', '0xe728dd179d7a117143fd5e67f1a47d624e6ea64514dea36b9cbcb4e78220e509', '0xd03fc54c05962effac86701ea9e261d8f555943f398f728072c4cb72e49b4c34', '0x8a2d02c64e26285c4c287c2935b89bc727e9f51ca97f194096f8c924bc61ebbb', '0x95239d7065818df1c62519df9241867f59654eed1cf7c9f9173abea3a1c6d3fc', '0x4eb1db4867ecdaeeffd22d690dd99197390b87b318b488419412fac5ca578fd4', '0x83ab1c6e8d52fe99ca4fc414a88f3a4ca21540102517300afd9dbb93b7d5d699', '0xa3cdd68b0383174a5b8dc4e0c776e6a8f240fe65c7e4b42a308fcf8b67bb4512', '0xbe7eff8ed0c310c7bcf4b6aec862cb5e481e1904d91785f81c77eed332fcbb5f', '0xc0c37001b2c2300889da70177c36939e174f62924e76234b92b3d3fa88ad329b', '0x4d1cf0ede35ee7f8e0c131f2ff89888692c0ffc99bf75d353bbed1405bfb4ce1', '0x5b2a905173ac9412f4c071e9cfefc069efec0bfd08db644fbff0795de7367ffc', '0x736a3a91b06468a76edc1f1b666954a860a768f9965e9843af1da6b469fb52b2', '0x0534a257d72f484c3dab250622d9c85e90c39d96e21206eacd51ecae71f143ae', '0xf62809cc891ac3f1a392acb5a21c38cef528d9fe4e486bf06011c57698061d7c', '0x8c2aefdac89e29bc89f8086ed4c8281efc02a938ada24c6e9723ce39447cce6c', '0x590a578b629143c0b52b78e3c6756ebd936f8cac7097a20b3eec695ec0674459', '0xeccc04e1b189384829a108d98f96c310e6437046742b7810fc1fc5c5da1fbcfe', '0x49b4723cd66e67eb222d71f320c566023a8da09b60e1fae8be55ff67976f74d7', '0x55d40a95ec8a4f2929674574290b87a34ee6b7aac8f44ff283868f3c23f6e503', '0x21df05503cad075e4915518a218d79e11ad74f69799f41f218d66e87441d3f2b', '0xfea5f3d1233188a39410b6550e8a10087fea05c2cc8abe5231cf09288fa8ff05', '0x734ef880b5f5d38fe66ab0c1e37beb6365625b20935d1ac12bbe53f5a2bf9d83', '0xec93afb1b9f53978fb5112e9fdc2b99fb1d15bcd23890412c152a125ac4b5c13', '0x03bac1dcd5d50a4e5b144f28f0bd6a399c825ff9887943e5c6927d3307848e06', '0x277233925c953a3ad4a2f559ef311b4fe7447f3af4aaab79c0abac4d26e564aa', '0x8a947cc005e52ef8374d2e6da03ecbb2f10c6827b97151f6228e2f8087e36f20', '0x4b7de67e9675d18f21e6fe99ed58a39a3b2b32e3ec997d84c330e97e44ec2799', '0xe6e995fe66791e78dc679c9d6b5fafb968efc813e50ea8d2cd674c7e485c6082', '0x87d5937c79f4e8abb48068e4039602c1d206fabfaa12854c231a457b6b34f4a1', '0x00c01e4349dcfed5759a5331d234d38adea8a613acbf157985a55cd89828d1e0', '0xb2bc115e90f54c1d33bb1f30fad31fde204fbef48e330244e982406198b4800d', '0x865b811e856b9cbeb4884b5ad0b1b4ab776899ea8cdb197b012a9f09add84d6a', '0xac98fe78cbd38fa06a3d05f34575ef6d87605f7359f9184cc6cb8c29953513ac', '0xd51415b98dd33ecb908ff506c753224eceeab4b2d6fd3ef267b4b23fe9fc60a3', '0x3d99bbd8077b7205b08edb2339b697298dbeac1348471da7d138125d5e51053c'], 'transactionsRoot': '0x850edc442f09e196406754c6bdeaf3286c6af0fb898274e0771653d9dd85b02d', 'uncles': []}} (async_rpc.py:86)
2022-11-28 18:11:33 [   DEBUG] Getting response HTTP. URI: https://responsive-convincing-aura.bsc.discover.quiknode.pro/3e7f242edcfec9ca1a36ef544cee66362af95baa, Method: eth_getBlockByNumber, Response: {'jsonrpc': '2.0', 'id': 74, 'result': {'difficulty': '0x2', 'extraData': '0xd983010111846765746889676f312e31362e3130856c696e7578000040fc9c6762cac98518e2c406628fcb3043e7fe10155d60bbab43fd8132532370156a5a894286b142a35786e5614f54449567b66d921b7ef09a8c547c7a1246eec1fbf44601', 'gasLimit': '0x71fca76', 'gasUsed': '0x53e981', 'hash': '0x6e04aa301bf9aea3bb6b16beacedcfa353be5265e04470a98869da5f4bfdc6e5', 'logsBloom': '0x0130820801000053080c00408021024800822a008d1009210061008000000008010900c0c100040040200400100a08020020c11020204000011c0086112230024000828c03386400810243090000403c2019000810014000020400828001050020a80062020201000101440098028880181018080880a100089026100006200920809140014000811085400000000011042c16050802842c3019814400804232b20010008128800020001a850a2008000a00843040220200000082800200802065100102000008028800000014451615a002040021800110080000020482a01000125c020420900021000048010001800081824000c000410c0024001a800048', 'miner': '0xaacf6a8119f7e11623b5a43da638e91f669a130f', 'mixHash': '0x0000000000000000000000000000000000000000000000000000000000000000', 'nonce': '0x0000000000000000', 'number': '0x1655caa', 'parentHash': '0x5aa101e0f23f10dd0a85172ea17744f128870b867a75ef7bcb282f78682eb438', 'receiptsRoot': '0xdc5067a976079cae1c053dda41c7f9d73579ebafd6e30a489ba4a678c3da3f08', 'sha3Uncles': '0x1dcc4de8dec75d7aab85b567b6ccd41ad312451b948a7413f0a142fd40d49347', 'size': '0x1dcb', 'stateRoot': '0x29af22ff13218365affeb9aebf0f3fe78bc0a6a694c0395d0c4655e472da3daa', 'timestamp': '0x63837ecb', 'totalDifficulty': '0x2c6728a', 'transactions': ['0xfb73084568c4d031ad6227916e5937751e29e0715e9d2d01b35534c82540a7bf', '0x8a6a660ec314acf935771b5f3ce77a872a8d294ae4436ea59336c3bb4f9d7dcf', '0xf71eda9677f66131c5981cea953ffe0e3be22555698ed1163d1bd4bcab84990c', '0x87cf2c5649220e0294ed50264d3cf063b249a2c852975663756bf6e8bb42cc0f', '0xd6e3729d7f5f9afa1bb9bcf1fa86823e2ac039ee8793bc974ff54a0972d3ce10', '0x2016e1ad6b1de788df9134a15a77b3005dbbbb5bcc7afc2ea0c528acf8647e9a', '0x7c731278f1885b2577979c5aa9c22b57694266297b82dd90d3269aa5f1ecec0a', '0xe1ec6ab6ea2439aa7a3c2a74b54e3d7ceed40df87b9b02cd679555da762b6780', '0xde4144320372801b9ea2a06d698794117432abf40b4dce2826fe980e5a10dc26', '0x1b1705799c80f8b89ca301c490c1e88de7dadd8dc8cf7a9e1a458bdc3e10c631', '0x9fb085a3fbd0a8f050a6403a8411a2929c4bd78799a169071589a06069268e3d', '0x55260c72ca8434bac839cd72defaf14e3b7a26faa8e90447203a1fefce7acba8', '0x0be2971bf3397011f04bdb6e588fae9891159578dfb8bd4f71e813c7955e233e', '0x67e282e60debb8008c08800be75c05cbe449682d2e7d174e683ef2b56e29466c', '0x225039c11839078ca8181e5aabc85458406aeff0d9f0faf1ee0c69c5dff790e2', '0x448bafa2529985e11bb80d1e6fe1fd87e8a80872fa76490d5a493b7ec79eaef0', '0x6c1a88e2189a12402f81f62bdbc1a68518a47498b4e411bcc6af8b11e307b76b', '0x27ce3aa03b9715184e9680421a241c4128461a4ec189732f7d0889e03ec51b76', '0x66784a893924c1c6eb1649910e8ca227f3b73d10658761f9f1a33ca6e1201fd2', '0xf85568c1049be6131e866015e632ae68ea646efca569246cba9295143adce673', '0x0af651cd6801533975b89d0de65eda21ff93244eaf5ed676799e2c514b9c57a3', '0x3a76df4b1c3a7971654c853acd8d0d3cfdf3915a28411bc47b76502460151881', '0x76543cea8f560dbff9df3bf6afa25b000ef82f53eca8e9a2dcd41bb64b7900d6', '0x2aa84a917e0d09a7fd3d1493f84d9e782c01aca8f0b21c0a2be99c3cb691e251', '0x30ab22a25ff95270dae810fbf46b924fc57a95e05d97797deeba9b829d90caa0', '0xd73082edc39039e720bcc322bbdb9e02d90695ee9a9f6708d8fb6a1e55bd6f39', '0x742487c7de40f29042f74b79c2cc55f5c1acba37209711ee20983dfef6ab5fea', '0xca26a8fe4e13475458766b59fad2cde8131c21924f3c7a0a0310b30868b524ec', '0xc3491b705f03af67879f64127abeec293d9792e0a91148c5311fa45bc9b2d24b', '0x2089e20f71f1446fee0ce5512b7898ff84d6c7e5b34dc44b8c386c5b35e26d9e', '0x91fb137fb14823b6accc4f76dfce0084dcefaec19ec613cd7a845d4323878184', '0x84fc4713c7f19e2490dce9e075f51deb4de458a03a2af9ca4d219e4250c6d0ef', '0xebdddeb83bf0b28ed2eb828d4b70e5ca3f11736b6007f8cb5e338482c26ccc25', '0x99c4514a40d7b41a77773fbec10900520b6b1f6ac8a1a2e7736377da78e9d51c', '0x538bb496a0194cd763d966ccc10d859dd02fe2a0bbef27a81c1142c900fc78e0'], 'transactionsRoot': '0x08bb08e3f52cb36b56782b08e84aba0f5f462fcec67bae3a0ed814b1b5f205ac', 'uncles': []}} (async_rpc.py:86)
2022-11-28 18:11:33 [   DEBUG] Making request HTTP. URI: https://responsive-convincing-aura.bsc.discover.quiknode.pro/3e7f242edcfec9ca1a36ef544cee66362af95baa, Method: eth_getBlockByNumber (async_rpc.py:78)
2022-11-28 18:11:33 [   DEBUG] Making request HTTP. URI: https://responsive-convincing-aura.bsc.discover.quiknode.pro/3e7f242edcfec9ca1a36ef544cee66362af95baa, Method: eth_getBlockByNumber (async_rpc.py:78)
2022-11-28 18:11:33 [   DEBUG] Getting response HTTP. URI: https://responsive-convincing-aura.bsc.discover.quiknode.pro/3e7f242edcfec9ca1a36ef544cee66362af95baa, Method: eth_getBlockByNumber, Response: {'jsonrpc': '2.0', 'id': 75, 'result': {'difficulty': '0x2', 'extraData': '0xd983010111846765746889676f312e31372e3133856c696e7578000040fc9c67512b53d656d45d7a9ded9d005fe3ac8ac958fbff3c96f15a8e190e3ea3691e7120fda42391cfbf4703ba73b247e040718b5d4aca50ce4c5bc32dbe4700b565aa00', 'gasLimit': '0x726ea3f', 'gasUsed': '0x6c1509', 'hash': '0xcaee7e789a96e81f6c03b6d72e49624429689f756158b9ed6fb2311c5a25c0a0', 'logsBloom': '0x883b565189c051b2284400ea8400140420021041ab90d58a0089000628000246a84c629407401001410030840888275a802045800048310a4100204642ab300203802e400348530001c861993501062868501c1820497e1e900c8010a089050d5300102d420702ec804fa4032164a8a36800404accc125145022ccd8578a4000223131202ac21c0008c706b480040020022f44552176a00827355041000c5a204a1010034804b3461420208c022a4da852a444a04492484024688a60def2880c5541054ed50c0a020082084102c459c030c93152a998b030440000120100a4140c5060bb203101201380a0612100a0100600862c075028d61c0088010ec00712', 'miner': '0xcc8e6d00c17eb431350c6c50d8b8f05176b90b11', 'mixHash': '0x0000000000000000000000000000000000000000000000000000000000000000', 'nonce': '0x0000000000000000', 'number': '0x1655cab', 'parentHash': '0x6e04aa301bf9aea3bb6b16beacedcfa353be5265e04470a98869da5f4bfdc6e5', 'receiptsRoot': '0x81ac0257762bfd6eb1da54d7faca541249055cb804f334bc6a52c2f718428f8e', 'sha3Uncles': '0x1dcc4de8dec75d7aab85b567b6ccd41ad312451b948a7413f0a142fd40d49347', 'size': '0x4fab', 'stateRoot': '0x182f9c53789c94ed70ad4443087d7e64d4acd5807408c7d749e4959275bf0564', 'timestamp': '0x63837ece', 'totalDifficulty': '0x2c6728c', 'transactions': ['0x03b55fd3ca976213944101380575e9f5383f79b526e5c4ba6ee53522210f6207', '0xf047f3ed8a29c87da02ebced4d12a1a7609c92015ba261725f5aa6ecb08f7228', '0x1bd29643a7dfefd39845c6a38eb66046fe9cdd1d53ed14777192dffdaaaaccf1', '0x8c13e3fc8e41263ad42e06ae71fe3ef82e89824e2800351363053101f46df2a9', '0x77493718912b42063247d30f8d3068549bc09dd02ba8855b61de7816a8d30bcc', '0x74b476f054e7dee6dcdd0faec0a61d72112851205b50767846dd72670e109a21', '0xa5b594e4d9d4756b0e72c354d0385f040c02cba1f15004b9c4c3ba3e36a4b4b5', '0xa0276728eede1b6c9e3681367e543faec4c5d3831bf541374934412566317d22', '0x73f528eec15872a727b8ced2a27f7721e10484049c2a75dd7bbb8463dd7e275d', '0x61c87d9ca3225a7c733b3268dd2a56145bee8a910c63f157ebd923c6c2f1a7eb', '0x75b6da8300ca5227496084bdaa7c936ff140ab518780e226d1d7d16797489d52', '0x966e7f3e91de880bbd931035ffb557a2d2aed618a7945a293507966b7a4ecd8e', '0xd6960234fb3dd3f879e019095b9616da2a29207f52f37dc3573cf8f19f328c4d', '0xcac14f9719b886a86b906e9a84e601023368fede92294e477865adf76dbaf05d', '0xeae2c5afa52dd78b4b84e5eec08dbe11bc3abb331f36f3bdbde5abe79c574044', '0x29679dedc4a99258f3c002f49026c4e2de40b32bf867bcee9d5e8d27a1bcfe3f', '0xfd85a7bd244407cf198e195d4cb914fa43d3da44fcdb304f34be5b3fadc8388f', '0x7fcdf60032b033303f9c4fe1b97a6b2a4a64a760de09eac21a0300d2b3178662', '0x682d918f2b2a8dd06637619c85913186d978f68cfc6d490718d27c98dacda53e', '0x8b8cb5e14c72b061fc750c21cecdaddc51b6c2b79325034999c1c5830711411a', '0x9cd521253c282142e06711f6661dfefae197fa1f91665d478f720f6dcdc4644b', '0xf88b7af7e760ea0d135387eaa8e9fd0716a6a21edf12f3d8fc6c16a709e25a69', '0x17967d630d9e6280ccb9702de065fa347ffcfdf31a5c112e4e798938ba515efc', '0xa13937c04ff07ca03f8fb8594726ed98e818277b960f0ef75894cc851f5d09d9', '0x0469d273309e11699907b28b3b7742f496aa664cf5644c1f83c052ec54b54db6', '0x9f9d45a327ec4434f242a6b1a1dcadbd42a9c7ee27bf1881a5c96dfcdb838a18', '0x97757f3de4746edc1a3e055c8201915e44b15c9374610f5f9d33d4f2da0f74fd', '0x4776ea7b636f262bfcd66e4824ad4e967a3db87371a19f75c80e9da2b661c896', '0x227361a2d687c083ed70d34f824fd03ed55ab2c31c10b022f78b7ef3befb8b82', '0xbe4bbdd3ad061a5c7cbafe72a51afd5216b35bec5f2ba97e00967e41719d10b2', '0xc6c051350ed8842f93c7a5763e5a53657c7c1f7a62510e7c65232fefd4cd4996', '0x0ed2b87cbe92c1f81a30c69fa63cea3bd25a8682f516e96fe3071a5658c34839', '0x048e2b8d100a2dd494cc9a74cca002a7a0805c8e8dc21caad6b7f1d1e7d6f728', '0x5647c8e0f28b122f69220d6f00bbd0ac1c412fbed6ef172eab235c46a50a8761', '0xb6a820b341d3dbbc9f2af8e48162337dc13bedd994415e8ab1a7760a49154fa2', '0x9f4e7375cd7341cd26b486e8e6647b6eb32b656b811ae4ea4f079253eff3b92e', '0x95646ee6be96ff6af2116585458aca636b27d3d20ba20e3e0e88ecf29f24e464', '0xe2160ecd1133d53bb7a8303c54080f502cd3637df35729a30173368ef2c5833c', '0x529a57c776cd298bde441295539406b2d918a69b4cd6d1c434265b1c67fb3acb', '0x66d916be5948cebce693372462e1b26f1dd51b5ab35ebc33df09e61d8289ff07', '0xe36d25dd5b2fe72c410e4d7818760ce23a8297fb618b169ad3f099157b4e0cb8', '0xf83d11a7b3ab4030ea4233f76a04e8c3af361f987c833dd5765f0bebc8226094', '0x90b6b3ae089b0206666bb0ed194f836c7ae94c11d71af5610294af53c5b7f84b', '0x6f880a99883d8a9b92e06a507ff5ca35f7383a6b63222a70fb0f305a497c02c9', '0x478d2a14a60457f7f455cb1ad35f4805f6c605798b62e309774e8dcd65873e81', '0x9b78d42223f2575656034c116c1885a21e1ff8641192e55c4f6f3fc29b3b20fd', '0xe10c5806402d9228064e5c2a08e21613340451e47d144ab6668ae27597c4c4cc', '0x609e4440d6835ad429821bcdd1e308b40b00a6a8eacac371bde63e43c7e98832', '0x29401d8e18e6e9db3d65f3a4dbdd775e7a7ca4507e0a84758fd8584094524256', '0x2245a27ab476df0ed6e5a1ade823111ed392761c59f46c856e8cf179e29b13db', '0xadd5dd52efa5b5d7f5a7e01b36ad3695c27b1974e0b8ecb78503eaf98bf3e5f0', '0xeba4e26ca0c528f1b3135f863960b2307f4cbbc8acf39473bbe0cf93d7b57966', '0x8ed96e3a1ee658c8ea662edd08695688f3c4f1ccd398ee72aef1975040749780', '0x47a395b9c354198f81ddef14b2495207aaec24fc37d5b029c3e921485c1d5447', '0x2518b40a7d2da80ff494043b9e1e0c1bf736685c2785d4033d5b169727120e74', '0xc03b8d00fd1008b990029622572f3054b4477921d39e31e1f4c9e3d03fbddc5b', '0x5132b49f573a4b53a8f412456dde38aaa0c4ca876b00e2c929d61e286069d075', '0x83bae751e07fcd78789be91a93042a3c16907128e277b63bdd9d7892b78fe0ee', '0x9e9b390aa067e283cec2b26de0cabe64c7c3292204c52bb125f2d09f936d6d8e', '0xefcab6e8897aefe1f487a23062a8bd39ba13441d60f6f85375ff6f9db5492982', '0xfaca0a6124de3a9c9ea813e37d8ce954260851f7fea561e32f099b2881773e7b', '0xb999f0c61ecbd34126cae10cac8fcb1ce37e5bcdc8938f4cea18538a2ba28189', '0x518d97d4dbe6abca4bb56bdb62d3b6cddf6580fa6873db3b7fc54cefc7fdae37', '0xc8cc909c5043c5052dd8188c57d6477d89d65504bd3112f43a6380a125d10312', '0x9c2bcb2789077a2f849dfe6448e621951660085aa688767297a1d99c1faf9b14', '0x1c59c945556e1034bd39481bc1a6e5b8828bcf03da0d3a97b5f871b2f69ccf5e', '0x3fa1eedfabfc451d3f9c9ec02ea8b25f9bc0860375a8c93233fa0869736efb04', '0x1b232534ec73074cc48bbdb0715b4b91d85d690d90f40e835eb1e67e963f640e', '0x848db806b93e45df65e62b4668ee2b29cd419cfb1bd3e40786301dea1015f4ee', '0x20e7a4c0a400217528f45c327abaaf6aacacef37df104517261d5c5e5116c427', '0xdee50a9555bdc39738738ee9d2c63d3bc7af64cbc46f6fefa428da1d5754f19b', '0x5624108f4f68f8e6070919470fd58f43d7bf9d957c45fb522ec9951b26dd17d3', '0x58b2a5ef4d35ea5907fd80395b3c3e63ba1039081f37f3d27e2b043b2d2e78f9', '0x74ea129f8fb09979ebf6457aa270469487f958e5d7300e443902a11dbd76bfdd', '0x69e20178b00546e7b495021a4e8543899c55faaa6938c8eb0c0961d4393fc1c6', '0xd6d4371082b27d0c9b9d3d992a4778a8b68665d99897d58877198741c93e874f', '0xf143d8684e2d917889e9f5feb4a6a770cdabf3bf6dd669e977032d275e87e2e4', '0xcc2535dc114897d814bce3e061caba725a9b836f6ce3c665894a39a194532a76', '0x5e3ddcb65a6080eace96e62a686191164f5b8e3f3a48ca5d311da8072ed75255', '0x83955896a20388feb9757fa87528ae110db985135b767baa7a0f2b4e45bc8e8d', '0x8b78d886f3fa437fc649bd8d72f52351a617af329cd11c452d93bceaf3ca6d33', '0xc36b89fd8eb1a8a24fdba9197fa1faeeb9064ca4e94e87b602693caff931d836', '0x15ddf7e2ec036decfe703b0cba4ab3154a4bb30c156d51ea5e8c4e1dd3261ed9', '0xf2002ecc4f92cc109f6b88e641f4ca94a0a551976f0de7171af6fc2bcd3cb626', '0x7c857697174fbd665e79b221bd4be29ffaa18cc47ac9a5855f536a22a0364efd', '0x9508d5ae39ecd5179d6340e64d77d8f75834a48eb0f4848072fa254ce5890cff', '0xd3f3ac46ae0330222a7b03cad937a64c7d1537bea6a1fae9f0d37bd69708787c', '0x43821c91260434860263f82ae59aef0c0c8889b3a9d938a898eab622496265a7', '0x62ec83225e9ceacce6df5986130fe255aeaa6b899cc8f633964ef2d9c74e3d3c', '0xa0ecf9ccd49ffa647f2d5c8e921641551c5fc3c3de35d1cfe2ec10a97521d0d8', '0x762403ea0c4cc272c220c077f4a5affc36c863c0b4e0193ad88e03c2286d4ae1', '0x8a8d2873f6a8e1b1740fc4c2ada8be0474b729609d9e6932dae7bee47191d6e0', '0x753204c436ae23047dbed28f7f29643c7548c7f992cb7d6afec6d129f5c925f3', '0xc3150cdb3208401b98a6ab16af9e98899dc2b618359adaf958be2f34d919908d', '0x5dc1e13ad25d020e5d717c979fc5093fff08b22ac521feea97d8938aaae33f83', '0x68eecaa7016a6967bf9eb239d2af9990ddf62d9bae4282a6d1cde87650623d65', '0x91d58879b064cbfbbd55a5b05616288f23655d381be1b9ff7bdf47be4e66fbaf', '0xa7c6c0ba6548f0d11085e277d32f15d7b7fd962cc473b07f0d9cd347f6eb9ff1', '0x1eb724e9dd18af9f37fcd912b83a9bf275242d092ebee089ae3a9870c7b92983'], 'transactionsRoot': '0x318051fc12c28d428f8df38a75090d188d18888fecf51c0e3fc5db958ab144a3', 'uncles': []}} (async_rpc.py:86)
2022-11-28 18:11:33 [   DEBUG] Getting response HTTP. URI: https://responsive-convincing-aura.bsc.discover.quiknode.pro/3e7f242edcfec9ca1a36ef544cee66362af95baa, Method: eth_getBlockByNumber, Response: {'jsonrpc': '2.0', 'id': 76, 'result': {'difficulty': '0x2', 'extraData': '0xd983010111846765746889676f312e31372e3133856c696e7578000040fc9c67d84b89118f189cd32dd2cec066160750358c11a60223412b8639b23f0252476407b023ad16b87128f3c34a23b711df73b33892c9a6eb5044f5c2d565151ac72900', 'gasLimit': '0x72e1128', 'gasUsed': '0xfbe371', 'hash': '0x0f996aeaab398ebd5e171b599d3354bea268c0100454f6a34ee6df921bf7d976', 'logsBloom': '0xa4a003228de973f84c9fa16f94c20828d093b9b28bbab6a945b0c15d66517362888f0ae35d449716532812bcd837fd29c9ad450b143f036ff3470022002231b88e3b4d5308be8112a17a8ecf18406930ac1ed82137c8ec43b4a73702bbd1c6b54f123da39a263645c4b520449420b8f95ae2c7f1951b45b2ac6ca8b94f9a4e8118717b2966bdddac52cc4df61f43deee88771caf5da2969f67402bc144a4fbf89309074741b81b14ac03a0d10a9e8ca9a73d71a14a72a93378a26e6cfb579aecbb8dc51f1a3d789b00229205b39718e0299705fe9b418abf6cff16eb7421fcacc6fed68189d7638bbb6fb1d69dc9e2d44b901469db7e88ea7b237455ec74f1da', 'miner': '0xce2fd7544e0b2cc94692d4a704debef7bcb61328', 'mixHash': '0x0000000000000000000000000000000000000000000000000000000000000000', 'nonce': '0x0000000000000000', 'number': '0x1655cac', 'parentHash': '0xcaee7e789a96e81f6c03b6d72e49624429689f756158b9ed6fb2311c5a25c0a0', 'receiptsRoot': '0xd97b4a00231d60a123aee8e6484a1fcf19c439c2b0a8fb92e8c07f5586ccc0bc', 'sha3Uncles': '0x1dcc4de8dec75d7aab85b567b6ccd41ad312451b948a7413f0a142fd40d49347', 'size': '0x84d2', 'stateRoot': '0x91657a2f2e0bf072fbc67cdad3bd4bb6c27009e20f8bdc2b7d8e1d56bbab718f', 'timestamp': '0x63837ed1', 'totalDifficulty': '0x2c6728e', 'transactions': ['0x9f34dc47d19f2d37bab45e4aba7c235f29f258a2381c96db2292ad70c3c599be', '0x8166e450ef102d5e74cbb0a6ec26d620c997a7ecb8d18001e984bdd45946a403', '0x86333c7f005baabc37e5cb47831cda365619a3f72827347e6f8dd529a171a4eb', '0xa00a03d71b0c8194532b968bd3df135b077574d578a4f6d7e093e2688058d302', '0xf4a4daaa41b57d301bc1870cf800217b286ce98139c0f7862645dcbcae53d733', '0x56295d8d4e890961ce2877c02c5e95d3742fd405c4ec93718cee70b974dd9f22', '0x951b121a07007f1b8a6846b564bf8e22c80dae28fd79b1436511b9c554319d5d', '0x4c3920735d36ac39bc2aca6623528d3b027bee1d95ac5b8e193b7a06258d3734', '0x517b47f8583766d4d06c6cdd1df77a7222edad93797f6ac1fece877d7a3ef064', '0x528352805d92b71f22e4d8bd913f8c266549b78dba6e2047d61a03d9e3ad6a22', '0xed8e063312e8b48b663d1c866de9bdebd946d3143ad72b4d7a0db06fe081148e', '0xf39203d3330760e992fc23fd3f0036a60daa14833de8d05fb5db9fc197bf85f6', '0xa9c92f064db1c6702834d25576dcb80eaa5b103897aa9efe1d4a3ad1623c55f6', '0x0fc9d5f4e57c341ecbde0d14488acca0df439aed804743b5ca80bc13a3b95db1', '0xf1389df8e8d561e84b59e3c341ba2ce79186d01a34e8645f5bfbc127b51ae502', '0x0fc54e38bd7ccc8d7fcca43f8d9f344b1f242ff76f0ea7a9012cbe11c78bcaec', '0xc65ff421130a7f4abd36a1248348dd8f800af9f974dc84c2a355a0babe5b2534', '0xce26caedf3306489dd06b51e420984360bc626f21e8103652ac6e552699f5ffe', '0xc510634f834bcd4b00f93bc6e0d86e9b50f0fdbf32934b906b7109215abdc18d', '0x0a5584943094295726503a87f006785c77c227c23fa6dbe67ff23c5e90c42935', '0x884c2b243370721bf4bbc15e2d81ea2e2ffb837632a9e07f3630c95596004b86', '0xc1ef88c818c80bcc41ddf9e95d616b500ba057899c0908bd429fed3660fad2e7', '0x226ed3d05749d570362399b9c665c810af3b6ea6017204d921493594ca065eb2', '0xe57f511a593e3ab998cfd076a8dc8f6a9532d6cb0423f44496a0ae09a9388731', '0x12107ce9e4782d0b682f0807850da0d1c3d95d255438d13fd22f275c3789927e', '0xc464af1b18b76803a5bd062222daf6db102ed02f02d2a5b5948cb7274ea419b2', '0x41ceaea6ababd7346559534d350327e750a1ac7831f7b5bd3b96d6352baa2f49', '0x7339642c8d326c0ed0b3736ade380b58382f4ebc23baf409f4d51ef5263a8fc4', '0xf484e295d84b0c46b4452e5389607f359a4ddcc99cc8411972ba8a6e1748ca96', '0x95f68de36a2d88daf111d0f35866bec15a6affc5aa626ec997961f362a041be0', '0x4b59e0bdfe989f1e6600e50757b8bae1f2d6ec24a01851d163f7c1fd66902a52', '0x94440738d146f36fd332f9350e7ed8645da9a03b8085835de7dc99c79ffe8bbd', '0xd36bea029f27a6a346f75ef6ebb25045a4aa27c74ee915da40231465a6201137', '0x4236e8454883578cace5bb31fd0294da2d59fa366c274181e4ab32ce9a45987b', '0xc77ad3449e75dfafae423f50c2dde8612202a2e917b23ca5a6bac6f83d28a833', '0xb2c2fa7f647052d91d026be7c3988a6b49231a8ef5814ee40a774491f98d7457', '0x57302e7c5c77bbbed1dde2ec4c7f2ab40ed3e4ec9a65e598b845d866081b570e', '0x4ee3bed9ad72cd526ee4f6691ecabbfd2a963a0215a6ad7e9dbb0f6b1a76ed08', '0xcbee1679e4fd20f987ab85a089534fa0b3be424b4f555539bc20503e1bad2b6c', '0x5043dd5cd61449911f787bed6fe2ffbfd295230f9fc6d7f423fc01ef28c6252f', '0xaf034062aa35aaa8b18a41f63a5a35114c3c495194df9cc0c5eba2b2796c3553', '0xa03138ff03f19bc29d9eb8ae0f8d10baedb07eb4b0bb9a756ada74c0157deed7', '0x79429912d6bc6a34b0d8de14594317796e1cace04760efaf51d2b0775782d7c5', '0x1b1546e26a8cca305cca3008a4c734c881719ce69f2ec91be2af5daf41d3c772', '0x06d7bebc16196dc10a5553b3191e1c696c29771ae96f3d7ee8ef5048e0ac25d9', '0xcd65ee70382095ea57cafd61abcf50b86ebeace2620086ee4a798b942580f971', '0x19a96b792788f5aebaed67108494e1e0fe1adea85df747b2ae6bbe10fd79157d', '0x528dd5ab05e07c9a3e14854813482bd1c6f6468414f1b08f7d56af3ef055ae0d', '0xefab950beb0af3dcb12495bd386f376269250de8e052202c2df32401cf86e28b', '0xe17368f324a4ffb519e8fac84fd3b47c6ea510bbea670cef2037352842860b3b', '0xae5feead7bfe6f0d119f379e9e02f1d0a5d811407fa1d5ec4c05770e270ad40b', '0x3782cdb674539abb0d9cafe365ae2be50ed74660a32d5d83280187acc1d32da5', '0x361db76b59ab82647f80d6b2eeac30681462f8315a321535ba37ebd4174fcb47', '0xdddb09cca97d4e9156189f8633eb131c8570225bb82630abf303434564f48638', '0x85ef6a1c6bc2cda1d1d7ac532034aea29b8c3ac7528a549fcebbe7fa7ad4fc2e', '0xd1c510915d0f8f7205528d022f3cf06d619019abb998b125d90f019ada524441', '0x322e230a7f4b9b9ca2f13210dafae9030b4e39112443fefd77617b54f4285a0f', '0x7b77f48909267dab35dbc7a93a9e1f1bda24ab88eb526a7a0345b6a3196e24d7', '0x4ac181b28c6cd04cdfa582e6dab6be7f3d213ce766f7da6d9076c99f66f5892d', '0x1aec782ffe0cac11e8751fb9113655c896caa4cb43189ad9c8a4146a11d63c00', '0x8591a2f8561487e51fc7dfdcce47a2162caa4beb6a47f6abff26449a3a585c33', '0xb939c08e30176a21060866b5c55dd922669eb26e53d04931faa34b72c44eb73b', '0xfdd16f718efb167aefaacca347d328fc70a5c8a3dc76dfb4ce38fb797965750c', '0x261814f97c9cd5cfe36b405a6e676b31f9a20437f9e368471c9626281cc9c3c4', '0xe4b26520a4974cf6398f6ba71c1d65eb66534eaf378aff8b6bcfdf736b7079eb', '0xcb2b7fedab4998ccf4cbc38490b59b7a18cdb97e67ec771a58dadcf153aeb6e8', '0x69b4cec612817bc340b130d2766627f24e50d7441f4d4d43d35461b0f7ea108f', '0x1ad2cd53de711a4fcbf06de7fe1999fe5a55ed6d3475cd190d8c95ef3b3cd1de', '0x5ee6e0e0359b2750bfc687be242e71ec40da12b9c3f774fcc37044d918749ccb', '0xa79eae01f93033286bb6f93998578bd6a4f62b45c5de819f15ea8bdc272fba6b', '0xdd3ce1f95862409692570614f28cdaeb83a66ca52ad68b943c5be885a9bb2eb0', '0xc4a08a880b33bd8296858623ae82d1f88553e51408e21c558cddb508fdd1baec', '0x7f56784891795e3ff217586b14e32e00d28711dd9f08eb19935fc75ab55b7dfe', '0xdfd87b288c71593c1f18fa14655840f68db8752ccbff02bd48f52f2e2e50ada2', '0xb1773e28d717aa5276d36cd88424b1e207ce64b91647708be74e67ea82468a49', '0x9a7a5e1e3c5daefb784c1663e626a6751aa3bf4c72560e566668f5d804c687e4', '0xa51be1cc0249eb2a7f0afa78dee83877b182c94cf2ea4612627c300967a2b566', '0x7dec482536d33421b89da64ebb6a6d44898140005a3a81ead453187cc32a26ee', '0x8c50ba505d036c0be1520a2bea23af4fefafc5693b5439fc435304b9c9a8d714', '0xa4b39ab80a6fd4758e3a3e2ac7ae5effbcaca8b1c3eb38d7705e2b0b6622ffab', '0x886a98e11ab9183b24f88fd114c20f88ec97fdafe39c5f5d4867dd19dad1bd55', '0x7c8295c9718fe70e55fdea25b2e06c611409cacafad80f36648e485bc745777a', '0x9d66905f0767fe8f849997e19667296bd4506fc1b37e896c474ab4c2ca37ed77', '0x65dacc48d160ca65a40ebd69fa182f8f3ca40c82e343b7ccfb32d8c60a09cc9d', '0xd311392f7d29ab54b7351ca58e7e0d04730b7efbe85695b3073317149a56a2d8', '0xb70bcea9ecac6707f5ce394942ada3b2589973a5622defee5826234cdbc713ac', '0x29a97176374a4f1b83b020fd9353dee437e3588efd6c7d2b101d8d37c35a6d5f', '0x8ec2a43d7e3417565a76677f750ee715b350cc118220a6536bedacd3448a4b72', '0xc2a831293fc35bd37e93085fdf437c5d817dffa2423023174aec287d1205b40c', '0x26affa8fa6f059d628ba4cdeb1b5e26736b5abc96716f0da0216b72172ddee23', '0xd85764ecfd9f8d9084d6ce42c366ec514e3077d1553c1e7bd8a3bc5427537ce7', '0xddfa4be55321bc08a7a51258156f27ad43c738c60a1d6bfbce2b9998ce47ea0e', '0x55dc3f60dfebf83ef43d9a4be9cff381aa48dd631e85e43c94763fcc71fabc08', '0x4e75ed9e14fea034137b018ef7a1f39bbdf5e26fc5323263cec03486da291e15', '0xe95d400c7df2fd96fed586a9f03918035563dfee0e6cda106489ac672c25982d', '0xbd1a68b0c751ed92be7c0e2b4b2a8662a3c9dadbf2922b17b14420a98f458fe4', '0x36ed87a8d69bcbcfaf8f05b69b4363f46fdd6f5683bfc33eba203947ba73c66d', '0x4a87b6a61d73dcf2494c3c6c0f97653f1789450359e3477cbb7f3224b81f18c2', '0x95ae93a0bddf9e2f6e95a13b508fbe11b066b2d9224106c4c8a8933ae248cc66', '0x95cd8ace6b8f5680fbf62c4a9024655d76fae776973ffb4981a0983e09b1ff9f', '0x51f14eba723257905235ed8f9bcdf96ab4dfacddc252e8adca21bf01dda4dfc8', '0x8a6282c6ac15b1dcb92497c6c0eabc35b4505a2c09af4a1a7c65fab54a072e14', '0x87fc7bc54bcdcd4feab70fdbd60d0e993896808a7a12bf220dece87abab8af52', '0x8d4f0925d81a1f46ee4f32b069d20aa4f8caa845b4d3323dba9fba7f12577d66', '0x694672e625c6c92b8d68c00c215e72094b4cad1c2e8094cd5cbb8ae6c86b92f8', '0xaf9fdf93c60b2c1dbe25d4b64aaaf304fbc8e63fd9d57af063f6474e9e36aa27', '0x08ec277676248a10354be5e4ffbb2c2290d4b51b1b7c216aacdbea210e3d2a3b', '0xf54fbca9c4dd4606333a31ec6a6a0d9172cd7d8cda2f7b30c4d060b03d0a9b27', '0xe91fc4a649f5c776e6399757db0b5ddf19642abcc79784c0ae7d2541eb73ad2d', '0xf2aecf0f590e7c1ee954df7b680943af080c1aaccbf5c05ad65d7fd6db254609', '0x3f0fbff908ed3e87d62fa2e3a303bf767a4704225e32051a51ffe62968cc1bd8', '0x502a103befc9d50e1e9c938f4c916686eba3da18daa302feb272e8cbcc25e1a9', '0x385ba02787e208034ac509729c223899fe6dfd2b76330821db58a737ae56638b', '0x7c7d7ab22a6712f8f3c10d5a386060511b9d164d5f9ded2de59a0f23b542981f', '0xf54a74d9286effd2e57c4870792fe29bb0a4cc6948d41e002c1b0544473bea48', '0x03a12780d69dc91b0077268aba029c86fe438972d68c85b06bc16c92be4e9281', '0xc9377e6babb468ebfd294d79af0503d1cbf2f3b575a774706a5f0068239efdbe', '0x930e8705ec77ca5c9f3885a126ef4c8e4cc298d4b64914752aa959fea7c35e9b', '0x449fa94d4bcfcab7dc5395af46da24cabc20cb7262e19c56f705551556e25ea0', '0xd300e5835eb080dea29a9e62545e0417355338217f8b31631684d5a41a013052', '0xd2fc521f0e0ad06a062a68f99baf2c41dc9e5dc4778a4fb508024a2bc2f0f481', '0x880d2c734b35f62e74ad4305798a8df06e53e3be047f900f45ac88f43f4c8bde', '0x817a8c8fce4b582aab4ac68f986c4e32faa73891c209576dc85725a0dfec1891', '0x7a2f35a9a72148d85dc5ab21a85b0162f2acb2e0ba1a73650dd59efc91a0866a', '0xb960d3031439f8550290e6db92305164ff633ef6d798be2841aace86825ab7e3', '0xfdd8a25ed6e7c6884d4237ca413309650deee5d197a6fae2fa250adb8ef87ef9', '0x922ec7a96a8369cf2fa966978fc5892ac1da10ca0841cfc9a1a3ffbb15077f37', '0x056085526e74800c5b7dba6241da8c688f7cd5d7a77ba557f66f6519e98f2de0', '0x31260637fbd4b9fccaf8f30eb93f6498bcbf748893cf0e77dd07e612e4a61b2b', '0xe714de4d2e8f30544d7a8b04e2f1b21142116b4d3669c92dba7d3c26bb70640a', '0x2451bdff59e3f1d2a2ca12f7908446835e20cded99b25727b78c0fa5bf8baa07', '0x522061fcdd728ad43931fa58e86672cbe3b9982e536a9821cada812c8c42e18b', '0x9aac65e34bfeb7b170b24a935f991ec2de5fe09f228dcfb2a4eb36a50a224ed5', '0xf39c5baa16989a0ff5dd5778579dc874ece03ce8207242516d85f7bb45ec1f8a', '0x84c4dc9bf53d997a488f9df3c37cef8ec9e9d31a66db42454ec76b52054cb061', '0x5dc76d9cd1ca7a026ca96a37ea1bec2fb181bba063aed44662fd5653b3697938', '0xba7ccd40b4ae7e728dd65577cb6ae34045e468d0db4628e8d30dc30c580b44a0', '0x4ed60f9b919ac4f856b1faddb8c558cefc774481e15b532c234c684ff062c6ac', '0x12f12f950f263f7d560b07bdf14dd6baf18237d5a1d4fa844fa3dff4b6b35cc5', '0x334b95cb9a7c0d851a0fe7af581ff9438c9c20bd02710ea90a886f096e7a30a9', '0xdea70a9d000a98e76aa877e0e8d0541fcfba858b0997dcd32acebfa5f785576a', '0xd2cc6e3b49d0c046870d4bc25a54258ef9f66f5b9cb9aa1eed040a1226d0563a', '0x8a4e42160191a4f272e451ce19772294a17adbb782860dc7a97b3dac43ebea21', '0x3eaea128c6f9c7bd6ee9223ea24b85bd6edc1c126b43ca553d7309e85bda8cba', '0x6913801d1a92c7a2ce9804a32d70b949494d66359f1979b92fc26cc769c6b39d', '0xf5cdcf9e7fa34b18e04ee35bce0a27b06052a8dd360ae10dfdc96e68aabcdad6', '0x12747a8e5aa83a374fcca868a6ebcdf66d6b15ecd897d52779a0525736d8c4a4', '0x4ca3eeea9ec4c5b40ddcccab9518342bf5162f3f7f6cc241a414ece2b99ee8c6', '0xa9269bcf245c8f0fd3dcad0b356768512b7593ff5197ceb3564311245452dca4', '0xf76225b181b0a53860191ea1fe06d38a62978eaf9714a75db05bcb3eee4d287b', '0xa857d06af0bb7b8cbb81277d0d462fba1e389ccdbb68ba71fbf78c8e1aa207f0', '0xf4ea06ca320a95ee96f490e261f85c19fa829214a283982f6efa84d320554d3c', '0x973cc386c95b4910997ff0b93b214d09f74223f9c6cfac9cf8903c3621277b68', '0x2272eb6ea8d4fca0f929e31223da3576f886955ecc3e0b4d95182cc77e5df253', '0x490c8f8a10a6052751e0f87871d9a3072c60292cbe9cc0a0dabb77e6568926c0', '0x0091f763fc350ca1a90664e92452ea9e317c096ff403e85a212534c9c67fd4bc', '0x2d01e2806e5db805df81ae07d95f8e39980fbc703af060de38852aede0dc5728', '0xb3291cbe5c1ba09f542028a5f7915a1fbfbb652fa1d7f471f8ce833ffec1f623'], 'transactionsRoot': '0xb90f7a4e29863889e639987fdb2b1d56299b5994d976c1d762879440377c1bc7', 'uncles': []}} (async_rpc.py:86)
2022-11-28 18:11:33 [   DEBUG] Making request HTTP. URI: https://responsive-convincing-aura.bsc.discover.quiknode.pro/3e7f242edcfec9ca1a36ef544cee66362af95baa, Method: eth_getBlockByNumber (async_rpc.py:78)
2022-11-28 18:11:33 [   DEBUG] Making request HTTP. URI: https://responsive-convincing-aura.bsc.discover.quiknode.pro/3e7f242edcfec9ca1a36ef544cee66362af95baa, Method: eth_getBlockByNumber (async_rpc.py:78)
2022-11-28 18:11:33 [   DEBUG] Making request HTTP. URI: https://responsive-convincing-aura.bsc.discover.quiknode.pro/3e7f242edcfec9ca1a36ef544cee66362af95baa, Method: eth_getBlockByNumber (async_rpc.py:78)
2022-11-28 18:11:33 [   DEBUG] Making request HTTP. URI: https://responsive-convincing-aura.bsc.discover.quiknode.pro/3e7f242edcfec9ca1a36ef544cee66362af95baa, Method: eth_getBlockByNumber (async_rpc.py:78)
2022-11-28 18:11:33 [   DEBUG] Making request HTTP. URI: https://responsive-convincing-aura.bsc.discover.quiknode.pro/3e7f242edcfec9ca1a36ef544cee66362af95baa, Method: eth_getBlockByNumber (async_rpc.py:78)
2022-11-28 18:11:33 [   DEBUG] Making request HTTP. URI: https://responsive-convincing-aura.bsc.discover.quiknode.pro/3e7f242edcfec9ca1a36ef544cee66362af95baa, Method: eth_getBlockByNumber (async_rpc.py:78)
2022-11-28 18:11:33 [   DEBUG] Making request HTTP. URI: https://responsive-convincing-aura.bsc.discover.quiknode.pro/3e7f242edcfec9ca1a36ef544cee66362af95baa, Method: eth_getBlockByNumber (async_rpc.py:78)
2022-11-28 18:11:33 [   DEBUG] Making request HTTP. URI: https://responsive-convincing-aura.bsc.discover.quiknode.pro/3e7f242edcfec9ca1a36ef544cee66362af95baa, Method: eth_getBlockByNumber (async_rpc.py:78)
2022-11-28 18:11:33 [   DEBUG] Making request HTTP. URI: https://responsive-convincing-aura.bsc.discover.quiknode.pro/3e7f242edcfec9ca1a36ef544cee66362af95baa, Method: eth_getBlockByNumber (async_rpc.py:78)
2022-11-28 18:11:33 [   DEBUG] Making request HTTP. URI: https://responsive-convincing-aura.bsc.discover.quiknode.pro/3e7f242edcfec9ca1a36ef544cee66362af95baa, Method: eth_getBlockByNumber (async_rpc.py:78)
2022-11-28 18:11:33 [   DEBUG] Making request HTTP. URI: https://responsive-convincing-aura.bsc.discover.quiknode.pro/3e7f242edcfec9ca1a36ef544cee66362af95baa, Method: eth_getBlockByNumber (async_rpc.py:78)
2022-11-28 18:11:33 [   DEBUG] Making request HTTP. URI: https://responsive-convincing-aura.bsc.discover.quiknode.pro/3e7f242edcfec9ca1a36ef544cee66362af95baa, Method: eth_getBlockByNumber (async_rpc.py:78)
2022-11-28 18:11:33 [   DEBUG] Making request HTTP. URI: https://responsive-convincing-aura.bsc.discover.quiknode.pro/3e7f242edcfec9ca1a36ef544cee66362af95baa, Method: eth_getBlockByNumber (async_rpc.py:78)
2022-11-28 18:11:33 [   DEBUG] Making request HTTP. URI: https://responsive-convincing-aura.bsc.discover.quiknode.pro/3e7f242edcfec9ca1a36ef544cee66362af95baa, Method: eth_getBlockByNumber (async_rpc.py:78)
2022-11-28 18:11:33 [   DEBUG] Getting response HTTP. URI: https://responsive-convincing-aura.bsc.discover.quiknode.pro/3e7f242edcfec9ca1a36ef544cee66362af95baa, Method: eth_getBlockByNumber, Response: {'jsonrpc': '2.0', 'id': 78, 'result': {'difficulty': '0x2', 'extraData': '0xd983010111846765746889676f312e31372e3133856c696e7578000040fc9c67fad48fff630a5d0a5533e34706c46025b37d91fc2be4d03b0f76aa3ce23f43575cdf9dd4d623e86851ce92881fc6c994941ffa10fa8d569d489256bd040f999500', 'gasLimit': '0x72e09fa', 'gasUsed': '0x2ebb7c', 'hash': '0x0ac699bb2cb346de58f0cb6b94ff62db3966d1171771dd6a1abbfc8758828311', 'logsBloom': '0x0220020004000050000000208400000060a040100230000040100000080004800000120000048004294800400804000060000100008200800004014002300031000004000100481809000009043020202010110081000044c40400118220020800201020020200004000b000100088008a0810048000408000311050030120400000000004040000028000060000009000248c8111000048000000408040a9200a01814050000000000000000320000020040000004020008000008000100040010000020048000300882004104010462842000000280310040000030020a0002290020000210100810240028420000000001808903000c080002904800420c5', 'miner': '0xea0a6e3c511bbd10f4519ece37dc24887e11b55d', 'mixHash': '0x0000000000000000000000000000000000000000000000000000000000000000', 'nonce': '0x0000000000000000', 'number': '0x1655cae', 'parentHash': '0x0711d8173953450ce1393d045931a913a1fa33490a3e151796f6210e0ad50ca5', 'receiptsRoot': '0xaa0c98a981dc00cce929b09c135233a0997df250d41dfd3716262d6154894df5', 'sha3Uncles': '0x1dcc4de8dec75d7aab85b567b6ccd41ad312451b948a7413f0a142fd40d49347', 'size': '0x1f21', 'stateRoot': '0xd5909ee3ea96e9672fb886f6acf64bdffa33a7d6df84a5b28f313af5f74f7780', 'timestamp': '0x63837ed7', 'totalDifficulty': '0x2c67292', 'transactions': ['0xd88d36bc6365d1e23c005c653d3a769c02dac88981cbb59540e79d11615bdbe4', '0x0c9a7bd63171389a9488b3c230e151de15c3de40b57a12d3504cb4f64b7f1951', '0x2035ca8ecba85c61b8abe82897f392c57b3c1273e8e0db0bb0e64139c367bed2', '0x78d5f83f128d56be21a9dea0ef0fb8c0b7776666d49bfca1fb08a731e0091553', '0x7fd33a7b9698cd8223a498a6170ba1b50c6848ebf1e222f930cd31246668e4d9', '0x3d0d40d5eaa64e9e95b0ce91bbfe941b010da86a51fe3e01a0b66971ca3817d9', '0x6ebbb53f59b79db987f2436dabf23f88cea4f51e29c00f31d40c588d587a448a', '0x9500e42bd001b208af03f89f206f22feba7886bb06c567cc6deda65c6561d849', '0x0c4b73b919f5cbb8ab078bb17f16ae7b56d0f165aa4488d7ae27ecbd2f66a370', '0x5bc46ca50a0c0de7ea2fbcc00943e106422084b39918625f63bf184b6c18e71a', '0x265f8c3e5b07b9e4d20ec8e93cd968f596ffe55e0057ad367e054e73af80dff3', '0xaa5883c2556965d315c6c4f00ce2b72526364bd39d07f4e2916051dd5180924d', '0x326871d6e2943d216f09c46d162f3f32445b1e32ae4256c802524df3097393a1', '0xdcd0d442e282f61be22976a4f5bc300c6a31f1d34c1d3ed104315034bdf708c6', '0xd0e63ef8284ef6520fe8b8497dc89cf8e3dc6d11a5b9a3724e1228ddf86f6c30', '0x45fdfde14258ff1a3a0ecd431e597924a56c55c0e089f2a888ef9c36625461ab', '0x0f829b30f24976aa6b102e563f16b7d79280d629794cf44f1c482491509c8bcd', '0x1561a9f9a112532b8a60473f0ed23aa3b804aa1e377a3630f459e44bd8a87ddc', '0x193fd8bfd79f2c7354e2a20b54736f35a273256a3e26395765371c8b27c8e978', '0xfc2e1f5c4038c2a62c3dbd8ffbcaede6e0b747435499c51e7b850f0737d040d6', '0x406bbe104454401272b42d5587c4576a336c061a25213fedc274d807d7c4da03', '0xfbf8fe1c1cdee07ea0a6c7238967aa986c7436a04bf40c39c615d036470df0d7', '0xd967248973a324a669b5a689652f88beaee092af2f4217df4bc8315e9e1b45ee', '0xbd6ad7555f5f1f75b783ebcc78f0a5c76049e27b0694164491e2c95d5dce8b7f', '0xf2f6b210f412ed796a9b41f87310fe7b57de0e28a9a06025fb4f3775e876ca58', '0x0acc18515b601cc6a4eee5950d21c05978d995ea812face5306f433784dc97e1', '0x94cfe444eca0e60ca3b6bb100ae7a87c49d39ff8853b12ab4ebc64b952e54ede', '0x6c2cfbfeafe589a7c6bdbbab5221f537b913858d8318c5dee848f762e96dfaf1', '0x8dac65205d55d10931e1c5a7020e6f154397195ba2e5f28a9aaa3c63d41a5449', '0x37802f7a8d59481caa6dd955e16318a7c4b0246a16f7b28bdd74d87f0805e58c'], 'transactionsRoot': '0x8aca8e49ea8665fb5fd3c97bd56412588ac7816e612038f79ed2a03094e8c089', 'uncles': []}} (async_rpc.py:86)
2022-11-28 18:11:33 [   DEBUG] Getting response HTTP. URI: https://responsive-convincing-aura.bsc.discover.quiknode.pro/3e7f242edcfec9ca1a36ef544cee66362af95baa, Method: eth_getBlockByNumber, Response: {'jsonrpc': '2.0', 'id': 77, 'result': {'difficulty': '0x2', 'extraData': '0xd883010111846765746888676f312e31392e32856c696e757800000040fc9c674f08f1b8f4ab35730ede6bbdddbe55dd87a6122fc36a3ab9df88de4ffa140230607fec335b34bf0f06555ca686bedcdd764d1fbaae0b4e545194da7810fc1db200', 'gasLimit': '0x726e318', 'gasUsed': '0x18dbea9', 'hash': '0x0711d8173953450ce1393d045931a913a1fa33490a3e151796f6210e0ad50ca5', 'logsBloom': '0xc6bbf21ae9ca3b7fecaeacbeec7c653d63dbea59fd04bf8f5d737d3df6f6ebb7bfafcfeedcecbb9677ec3cb558db6ff61c8dcdfebcffdffb553abdd3afbe65bb94f58c6c8f99dbb3f36f9ccaff3207eff8b21325767f3cdbdcd67d91f5e9e5241b5538ff1223d7e1d95f6cc026752bdc5a66c467f9cb3ff24ae0b9fcfbc6ff47b0d5ddd9b64b7df8bd9d56a808b65ef5926c9f9d7c28f64c279e96fbdcadeabd33b2b2e999dba0ff2f2f73ff36ffcdeb5fff1efb2da71dcf0ecbac7ef597f87cb3e6fdd213d72b578ebe3435dec75356fb37f3c933f77f3ff9ed9e7a7f14e8b6eefaff3ba47e5fbd7f40b2ffdfc1ef44c82e97fadfddea6aaed3eeff6d17eb45', 'miner': '0xd1d6bf74282782b0b3eb1413c901d6ecf02e8e28', 'mixHash': '0x0000000000000000000000000000000000000000000000000000000000000000', 'nonce': '0x0000000000000000', 'number': '0x1655cad', 'parentHash': '0x0f996aeaab398ebd5e171b599d3354bea268c0100454f6a34ee6df921bf7d976', 'receiptsRoot': '0x1274cfc5cdf740f76cef1f2f621efded767c2da89dbd915a693a401c3629aeea', 'sha3Uncles': '0x1dcc4de8dec75d7aab85b567b6ccd41ad312451b948a7413f0a142fd40d49347', 'size': '0xc04f', 'stateRoot': '0xe5e09d387e2d178fd6477a5fa481b83dbf837b2156456b9468f0ace006af5eb9', 'timestamp': '0x63837ed4', 'totalDifficulty': '0x2c67290', 'transactions': ['0xf442bafff62962b734abca2ae185a39186b2b38da2169ea65f280a0d710945cc', '0x135e754ff7b6d88193d6940f2dfa7bcf74172bc3fe6bf474ed86534ad08d1428', '0x6a5d5d9f4c1cd7c83ada84126b651a7c13d2757c8160525fea09c2e37b3e0df3', '0xbb2220221e61d6029e62d4a9ddde63e5a6cd7d86684dfc8eebad978c52ce5d7d', '0xb3072915d736c15b41e73bbd3dc6306451c9bf5fdf25359b71b5f0fcc9c271f7', '0x8e83255221134e2482edf2ddf898c995ae4ed3d3b96a0e51198de765d40d43eb', '0x81097813f645b2d63bc4a2c0bf492c93fd1b9e264e9b7a0494fcc0397ba828b5', '0xc0ca1ee199c9303d19d308757065a1e6cfeb59b41fbd3508d8244a77bcfde122', '0x7444b06d969c49406a729e5e394672d7ab2cd1c002c536175ad6a4687806a63a', '0xb8a7928e570568729e3d451a2ac3ed59b81d0481e31ab3cda8028f90bf85e1fa', '0x51b4c197ff715459e5eb2b7678886745618ba6d53d656b9dcca41d93fb5a6f2a', '0x2e86cb9087cea266a24ae80b8c067db65d677905778d5efeb7f6ab5f1ccb24bc', '0xc9686c92fd6abfbeaf950c825fc0d63b80682a39451891db642085750cdc6dc6', '0x5d7b1b6f804b73e15fc518a1e237126db5d925d545920079db402795572f6400', '0xcd6fad4b6a9815955a03b666d7aa534c51aa3d80e072c8516b2c8a6c8e5d8442', '0xece10858af1e764237553eabb2ef28df5eb01594814b4fba729e34f0750aedfc', '0xad4998140f8be7e81460dd3771b659bac6ba074c561375210e4934fa954bf855', '0x6cc25b0f70bece8042976f75b0a6b3460af70be8862a863fc60bdd94bf298914', '0x394fc67713eccbfc1a879561f8debc1656d104346301a635b3fc29445f58c66b', '0x8f4fb7657cfb1ea46b7419ec61e4c4147589a33cd6aa583ae93fb06fe98692d0', '0x4457a720b24ec396a3d5832fb7d0a7c14e7e8a8e5be6b6451818a2923fbbbb8c', '0x1537b108a49f0e00620f62ac987e3469d304d39a3ff330fbe83b8420cebb0368', '0x9e0d2fbd713698f93b9e0ba3e6bec729ebc8959f94c15815e750486268739cba', '0x953e58a320d9bb98c0cbb161453a193786aba8ab1f15aee1de711dbbb6fdd9c2', '0x57a40fa7b4167085e3d3345daf82b5018e2a1291ea6d27eebec9733e2eceebf0', '0xe73463cf1c216b9353836e5e0672e9181019be70d57c5fd7af755ae66cb76e52', '0x11d62edd8d98674c94f7db455a4f38c7487ad66636c68006a3d746ddc966e8fb', '0xd6ec889aa6d8dfc5bfd54ef74f2be8f7fa4e119f9acbea8b613d8c8f58f01d2f', '0x587655646be85957243588d5f2b7f2ab63d37f328d13d899300bcea9a4f3c895', '0x21829cf05fe7f6023cea2679827ebe218b27055fa09fd38e5965ab1834a71e95', '0xd958f63fcacd85cf04593fa3afb88d4e72eccaabb4900f95dd86d60e964613ee', '0xe61b4bb867eccc5fa21d6cf757bcfd91641d65bd0f44d445b18e9c58e56b1e10', '0x8a2fa5f79a7b49cdad92621bb27049f4472cca1836d86cc8295d2e583f543c95', '0x0a95ab3ed76056cff5f827f92bf9501449906c401594ab2434e599659e47541c', '0x72ac86dbecb48f906e6f309f07a34b8000dd25e4749a84757b6757f8bb64d96d', '0x9922f4f15df0726137e42127164750004592c5e56922b7ba0907d69d8023e42f', '0x00a0a3f7e9194faa72793cbcb8a51e86d5954d540e372d8b0a6f49cc5adf40d2', '0xe2eefa5f298f5908388178015121c930f7450d77140cee723511d25866b4b6be', '0xd60b3332424a3be1badab1ccdf638cdb83e3f0f1a1fd9b5b131c560168852e71', '0xb35b5cbc05a688dc5c7e1efec0a31b65f8799ce8137cd34d4cb0e8ed269e3e0a', '0x10a8b2074d2255ccd5b12a90b6fb24024e861c8ebe426caaae580d23c5df7162', '0xb9ddb16df060f6ab2ae6b919d3946bd6f10e905d778b369b290d8fceee01a8eb', '0x244796de3ea55d658d1cb6c92b444ffa5cde8a6b78eb54559f052107c207f919', '0x002060995f6ce0901439ead44173c4e191883a78f7afe3cd34178ee9e1141f77', '0x6e275dee3c98ff0603b853d465b3b7645607d0d3191d4a0b5b9d0401007da4f8', '0xeb83694af449acc2fafb3a0bcf6fd0771e429a4a0eeac0bc7a45505cd985eddb', '0xfeae4d30fcfd1e20f5107d67ff7772229107848382b224904b1671debe3b855a', '0xc589d98ab735966893ecefb20c147a6c6bab932987e49c39d622da8e059de52d', '0xf1dbfa89ce741187b17933c4dd310d83581dbb974c90234885b63b33216508d9', '0x3060f2a307bc1e35bfdc04e2292641b4b5b8099851b3ae2b53e91dbc848e8b0d', '0x80d4db6ca776cc60ad29bf82a471b93af9c3d1a6534cdfbd1e0e077b991c41ac', '0x6fcf7aab6053e2627a44b562c24e60a505d0c940ad4af7c0fe63b05399f3d13e', '0x4eafc8fa6721ea14ffc6c4cd43463358ac1c3854392ec1760c33b83aa5532089', '0xa579e93ec317f2f855c11afe8a54adc89bcb9ca91995599f01d2fafa5a326d9a', '0x17b5046d67a579822076ae8294a0a50961068122694b30cb43ec5aec78af3446', '0x46e3829e812caf6ad186e229990bf70b34c01b24a3c4728099a182da72f753b6', '0x5db604027d75f865ef68afcd560539903c4f02af0de99d5116899fb69bf2d63c', '0xf42f128c8079b65d000cb8456d0d7bacff563ce47fde6bf4d6a0e568b22a5688', '0xa38779bb2d1352407090b4956846c1dccd3c7caa14d3980ff8622339a8a034ec', '0x33d3f170dcfcda7e9bee535ee8007e1558697f8c31343452895da84ff0899551', '0x008d4485faae0261a00162c29a3ad0f31cc6b791e02493fe218b2bbb1a179caa', '0xf7d6093e224e56b090b3971bf0aa6905a84c2fa5b045e962e3f1dd746b667af0', '0x1ab6b99e9e7779192206dc0c5fcefaf1232f2b0139bc2ec940d8d53c2b745424', '0x3dc6329bde569a4db14ec2fc97351fe890fdd4d78aef8cf21005d0bc8dceca2f', '0x6fc13b23ab55d9506b4fe501f109fc369c2f661627bd5e812b194c00632554cf', '0xaf9253fea63b4ecc77834a94f708e37d4b90bfc2c614c58a6516154a9fa15b02', '0xc1bb0b26164d62ffc2b83059059b912798761ce6a48b186c95a2cb7ad3dc38e5', '0x66030cd550c30ebf806005b81d1eb68017b73d128030d5196f9ffd75a12f341d', '0x18f4696d72aa1a18cf5ab6e85b04dcb4a0854e98a3f9f0721651ab97e379258f', '0x5c791e51aa375f60fc0642f52714b85dbc40df4cac67abdbe7a05d68727bf844', '0xdf9463d3f6f1c43b0e0a86c620cda50bd75019580870065c5ddc44b2a0aa3a07', '0x14173e5abff6376799b6e40629ac0caaf7d92963f26819296693e3fc392cd9d6', '0x5ea2d31ad631e65840bb267544a9f4dd6fb5fde0a56d045ac97a8b07386d7930', '0xc8d60f657a4e7669af594f34595b3b53d4a984198e7e7628bccb4e7c27d19628', '0x5c2d42a90baf4522f38895e2c55d764918f6c6ac3a4843d629185b3fd8681ffd', '0x393c22e19e9df64dd80c6b89c383cbc74d3832cb9d636c4b364a156b670424fa', '0x8a2f252db5bc5310ad64ea4bba4a20a8d593e220508cc46197e4cf5b1b1b8b2a', '0x81a18ccc85df77f6b61d9dbf2ee9e9099952e191e03618dbc1a01b075edb4763', '0xec1b8baff76751b735fdadf58fc69eb743a5a45a5198e20795303b723f32e72f', '0x7118c4d5a9597db0ebe87c58d93b1fba74b44128649615014b539a37206bf8be', '0x44063bc19143aa9b725800f1fca3197d8324dee5d8b95cad66fba987c1413a39', '0x524ae4728fe7d1bb059ba40a3647fc21cf9487aa91de23cdada21694d4867a83', '0xfdf59f4fc3195569f79605a19677344db6c12179018413c9eaf819287a4ad5da', '0x968fbd2e087e07bc3d1035a9109c885e822ba08b3517f556bfdecd7022909ee5', '0x9281976b18b395256fd721d70dd9ad7c0007b47083e12bf3786d50727b590234', '0x4994f415a2c2e62b991133e531564e775dddb5d96c41fe60aa7d1d33e65d80b2', '0x6793f27a6dae8ef604e1374e5bf764febe6b30dc5ee222b304d50171b32a1d4c', '0x01c28b38b8901787fea4402624741d5e4b883acb715a4f04deab58a3175b024e', '0x36b741ee3beb35186b548890b83a294f06a4f25099c1278f050fd73cc3bb1262', '0x3efd0cb6fb4bb183314a93b2605a00dd2f0126b8e70c06c32da3edfa1efb4de9', '0x3bc11b951b33703ec6c51893344ec34049ee94164d259d6f24e659ecb8bd15d8', '0xcb4e1b01b944ee227e57747163f1aca0318ed577cfb4c7a2addc35ecc9992eef', '0x5a9e01b0a019bfcdae5de5cee6c0694a06fcac1f52203ace52416ddc4fed7c9c', '0x8e8d98710c80eafe3fe7ca560787befdee0f9c9905de6e7d4dcdc90ca86d6bb6', '0xc750b5497ab04841635cdd5d448806fabc92347f81b08c5d7a2c1828a1ba1262', '0x1f985df08a39c1dbfec85521396e1c037e87ed14fc552b35630fee386119cc1e', '0x2a0d67cdf2e0ca99e21d24b9f595edd909955ccb8693516eea2bb268104801f7', '0xecd998cbecfd272b04ba4ccdf57608ccd6e7ea899dfd2d4aefe98e3622ef18df', '0x3980feab719470ff2be4589347744317a8a120d7370d76e427cbdf90b3d1394c', '0x8d36e12ed6e43b096f62d95691ff4bf66518789966eeab5bf921db8000b81649', '0x9df8f4d8d9e968e67ca4f0a2cc770ac8032de16bfae5564d2cd26bb54b6f33df', '0x96b8d8bf09f06cded1b712597b706baec9817ee742d3d76db7f731f8332b54fb', '0x712870bfaa35e27e55d154c630257a2ae27bc8b2a5cdb0213020826c18955dc7', '0x35a8738b302b7ab8dc47b1d517fb655e1fb450e30d4264b46e006fef38549ffb', '0xfb193824623cff7f05e66e087741d1e8833e5a4546554eed9105debe0d0d8f67', '0x8c7df1f8dfe579adee2bf6cf88207625b3cefbf5427769c19224789b4f3726df', '0xc1cd0f6124e42b04ec69f3d3236241616c6940c3446553de2a4acb3e24ef05a1', '0xf0baf0ecd351c15530da076259f663e975ace5fa2cc3d6b3e130a0e87e5d6a97', '0x4411109a8b362b7351686d173a52c6370e49ab5b39fbf80d7c5bd9fe732d2fe4', '0x41da3dcf077d722e72467d583755a865e4c0df06ad9d7a438e70a5eef423552d', '0x1dd10aecebc1ae55df7d5c2384046d75b921d3d49375ff468a1adeecfd5750f8', '0x38e2eb683a5457abcce647c0e1c33e09fb03ea16adf014dc43b33770932e8a23', '0xbcde483ecf588eb5423faa30e4737605134fc442826b04359ea8d15b57a7a630', '0x6e95e77af5f8623bcd663381866f2f0a6089eb7755f59d705da90e7e1c0f8051', '0xf6f134c16803e7c0abf3f47f9d861bad4f9c8014cbdc209a1416762e41dd3337', '0xe82ef1069c0e330a43c4818c7f4165a6c12b9631db1bf6537a46e30c40025b0d', '0xeda5d554b925dcfbddc88a88ada2a395644cf1070908d2c9fa436c06dbd04b79', '0x10d08ed74c71252b8f4c3d2ca6981fcc4454fa0693f0f75b552439597f2f7f41', '0x2cef4500ba90eb9f53653a53bafca8830f3a8b27caa3baae6ef92a7ae8824733', '0x89dddf5a61e9510c1820882c9b8e745c84f6a7a13aa0b6d60437c6388e62b653', '0xb31936dca20125489594c908b62a06876f41d56060b278ded5f8b4c08f469a05', '0x57c21c265e188c8a879c20356578776e30d2a9949e4cb5f7ff07d4d42b85df1d', '0x254f8e7ec458d224600de020bed313ee5834546ece88a572113d9fe9d9464988', '0x04361ef7eee3ad462be96bb3ccc1eb404848d3d68a920675aba118027e8f7b91', '0xe377073c8741b78efe57e50fc11d1387b513a21bbdac537882e4f1e8a401cfb2', '0x6cb2ccb7782ab8355e1cf59458ff1ed1cb45e1dfa87b80e705088727432a7b7d', '0x6eac87c90ace05967f2528fe28880913ce2199b99e071cf81ad00013f37cca2b', '0x90ad70385d65b35813eca05a1cc8eadb456f5e0039b8efbad9b302fd2b0f29b5', '0xeec376ca1a55eacb259b342b90f96673da51a257a291bcf86c5b563768792071', '0x2792722159a23e81fd9de9075158dea32d4328d0bee9df823715bfb898392933', '0x076acd0d9bab8beba632e7cb310214f6543c8a0669d8ec34676c49a5e406ce6e', '0x9b7c575b99e14df3eb35339f95369b30fdde74577dcb2aa3f8a277bd1a60a05f', '0xccb0539cacaf25c3d9c19641b6421ba9836a576468472e32d0eede3a0a3ed93e', '0x41ae1bef445c7f2d67acd5ca3687316c811be8be582be1d47595e168eb4b9d40', '0xfec4aeea4f3bcef7555ff74084ba266064e0a44973d395d69ec1e92c17d0977f', '0xf778c1610de5b5db33b07cd5bc4894e76a0e46a41a134f978c3167d2c3dd8b95', '0xd8b0c215b94c81f3d17e51a5457429f6601b46ad4807bee0ce8223cb22e1809c', '0x7506da40b060f147ac0993d74be062ea6c57e113ccf291293b7b0d819eabc431', '0x100994647ae0df1c85871298f83cd13f7ccf31c989b94efc017ed7437e312619', '0x8abd704e34c1936892baa272aea853467869244916227516dbf6b134ced61d8e', '0x11baf1b2b06fe61c2b352872631972b4627f554f3c2d60579b0762e8d4985e1d', '0x2fe875f50471dde127b0b5f01a45aa795ad9226b506f0e09b67c75ec539de3c8', '0x6e099976712011c0d8d6e59413c5d664ebf60f3da97ec09b7930f0fb747b2eba', '0xa5a5207c269f32df9ca9aec926c671729df2c0f086c1031107fedff296fdbfcd', '0x178e7ae35bf3e5776f2dd59cfea317278f196685dbe4fc85b1d450d81088c33d', '0xef8d5b63d0e2507f38ad3019cfdbbf74b7602981877c5e0ac87231260d7e7c3a', '0x1c2ea78fb1f94a88a7ce36f479aa37e873cd4f7c2a37475c5a3c10185dff7d62', '0xc43c5548443ac1c3193c213ea66a71c064bafb0bec390a7c617927214abc364e', '0x9740d4a666bafb7d914cd7495841505f3a60dbe44b50f5fbf1cb254d7e8b6b5b', '0x864ba01925e6e725dcd04e77bad31b63623db5435e6753aee62ed15c58e51f82', '0x5c560487f938867497e5f3fddbd9ef0c7942ba0767d4c7d13007d22c3221bfcc', '0xd4f10f75194d7e0a0549f96c747ae4cac3c856497fb9b1dea62567863ccb2162', '0x412acf0b8dec4a679a8c0bce4e599951212323077982bf3f4b77b4dac6a9924b', '0x00b644aa0d889cab3cc189cab46dee72fdd990a04d169c80b33c1af15ba200c2', '0x4dc1d7a3af1d8949b6f8a32e39f3222fbc972083c25ad2db9eca7a626b91f481', '0xbcca738d90dda8a49e8bbd7e4a044cae353e51de804226e993fa966777db7f57', '0xb9af973c6d526fd4856aef2e4bbc6419f27c3ffd3a963f3a2fcac59bd44c28a0', '0x9dab0b07c3fba63550406e3fbc737b09d9dd278f204d90692da47595d76cea09', '0x7d18dc2ea39df1c723bd1af73962242dd111c897c992d01677743722ee291182', '0x90f26711849a51228165a1b09455b569115bb7e48bf34da538d18eee2e8064a5', '0x34174188bfe636318f5a243c671498adc2561b7c3d40e5e3231f0df0dc710d8a', '0xcc118d7e70f877efbf3a80e92a83b99d30714a588d21bb58b16f99209196516c', '0x42231aa03d4f9b733e4423eaeb57acd2a4ec148c276a8f049f31bce7d86b5408', '0x4cdf91da3121f9b77e1c923ecebe2c415d860a6e7e797b0009ebe75491e183f3', '0xeb062537b6fa38afd5a6ad70a96bc77c32786977aff738fa271c07e10430c2e8', '0x85ab40ab39c56d37a967bf10f287d9d499b41ae530c3431bcbcaa6642a53b21e', '0xa5860d5164806bd27f5f19597359a91c30906f48de6543671b8d25675442643f', '0xe0e0aad6487c807e11a4dace68553ddfe1a9e0b5203ac5efcc39c1922bd1dde3', '0x4048c51527920040f7645f14b827164ade476e14e9fd075e34f940cc0b3da34f', '0x02331764340e1a2dce22237b37478be8d739dcdc4b2de85bda98b80cd59a5b8e', '0xd27bcc6de4c8e5115684c2e46c5ab19ed9a99914f62fe77894d85355ef56dbac', '0xe4c0e6313981386a7eb20756051aabc7ac33eefaa74f98eb7a97f24af56d4b8d', '0xc8ceb2bc0630f700ec0aa4c8e12d9490e3d1e5e5e86b980bdcc9c7be5d153b15', '0x9be260e77f873f6d747911184ffb82436cf8e38ee0193567004b5191e7154f66', '0xfe01c9944f6182bb1046d82bd9bb59332f3ba48159dac7cba69d18f7f33f758e', '0xc3df03e067641c45762689bd967a401fb915ed2150b8d62d41a7f948b8519abc', '0xeca82fc3da589e2eb499ac7fae949eb9b4ba47d047aa53c9514a864632301be5', '0xa25f514d101b5b01c7a906f64f1541133918594285b564c53b713ba46b5874c0', '0x3b06801b9b31db3ec0cdcf8c917d15e735d52c9f533de8ded8d317779ae710ff', '0x74f78fcb3b2e0098511b0e55f5065a851fd3a1ca2286c113a96bf0f87b2bdb80', '0xea1114f48a437ae8ccc3896e62167ada14f5638889165f73d5c3c68c86aa5ca3', '0x53e7f3793fd10aae7536d540235af84f1e20a72dba26e38f1994b432610c3ded', '0x9acd0186f6ce6466cb816ed24716f80f948e6c9f54f6d7edaa0e2e447d5b24e8', '0xae203f9f8026a0ca3d7f68bb09552a7eb7eaecddd389db077fd4c1b0ce29e4ef', '0xe3633ad2e637c01cae2b9a6292a472091cf65b9b099ffda4a2dcc88e07689cf8', '0x35988f35044a267780d3f76bc9e1743660770b28989f0efe84f72aff8452b46b', '0xfb8293c881ebe626f5c8eaf79268ddee871d31d6f27d91d8bf66f22f2c8f3b67', '0x4f591a66cb88e559cd782645cecf14966b8a7a3e06b860ee9395cf6f422753ca', '0x0148f5988d130bf32d305ef564aece98aee78a16cb2a22b2d6e71114c05dd9f1', '0x19f22b6451fb7bf4f29a719a28e9c0e871450fac9a4042b2660bb03b98d43ea3', '0x8af02750cbe9b4c7ee4236cf5de57788f541ff1bbdd59fd1ff47df46212ce52e', '0x5761c47b0c40dd6591daeb02a4029448cb09b90329004043a2d4b1d24d7d3429', '0x50362aa6ad9e8add1ab7097a4f66c3e897258b68041b0a214aae075041020115', '0x2a8cc06bd21d41d40affd92d2f0a553a3ceebc1fdf20001c2d2d0805be34f26c', '0x3b9f75e61364aa82c19929cc3014fb007c42496daa9dee17b80e8da450bdae11', '0x9a0cc67c89add5a8c7e75013717d8df07516d50240f9075a892a193983d449dc', '0x400a7f8e2b6cf038d66cf55d2225d458a54243e7bfdc263d760cd0d01ffbdc1d', '0x92409da683f5be2104ba1db6ad77b907ffd6805b64632b349c2182abfdb07f74', '0xb468535c36140fb66f8fba77edb48636f0da3cd98bde229cb90a470903918b89', '0xb644088fc7ecb8729ab160c8d6ecfa2ab70243af7397b8b18138caa6079854cd', '0x5f56d9dca9c19b1abaed6115fd1de5d8273f07ab8a30bd469ae30106dddbabe9', '0xa1c1643b56ccb3a7de235b37ccee8a7187ac0c29a9b01a9ddf674b616a9179f0', '0x3f30709630ff0189471ab2724a94e88d0ebc0c9797192aea43126b75c158ff30', '0xcaffe88ddc6910843187828e87c1d70ec60ee9d225cfdccd65ce5cf94f776334'], 'transactionsRoot': '0x8ec31dffa539ebef27f11a11e7b9c8bb9233afedf443d621f358a36a468ad234', 'uncles': []}} (async_rpc.py:86)
2022-11-28 18:11:33 [   DEBUG] Making request HTTP. URI: https://responsive-convincing-aura.bsc.discover.quiknode.pro/3e7f242edcfec9ca1a36ef544cee66362af95baa, Method: eth_getBlockByNumber (async_rpc.py:78)
2022-11-28 18:11:33 [   DEBUG] Making request HTTP. URI: https://responsive-convincing-aura.bsc.discover.quiknode.pro/3e7f242edcfec9ca1a36ef544cee66362af95baa, Method: eth_getBlockByNumber (async_rpc.py:78)
2022-11-28 18:11:33 [   DEBUG] Making request HTTP. URI: https://responsive-convincing-aura.bsc.discover.quiknode.pro/3e7f242edcfec9ca1a36ef544cee66362af95baa, Method: eth_getBlockByNumber (async_rpc.py:78)
2022-11-28 18:11:33 [   DEBUG] Making request HTTP. URI: https://responsive-convincing-aura.bsc.discover.quiknode.pro/3e7f242edcfec9ca1a36ef544cee66362af95baa, Method: eth_getBlockByNumber (async_rpc.py:78)
2022-11-28 18:11:33 [   DEBUG] Making request HTTP. URI: https://responsive-convincing-aura.bsc.discover.quiknode.pro/3e7f242edcfec9ca1a36ef544cee66362af95baa, Method: eth_getBlockByNumber (async_rpc.py:78)
2022-11-28 18:11:33 [   DEBUG] Getting response HTTP. URI: https://responsive-convincing-aura.bsc.discover.quiknode.pro/3e7f242edcfec9ca1a36ef544cee66362af95baa, Method: eth_getBlockByNumber, Response: {'jsonrpc': '2.0', 'id': 82, 'result': {'difficulty': '0x2', 'extraData': '0xd883010111846765746888676f312e31392e32856c696e757800000040fc9c67d369dfe604ac572bad7e6cda751fb1aade899bfac92cb92d3a84bb5f76078d0d5053bd8bb98b789678cb2b5017b8264d934de814f61770e541fc1af2370ae06600', 'gasLimit': '0x71fadf9', 'gasUsed': '0x157edb9', 'hash': '0x35f3951bf2875c029b5a1b18480d6ed7c1fb723143478f75f1cb2d3a5f200620', 'logsBloom': '0x8432b659e44bf0b068bea27b81475543d605f36a9f0bbd8be691fe1e66211b58c3eabde8747dd3574ead9ff7fe5dd9264ab3f3c1ae2a8e2777ff321656a737923667dcb6a967fd9d5f7bb39fd563debef4de984d137d5fd32556e581b21147ccd2a8edb7c6921d31b93f67f8c0552a8f2f969cdfcc4be7a38e175c5df7f27dfbf27f3d0c740b76c41fd3121baef24eb9543c47e72f665eac6535cfd9c6e1dff83a8a2b6bdda85f462f9becee3abb73bf4133e1867ea2e9323af461f26b57f82b3526c393d04523bb4e1ab998baea7e4423f7fb6f9b3afb700c570a6603b3f030fcb2ef3da795d9ed4f9f9eabed8cb774c715dfef4b666cf96f93ca6da7be7dd8', 'miner': '0x0bac492386862ad3df4b666bc096b0505bb694da', 'mixHash': '0x0000000000000000000000000000000000000000000000000000000000000000', 'nonce': '0x0000000000000000', 'number': '0x1655cb2', 'parentHash': '0x3707be2bfb80eeb5d53575878c6ffbb71db98f5ffd5723135c2a37b37e3c226e', 'receiptsRoot': '0xe9fb746a55465e50293bbb4ed8910f9a50b748e6d844e5c7ea86975a37b48dc8', 'sha3Uncles': '0x1dcc4de8dec75d7aab85b567b6ccd41ad312451b948a7413f0a142fd40d49347', 'size': '0xbbd0', 'stateRoot': '0x73a7fd66975f0e68a1b49afb79f6e1f44283a53a1c65a71ea990f8aa6475d783', 'timestamp': '0x63837ee3', 'totalDifficulty': '0x2c6729a', 'transactions': ['0xc63f7b2f68c67e6b31e8d63946d8536b8f508939bd1a326e25c9b5afca681514', '0xd9b119b50406362efd140554c3307ac25dfdd9c179f947c8fed17f4969e3603c', '0x3a1064455b07032124db66382bf69e8567718dff4c9fc31457a9bc4013359404', '0x1f94ad73ffbf5af18f2e6fa70ce61a092cace9f2b873481a8df5596356b976d7', '0x6bf3254074f803c23a40ff9b10f4221093153a1d0202545a6e985ca2e299904e', '0x3c48e42f514c1492358181a6858649f5d56de9c8fc17b063b7f0e9ddbea521cd', '0x2b0d6a0e4641b840d90ea811b559743790278b1dc89f4f394d10e3acc9e1dd35', '0xf991b80272a741c55c7f0947eec83a3c468c23ad3b6b3efc82c211ac3cb11ca7', '0xcff919f7212fdb8b532ad29bf3c640a89509f26c47f986f87a5e2d8609ec0239', '0xfc53bc2faa58641f505e7653e0c49a83a7953f133e86196d729c8e5acf7b95fb', '0x7da85235d3fddf899316b7ee5377e9d17d77f70299b37abd2b84bc37c5b4030f', '0x93e3022120462953038ffe1630344e822ad9bee0fcc401107b621890dc1e2891', '0xdd0f3cf23cbb182c42c5a0875c3de2fd75aecbd35a690b59530f7d7e5ac03c4e', '0xc4c616b6f17eb3f876c67c7221f3eb38763293272ddd0eebe5e4a4ee009d3527', '0x6f3a39ffb17135a0cc8e3204ecdb5167020a31172d6f97850636294e02605ddf', '0x83b761977e97c85432fc94ccf3eb94e0209d3d8599e42592b8142bdf2c07640e', '0xba30955ff4bd239d2a51dd1c067adaf8ea56bc3599492396dead603487dc3e7e', '0x164f687c89cabe577f33785509f996db95930df0c0001551f21fee646e87dd5b', '0xcf36cb037b1f03ca760bbfad4e310ae735bd6f7a5031c30931e6374324a1b588', '0xebc1071c882c1827c718f7335c535aace8982e42328909604508b55012b57ccc', '0x0853d65793ee8067863ad861e5d88cac99719f61ad432d838c72a1ecb6e5b5c7', '0xb97a870bdaceacfe2cad14b8d868d77d4e4ed0dc44b118a4de9c1bf9ac7197d9', '0xd804eb3116118e2063b19194dfe353b5ff608e21a6a37fdf3cb2fbc5aa00e4fb', '0x38940049878d2efc9dd126346b593501f0ab774568c0478fec06139c09a38b16', '0xd021b807e7e4c93f6b4de59fc879caa05660ffa2b7c01a8b10d26d7411519fcf', '0x736dbb3922d3fe13fbb20aef68dcece055a26880d0e7eab7b4cb39059c6e0920', '0x610740521f59bd6e1e2c3b3ed513d5a437e865723651949cf1c6a6f9d64f928c', '0x788a19ee0d5a4ba7e27878221c0defad3ff1f84806fb4ae87ce8261ae764b6df', '0x903ba102f34800b74eede4ea698a1399f37b42789d40c258e3bc62fba7d8903d', '0x667fa8750d82e92eee81220c2be3f12b6723ccdad234ad305756fbfaa90fc2c3', '0xd05a1b020cb1431bbcc8ad8061a25ba7858d4e328c920d29f1eec9becfbfccfd', '0x7bdb05f590aba186fcdea13820d1ee7eaac3103731d6cbd874bc38987a55dc25', '0x90e785bff5c2bcb0e7cae10930fa1a591b0c1e4957846a87704b7255112de6ea', '0x96797579bb2550b3eac593bb40369515c4a9c3dbae51f4117711f050b334a100', '0x88227c28568e8ab6be233a1fa600635977d4b0b1cde4ea7793a1b678efa50564', '0x1f192783f2ac535f839ca59c399c1c228b3b263022cd749e25673174f29a3a6f', '0x57820a0392a54b270181be118cf6cabd04492de2ae6889dd4ceb2c49d9f2c842', '0x973ed52b500a614028f156a405c42eafc0305ced6d7be1b05e376006f76839b8', '0x4534bd62c30867ca5925d4d046bd0eb34eecf5849c660bfab5d6c36ef6d676bc', '0x0d0d401f04ab833b814fb8be4e93f969c2372c22a9ab9ed0f820cb7a0fa23bd7', '0xb48856aef26085184133067c48f403b84646d42b42e1ef8fdb4ea8d13bcce72c', '0xe1f4a20d05275f1c039382bc99b33355c32b59ee779a246f877821f634c09b5a', '0x4320e45678bd97de40cd3805abb4e8abe80a1f007f570828cb4eb97a0ab480fb', '0x39dd08179e75951ee0ab23832d0408933d28fce222e5a2435ec214037806ddc3', '0x03c4162fdc2e3f1042597a026e64db487f38b953b11b0fe430a965dd3e3a84f3', '0x72097b13a65553a0d4b00817a43d1b51e1405054f9d7d4059d206f6b9d4db568', '0x1ca12473d394a889dd6b10fc48365b233e26952d9537e772c58a1589988024ad', '0xd0e02eb2bbbc88e175111642aaa226fbc44e9b64d7147958da1052b5a6030e54', '0x073126b50500515ac5b7d3a4c34975e7b7042fc0c0b0c37cd1d23004b8062de2', '0xdaddd5e218e4b39b794b93a32e3d3c4fb624bd597ab746b3541c1d8b0fd65325', '0x8e542c6727d22820ff63c70ed58705c087e8ed5361c60da93177f04fb82bfc39', '0x8c3cafc444e74224fba469f697d2c0d003a11cae9fbc9da4d0a17ca5013e8086', '0x562bfc1afb0d506549342b146d72de44baa0b1e1f62b4f167cbc071fc5546bef', '0x2627dc628104c65ff5a6c67853efa07215132d94489f8853e8ca10744d6f2299', '0x89813df2f6c8bb48c4035e62845b75a0e811c8ad551da7bd56bbbcfccfeaea2c', '0x69e072bfaab7a3e3ec64c9a4ae9e1fe6b1398c69f2dbc805db51090a0d0cdd93', '0xfb3a8116aac39a1b6bb70fc454facba0584e12e96bf2e83cc4f74e9ac209c7ad', '0x2a2def5db619fee7e067c24a9038924229366f52eb8ae4bbec233c4e81539c26', '0x1036bd7598210f0b61c3bb1a6d412b4b13c5c5be39a0b21602840dcdbdb1f3a1', '0xfd78bedcb8ea678402b5be8793ae29e365c1d19e843012c1e97d4805864012b1', '0xacf014a960e535848530a4c5cd493633efe4819f81c338333c561cbb4887f296', '0x7f9453f148fd3b5227703a427aad527de581275b82c2d657b2f5de15aa84de21', '0x3a1b299b8487593e88d517a70115679df1d4bad345268b134c07dacc7d1c6fa4', '0x5cfb5f89147afa61cc91834e0b27646cfb24b646d72f6f0c150257de454f5539', '0x173b1ede74668d6e110e516652c875bdf8431062db759050aeca71a4c6835226', '0xb2cdd022bb759dc854af64da05ae8d2a2dbf467239530bb3343ec05329a284d3', '0x98a63b268942cd02fde791b3e640af3cec5e82a88c831ed0b98ec1caa30ac6aa', '0x8a724bc331c01d95d44adb2ef7e4041ba8228916ef3ab1cb46d43584cd19e79c', '0xa40f7935872a141f17ec961c9d5145607b73c98a96d802af46879aaa91968253', '0x5890174465e97788823370c458cac331126c75a2266b3f0adc134c6d6404b892', '0x0fd1f8ac51035944a145c8cb3a68c9346e15ed04e86a5ae1e9e519b8232ca3a0', '0x0c86f482be8a2d06c20bbe4697767b1c9640c136fa8aa409e5ea0bffb2267c08', '0x8e18cf0c3c793ca1f7fcb6de844d9c83107d7b59deb1cfb7cf7560c9cb275c86', '0xd1f16c4fcfc5cb198d9f2340c313ed5f029d5e40e15fd5ba56f0a717f3ed3813', '0x30a2d61f43e0f46d1e10ba3cc7ead559b724450bf082a54b9e243348d527af08', '0xbdcf8769e94862d576155b2988beceb73a01a4c221f891ba598eb68a4d63d9fd', '0x315d7e544c3e61c674c1e4e595d9b8d40e707520296c7ff52782bf12c4f218b2', '0x63b500f8aa077889891e6002a0dcc0d87e896cdbe638418f3cedf1261950a7a5', '0xf36700e0e2f15f08912452e544aaa7d1a4d99b6577730abeca35f528573e652e', '0x77f45f7cdd4fcb00da2959b0f98b315a8c880bcd7ac04bba270cc257c90dac75', '0x8a49274d790275bc6aa62dc3436f62d7afb071b5ecf7e762d4b53e346726e78f', '0x2c700a393432f88b6c5e7548268ea629644fe1a5f7c58ec4223e5d7f230782eb', '0xe464ca3dc737bbcfd69f8bfd002c4bbf07f1b89166b5d0730b3f167a7404d20b', '0x2f36a65932e5d4dc5db4be57978d046d7174422cf849faef2d0b6cf1d12c6513', '0x4723a34c0371e95d843c9f4404d6bb9417479cda11f9ed818765311560ad5653', '0x187a4ee43efc246fc5e5d8150138a4e7e3082fda7697090e6d0730361de34990', '0xf77320e87b0e143e2b07cf1c4e546894c482cdb4e09166b6792c94b0783a3aba', '0xd785f5c8c1ae85b1946238c406a53853ff58ac3ee52e5079198bf979a0ae20d7', '0x70f8f489d6ce87938e617715939fa597091976ab48b5a18176b254adddd6d135', '0xeb0a816a9163e8c39b62d0a67c669729ad6c88986d47f7c67b7f69c753e9adba', '0x61f91e885d488e22872d14fc36362474e0180543b0be96c01c47e299c4867a05', '0xa883dd41c53b1ceb0f3a7b6a39b1c25ce9ed7d24fd675d0682b65f22447228b0', '0x379b26699f1ab51b3a38e733d74eec3a07ac31e4e7277fcc9cc194ceb0a3926c', '0x59eabdfc02f670011f04f2d15c4da6cd6f49c242a45a1266956588f1618b788f', '0xec2b7f55925ff734dcdd36c2a536be7cd61e56aca9365711227decd95d1f2361', '0x6058c2c54fc48640c3d297f54fc8c5246a70a4210aba670588dcfb9f9d3c7838', '0x0d63df88e3467fd19206e2c4eb6a617c68f878760317f7e0a122af90c60f3cf4', '0x7fe4f325abd1a0d28878820951399a4369bc354419301aa7fc5a0f4154e676af', '0x41d9d5ba01231664ef2a3af64c0f627371959fa0256f42dfafdcbf4e10cc37de', '0xe36ad676f231759415c8a493b49bd73b024f782752cef515307aedf9bba25af8', '0xb9adc911e36c260e278ebd26b562ccabc3de117c282ca4117e7c4ef6195b7bc9', '0x03d5a8cf248410d1d47e7346dfe510e704140b19fb9322f4c47b93ec08b57622', '0x34cbf98d31d197346881a61a3423a9a1972581da26ae9aca432d4fed579f77d9', '0xa52ae12e429c38a384e8b3b60a6d52d8e6f1410eb757c7350947599152bb2f0b', '0x6723b27e445bac571cb1b20dd660318748457bb7eab8338c84e33db93e42ac9e', '0x92ce9c39b75d4696bc199754857dc2d4459b45e498c13ab6f28c8241b004fb5b', '0x263048c8b5d704fb6a0dab231e0d3c22ba85506c013aa4d332a788dd0c9ea5f7', '0xd49ef3eff3e5298e7d20ed8c27518d525286dec42ec17ea065a600cb5b7317ed', '0xc83d712e85096a8e20253b3bc5664acb3ff5fa5616881c67190aca784b744903', '0xe1e41089b03fff02d7be7482704cfc30331cf06ec7c688fcd1bbf4e48c66937e', '0x008f9090fd2a4e54cde5cfcab57742f428fbef1ee42d2ceb7f47048d8b2cba46', '0xf560c7fc43eaf8a96996df6b8a1442dd7a48749b44a952f559a303229739fe1b', '0xefecbe034794372ff2e6b2505ca1ecdb8582ae91173eea37be7f994c31fc53bb', '0x82795a4676dd07137e3e87072a9f8f7d42b70a510441050a81aa23e079179580', '0x6dcf469f9f1974b1b3c72ac4e55a30fe5ae4990bf28e8ac71b17730cb1a37fcb', '0x9c0fcfa7e5f2716bd2333246988ee3685bcd9dafc1a96174678f17d08cf9c6ab', '0x4472d205a465b42a1b0ada0acf0b7443f16a87a919c363cb2a4d453e00804a50', '0x75452c3bf322be47f40fc4675fc1ea7d179bce15ae5bab5fe7fea9a7f34bbafe', '0xa9031206becedd4922b08c429bd9fa7d0e1ea9bac5c1817e9f6d1bd34cfedf8d', '0x2a1199f5a3e9da712e2a8920d5093421ad8f20268898b401b5938753f7ec5325', '0x44788e7d157e99a3f52bd3747836e9672f500b02dc0284494423595bb0255fc6', '0x5d506a4145cb56095d841b118b9c4df5b36e175a03ef8352d205852b99bc3959', '0xb55401ef7f8df621d4bdd95c52481d57cb0c5e8b13d772360a3bbce10d2a259f', '0x4a1eed57b9799cf1076c4a2fa16b7906f378363368b7b0f408d1efc2c136c16e', '0x57f8b173d3f56e92a932936d640dc6735a1687faa8608a23598719ece242d858', '0x235417394feb280ee297b016ce48cd0666cf8208c421a423ca15765f12f377b4', '0x946ecc34d9864f6e5ce3f5fd239934190b75a481012396c94e700089eafa8c57', '0xeaad5857f52707ab15e3de0ca46f48fedc374040fdf734c658668e70feacfb21', '0x5ed3d5d1f04417a11b56d59f24292d7a79ce708a815d3b6ee4c5dfc469244570', '0xfd361dc215faaf49f7e6c28c0ca0218cd5ff381eca2b763deae82a2205d021e4', '0xf082add48196108bcc1fc548660b233c0e8b56f96fde7c2b10b447025aab8ea5', '0xb74507de0045f438a91188dc18d15ad7e53cbcd3dd34caee5d510dd4199a685f', '0xe8a3f2759137405aaaf60668e6d7be0213d74bf8db92704cc31e1a09aee4a576', '0x0a297aebdeacd4a59330a0762549d68681188cac6e4b3b509b6c9751ab2e91a0', '0x6011e06cf9bf1924122d90db2cde69117f54b11cbbf421a164b618a3251163cd', '0xee64837863d07d8b9f101f9962a03cd1ce17a1f5ccee9cbba53b61ce3a8e5a11', '0x925556c7d6cfb191b8ded7c4cc3d8f8da37d1e0342d58f04a59486671fa0f165', '0x29ae45f0ed2cbf6714f000ce0b9ea48f77959c11f1828b322e4ff3c676f44ef5', '0x2fa232b255337d4e774e9c59829eccaf4bfc6d53798eae977d629d653508263e', '0xa1ab8afac2448cce64fc67c72b03ae4b6af100ee1fe7aa813c8613eb2e8ce572', '0xd546c5e0904b96e4b866efdef633541ae726f76d8f7ae79fe296c850d19e4266', '0x161372f5c4f5c6b3cbede479a1119617ef37f32d6c5341b973d3e95cf5fa12b1', '0x50280e01bbda369442b4d669b8e5078d52e0e59c48db551828123289f2108361', '0xbf92b0826236a46737e76a5f1e284942636a4f428371bb2a4519acfff19a3ffd', '0xc4755b18856cfc34089dbdae1595d4d6be8d17f83bc368f93b8c58f71393bdf5', '0xdf759f5fc9d3105a399f49924f198e3674dd2c555c5edaad1ca7a7d0bc53576b', '0x6bb27c0678dcbda1300e4dff85b34b9f1350bc2d46a991dacd896bbf3d660fe0', '0xc83319d5ccf665f9cd4dd55d88e19f3eb3203528005dbc3599854783a0704bf6', '0x77f9af3e806d018e5036ac030eceb3ca038b87c0c7a581495791fe4a468429ac', '0xdc6ab65029ff87583f925e3b0e042c40226b58d2664dece9d4ef1d204ee091a8', '0x49a45565aa10e206d75d6b736b8031c7b68b75ac25cae5ac68cdccfe57bd3f73', '0x8d7170a068c9dd07f08e8cc47413aca72b52d62a905e0c5be7c68bdefb34555e', '0xd1b415524da199fdd47dd01be059d919bf7b37f5cf52904c57c255b1320673ee', '0x60790091f95945b491e8b54fb61e1b5ce1aa379dd2ed331961583c2f49d4f594', '0xe9aebdc2db23e06d23fdd5d44e13c39d277d01b80becabcb819b6fe6aae4bfd1', '0xc97e10729fdff9a5cf3337b15712bc3d1f808a9e7de38682c0e6bac7df9aa975', '0xa7deb1f6fd11e7ffa1bb8f03a9a8e59df42fcd65cf31c7196cb514d4aa6df48f', '0xe66e449b7d149823ad5f48f16f88e8caf838ad5ba419c7389259db5c27e21227', '0x6d33875b8fe81f7d10f362cb9c2c832da4ecf62455bbe7b3d76014e704570d17', '0x26e2f747cd4f8552506e28a47f5b125df58ff8fd10f5ae41b2e0b9e2e568f4fa', '0xdf6b6fd90cab26e97d5435080fbfe00f595bc51e6805bf141e2fe185c8838f3d', '0xfc844f2dee1c7e9c42683a6d0d90c1445cd2260d4b2b7b70ba47088852149b46', '0x01f4f0764bf611023b65bb655b58780cf780df096d261aad5d00ea2186fc37a1', '0xcdcbe7172120ac43668b665000a63ff0583f19fc32b38e5add0e2095a3854a06', '0xa87d4ee69f05cc470bb486b98ade7abeb6f5d789c17b3917a1d43882ccc130d1', '0x81e900ec18c27aa11ab034fe124864a67d599d40d63e64dced7ca23ffb3e455d', '0xc7fc5bc5b8d74e2f298724a111e955a71c5ddd5fbc237f53095224d405047878', '0xbd6b6b8cfcb07491f634a2ee251860e20705673fc17e903dff0d05256b7eaf08', '0x037227a976e15a2d072b02b001a7d057ba03d0a2976d852f0411c8aa22b9fdcf', '0xffb7e055d6e468fddf1a4ec8fc8878ea686031f00d99a3e5ba00f514990d8c25', '0xd15a6643e03e7845eafdfe0a4e80e2f42f2983b67f933db10dd963d55b7c0178', '0x9f8e83075b469250258414958fcd27083a5bf91f90ecb0450ce0ce5d36ea79f1', '0x30f99f08955773584306c0de59f01db4ab32346ac41871f6130e46a3e7c63af6', '0x079f307368d42233da0fd7e4e7b73dca1c508407cd39855147224b96263cb4fc', '0x5fb709aa6525be65cfea6078485af41d008575275a6672d46e43b60b71031d11', '0x7786afe50b8740f9db7510dd406ec167d013c4a5ea1d9810fcf5afd7977f0598', '0x8931450b5b2104c121b80951bfd1b555785165f987e23dffb25f265d2d438b91', '0x93c8c1f08759013f4f64b6dc6869960c49b44e943ccbf20f0aa5962eaf6752d8', '0x972e47e77852239ae3a7097f38c5840c96da10245e7e34ec5431b28c99c5bce0', '0xec7ad3d69499e84ad12b746381d1235e7522cb183ccc5d00510802d47eea6021', '0x9be299c4f95a5721a86207790ae20615042a6ca8cee88e4e213e389917caea60', '0xb3cb8130eb7ec9ccc23581baf307a7523d78200c1e2ad5cea5785313f6cb9e87', '0xf90392cae10ceb7f24412539d007dddf73f332d47d56e90bff35d8f824d98be8', '0xd34c439bc7e1481f25231cc71b1f52a6e01df4350788b979fe5003bc71fdbacd', '0x04f42d634ea3126609a3b276982515f55a6cefa217f81b7804c8aa74395e149a', '0x518840957c23d868164e55bac887e4b7cb36dcb076a8c0140a99c89b2d0e279b', '0x11896ccb511b0e2be17c6ec55a3c1fcfd16085d26587c72c5fdca912d71bb37a', '0x4d5367fcf631db58d92eb813a39dc85479a9a424fb517c0d96676cef493bd4c9', '0xf7fb49bd3069a72cb3d24ca8277ae5a5d26ec8dbcf656fc1960f6f2e9e7e35f6', '0xee9a26d63008fe2244753803f889f1de42680f56357ababe57fbdd2875c53d89', '0x8b726f0c8626999224f102c60dc72fc82f8843f1ade6f60cdaf20b5d76a6b4e2', '0xc466ebea07a1df46a79c0b008b8acc64bb2389010da748e3ac80c28152ac9e06', '0x0b72694383f7e92af4b4f68d2c5fa639da585d359e69fa75d0a270f368ef7767', '0x9b41f93340d8c6b8fb4adc6a4ea428b937849dccbe389162ec993a2ceac998ba', '0x605e723921881bd51d391e4ac4d9147a5a3d49e5953362405a230e6dae81295f', '0x4ecc650ea162591579e8a4cfa7ec04e0e51d461b6585f26ef187415795d25b4b', '0x2bfeadcc252109a788bedd4bd162c5f8219a9c79cc460688d9e610141b4b3800', '0xb65c09b34828e570a1484b01a8cf14fb32958d7c1090e6557a787dcdce057cfd', '0x402d7691c1c0db615271ff4ad8ae6411368d5ae0a8d3e7067246f716d5c24103', '0x74a8935f99cfd3b3c356f019b1b3bfab98a94be07faa561701b1c4a95e12fbe0', '0x82d639e6efb5811828cf1244c0c2231f75dfad8152c68d8d064261bba0180bad', '0xd2ae1fd4b1fd849badc05cbe8d971758b921fcb723794f62fed6dcbc9d334f01', '0x6c5c4e9884ad8010737b48759afe2867109b0546e2b8d9cf82a0929474ca1fe1', '0x9e413a345f242d5749809df5ed29997c6d088febd471e1623601b9b780c5da9e', '0x997b718e1c40c5b7356a6bdb418586b760695987b28997c7dece6359ff6c7ea7', '0x667123151d5cba95325db2d33e51a8b77d0e35448e7fcc7b00d730b1c61ddb66', '0x2dfad0a052c804fdcb083c64cb31afab64929b5342fd38643cbbb6c8e8ce55c9', '0x4c3523b44bd8fb3fc03224c03ef01cb15993c65d94ddeece5cb113edcc2fac22', '0x23531eec4eebe4d35303ef6696cd1c71691c4546bed6858a46b42aab0556a83c', '0xa554e82532750d4fc36282d387083e3280e1f1e68a9e5b544ab00285b00b2f66', '0x76052af5d944abb9478bc2082af0acd73ba8344dd29a9fec9aa84096110c6f5e', '0x50a006cd76cd20a1be993b41defdf499c29470ecaaf7a7b01a7ecc161012d8ad', '0xa4f7cb8c87cd476240d87a23f89fe54cfb7ecc1148d3001678abace7b3466f3e', '0x4d852d3f10a036926552171f7b1af8d33d585e5d56f451f4b1a3cdea7d750e48', '0x235971b3364f74828bbc13d914c2b67f61736ac0110522f4e7865590479b43ca', '0x004ae8f22b9cd5dd9abea393776c603a9af7b3f955e18a2f7013dad36e18d097', '0x4012c52b9db85fa6be79466813afed62fc81812fa999843dce89e25aab5eb935', '0x193e8eace4a9195ca350af50ddda7826f6d10d17f580ecfe75b9627a4138ce02', '0x9e24c59c83030fb6952734acf3bfe68dd14206786cf1ccc8ced27b48f42f2f86', '0x0e32c430ff602f7fab210d63480db1c34462a861e84419e340988e59e0af0d9f', '0x28ff634171a7bcd71956167576cd91bfb4dd69430760b5414250502bae3f11c2', '0x9707a7bf35d8bdca492bd758369fb0a3b3424bfa160690778c594d0deefe008d', '0x55a9da43beefec47fbc534f50587fd392fd646faef5ab5ee2e73e4c9546b2abf', '0x6dce02a6be6e97a13b29d8e7fcca7263d155152ea187fb0a0d3d24d75864141f', '0xc4d7f6e68d5d1c7ed2a859459ea529d256be48a8e3fae533d2040bd81a2c7b08', '0x5f6972d51658d58bec9039ba2a1becd124d39e5706ae42dd6466243cf4660566', '0x54e402ae70e70d228fed33c95248558fb94211b13789d462f2ac1c8d1cb2e344', '0x746e0771863ea95c35258d524d122e65d73e1fd2a552c55ada7fc7328d0fd6c1', '0x2be895020feb564a47dfa1ecd7ef320f497c1baf375d369abb7b8c3b724fb08c', '0xe880345f82aa3ba7f1e9e310da2c3a16870245726b5d60a95f65700e091b5d1c', '0x26a24258872188254874479c76b5fbf78146d4a4b06e3e8215c8b88ec792c931', '0xb440e1a211178c4e72d4c51a1420da4b986526740c000a7b4af90738afdfb742', '0x526fb8bb54c53d7520a9f0e08252e3602ae94d43e1bdb9350bfcf4d5df08dd20', '0x21fea1fe5cac061a3de37a33d740d81f5a83e767761cc9d6295b84f8b3a09255', '0x2e0f06203347d84551325e8365f45270d9f474f4257e59683dfa93686e2ee5af', '0x416a810a6f1c039b4400b283e8168205b5040756f20e12ee21be66121b17ff35'], 'transactionsRoot': '0x3a475c64166378867c06b29678a1fff94451a1aea0d3d1864b179ad11aec8e2c', 'uncles': []}} (async_rpc.py:86)
2022-11-28 18:11:33 [   DEBUG] Getting response HTTP. URI: https://responsive-convincing-aura.bsc.discover.quiknode.pro/3e7f242edcfec9ca1a36ef544cee66362af95baa, Method: eth_getBlockByNumber, Response: {'jsonrpc': '2.0', 'id': 79, 'result': {'difficulty': '0x2', 'extraData': '0xd883010110846765746888676f312e31392e31856c696e757800000040fc9c672601cac63c443ea6fda054225be4b6e5a74df4ba69095cdb84f08177c8de43f2747aa3ed9bdf9750e5a6458af9153dc66375a1b80f5782016cdd49e2781fc11901', 'gasLimit': '0x726dbf2', 'gasUsed': '0xb9056a', 'hash': '0x55852c4b4b04d5998179e5800146d3ad7fa87e0e96faaca676bab41e40a23134', 'logsBloom': '0x44318631b6acf1976c4e8c0cac5c6338dab0042886913ca87439372d287021ca00e6532c0e88002712b854301fcf4528b01bcfc6493286d0e1f724d3966603c87d283f089b811ba01156ca9b0e2599207bf8416b13c9651830bc24b9a2420be064e805a6432758cb8107ad78b1762bc348d604bb829e6d169202647833c00c424ca82900a60c1ee018a10ec60c161ce0983c8e8b53a2b03d869cbec50ee5e2683babe02d142591504d145042462e44f4aa9618e06884ca646228c58c0155188643e07743d000097a0208862592d736a1aa4133546101705c7690b9774b05e98acf300c171d5d5f1b879274f591b8a3a16854ba0b45e006c08098147c8fb8c0a1', 'miner': '0xee226379db83cffc681495730c11fdde79ba4c0c', 'mixHash': '0x0000000000000000000000000000000000000000000000000000000000000000', 'nonce': '0x0000000000000000', 'number': '0x1655caf', 'parentHash': '0x0ac699bb2cb346de58f0cb6b94ff62db3966d1171771dd6a1abbfc8758828311', 'receiptsRoot': '0xf526a582d6595e2dba402c6b3a9298069cdc67e0807d0c6a3123fb744f1f9cb1', 'sha3Uncles': '0x1dcc4de8dec75d7aab85b567b6ccd41ad312451b948a7413f0a142fd40d49347', 'size': '0x7586', 'stateRoot': '0x42f05250692136d121c3150d1afa98cbc09b70bc697cb91845bc77b600c5b09a', 'timestamp': '0x63837eda', 'totalDifficulty': '0x2c67294', 'transactions': ['0x6a677720bfe187d8a8712bdc33fb1c1da1771318553c2af1788510d5c1903ada', '0x5693ffbffd459b3b033763ef467f701a5bf4ac5090fccd5465791f798604aea9', '0xae9f6d8f2006c451fa582fa6ab7ecda322f698706cffa482c8958aadf25deebe', '0xa22d0a93556067b56e2960d856b9e787f427bf9865db15fdb9b10ad17e5ac377', '0x58696e9b70cf793c06cdbdb2081229f78da2c473affe3b7219fb016f6d650905', '0xd318bcd697360d4de442a68f8222b6f916f3f926dff02f46625acbc83d93616f', '0x5ffb116777ba509061113b4710e831cfcead184b00dc884a64cbace01c2a5a8f', '0xed170291261d515d701e81d6148c43e532290dc13226d74c6a6b48990a328ff8', '0xba8f05cd292db38c6786cf4bd301617928ce912c2a3fc24ab8a26874985d46d9', '0xe44ad69e951921cdd19cbe617683a1beaf77320c1e27df436c6cc73ac1f842f9', '0xab718cc780780a22edee4c4c882e8a1b95dfcc24dde2593f55f4147aebdc367b', '0x7440ed90831829b34b91945b2f95e6f065917fee6f127ad0f7f6aa031c1b76a0', '0xf5fb8bd0e20d0133640c55286c92ee47601811c40e2df08098854ea3f53a9fd2', '0x92aa0a8acc4d7f801c26de543cce555709c7c04c842493830fc034cd64df410b', '0x7b857728b74c9981d1f2dbf7c70caa6ceaba1c48a44e7ae18bd730f8e165889d', '0x8e15068a8b6e5ba83ff0638e9cd4a89a5659dbe780f767555be51d37fc0b3403', '0xd587db83f1a97f71ff3056a2467857481c712b105336389e66156371be518053', '0x17a48ddac450bb1b0baf6352acea75175c0cb27fe3e5eadad12030497c74f0d1', '0x7259408dcdfef2a8e873fe08730625c36af6cd16d2a7e62758dfcc9bdf998866', '0x27bac455bec12bcd8d64bca33e5b6d4d0af3a54bc86018e50d36f4882879bf55', '0x2a75c6d9248128c046cab23d3300d753496031b666688eb3bb1e100cfe267d3e', '0xac005a7ebca70d67dec7b8ed24478b7107bc10c38132b49afe8ec156a1e06b89', '0x59d80a84e20310899254f50c6cad77ffd348409ad019d1aa28b3780f054370c7', '0x5d5a507cd72e6acad66f63f5e06fd861b61f9312049a9fc647b3756fdb2c6226', '0x75f536a72a1ed8990104d9e142a06b123534dda9379cde5ba76bf39fd6eae585', '0x7d2937ef3495a2ce495e18e6c99187c96026e070c7ec7114f665cb51f72ea34d', '0xb9861124e564247f863f39730dfc14c2b180bf8c806115774bc6a2c7d1404604', '0xbfe3f552c7a3129149ee558040aa21cdc31821eeac4dfd827621591de5c5fb57', '0x27d70453268098912ba05291aad007b4ef17789eaf8b27b67713dcf2731ee6c9', '0x2fae79c84df2a23c13dda4083b8cab5a02218b16e7ec697961abf156292de513', '0x678b526b64a296326e20d42a03d9a75bd34c493058c9e2288bebc032bd517b02', '0x387704c1589685eccfbbb5dd7a7dc92575eb804a49983385aed623b83d622496', '0x1536b9771396413ed4b9b8bf28460e13b46a84d2602fc6db9a586369951f6c96', '0x318889fbf9fb7e0b1647a1a5cd115f5aa5b41a0cb556e03c94053819b262c71e', '0x0c2620d5d97efb36e65f5c08364ff25127b5f5d1f8e1a22366fb3f4e4af785ff', '0xad31e5bc097fb0849e313104e074589eacefb7d19707585d2593a814fc2c08d4', '0xea9fdabf50c7cab781e61689f6d8917d78009b37b408471c7719f7e330352d88', '0x03728b06f90242a7f790e269657669b1187710bcb6113d6c0162a83794023cce', '0xf62c9f6417fddb82e591eaeac9038fe359ee46b99cd8f504bface26bce820393', '0x0031c4463a476d34e5cfd40590eae8e67f0f1212ded8dfebd4f61b7fc53bd02f', '0xd3bb1c6fad78ca78b7ce8318f512b4de790612f93014ae3054a6e93120d30d82', '0xfa33bce7fa21969d62a3fe080f1af65de6b4b4902cdf59e01d0fcf13b84b5ce7', '0x3f86d70fb1e0bf5b1b7876a768427dfac72a06193d0db8d92fbf6e2096ff8d07', '0xcb92d8bdc19621f747b7dbfdae53fd9c0b580b3624447250295b32260c939494', '0xbcffd18af9ccc9006fb5803229ac6877ba094540780d70c247eb39471a524122', '0x0a6e910cc8141e068f60dff42163ae89f76d76b82dbc622b888c10cfd9fe0290', '0x02e7cb6395ed8c07c2361f18250ed7d05bb958420e0ffff841361971747bb3d2', '0x42831ed06827e329fd6a684832c985bbdb64bafb81d39cd57edd283dce798ed7', '0x35195229678d4814719638750bb476fb245baaac206556730332bfb0720accc9', '0xefc4684cda95eb037f1a475333154375d8cb52309ec622676ad4ce8af75861e2', '0x150ec4a4125da15837ac5de3192f3d9198bb74a659881dce4cb6d2acefc91bc3', '0x59f543641fd708ca973b749cc6d7e80fc2dfe043187dba9a8cfadf46ee67f9e8', '0x04840ddf46526addf976d5969d526bcd70a8770e192bfd5e9161ee39625e3085', '0xa75e03f29a2bdb131fe83ff808e0fa0859b584e751efaa2d4099fe296ed56fc3', '0xf802907da42380c1bd43399e2bc894cdaa7428eb6970266a5d55720bd4a51e5f', '0x0931aaebdbb0d00bc49e375cfbc63fd245d53c30c01b6717699a68b8bcae4773', '0x97f81018fa6fb53f27fdea79c3dfc953b4b536e321acdecc07937a7c3867ca4d', '0x2a9397971ea8b0c0206720d482318535154e9c2fc0e97fa8a01c253b993903b6', '0x62ef6cf676ce7865e2b2d9bdefc67875d39efa12e23084b38eb1e41de9ca2af9', '0xe8f3b92713a19bfea5031d92713dec24847d7d3535c328be6a79755424167250', '0xd90e4aafb9aa16e066f60dea70e8828f0093312338b7b9faf6dce4cf7bda61e6', '0xbb94e916c46a9763e51a91df938aef342eef5c0ac73f7080c723a03996f24aed', '0x5e4a4d6e3be80f44f8647d111b6040fd6b56a8592ae90ed2316e3dee21792955', '0xaa57b67afc2e517ff30af4b79643d4d0367d8e917985fdd06b016b3b7cc2821c', '0x7a687765e5e5bed8c015751d6fae94fc90f869a22e569dc8ebdecacd359423ac', '0xba1a07a6671d169fa40ebdfd0176f8ce608b6ed3265c018f316ac78e68054bad', '0xdd61944dd2a8b1abf23502e7e050f7eee8a08a97c20936c9a68098e033499608', '0x4dabcbb6309d7d0a28f471b81f92f86bafd37236fc80d3ed9f7599b866457a53', '0x2ff58ed1c6ae88f1fb53f28f24c3ccb204198286f1d5f3f55032488932bd4402', '0x0288f04c79fb7d2c255b57d793a01c99e8c3fb0d226c95a6005a82ced2027437', '0xe79881745ccde27da37f2c0698a0ad1b33dfa33b20f5f004d813d75f02ec471f', '0x2377ddec5a0a8f90fdff3f485fd9fbc3fc033d664322d0b50ce3cadbcd15e1ac', '0x16101db2283dd884e0447771d6e8e3854101d3f5ee450c1761c9181724659786', '0x8a455b9ffd088d25b502b45c31c0b5cd6e7e72c0dce0b6caf63660cd50027d29', '0xc1bac712a5be7684b0efca1ca40ac24b111ae36d5c09a84ee1ab933fc70ace6f', '0x1e00c9b5af63007084c4e8b4351e678a09f6c6503d04cb1fc4d5512ecc6b8471', '0xd25c26bf63cd80742099f99b1289f271aaf1a532a9dde0ecbc71253b74d8df1b', '0x762199fca0d1b5c79c09a607271420f21476fd9921532e5d3e74e75c0fca9f26', '0xa4910b6393c74e63b7af057fd6a0fca028c603110ea7b9340af8658690bd46e7', '0x70e7a252af5226a61779f6c2ed1cda7b83958c7a6172b23954e3db0cc9771e4d', '0xdc253b57c8f330c4b30c43be171905061f8f34018305a6a091f96f1f7a612f51', '0x794e3d3e1118bc34d467960e306720dabba50d607ad92fbf9faad09baadd9798', '0x135fcd6631aa9e4e2aa237af42fb00abfceaa1c447473a5888186262ad823117', '0xbb25c189f8a053e5b451101296ccf59d12d529f3b0b6150b4cfd2001973e3403', '0x937b130bf91590837208d3cce13f2518e51d3288678de6f30159e311c974c0a1', '0xb8b527ba91a142909049d70bc6d33563df667d21bde1f23355f7c6b472c5e23c', '0xc06b0dad88e83ca17d2ca150b51f2bc75b4a616e7a66a90a34422fb19f58e825', '0xe639bbb6047d94fc2f439191352e2b045e1ac2f1c274e3138998731776ac0463', '0xd4b748f1c199deb544d18052ef814216d2c1c02995c273dcd35318614eae78a3', '0x76b37fe9d7995d4d213d1259db991d03c953d7fb2522545a94e1efaf3f22bdcb', '0xb31ceebb602994b62b62f1736cdc36c1bb07e2e2451302725e63e2fecf169a9b', '0x562baf96d7593ca5bfd8d3b799ff061ccf8ad2ce8ba2083123d6474d72f53030', '0xa9054a5693ddba26bb72543de41ce201f648fd82ba77d21a7622cfbf70fff70a', '0x18e7450e69cb3fcf08447837524ee1f8d74b8b036d0caa4a4bdc737acb701275', '0xc97cfaba5d51cc648b857a8034f63d4351445b415ec7c7a9a8183ba6c523d3f8', '0x11fe43def019b5335099f6dbcb479cd055ed14373ecd826259dfff2f666dd476', '0x250cf7e781d7627331f04ff67dbc0b24ac8c128c21ce06e3062c2539df7adf8b', '0x4fe74701fc227ab86e35ce3e0773c937b6a783b542036e1c284831f2b93cafa1', '0x269aeee5ca2d6f92a32908c67dc87620935f7ca77cee208a049917b5e5a34f9d', '0x2824d8cf525d11e9f49d1516f955a23dcf6b3a189a81f9e95de39c92600e6b8f', '0xbcebd0b03612b55b682f3055586cd34fccddd4c62b2948f5572416e6dfd21823', '0xe814af43db381bc958ca5165ae60f7965921a6a977b6aceefd9be5cc706dec97', '0xb1a3cbe69d77b1f980936b3067213a3d553081d0a258bb79d94df99391fb0601', '0xbec3a0c72febddb76ad9094983555c92af1d6a8261f1de2a0527dcab20d508d4', '0xdf5da0cf23ab95525e312b407a8d871f2645877e781e77ad6b057d00f6fc9810', '0xefdb349be49849425354b296a0c0fe9bd0aeb2bd53b27ca3b7e3e610b1cdddfd', '0x80f87f35b5a1f34dcae945e927c9c61732bf4c241388adc4db3d2f07d1f902c9', '0x30440b822384ea26524fbf33fee2da7e9a0e6df1b992701cb93fce88001ef440', '0xf55c8627e1fa2dd12440574a88479e0e61dac2e5d1210d153c879ff7d5e2e89e', '0x2766ac3036924e3a328ca20e680f255cf338e61d28192155e3e9dbe0f43266ff', '0x069c0edd956164b040c7fe83d424bb493a2b7f11bd3ee9fd5b638904ce759327', '0xbef950d38ad5ff3aa49d76677b8ddf24c2af5362370ca05351672b77beddd4d2', '0x4eef5edab60cba8d81379ba676f114f33cdb9fa9efe5fc2af7437929b54ad7f5', '0xd915f34a7c81ac993600af58c6aea2c8fed8840e10c0ab078db4f826fef6dfea', '0xdf6cdcd7a8620d3023c0c871d73029c6df5324c3b3dd343459c2793c464988ca', '0x20f200c8b6e87af62888f6d38a1d69713d82252f12f70309edaa0624ff85f330', '0x8d4f195a651c96307efd775013bd6df0b7e4e9c49ba2d9412bd7fc8b27b458ab', '0x70db390773158fd0b8ca24b96a724ea78a7cefa11a326cb97903eaa54f0da798', '0x183fc1fa0189688feec6647641f61b05a507eb08e112d80539fa1966b8a42f2f', '0xc895b6196625826f6a31b697f387cd750338e6af0fa51b86607ae1765f51981e', '0xa84d7c8ac80f699f36fedfb34aebad23861c3bbdc330f01d53818c48660f2a4c', '0x8bec5e77f5c3c3de2277bab6bda759f7d239b1b44e8bac3625a533611f892a2c', '0x2f9461fe717fc0586d7cafcf5ea416b9b2a264f5a6c9aa7eecbb34761f77d26d', '0x0b49f5674c83f7cbb479ef934217b5ae91bed6309e57d6fff470027c0afd8a9d', '0x5580741f2b3c5153762de0a86e99ac62fc7a7bd257bdd6f8181a4c6daf94326d', '0xea5e11aa8211fd9e7d773b12acac9f3e54a842612ff71640e769ec31a2aca151'], 'transactionsRoot': '0xc5f0fe970710b74ed6da52c7991fd126af43ded2f1ae5058ee99626c26c4c864', 'uncles': []}} (async_rpc.py:86)
2022-11-28 18:11:33 [   DEBUG] Getting response HTTP. URI: https://responsive-convincing-aura.bsc.discover.quiknode.pro/3e7f242edcfec9ca1a36ef544cee66362af95baa, Method: eth_getBlockByNumber, Response: {'jsonrpc': '2.0', 'id': 83, 'result': {'difficulty': '0x2', 'extraData': '0xd983010111846765746889676f312e31372e3133856c696e7578000040fc9c673811a11d22b2631b1647fbc067c69112b36033e6844752b3ea54fb99b7fbd26006fa467b2e581d46c222da9e6b49a88b224b5230c193f894d8dff193f809c6c901', 'gasLimit': '0x726cda5', 'gasUsed': '0x20c33d', 'hash': '0x09c038b59097dec5a9ee6691549c378fc92b2cdb6eacd18e4b377eb11c67fb0b', 'logsBloom': '0x002202080004439002000402a0180000000000401444020004000900200021200400122000080000000000010cac08020b0000040020000000090412402002c0000128000000020081e1120820130a30241016250200200000840000904000000003092803020a01000200000020080008240004100020040800981833a10600000001280000040a0c88002013200000002404010000900800800060000400200300000000210020000040804280c000410040102110900840400048001800220480004221022002002400a00001140820403000000000100000040a0000e0804210000100e0000003080200c0402200400000404000005800a0020000012010', 'miner': '0x2465176c461afb316ebc773c61faee85a6515daa', 'mixHash': '0x0000000000000000000000000000000000000000000000000000000000000000', 'nonce': '0x0000000000000000', 'number': '0x1655cb3', 'parentHash': '0x35f3951bf2875c029b5a1b18480d6ed7c1fb723143478f75f1cb2d3a5f200620', 'receiptsRoot': '0xd7bbfdec489d026973882e9898acdbe6c456e0af459451b7713c266c26e7a3c7', 'sha3Uncles': '0x1dcc4de8dec75d7aab85b567b6ccd41ad312451b948a7413f0a142fd40d49347', 'size': '0x1a6d', 'stateRoot': '0xcfd9aeb285f0fb84551d16ff51b95f24bffd59a0e0e6c9adc914c93747edcdb9', 'timestamp': '0x63837ee6', 'totalDifficulty': '0x2c6729c', 'transactions': ['0xe15c185438f0715ebbde5f96f396068596deade16e53299e84cf910ac537eef7', '0x83a1c9bc26dfb7a4c63a0904d9df42e762fbf5dff3fa88a606d863b726c2720d', '0xf6ec9dbb14a3e1dbd8806cbaf901e800625164cc3bde5a72319b359e99f21ccf', '0x3722765707092dda1620df2bff5c2ec211a904fb71f7269953962031b81a5bf0', '0xd31d9044be4a831173e403386c564e2696622ce972cbef9a625bb406aaa16849', '0xdc9d55e3b94ddac0b1a941a3fa54dd8dfd69ec6506566dfe2ad10ca958eb08f0', '0x259c69c304f5910da4fdd11cd739aecbfcb34a17916843fb45836b6aefd743b2', '0xccfe875f579a58c6c5613203fe1cbcb9480670a5ba9c13c091a3a7869e30ca2a', '0x4ff6bc2962b95a7190ac997a7f25ddb545f0763dd1cfe0daf7f7dc379c44bbaa', '0x095ad80d8d2c040f5042c7c8af27c0acfd2733b179ac5748031d4e184dd6dbd2', '0x88724ccb17394b26785d14c6c2d3bb1e5eb22799ea6a2462ce902fb9100f0bc8', '0x840bfd6d6ef7683f6ffe5fde911ce447b18001e49660b4baf1b9778402e2516b', '0x6f0f00908264b6f2ff0036a4f8971949f1185c46b9a418721fbfd44d21863428', '0x421cd5c0ca66123a7704b928d88a5f3ed5051be8afb2c74def08635a80dd2f56', '0xf2f88723033d91d04c8e20c690c73722949b33605207904a5ca6020990e9f597', '0x48e13b0d13c5b757ff5ae9447636d77303feb1a249345a6b83a5c0b506a5ec30', '0x07b4880f4643f5b45d79836ea9f7711964004d4942c6394f0cac94dd0a351146', '0x7986c039d81f1b35498892e75488801b774b8f7a6d182c5114d429aa06fabb06', '0x773087edd845c58b2557f65be4eb235c05c45802adc0f13fbbbf11fa854815e4', '0xb363d00ff6fab61d7267ef71d3acc971a81ce3681c8a519b28a47c173305ed09', '0xf80c9c40ab0dd4215081d675555cb737fe7fb3da5319f7f3121f7d3875dc273f', '0xd38b5796e93f3f1c25370f7ce2e8b32a459388e65f43ae7c30c2b074bf30afbb', '0xa526f903190d6c61bd63443e9225ca082b36c388258680b0a60b45d77428d27d', '0x468d0a4546987ea68d51edc7347c053c16b6dd2e38cf778d9df21375387f25dc', '0x6c05571b1d96f327e7da4c996845989d44057937a12c924b587a0413db7423b6', '0x0d05c2f861cc00f7b2d73cb52e81d142cdd9d6a04951d9d15a920c1b5555bec9', '0x49d88a8ca03fb57c7127d7c4834adbdb81f973768cbd02243a72fe3be5f26e6b', '0x8b38618a3a8212a579f8c5da5a73162145db1a6603cf2fd21be40749c5f0f0b0', '0x4e71592b37c3ea4b517c29bc8270070a28661185dd149b3c95bcde6fee4fa0c4', '0x2914bb3c01604f963dec28faa7319273bfbb0ad89ddf74bed310d44c1b78d87b', '0x52c53688332b7435a43c7ea716b5d2309504e6345bcc603a849eeb7dc3aaebbb', '0xe8f81bcbf3533932f43cfbb69f3b247d7a36e8d2c81d520e4e8f39b529434aaa', '0xc0614d0e1e27d23c3d7b107663edf490fecdf55d5ae0b4065d34a34333787cae', '0x7db951e80e048f426c25ae878a135a9ccbeb6d1c989ac5a7c8f5b6463beee8f0', '0x3e087dbc91218de510dd27a92a56e5a8f855f7e8a7d62f6bb5524a7870841b5a'], 'transactionsRoot': '0xa1e5073f834251a0c879f3891d8930fefc84bf038df072863cfde9e6e10c0aa9', 'uncles': []}} (async_rpc.py:86)
2022-11-28 18:11:33 [   DEBUG] Getting response HTTP. URI: https://responsive-convincing-aura.bsc.discover.quiknode.pro/3e7f242edcfec9ca1a36ef544cee66362af95baa, Method: eth_getBlockByNumber, Response: {'jsonrpc': '2.0', 'id': 81, 'result': {'difficulty': '0x2', 'extraData': '0xd883010111846765746888676f312e31382e31856c696e757800000040fc9c67065c5348699f259c529950b94241afc305a1874d228b1c42370aea98a1ce5fcf3753b679091eb01da6f699779bc6930cc3393b5b824f452c4634d175bd2f5b3a00', 'gasLimit': '0x726d4cc', 'gasUsed': '0xac01a8', 'hash': '0x3707be2bfb80eeb5d53575878c6ffbb71db98f5ffd5723135c2a37b37e3c226e', 'logsBloom': '0x422affb82d48121ada8a10c1b0202201600b5b584a10dcf0d91328692d14af5a872f15520ebcb0c8ca20a545644ca036091e26020cd4ba3872350667c535729405877033dc40c042c3a148882a970327a2921b883d5c2dc20494af4fa07e5612045408ea23523508f5c118409400c9a48e51b0e1d4ac0d74a1022e7b4f9214c41223e2624e014281838906030da3d2cb002527b779079a0b932113c880cfd420ab0480cb9cf848002814028226ae90e288b93a310002418808b2636532b3b10c60480406a607228a86b4a0c50002d005ba412b081b6a11b41946ad4a0220f9b4a27106878905d14cb92a3e8499a918007aa9460e4e0aa37af80a8e7e32c51012', 'miner': '0xfe6e72b223f6d6cf4edc6bff92f30e84b8258249', 'mixHash': '0x0000000000000000000000000000000000000000000000000000000000000000', 'nonce': '0x0000000000000000', 'number': '0x1655cb1', 'parentHash': '0x2d0aeb5c242ec219bb28212b9521102307c8853db0d1f5d4805761d7a045db3d', 'receiptsRoot': '0x8726c8f282372e7462b7c8974fb764c9f4c3d0548cac8385a4d37c95d8aca0eb', 'sha3Uncles': '0x1dcc4de8dec75d7aab85b567b6ccd41ad312451b948a7413f0a142fd40d49347', 'size': '0x5e05', 'stateRoot': '0xbd99f0d927d39f0873aba36378adc297dbe94c7983637ec6b3fa2959550e47d8', 'timestamp': '0x63837ee0', 'totalDifficulty': '0x2c67298', 'transactions': ['0x6b5f735d40acc84c854d41f45ef1bf42fc1c48501c35a48487e219d8be68aeeb', '0xb2d7e255e5b2b190525a9183a1256c2a88345b9a48267a1269e9adbc74ac4ddc', '0x152484265cbd86e783466615d1d3201956979155a9da1a7ebf877fae80a38555', '0x6d58d436c9e5f015186d5b4dd2fe8059f6381a2ad36f75b90a592718c6f18b05', '0xce60f2d6c49f6d14bbccaf892ab90117bacfa6d2f707c84966f39c1f034e319e', '0x3f5a7a7977c0804bebf673c72a6ee6a9356497384b15d6df6c456d97300dc4ee', '0x59ec95b47306f9ed493b945f4a1a87f7913d5470b3eb9aa60d983f27713f597c', '0x2dbbc16b7c397a26594fca12523d91e7099c8024cb211fa590d7d0269505c5ff', '0x4bb9464247547671389153ebac77c6d36bbf1729291a2cc3cc49eff3f3a6f221', '0x46b4e82785080399f3bb8be6ecbc87ca7d25c673b9b50549c6628fd502dc784c', '0x97b837ac1c7e8ef69095f5c723beea99450ef987dae2b6b713aa78d249a96454', '0xf7ee5b0c21d47aa7346920b4cea44b38316c5c09f283f1b4280cef317f22e264', '0x868638b97455a7143348cce586ff9cc73406f5b317a1943fcd159ce34aac7649', '0x0aedeaad74696a9dce1fba95be5f345aae20b983f1f24e7039192e1b13ab88c1', '0xfa2d49ed2ebd18566147d559fd2fffe229dddfc8690b728dd504b6f75b3c4ed7', '0xeb92049ff7575e5efd93b0d3d05c9924d40cbfc6c414fe5e4e3a185110e12598', '0x6a212b55cc20e16c80e10c886f7295e3f2a5efc2994972ed5a4312d11ab1b78c', '0xc4c107ebdd95721f5679276571b231f634913c4712177f87f758a201b5371d4f', '0xb2e2145a1e03565b10cd865056c2ae6c3ce892cb2baabf31d3ebe40aeb01a90e', '0x3849429f477780661b63be99360f800ff74bd7b9b8b680e50f01350451d6e206', '0xfe05f2dcd7a081f22c3fe22359f40adac371d85bcc27685c74b797f08e4d4fab', '0xf3c9ae56cb20a860fb345a6cff4087f824692fa3f6dc7a414c33a2d3c9ef85d1', '0x39304192c8c7faec016c3ca954eb4ae9abe692341315cd36ea958e0e86316c9a', '0x66ca4f65269afe014d0a655914b1ca9395baad2674a4d9527d960ec4ee052070', '0x98759967a841db1c1f2d72688a73b3da16aa44459db4cd52e598ab55229e8700', '0xfbdf7198f27f24522148bc42593ab6c8f6608e106130755d9c30906b9c4c639e', '0xb9ced8c43ca0f044da420c42d32ab89ca2652787838abdafb5fa023bbeb0f45c', '0x2b0b54ef884881403c50675263b5b2b2ef55e4b222cfdee7f0d92ac05e2fb1af', '0xff53393b243fe30b75fb95712a75186b3697178a3c891bb77f79e2f722c3686d', '0xcd02fbef8b3f69168f2acab31ff1534b9a60d7060d61f9f0b017c8eaa7b6af05', '0x3f225ab15d64601f58a4814363a964e3bbea24a268cb85992307ce93b6d3db37', '0x2ea9ededc050f072ea292f66b50a5bc9aee9efdf5d3aa9a2e54cf57d46585ecf', '0xa6c37aa64a1327d5c95294e25101c7d0996fd0c722ac4abd6c36a97c5556abe5', '0x1f7449eb2ec63f4525a6db8a8e443abc3381aea0c35a3d59e2dd9dbeec0feab0', '0xb9b99b17b3a6b82b795710ca3cea9b2ca1c21c863ada69453bab28a8e5831be9', '0xbfe6bca5974447c254d9a1ee86afdb29d83218dc21a5cbf34d9360d66929f4c9', '0x953480f2aec2d184af213f6a879ccf9eb6f081f33ffbbf6e8a186231d517b9d4', '0x44727fd0279bbcfd486409d3f797ff0ec6de8f0f6c47343af6d484e859c10990', '0xab166e73624acba35036a00551dc1503b19f809d141993121220c0043ddddc57', '0xc5f5e45b8edd2374707bccd2fbff285b9de65b9866d232a7222d38b9b4f8e359', '0x6d596ed3e8a70071cb42de6e7baa45742ca11d3cdcc3477d53c69ac5adc1cbef', '0xc47a377ba6c7b05c6bcd8493b89d39df31e269b469a4c3d43ea74fc7e6650b75', '0x29b96ebfe178d852df8729a54edc37940ccb50c73a35db73e7c7d29e9535ec23', '0xa146a087c3091fe0150fd9a1aae6bd4ad9328ca7cfb8a9d6523646e3c55c9762', '0x5322248d94f4ffb21192eb0603b6d2ad6077013c4d3162592551ce3da0999fc4', '0xc8f66fe8390aa764976d12c0b2f990e74d5264aeebff727b8e74c828f2ae7536', '0x1869a8dac171bd09608794210f936cbf45f464ffcfa8c190d3fce6f1c10145d5', '0xb5a5b02706201788ae2792a04d1dde0fd01d7a0227f27d7807e08287b7d184e4', '0xa0dd614e337d3679b1636007b788e8c5301f7c2bcc9df9620909ebda2ecb9ee2', '0xc3e73414963f70be83d2cb85fe8465fde5cc4d920c451653feef1216095056f4', '0xbc7237131b66eb337b1d4253244c8e3811344f37ceebb1654268b1a0b01ce2c6', '0xeeb946d1c2ac9dd85d0315510454b485eeb31b55ebfad29087e2317aba322173', '0xdeb7424c274c37703e1b74fba1d99e5f9a749a879fe72fa4ebc728d219373749', '0xc0a891d4f07e57e2bc126bd74520f180fd7a6b3bd048f73ca02c472b84edb4c2', '0x367f79ce01e0e061c3081b2325127c5aca08531202d5c94ba7796cef64ab680d', '0xf3d78b310e57036e5f64303e2aa9cc13ea7aa06fd900999ac1f0616e61bb005e', '0x4a3e946e7d35bf957b6054ca812e9aee1c13a0d28b23588a2c7e6ed12428bfd6', '0xcbe950640830bc3b630aadd0a1379abcf24d3acfb2468d4bbab43fe59572215a', '0xce88c6bed4ebe83f3f0ffd9dcd767e2e762b078546f799808e1e0f98a642e801', '0x890bf3588c8e15bc46cbed64ab4877f8a1dbe0a9abef3b8bef8dfe60c21f6e9f', '0xf5782657444b72ab86a23369a7d0b1fb2d1fe698488cfd4160eb1de3c750d839', '0x4480b1687e53bd658e60be74fbd73134876a9bdece91742b79f082d2b77603d4', '0xe7f77ad731c38851011853c779a3e46bf0a1f211da4664aef41b286a05fb5fae', '0x238294b56e3259ddf2049de906234e1b44ab8d672cfd8ddd1f51aa575bd92dd5', '0x93861092ee64f028263523464ea77aa5a9e2332e74192197565e8e34096d18f7', '0x80568e3e5ab2be1af4fe545bea6f90e80628b897fbb286554d1417c54bb9edf0', '0x0d7445009f0dabe957b6f08c6b5b0ec24a2f36701743c9c25a60b104e64776fd', '0xf22eefd7f80fd8e9f252f75a851391e4d427552b269d7e63b8ac85b05175fea1', '0x812eb44b6c43e7f7468a33bff53c2a3880c1399d8d16ed5a571c08670ad86145', '0xdf9ae460b2fff65de8a696da608bb515151b00145a069433ede7928a6b8c371c', '0x2fcbd6c2a01f7aac8a0467c5df33af0209d52ead059f16c33633a8bcb4c7f64a', '0x453319c8f74e9b445a682ca0e2018aeeecc89b2cc86c0b62752e970727155319', '0xcd5f1ac79bc15094fd530ad47688cca67ae4dfaa99c001ac559e97ccd4b8231a', '0xad21a39dfd40551c514146d548dcb90dae95029ac1528ecabf42840479ddc522', '0x102e760743d6ea75db0537fbf14a046699a5e34c439d1ff7b3c715106f0b7d38', '0xd57dad4f6aafba8cc171a82695448bf4c9c867655d6a253452003b489002ba1c', '0xa4d03bbbef42bc06925ebe2fc443fe5ec00b55c00386632986ccab0c0262c85c', '0x751234caa79ce4efe9d09ce41659622b83d2df1fc6a928475295ca284be7fd08', '0xc90bf2409424731c46026a28a0fd55a3b12cc659deb7ee71d8d9707bfac28cce', '0x86412d7d2123409113dbf082f507bfc7bcd353ea7f1de980c79c4768d9de145f', '0xa718d5781c523e81f39ba8991d64c2a95a48ba2cf004fdf8392715499deac08d', '0x452cd4f060998170e7851044e3447d4110c7d47111794f56cd904640fed0a0d6', '0x04599496ce45efe12fda3bc8a645a100e505f69b64cb5bf367e9a9290575de69', '0x0c6c45440841083663131dd3e96323bb29d3b7cc4155d4dd0883ffe00459a9ee', '0xf692bbd302a14a6dd7701cbb9789b2d70b04b81ee2423b37c052af422a3248d7', '0x4e54aa664ed44a7213060234b88d69087ef986aeb476f84ef4d617eed8b068f7', '0x5a00a635262545b322109508747c05ad5d252fada537888a7bc9ed1f90b2ebe1', '0xb9a5d4c5d6b04116118c809fbedaa9811c9465bd5385416afdb464db5b34449e', '0x01d601a61092cc4557ab1a0e581ab7e4f4b0f06506615b0b11dc27cc3ea457fc', '0x21413509c764cc65bfe3393066a19eb7bfb34baf3ec969abb02f17e79a8ba6f8', '0xa30b63ff36f65f07c289cc08784799647b86eda928a406a2f1275c6ebbcfc224', '0xf02e64aa8b33fcce4b95eedff028b134590da5c5fee654cd1b774139d4e12433', '0xb153843e786053cdf7d42d40cadbe91ddd46db7e68ee5138ce7272cadb95510a', '0xaa0a2dbc53b935be77460dc0231e5a9e7f43dd94d6706ed9206656871f29b88a', '0xa0e9f438414454dfecb821310a746807c0d15ed9d0f8a24bc0a3b1db075c09ca', '0x481c3d2c7ecb8aa3ff40421a22436b3fc0ac7497e7dbc329a195af84c2620cf9', '0xdd2ffdfdcd1299fefb212b0d73bcbb87c1248075fe49ce43bb02705ce1ad31a9', '0x126e8ca35dbc36283d66f25a85d87c4e71fe3a276dabb969932e55d35a5b9769', '0x6e6b33164e70c72f6cf27c67dcedb75cace2a490e67271a47513af8c68dca035', '0x4db1f3c409cfc0f4c30abf3d607745beab77a19f19f32adb0145f131a1e47d19', '0x04a7edfb6aefceaca730dbff468338ee0696651fbccbc0d3f8b64adf3bd9aa34', '0xcb42e20d5813c356f5cd32544166e73c03a410c3cc60d4b0890f52acaa78f8e5', '0xf8aebba9c1560fc42ae213c5be17f31b8fa61c2d602a32961d4be904655d7577', '0xfce30cacc6ec7ca8e38de807003e6d41941c024a156a5b4eea9a710498e956c2', '0x95b0b1f0ebbba56425505f2422d1a99331748f1c430494329990bdb25deba68f', '0x80a1bb2dc36c2d9e2cfde75c4b4ea21889dbf4f81c05ce7222940a990a1d264d', '0xd6b4e5d73ac8e712117c4165cbc9a9e0872287ef44fda26992e0b5342b6dac48', '0x74d04527a96c470c7d64c15b4ef9831185ec8f60296fce6d085b1730f3a6a4e5', '0x86add9320c7b665fe24e19e6e44ba8372b3934316aa2bd5f451082e975b57da2', '0x49421eac3230ca051a347d770d5dd4f0d5e3c7c35e5161c358941fc878827b31', '0xb691bf2bb5927246e7a4fb1cd173667e9c5b2ea2c08b1559451122071182615b', '0x45914d79e8e3b707981a913015186895aea82d93749dadea37cc74ba458952fe', '0xbb25a55ba13d004bf981cf48b88d13e76802bc470679941430d7c1c841b512bd', '0x04fba124cc96691bc0b22dec9999a4f31aadaafeff131dd816c63c0a83b29e34', '0x9e5270402a1baebad76a959ae7494f09d34866d064d84c2786c049cc2a2749ca', '0x1890515a5644e3b1813cd70730387e37fa9ddbcf2e57665a258fb53760ce964c', '0xb5d9eb87c00feef210c0799d4980337aaa587bd2a685a27d392ac21470e195c0', '0x06a8772e7cceee15e840fdfb02ef884a09561b02aa7cec9273cb6f8eb961d4d1', '0xc83ccc75cdca3df2ef96bf803c5375465ace6e51f3fd36785f437422f9aa880e', '0xf8f14f5e0d052f5905f3376ca2f9e2abf21584271ad97d80dee3d2f38b82bf2a', '0x0ef92fa9204ebb86c423807f6159ba513770f303b5dd730488b0bb43a2137c21'], 'transactionsRoot': '0xbd026c3cfa79c0cc949198e3c92ce6914920305e1c8a0ecbeb6bf62377dc3d36', 'uncles': []}} (async_rpc.py:86)
2022-11-28 18:11:34 [   DEBUG] Getting response HTTP. URI: https://responsive-convincing-aura.bsc.discover.quiknode.pro/3e7f242edcfec9ca1a36ef544cee66362af95baa, Method: eth_getBlockByNumber, Response: {'jsonrpc': '2.0', 'id': 85, 'result': {'difficulty': '0x2', 'extraData': '0xd983010111846765746889676f312e31372e3133856c696e7578000040fc9c67b1506ad96f7004dcae29d9edda411b9fc52a6a3d0308306d4b4de7dc2c2efb92736289d1c9dc14b33a6d0fd13e7d18d58efbfd03dd9ca6d6bafe71eff35fdcd001', 'gasLimit': '0x72e350d', 'gasUsed': '0x5229c2', 'hash': '0x75c0d45739e462784fef943d030ce292f6fb2e2a0c333d2b7bb3d8a92d255c0e', 'logsBloom': '0x582423058c02d27bc02402dca0420014200040e834112ab101d9825b04b82380452500484c1821a887b83e24232024261c222a00ca201407541a1443502c06809490c0208004038031b18999e19286b0ee580678b3652142a896d21ca240041dc7d03d6ac22f1a9b090350f1a2488fa108ae206180aa045038609338632e0c38108101826409190117a6a5820013b4a4242d94d12440085e701520440824f8340b4221751c599490a7410ae84a2a008857ae184122ab05656942e04589db4c2c65e045021008523240d010ea09165a94bc9482db49808a70020218332435f0a04015a41831406030815186311080224560078cd9489009508803502028914031', 'miner': '0x2d4c407bbe49438ed859fe965b140dcf1aab71a9', 'mixHash': '0x0000000000000000000000000000000000000000000000000000000000000000', 'nonce': '0x0000000000000000', 'number': '0x1655cb5', 'parentHash': '0x9f4a1414828e7c21812a15ff2cee09359f0852ebf01f39b6b8283b7c6d5b8744', 'receiptsRoot': '0x851c8b89b6682d1421a40b7e29ba029e6d02a91bc9f32ca5f4668509ad5ed1c9', 'sha3Uncles': '0x1dcc4de8dec75d7aab85b567b6ccd41ad312451b948a7413f0a142fd40d49347', 'size': '0x37c1', 'stateRoot': '0xaea93da562b2e562780844957b17509657dce73bb2d9ef03bcdbab29268b99e3', 'timestamp': '0x63837eec', 'totalDifficulty': '0x2c672a0', 'transactions': ['0x2c40a9df35f9e73ef29e1dcf9e97bd0494274500f757bee6e1805604d587ce97', '0x0531fc119537332e16713204fff6157dce911d8ae7e581a21b69ac19b2d52e0d', '0x5dce22b1c1ceb1b50334909d81ba86f2433914fb1a670c5ebc87f8883d632041', '0xc3560e39d3529daef814b51c87a83f363da455e15e4f697ae829b19bcdd5e97a', '0xf9d52879877669397ed040d5f0ada35ea4f5b2cd47aec45f7aca579ca44f990b', '0x7d072cb67e2798ceff422ff1ea7f296cb05a46c23c77209a7e7e0d1af644c96d', '0x734d6338a36fe184f1324ec731f27028c64d1ac5ada7baf8cc19347a302afd65', '0x5a1d67ce8fff85cb0c485eea40436d39168ec46feeeee44c535e55555f2e9e1a', '0x416033271425a6bf244cc960487e173b30c4d55a0ce1a66938c8147cdedd44ad', '0xe0f1425e46b710678e6a3b1b9e98790b71a4693e1c9ac55f0097774952bf97d0', '0x3f1244cd950d4ddc266e21a66042104db0cb785d4a572bb05f8f2f942a29e070', '0xcf1bb6a429b0f800c722c6ad57830351b1590d0a5dc69df61e8ba2b7d9eeefdd', '0xf4cf4ea248d6ce675abc2cf29dce6f9488b18564ff1d16735fd7908afa7fd3fa', '0xec0fac9112f00fad11a21b528f9b93bbf03932fa0e454243aafee6206d65436e', '0xefd18f46da5331706e8c5f2c4f406b90713c9125157230cbbf8c7ae54eb42889', '0x02e4712cc2b4c263af582862d0336cd8f21fde8a3075ceb1b16e18c3ce9a3864', '0x600dc1209b36850673ba40e4ea192427b99812347582f061e30a6b6ef1da0ad4', '0x428afe40f14cc2c6ddda69620087f6832c805afce525e737159497a98d7b289a', '0x7055367561310912d02a7fa0757fd28619ab9bc8fb2757636c16eae8c11eda4c', '0xd43bc47228b8644202bb2c811c1ce5b40ae85ec0256ad1f5b7886710ac37f261', '0x3bf41dfd1e93edfa9aa7744ffe5188496efcb987929a3f7640f771fa98a86cd6', '0xe81a61cdb2592afbbf6250540399297ff17f4483ef98e2a2cc008c5a26e5ea19', '0xd677c15b30c01c2b4a9b177db48567111c8c903271170589ac1f077dfe294efd', '0xc5c018c3d3f36201c82cd2b5b34d590997be89321a361cae1cf3bc948980255a', '0xc78face5beac08f13d133cf38841229e9f40d35863cd42559bd1da48ee4bb532', '0xd9508ce9f2bb6bcfb18f6296d711d29557cc2f9a4b7b6030e59c792bbc35e234', '0x0d76aa6d723145358bda641867fafd34829382ef0f9aeab8e11b22453b8a942e', '0x9d7d4e767edb8c21035297dda4f5e8146f3ea11e42049f64dab8579eb021f17d', '0x054319435a529772f5ed82b7703eb53b8fe10ea5860c167a37c662eeddcd93c7', '0x1bda19e83b323137ea03562ce57e70d836a6a6f674cec5faaff70ba88d159302', '0x6ae0b5ff3eaad7b9b5968d7bacb81581462abca268c4fd42684a44b4b4092c1b', '0x144eba6236c0f6db515a53d2c135a64823ea37c454542fb74a1551a7fba55a1e', '0xde32ff9b35fa94679eb596197a5267d28dc59ed22f622517e47cccc5b4773f62', '0xc1786097395ab1ff4b258d8dbba9c8792e2908c74d4bbe444155781c8c8a4d14', '0x6a3bbd1ae497d25c74e136ebcf458dc33ff05eab40d02cd6b98617958ca59d61', '0xd08a82b304db1981af3c19cbb09baacc25f94c3660f5eaab4cff53988ffc7fbb', '0x7fea926ce5d816df5f95f467fbdc2ca5dcf26da595b0752d536a0eea2a6db04d', '0x803bf823a389ff2c8c653a3dcbbc3384d95f840ecb76030ef42fa65792c11b60', '0x2df0c8d0d4a9164edd897992b0e382024440d1102ab7f691456d38a8498846a5', '0x7c4eec1c41b30fac8b770d52518410a02053a93bd9d162711c14fc7fcda722f1', '0x4e8f8db53712d5fcd4fb69318b5c994b7bc9315c5d6071a08ae573443ec2e180', '0x0765cc3b1f63fa4eb2408e4af74d68605027024507e57942eb1d86c68546c6dc', '0x3690d3e40ffe64bddfaf39e3f9f1a91c5a0bf308e878fc2984d9d3cc248e029c', '0xf6d47d5dba9befd5d0088e8d50680bdc32c213eb255e546d5c319f14d3d577fc', '0xd294d4cfdc04ce54b70319b31c95c5d9e61ffd711bc1bb36caffc2b8950281ff', '0x2f43dc70a6adf9c143f750797a8621fcafecb3bef17bc340bbedfdecf0afc752', '0xe66b7deac574759cf09d8a1f1ee292e68c0c4007a8b52870af6f2f8723c2cfd3', '0x6455e58666c91f4c5940b7591a6d29c2f629ab5497dcbacd77c564aa439d84b7', '0xa6ea14ea7e406e59bfdbbd9877f8b875e53c1e1579a14cca65a3dc03d51262e5', '0x9eabc6cf95162ba71ecc417778a5ab577cfc88af273d24f1eda29c75cee05637', '0x811eac08f9a8f32012db6211cb8693073bc1112d20ba5b4e092de2b8f9fc80d0', '0x619ff8eec1a710e8975dfce185f243e1314bdf767aead42bebffbd3bef7034d7', '0xe2c80ccfac50c655a030d277577a01e2cdf9f5ad11bd6602e92bb5e695d3b741', '0xf489ef1f68516b90d84118847209d2915d2119e26491bba81f46813d11ccadbc', '0x6028ba18cdabddd0f816bcdbd4b0b43984bd62f8b43b8ffda489d8858a345434', '0x1d0b3acb00af6b1ec1b00d7c7fde6f8a99baf7a8275da07df28563cdae98eeb0', '0x8e9da00d5ca4e54b2f412b784fe26b6b1d4b5186bc17510a0d63243f4a60742f', '0x95f0b1590906c8473d006b3bb54a381c751bf1cc4bd7b20c91122afb43f9c39c', '0x981fa3742a1ba9fd478b70280fac0d42ccc9b87aa6560159ca092d4f116f8bdc', '0xfd83cf8a72b71abefa448221e31a9665f0005340cdd21d232551eb0f389a5721', '0xa74be95bf311158d196d91b9df35e913f668d17eccf8766cf70abc3cf5cf089e', '0xb3c1e4c242af75d5d2548bc648adc3bbb9cb96ba1b8ab5c90af6585c5962bbf0', '0x6832dc0fb037a01cb8b5a51a26e28007dd2932785716ca1f7dbfd9fc88f60c7a', '0x9bd834c9f4c15fde290ab0851472969614d8ea9f6f011fb8bd9c22f812044d02', '0xc2377ff97227d5caaec260a58b2aa1a98413c6ea05a4eb922242a9a9063bccf7', '0x85ff32108ee127c4d4ab47ae21510d34f9a07f0a7d0bd921a5598422de5788a0', '0x8febbf7c981e70457c9c8f80dd7d6c51bb1aff2635f3c23f33033b68ff63cc06', '0x42334dd08ce202210f7bda19ec379bbf016cd9528fde4cb146f898d9cb6864a8', '0x54fb2ef34d962d9acf27db4a267b67ecd236f0c8512f02e0b75a07235add6a19', '0x127232b63bb31abdc82a325d206e1b0926fc124c01e86798eae1ff0339b9c69e', '0x4ff92a45b23f022828ce7d79c4c2ffa129067446ad2f2bae5a275b2a231ba440', '0x736b85175d6e70cd74d07bab770c13068ccfe53302a5f310819aced46dfb78f1', '0x8f4bc887b19c0bce5f8056b5976db454c972e4be78000838b152cd61616893c2', '0x4ccd951f133b8f65c71631ffa8baaa0d793ad71c95b82e866d876d17740e9359', '0x7113aad8495ca24195f3c1b2774d3cb318b0a2733d86b78b44c3598f3d9f97cb', '0xa3807825baf598f081f13822e751b2bdc82a0745e9f19adeefb5184c5088684f', '0x89f5572a5345f0d0b149275601d57df19a7aeba5285118b81f88b15e19460afa', '0xf2d727fa595c7a6a959e32eb930a867179084a0e26232735b6ab3c6da98b6053', '0x953417e8b9e32465a514540b2d31e50ad49f63069337ac56b2abf33bddaf560c', '0x7c720f56977369c0374ee6c38f478953b4a3477ec38b5236c560d5f98319bb5e', '0x07826aadadf92874b5dde362eb6ce6cf337221c98394911861755efc163c92f1', '0xbec889217e2812015459ff1c018d9374656f491165a2a0ed073fc58625504cca'], 'transactionsRoot': '0x4f5a5c74ee4a24e935b2e61df6ac968db87c2dc0b8d655b714fb793537823af2', 'uncles': []}} (async_rpc.py:86)
2022-11-28 18:11:34 [   DEBUG] Getting response HTTP. URI: https://responsive-convincing-aura.bsc.discover.quiknode.pro/3e7f242edcfec9ca1a36ef544cee66362af95baa, Method: eth_getBlockByNumber, Response: {'jsonrpc': '2.0', 'id': 87, 'result': {'difficulty': '0x2', 'extraData': '0xd983010111846765746889676f312e31372e3133856c696e7578000040fc9c6736ba82a4cf9c8f603a1ca2ce07a0d3d1b6da009570d81677bd72dea3fd2f2a6b5968cf56775839056491db450e1d1d3351d5609cfeca7b2ff65fb9afe9348f3700', 'gasLimit': '0x72e350d', 'gasUsed': '0xc73ff7', 'hash': '0xa0556971ff95b148d2de1342867910053bf444caea635e5e551109f6cf2e274f', 'logsBloom': '0x503022258c61009ac85d5b64ec0e414d0988210cac3add38541520e5203c930c0daa54c0802315a7a34d3064846fdc8058254741223e08af712e03d4662561885192a9603b401fa0417648c9232301773034a12073553e68843609b59a1721821a4a32264396401a15093e1848882b40baa10075a049261096258a1dc7432512531c9d0145439828d8ed117889b698e2002d04d5043810482594e441a2dabaa023480c679b8d8b4aac81d086a32fdab828c9a9e34aea0104cec1ab6929d2326923068182a20819d6c9f6cda120873066286c09da0900a435411266b30432e4208c36a8194a645148e9a9f3f147300e52ce2a162a4340c0c3081251f4f8c00c40', 'miner': '0x61dd481a114a2e761c554b641742c973867899d3', 'mixHash': '0x0000000000000000000000000000000000000000000000000000000000000000', 'nonce': '0x0000000000000000', 'number': '0x1655cb7', 'parentHash': '0x075651702cf1df738e334d8b0697739679429d20909e4633daecd91fd4853442', 'receiptsRoot': '0x53c17f8a96c7305b43ac7980aab711d0cdb733807ce458aaf31c7a8605dace13', 'sha3Uncles': '0x1dcc4de8dec75d7aab85b567b6ccd41ad312451b948a7413f0a142fd40d49347', 'size': '0x7f38', 'stateRoot': '0xceeb7107483a1148a492eedaa58c01645f218702426dbaed0e4ee5c8eaf0b961', 'timestamp': '0x63837ef2', 'totalDifficulty': '0x2c672a4', 'transactions': ['0x6d8aeae37cf9fd9d9bd52137424e411f3e3bf4776e7cd16e095d4f40acea4052', '0xe60c4e3287e1eff2a5fc1f1cf6830224d05742beb0166270e6bb926d4d2a153d', '0x8e177955a55d03b93e22a7f634f62bd06491cfe9922c293a46c1c9fcef0a8adb', '0x61bdb95d6f611b8fbc369a0909d835c4cfc0cd58d9484bc4c313d843df5452b5', '0xb9aeeea59fc1d8463bf65f248441c5640bedff626586972bb41490d8aa1e81a8', '0x5c65366ded1667ff765ad2c5e5d602c2d2becc645039866498390bdf8962e002', '0xaa6fda13c8d6f9392f5de5b0203830ee523a5d53ae109960323ebdae8ebf0905', '0x5d9904638489d8417859d2a88efcc4ff5162c62ec8415030c3f6348809b078ec', '0xc814a925993f71396e607ff11214f0dfaa492fafc98ff0a6edaa2332a694a2b2', '0x9665f7961a15034a95a7bd8d0c1d75c27ce8b2809c6ea9d88c8bf83f573157b9', '0x2e8e4bb59806cd1702d3643673cc2a506e4b967bfe9bd015ab647643adb4ea07', '0x20c93a54dc0ef6d710a042764867d98cc868934479ba778c277532feb997684e', '0x3a16b5fae501204432cdba5674e6ed2446958e42b9d5a9455dd6129deb82ed2b', '0xca28282a587533429b85e08bac02c10d963992e8275711065ec8312eea589135', '0xd2dc80fa26f5fbba3332d49a9882208722e0f42c29ac04bf52b1bd29cfee52c0', '0x986b99c12a5da6888bb6ff4a52bf01a9671b66a5f96b894a4cfc1087a91f9c33', '0xb7cee8127e332dc10a544619435aac796aea1333154cb1b22d9035ae63927b47', '0x2d9b4cd318756eadbed46494603c6072d4f91d8d4748700b61741e00210da104', '0xec554688886ff2b89db42d5e8d0ce1fd13a37885a2e0fa9b1e2677d2ba719e1b', '0x50f5c52af040f2267d3867b2b2f48767c100d73c2ad585661448b78a8f707700', '0x360f46ebb868a6aad1b8ad2ec26e688b7bf7dc841ab4440d9e5f5fdcd5287d09', '0x55d9e83224c824d5687adbe9ccd4fb434da8f1a14697fc01f8d9de11cd2c68d0', '0xa58c63a511de75464f0bd4301294fdf1ef16dea21dcd6a668bb8c9e4336b7ffb', '0x6bc96c5f41779cc3637f978faf94328dbbb788bede93f781368352c07bc9302f', '0xbaa7ca0da739ee9bf2d24bd8f76a159a8759079fc1ce9656e0f158b74848f36f', '0x13c7bda4b5ea27040b0c13ed1865317d23e5792d5db27a62a62ba1add10021e1', '0x2d0185074436afd524a9c7477801a951e43fdfea07d7dcb390e6710a83666a53', '0x0341cdc8940801b4371c0cf6b95a92874fc5aee23eec03a5cf957e21dc3d2ceb', '0x7e4c6c19e9324ca7d2019ce717c4b9eb858947633798343afa89103965a425ac', '0xd523d0c3e74c2ee14498bf6d85680206d3471d33431eafd02105590ac8251f79', '0x8b6c54145c538f5a5def750b994706c40000d89fd973a6a3bdfbaa2cfc561288', '0x1ffb91d49a6511157050192f5f363c1ec2ff5f866acfbe58528bc0c69a5dda88', '0xa3eae6f573bc4af965d6e14306a183a443436e49f3ef0f16bc9f7afd0514e242', '0x7af42d8f76ec4de79e232b863a9d23d09163a9ddeb0d218c8ddf63edb2dd3abc', '0xc2080bc7cfee691d5cd3e74f0aacc8dcb315e527002d34de694e9ddfb4125292', '0x0e834f2836337ab2b95b3910657890c45ae88bde2bb272551b1768bf965ad90b', '0x3b1e68ffacb199e8c5dab3bdd3dd9c4afc204700db35def43ebd244a21454405', '0x26fc0282e20b563fe8bde67e96440c4b65da617ba982f3f6ee61242f7b4ae66e', '0xd66868da74f4f9c240f64b3bb6d80a8539b49256204956bf96264a509858024d', '0xee9d0a10ce840606eecbd20a1d24449fb384c572c0df3d7515ece1435af169bd', '0x8ce493b36961cd0af9d41bd9a1c3b686f1365225626be95019705b7559915f72', '0xe29d8eabade263401caae03a93900289044d5634f19e61fb3b48352e5fd27bd7', '0x86dc4c0ed0b23ae88d3293676d227349ac295c536b011d7031b3b617e3f6bede', '0xf12cf8bccf51bd82688aeb11c580c89038b5ea8be47bc7bd6685203c69fd2fca', '0x8aa8e6b5a3e82350e86b34aaedda8015c90f74a502eecb9cf2f5e6d899fd0e50', '0x01157e8e31685261502fe8796bed3778a3e52713adf769f33123e52f6b6ccfc0', '0x9e9014ac035485defc52a4e1aef0cf4419f1b13dec4afd916a73ced17c45e936', '0x36b31584647e3661cfc57de6d14c41479db4968fa7176152fb4cb571de69a6f6', '0x76da2463c598a6d0129e24cfa3743a8c154f792fcb0334db8ad09a5897c8b038', '0x69350b95d19c2b13d1119711f5ce4114f321326c9a7b695411642a1131f259a4', '0xb51452f88e880ea4a9b68d9f2b2b02e20c92ddd8f32394fcf15f61ab886e2f19', '0xf49c7fbc936c15508ac885e673458bb532b6d34cd74b21188c6ba8c0d46e6785', '0x890bff1482bc196a9b99e10ac5d0fbd7f7438a0d2c1298c145286522b3712257', '0x7f43e1e9da363e13fe6209aa9b1775bc3a50b611e5c842aba48cecc447a09b88', '0x1a8922061e6504ed112376f522ebcf7a4971f2ed12f63e730d8a586999ed247d', '0xf50e7f0718bc4cf5073badb9519d90a671366467ffd3c2c758f21037fb3bae97', '0xa4802ae748c101cd9bb938260a3805cd06981b4a61dc709f46cdf80a653f8e78', '0x8b9ad1a90397aced906c5ba4364cc829d8f984b7383a14370f4a7227ddfa34af', '0xaae2abddb66fbb9b5a346871a1b6d967cb20eafe11cbab2cfde8c02e3c6861a4', '0x4747046055481a7767d4ad22135e25f24e1dce8415fd89023f33ce9eba7e0265', '0xe89583f3564a33af90bb32c3711e902bdfae0c6a8c336bca128f6a2d34749ccd', '0x0d8c5100903cdbe049c28536fbf3b2a7e4078f73d128a9a7ca90700de44de1c4', '0x8da026758abe3376069efb3ee85a6587a61cb7618da6f24fe0265d783da40187', '0x03b3ae7ae7b85dc4f486bec28767753f8f31887b51da1a44513743a4998f146a', '0x4f725aa0e48e1a6817cf976179df94a5205e5676c1d19832ac1217ccc67bc3b9', '0x145bb31c3f436407edc26873aa0f086aafe50546c832d2b8cef2fe53fa8fde08', '0x06a78cf0b8ec0cdd98b2a67075613be374b1ba28c6eec8b3f5ffdfce98dc2875', '0xee0597885521723a1cea5455d5997237e1c90a23d6688a0b3c5010af2a80e1c6', '0x3fa129a1649a586fe4c418493aa41ae777b4a47cb128cc417fa6c9ac28e6cc12', '0x5d60527f5d60f1423666b9e0fa2b8979e44572ef274497d7a5dd7b4ada8f90b2', '0x52f09e7b6786dc0650bae2e095cb861d81ca43976b29801e91c79577d735fce9', '0xbced72eede8f2af00b4d000f6513d2499f4cf821e7700efb33297fd85964e8e0', '0x660bbd857d6dbe49f9a146f29f4cd25d8d3161eb0a2e81e1bf7f7a04d4683a55', '0xa3d8c66f78c4c6296b8bec96fac8cee916dc98f09f49af0934f89a24b746bd94', '0xf87b898e57365fed3834c599c014fc87c78012e7718f24e3edb2f3867a0e491a', '0xcfbe775faed8882089794428624fd427771db00d451582ae803ffc6557cf225a', '0x46cfc6fe86b9d5188fb1351571e871dce31190e16269380faaa71130c00e21c4', '0xfd2f43e94f71ba26d2f858b0bbe3ca830e12cac44e7999270daa86cc2a148f11', '0x4098447b4c91f94245c95b5930140f1bbbe7d1e2f997a5fdf589ec8afb458306', '0x7778ecce30a9767b4ebbfb8ed347f86f46d8454be8e4f888e3d0304e03949a19', '0xfb08619de8d540c2639cc0e7e0df6b9cd80be8994f7671e8a7df5ef8b2f6c74a', '0x50912917233f3044965ad0f02858aa3d019ac96390982ab7f36eca7d966f5f12', '0x30c50d739d30add35179167d26807c065b013f48cc833614d1de68d3dbd8b980', '0x70357756d569d2515625ac3806f029d0aafc9b0d497b012b298783717b8c342c', '0x2bb59f347baaadbb8405461607a833a33ea3d76566abcac332839dc60c74406c', '0x95f703f8a42d0561ef169d83ded6fae77dc2f2fe471b4790d1f449195281810f', '0x430ba958af3625a783f1f78fb1c237fa743fbf88d4b07ee6fb1ed4c1ff77de27', '0x4f40cb62211f76ad9debc275a10920e5a2edaca8e23f42667613f4fabd5b8035', '0x645ae62308c79bd2e29de4640abf8310100be6077afa36a62e2a09d88d94cfb2', '0x6b27886e4295c20c62e9c9fff511e13c0fa0cc37e094139d1e79624538c82e0e', '0x26c3d975755bdf44bac6b840eeb14a244472c637e854b8f1e12aefc95d0d027a', '0xc362dfa37b731e39f702579ffa78509285099526f5d9566bc45bc9e207fc1d4f', '0xc69611ab59ef896465a1701d4f4adf56a27a0059eb11d150753992c04e363cae', '0x4c93fbdc8fcbf713576c6c141f73c5ec5032640a640d31828de63c8094a4e2cd', '0xde10cd1cddb42ba67140dd1d225f8aa4d921cddc29728ce2822d35b187124ec8', '0x8c2ad36e93379de2fa53145c6f71a35ab1a147574e0db57691bb89ddf6a8ce2f', '0x08520026f6b22f6543e97c92026bfae52023f69c9179856c58df3bcf86965968', '0x802a90507c50a86c6485121e1853427428d39b943ac30455de56822857617025', '0x793728fb26e583786bcfa3f2ffa9f76e1e8732261c5ac382e62c983ccafdcc9c', '0x1edeb47e1e1d1054dba08447be17ae50f5d9d7ff22d9f64d26f7d1aff6fa79a2', '0x9e85e1078d79bcc232134ecf34d4160945fbcd9bab58562d07abfa9b8563b346', '0x652f20691810f4556e896af690c25288287f4a762c9345e8df49970704de8cb5', '0x69d3d9dee23281c2a4f6f1058f4d2729cbb903a02a578328b0c65eca628cfa6d', '0x1c2968c7d1183e3b178bb931215195318f0b818329f31dd7b577cba00cba5397', '0xa73522869d4cede228bcb6b4152f4bd67d69eac979f22d633223eec6fab76364', '0xc5c07cad09f78e5e4b6432940acbe2f3a9a40393ff3534e80284aa2dfbc55d93', '0x069443bb0cae4cc9d1db5222a80572707939067f8b53d7affa07ff1d5deefca9', '0x1959c869192aaea3798704fa339ebc882d132ddfb65ad64f21e1963287711e80', '0xe56f2c33c2d4eeebf278616f2e867347886c1cfd665e137cc044164558ca4836', '0x9057ef7786f78822ab316acfb9f0fe58ea33523dedb5633c6c74a6ccbc9ebca4', '0x8e79aacbab35e9954b2b3b3242d11c1676efff9bd52fbdcd534503c602e3434c', '0xaeb2a6cea84ed0619f1ec858df3d2d71252a6cb80efe77ffc3550b96e85a2591', '0x73f92b90ce0f640c947a37e2a1af978db104336b21da7de81c4de44b336ee8e5', '0x54b0999e09230d480f9f3eeb2bfaa735f0063a82aecfcdf1fb83acbf3b67679d', '0x7a4d56712b8f1803ecb97a9bd069ad21bea5981cbce4f7f4aef1990c0b33d2e0', '0x8527cbf9c53b3508493b62dc74c3d48db8bab62e84b423d66b3e1c94afeb6245', '0x5abf0ef7815e23334fb0af1679c524d77e4f1f5febababc9726ce467fa745a26', '0x612574c3d5f63860ba57ddf8df95b2f0879c48eb80e6eb3afd82afd69552528b', '0x129bd6377b3a10a537597f8eea8a25257bc99f07ae2f8f38ccf2ebf8f44021c2', '0xc53b8d6b200a0ebdaefb073faa8251f448ebd679bccfdea65afb2b49b6e0bc9b', '0x1ce85e4083bff0d5d133174280974ea61b7655770bc6bb8f8b05e19cfb2bd28f', '0x4941dbced5a722b859ba8bc32f573afcc402288426bbc3ac56741cd77470f014', '0xe58d69c49bf0ddcfb51c403e65b206394490d13d8c368e36022fea3acd1ab0bf', '0xe196da4bb6fe116b45fb929373d7d78b0c7d1e7ca34c41aaaf7274ec2c74ecc7', '0x2206a7dfc7566497c8030083b079ec04b78793b27fdcb0f22ddccffbfc31961e', '0x66b060c45b7001e86b9886eb20f1b31a96d1f46c919cd20c6a346fe43911826f', '0xb3d2d8687c6b583ad9175de922041b8f7f39437d1581b4b2a842c45c064afb8f', '0x2b5ada5a1e580f18aad3c6ad21e5a823edab6ee12d66c78acf4c51d8f9668283', '0xed7a9a1fee8ae1d27506cdbf913ad942c4ad2f0351eef47d414e81a021febd97', '0xbf74898443d27e768c1900915967534cadbd0355e8393ac34db1bcba051b5f91', '0x5a97b7c231d94d9b654caacceb0d098bc397b9d49b8f821a47367504d3e4ded6', '0x6f3c71e85bab082fc0884cdd1378855c8bd0901b4f0c4130b29f29d0eef2610b', '0xa8c5c9c67a0d770cb6f801cdea40fe248600b71c2c506a43ef7af9535785b7d4', '0x03fff9fbf67be2a206ec2d6ec1d76d8a88811b9f5a3b7a510c9d3067e550567b', '0xe6688618ed728a367393bd548fb23c0f45c38e2bc58830e3b24d97216bac1cf7', '0xcd3168e0116b121c0b74782f2559d2852ef20dae2314c77765e8944e65526161', '0x5f7e3f2da3ba402c5bf44935d73ad1789ebb3d3cc1a7623455335480bcc0fea9', '0x150be996dbebbcf12aa5b645702e4a5c01e65ceaea0f3f56650f6ea6446cebe7', '0xce7275fd66079cc6da3b92e1ff828ee3221cd12a7e9c2e45a7ab5cc27a5e4eb3', '0x45016298b1044bc7124f3e80b3b45dda1de8b25e93ff30e3b2fb5fa919f345f6'], 'transactionsRoot': '0x8adcac0f441d8824349b4cc5db89398ea3e396d671197d6d2d5e510e478a33ad', 'uncles': []}} (async_rpc.py:86)
2022-11-28 18:11:34 [   DEBUG] Getting response HTTP. URI: https://responsive-convincing-aura.bsc.discover.quiknode.pro/3e7f242edcfec9ca1a36ef544cee66362af95baa, Method: eth_getBlockByNumber, Response: {'jsonrpc': '2.0', 'id': 84, 'result': {'difficulty': '0x2', 'extraData': '0xd683010111846765746886676f312e3139856c696e7578000000000040fc9c67e0dc04cce1608392bdaac09bb357a21d81d4e3706b56cc9eeeb89f9bca3f2b62360975b8c973d9658d6bc6719118e8b7f2ccbd615548ffbd8dd61edced93661a00', 'gasLimit': '0x7270e00', 'gasUsed': '0x112148b', 'hash': '0x9f4a1414828e7c21812a15ff2cee09359f0852ebf01f39b6b8283b7c6d5b8744', 'logsBloom': '0x442346150854115cda2714e5e60a3011402428ecd4f0aba0bc3802660150018602820a504036969593506b31da083ba099102c020dee81685c1e41d30234321006ca89288910ce8889a3a9888a91a0316a988828704c182a803d154196c402980049b1220a1727686d8bcc61d400481298a282f5dc1f25078b23e0fc47042e1190e79c9d74490cd218c4147028f49d49c06f0455307003ad31544067810038260319dc0918ec40446681e67383ae88082c41080550e3e919a858202900db345c35194586518024468ca800c50aaa32102137795289a9261f0d0226aa0c14ec6652381f83405e180d030180af0a048e00db01660065dd6049088a2a76f0244600', 'miner': '0x295e26495cef6f69dfa69911d9d8e4f3bbadb89b', 'mixHash': '0x0000000000000000000000000000000000000000000000000000000000000000', 'nonce': '0x0000000000000000', 'number': '0x1655cb4', 'parentHash': '0x09c038b59097dec5a9ee6691549c378fc92b2cdb6eacd18e4b377eb11c67fb0b', 'receiptsRoot': '0x8310934d29de3cd9801cfe6b293b51b6615aff9cf793bf898db64120d6b335b2', 'sha3Uncles': '0x1dcc4de8dec75d7aab85b567b6ccd41ad312451b948a7413f0a142fd40d49347', 'size': '0xcae4', 'stateRoot': '0x52ce956a3af4368a6c9c50c8b3b426cb3559c3707fae24efc8fd2a54d5fda69d', 'timestamp': '0x63837ee9', 'totalDifficulty': '0x2c6729e', 'transactions': ['0x90a8313c23c6d00ea1225037cb0dded3bc51c29d354c52d8a7249a7ea01fff03', '0xc4bff87f6fb9fa7fb140cb275e585c3447b24b45a4a6a1d0a8d6fdb4e7dca956', '0x23901ce38036a654883c926298f538cbd547757c51fc99451f50a3513b005e8d', '0x1deab6c1291742a821ceba2581bc17b57e630b5690fe544ef3805e06896ecea1', '0x615db2d669741920d4a9e507634ecb95bfa84c5db56b86b26b5b1cfadd89646c', '0xc8a145ad86d9b4e6dc9c3b489c5632c4b3625b6803ce0d39db020312cf13aac2', '0xad7c9b9547dfaf216454ce5a44c5ce53d7ed5eb8803b584d6564f1239b2b6b8b', '0xcd1816a53e82808ce769731c6d231ee8c8df942f1764bb76b79f0a47fd06f77b', '0x79c901fdacc8b0b0bd128fd19a321fa72f381d12f9b8e42f5b2cfb747a314aca', '0xed42ec585fc46a38af5a1def4fdcb4e86162a307df9821e9c74cd9ac3bb5ea62', '0x4f89abb32d7fb05121bf62c7e23b7929e332cd5b57460bd7bd9b1330dabfe587', '0x492a08347a063a9c20d13f0875c0198e082345936dec88fe7c23c4c00757da07', '0x0e68330ced5c1f2aae732e3645f7cc24ab436121f1ce5c6c2d1e9a988cafc9d3', '0xd47b35e7bc6b5bcb0674606def4bd8b3f04699d5fc0e5062658a80f0dc4cf844', '0xbd2ac22753ebc9b2bef4b4391abf4347c19ec01ec9dd56274bdb3acb602b5f42', '0x0768d68fe16e30562e06671667b2b8aebf451e2af5e9de63f6b2812f4a048ccd', '0x5015e5e6a80548862deecccf5f2a1f8c7f5c8dae047a3d37d1e8160fcccfd971', '0x2dd9cf115513209cbef436dd5123bd617fe47c7ed46ee84a7e08d2f5dd625f6c', '0x9d99f70508320e37b3f503eeeddaf642222abf981ae6f66c80423ba0fc37032f', '0x74d39cab906cc126b24e8b9fba94a1a7d5f17998336febf6fa41ce0f2bc1224a', '0x75b4f8af54e7744453a094f87e415b6a3e4f51e67fe86e87b31d8a40e2be1969', '0x3d762064ecea080ab34515672e5e0a85236df8a103ec94ea479ddbd3301559b0', '0x9b42ba75cb9a5fcb2bcbe7aa6db891d87cc906e0131d4a92f9e735f958d8a329', '0x46bb91c018476cbe952dee1a651585d2796f85ece2478eabf2d123586cefbbda', '0x873e2a46fddd3f65a40744f09ca68fe52296dcfaeb3ef409edb6d45d3910c4b8', '0xaa5806a6cb87f886374cc830a4112498d0a617cfc74be570e15b285f48206684', '0x16b5533bc617e1b064d0b01761439d0ce285520acd15284c75a6f45724443a39', '0x8a25cf7902dc3f26cbbca9df00a823e4b8b719c3907b7a1e1435e33a6dc3dfb3', '0x2789c3e73c48abd525dd87f3b744f694998b99f74bbb7df9a709f0bf50363331', '0x15f57850b80bbcbd981fc00f0842f7f424a140cde8a7af418125dcc4d75297f3', '0xd976b01ea0e1ad49034e4f262a02b44e7a7836ab4ac2e8c6a5d37b6216be9921', '0x9d632482b10d3c5a9323b7549ddc26f0542539f5907cea592aaaa1d0d2847904', '0xf6c402f7d32ff6c71c2259190d876e10fa12571bd2380b21ab6bdae366f353ff', '0x4e18aac971e88f11ecd31f5c10f8aa4af45ebc69f4c2cf614919c2df96b49387', '0xf2d9c8dfba47072472142366dd4e5ced2f745b7283ede84da2a66470287dfd9f', '0xca3215b868c6e0b2bd0bbd41bdc19a56ebca768a76410b0e4dc83c485baa246e', '0xa40865fce91d6dde91f1305ccc6b39cf6e7abdbaa4557096e3d7ef3fae163e85', '0xa79d51a554ce2537b07d603b99ea2aea9904cc114dc3bd293d0eccc87631c581', '0xb7a090789aaf9c08487fc721ff3caefcb3d0724b654cb68cde456c4b2bd8b660', '0x1391eec8424764db97e666a21fc3529723760bb9c9413b8a3b5551b70395a831', '0x7223b48c537ae36b9d5b7b8ec25c4e73881686a2663f3315907cd1d5ef1e9cde', '0xc16ae67502d7ca3eb4459f4b8504d9a862881eecf2dfdbde5a87e60e2eeabcdb', '0x370ecbfa431e74f296c90aa5ef3b8cabbc2fdc0455b2f83ad07e476dd7394de9', '0x693483f0c4447c2bf89371319cd9488a54c271c20d9a23ff8df4780c5e0b0c5e', '0x712655f7d9859cd64ae142be1371e498327b119bcc413cb23ef9c1da00a96fa6', '0xc23a6b48723822857fba311ac155c2eea2f1c93be902506498c350bc5241bf73', '0x6548d31a913d8bb07bc790ffdaf7279fd89b73645629938cbc469e5ca54a041c', '0x316f70e9b3fd40d74090887288105c8f813003dac2f7401da945517c4e355773', '0x907c74b3b285c4992cfb64325bcb1e5bfb51ca98eaf93919a13ec09bf1bd8dad', '0x4fe14e45033367cd1e9911b392b892fc8fff9c11fac267339f16bfcb99477a62', '0x654efe597a679b6311c6286a43a8e72bd1aa245fa7de88fd158bb70306e34a09', '0x122e4c89f15469591c75de2e128209a70b6528c146dec2b823b200469a8dc303', '0xbfc85bf82a530b3e531e2f2bd9c787788e1f68b265f1d99136b3781e5e8e03da', '0x001e6e4eb984d5794bb089bc79d380fdf9fdaa79f949689331975f07d48df87a', '0xb32f51e5e99eba8b4507282b6ed144818af5491f329f205cca090f39b57e66f6', '0x5f924216b58be95debf1d08ffa73b8b45a8da341a5935805f1067c9fc1d4d841', '0x4d1df026d262858bbee00d88fb9b334d3f6e15fd63bb47e7f024c24e8c9c94a3', '0x917ccdc0ac56d3eb09f0517dcebebb8cb9b1834e0ae3a3a41923554abcd9d397', '0x5888b93b85b3d0428a142c44cdb693373f789a230f1d3520997ee00629f3d684', '0x1af5c012434b6af923ac08b0f129d37fd77a8c95ce62cc091f411cd3db6e576a', '0xd541ce4cd99d7f0f164aaf6a9970e569c9e606540e7120e37cd0d7886e56e9e9', '0x2817fd500d24c83c8742c190717bbfffe0061b3572d4136c602eb66b839598ba', '0xe7b1670aae1f7e071a2b09618472c316c47a96e849f0fd0b773d13cbb6043f2f', '0xac6d969c4c0d61583c5d7ab2be71efefb84892df949d8e03320042cf0372c054', '0xd2d6b4e37ba1ea9a8555278543bfcbb72763138f8fc45a81cc74788ba761cd8c', '0x5eb389577cb2b9ab3b2cfb6989b3670143e7b4cb4d3777479f22cecd58bffe28', '0xf1cdd736e8089baa6ec08a1eba1de6492b8284bb23e12e9036efcabb8ab1552e', '0x9b186d3a559c3445860782895a7f17ac3852cd6e3a579a4b6b942461b53b2506', '0x5e2196c6397fcf25aa4ccb2b49ecb8cd03f0b5e8f30df9476d9b6d33477e52d8', '0xcb39347e79d7ee8ee44b7294d574d27a6e9fec44ccafeba1cd65be07d58a779f', '0x7247478cb638ba6b615f0de014493e4684738146846d17d0e131ff3ddd3a6ae0', '0x8b4a95d9c69f8cfa6be8e3a5018f4078a607dd0d5913a59b59f657f80126b394', '0x341d157b5500f8c04658ed40ed795c50229f5dbcf27a8d58571b45e3b61f08f9', '0x91bdb5b2bcaf62b1bb20c801ae14ae8f7ebf8723dddab71fb9dfd9bd7285df7f', '0xbc167073418188f82e6dcfc4847968cd53222bdf883951bab00f37979e719551', '0x5411f3a03a432c8910b5e790c3482f867e0b5c25f43384a22a91a5ea5e7bb641', '0x337dd0ad9094cd017525ed54bde8cb8362f490b6854d2c707bb9d511a45c62cd', '0xf8a2c76e6c536eb8a428bad629b305ab283b815a824e77eac9fd00fa1fac5079', '0xc64f2ffac236e3e3438f0705a45876cf731cc72483884430165535e0e77497b4', '0xcef55777d0f317b69a5d0f8d97e1f79d37153b06b473ef5317aaeb279e0c7392', '0xeebe4757aa0a57636bab264034e85ea7045d562d0969129786bb353ceff7deeb', '0x571155ede5a1795c1ce03b04f50d9b18cb08116b09dfa2dedc63b3592089e301', '0x3bb6dfad5c86d088ce4b2ffb8e445d8e140d721472369dd5e456930e539174f9', '0xbb6fe1e98c53b08ce2e09d62099c77a34722abeb3b8781b9d7d649b11da8b38f', '0x5be57c0226507b394ecfefab0f824f70e784031905a8622be99cc8b9434ce85c', '0xc98d7d41a985efe32093b35208275a7b555e4057e89567ca361a2aaf6e35f452', '0xa56c54415debc7275140517fafb2a7b980410e2e7e076b2c2ccb370748a79b09', '0x9eb83bea7bd66b574dacc7f9835af964fb6bda12061893c182e117df6975d4a3', '0xf3491d9272681515d4fe50739976d225cce443a8a8f535d8b26b199398b03478', '0x8262ecf64c1204a21afb58c750860b9265b9c480ea59f4e50df110d5dae6c348', '0x5c3d4785b41623bbee36fa293b7ec7412373c0056573f2f79584680cc68821b0', '0x39a0127d6bed0e89ae901280141d263555933d011df6e391613f0daaf16977b6', '0x2f3adefe45e5266d95c3abedfce2d15e3d421d6e5acc7b0d3930dcdc9e61c6cd', '0xec0325658beef9b99e2c6a6203c005d6be151d1f4b5d21c2cb81eb109e28dbfd', '0x992b7bcf6fd36fa71bd7987eb860d82157f0665f8b2044f0b074b45cbbf6ede1', '0xd1dcdb5ed75d2537ddaf1569bf54dbb539f4dd810cc415339cd07919585892ce', '0x7614bf887ac3c2746299ef84207961401b97ecbd4a99fb9cd741169b837610d3', '0x474b5454ab4b6e71cec96ac4b3cf134ca48fea8c75e5ed1dcc34d3cd857b815d', '0x70e10b6651b374576f204fc4659d6fc4eaf9963960cb0fae3f2ff5838400cd32', '0xae52b84d8f18e8f302bff4115c0a0ba91441e2a0857d47add206cfa6b7e10a64', '0xa7709086556f195bd6e0fa8b35912f5dba9b85beca59e568bfa269e380c23b8c', '0x2b92e6c0e5e36a4601ca87a9b7f895155ddf123d21fd53659b5b2b47cb9e7265', '0x98c44598f2be400a70281fe14090796833d17319ba9f1d9d8eab2516da67b9bc', '0x1c08fc2cf2595db149de66f04a4efff290d1178b28fc861a6f60c90010f260ed', '0x8111f388382fdd4864aabaf5cc3329ba7576edd2ab9673de2524f49d8e595197', '0x6329821db22632e56f8c5572dd9fbbffc1c25c915392b18df833914de8e8df41', '0x181aa775a9f8d1548c9c2f7981454cea35316da22b2f5c7aeb30631b4645c094', '0xb676394613527a4257c7e21e9b5877aeb2297a89b96db18f7b795dac4367da3e', '0x5a97e4dff442dda70006c2c8ae594b0042f65a32a8cf3f89f1e1054ecf8d6c61', '0x0e472a0df96f084d281a876a86938f4855fe8477403ae455691a8d094aa0309d', '0xa715d1735d3d8497cd186a279d57f0c37fabb63aabf0399391b52b2d4160cebd', '0xa0917612e9e466683207f175edd8b759cc2ae407c31f02760041c0c7a58ba87f', '0xf45cc9d70c5bbf30ae2a15143644f46db0a4e2e246e1f49fd3a3e40b9a8e8f8d', '0x0eab1a26fe2dab27daef816a8f66ce11983dfdfc9be438e49851671fb9406704', '0x4c31dc984a8ba35d00895b16a2265ff2ee0f8e967e876509a63aef08763a5f4f', '0x9a336cb0d37a01f4e41e4b4b9dbb419af99792a0263e6a44f381f726f389e4f7', '0xc39ebedb720976148cb53b1cc776c7e1342caad303bce00ca3e698a345d39d2b', '0x23d0a71b003748a8769fe5680bca4df14024bf75378f61553da48e1dda071f7e', '0xeeb46cd898b3523a11fa6605c69c55a749b5e4c4ba72d05a0775a838d85ff042', '0xdf4f06bea150931bd547ad2e3964c11223ad34c21ac2ba0db7b509a8c48d6a67', '0xea294a247de1fb7b7afe97eddb24a24f0d676072b13111afd2d34bb0e94b4d6f', '0x21a646c32afb5a7065235daf745114fc3ba402e86493a61f1b5c43fd127058cd', '0xcebdacb304a4b0c8bcac479d873b9e71a741e34adf1226080ed4a290185efb43', '0x6745cca770eef54c885c4c6e137051cd219e16d3286800df3f9ff4fb97b42245', '0xad8f72fc6d8993f6067a7ab29c31475fa13df69697ecbadf37c0578745776d6f', '0xc6bcf61214bceba68c11d70853325fde91a2c0f1d96a540502c0b17235b18397', '0x43ab44f7d61167d3c7b7d7a3ae8cf7319de8bc1733690a22b5421822a32f95c7', '0x3475f1adafea49f326077e581c7e341472cc17ba4cf413bf8e3a142ee155e82d', '0x099c273916d2f7650e587c8e90319a9d5c3f311e0e699ae3932849dae374a9cf', '0x957ccd0b5ced8f907460efb388458d62a527840619b24f46a7ac49467f754668', '0x21c99b1e952ca16a42c01dd7e057c1a6889af2914fb1d3ba5c215f610a1ba070', '0x3e6d6ccbc9336c577d1f85c8b7080ded479637551f092b4fef4d649cc38ec04d', '0x24a3f34ad48f06ac1a525c6a098604e74b38156e21a4757f0bdb302d96806e8a', '0xfb77fdb77e7ea85dc6b21e4e1cd5f4691ad33d47637695ef4d148a073082b510', '0x9c2a98a7f8d7ecf82f13a3a648f3ea7d35aca7f63bd9158990a90b16b5bda134', '0x982eef92f699b0f19ff827b0047c9c4a694276d96c11e7401e96974a77d2bd4f', '0x0ab1be4262256a1160acbb475dd0df5c2f215400e1941eb370c2af19bb2bfc5c', '0x6a126a91bd8b09bc7815a8da49961dd129a3f4aad7cb45af0396b1fc793860c2', '0xf8e306486f0a7effdd19c1973c112fab4a86834f233fc8e7d00393197a5dd047', '0x0e2e3694dfc8316c9e5115b57c61f713a4c0bde711ebe947d792f8cbf90e4ade', '0xebd9cd5f67fde445e37fbd51a0a0dbec947d08021b34258a908b96bec48d7fcc', '0x288b406bdc790305aa7ccb469b2c39181183e41233ecde76bafd066acac523d8', '0x5741e720764eeac23738c1ec982a322524ee69f1a8cedb4d473d62e70ca9b007', '0x89dd738d508794114417878583c5b98811cfe3a391a2427f93e865e91e978e53', '0x6482f07262fe65c4ecb02c34ae66aff8028d1106d4b916ad7e303b794fefe9e8', '0xc4bde52870b57f64ea39d245227c27a96d8951616e82e56962e422b3ab509911', '0xde61fcb7dd43e8f83720c38715be1121ee27974c028b1807506cb1fa6234d4c3', '0xfcfd6f8792ff6c4d40aac627923664f7329567970f90799d7217392b1af1fa98', '0xb99ee8096da463e21a06bbbc8d7caac60609437ae673165d02e8377c47f8380a', '0x64b43e467d7cee118f45fa3a7eef97f12cb40a21ce8a78a43b53a664549ae02c', '0x14505908f649505bff2488f3e9fab34d8d7c717181ec944952bda17efb426dc5', '0xcfa1c57f64844555c64bb05327290ac1c6d3e5577bfb829b84582eda2acb8918', '0x22ca6ec1011ab51bfc1a8e96451abb6eace660c2e16962f2cdc121d196e02a27', '0x37b7a19ab846c61bca628b492f76570afbb2e50d908ad3e6325118b229674468', '0xf1ae2bc92b178381126886d8920a48e88de58da9e0c4a3cb055779ec6e96b35a', '0x0414e98ebb4f9c5325a14b62280ffa1f3df4bef605096859b587198f94210aea', '0x9630ecdc046e7a49064bb3902c3441a85abb00ccfcd73be7c382bc1c05413dd2', '0xa0b4f58effb2629f5d0578d747fb63c78e2fa81d10ee212b6d0033f2b6ad72ef', '0x4bee10fa567cb11c6c7e7222cdf1bddfe5df74dd5d14d8849ebd0c7226626e78'], 'transactionsRoot': '0x5c237f96a933e3dd1e7dfbbc077691ff65491f622ebda40c7fadab65f2572dba', 'uncles': []}} (async_rpc.py:86)
2022-11-28 18:11:34 [   DEBUG] Getting response HTTP. URI: https://responsive-convincing-aura.bsc.discover.quiknode.pro/3e7f242edcfec9ca1a36ef544cee66362af95baa, Method: eth_getBlockByNumber, Response: {'jsonrpc': '2.0', 'id': 88, 'result': {'difficulty': '0x2', 'extraData': '0xd983010111846765746889676f312e31372e3133856c696e7578000040fc9c679179143a1ddc3dea0c8716878c019291ef9490a96fbcc31e5c9b1a4da0ed22a77410b36de1d5a786c0df5f69fe00001632fd8c9461727929a6c88ba109d91d4e01', 'gasLimit': '0x7356341', 'gasUsed': '0x1b47a8', 'hash': '0x4f2f3b3758305e24b87a589afc071cc68d17a6cc453b468ca18c8ef312ed5bcd', 'logsBloom': '0x00220200010080100204024080000280008100800400004000010040000000000c02000001000000060404240000002000000000800002000020000212200011004011080000440201804308000000207038002a024000000004108480008000040002200202000100000080002008040a00520108000c00080020100342004008000800000000000080000000100018342d0c0140840008840b0040000000280a00102800000240c01002000600000a0000811200010408800000000011200040c4440a0008100200000001100812022000004041881010040000030000a10240b0000002051000210004000000200202000200000080400000000089204008', 'miner': '0x685b1ded8013785d6623cc18d214320b6bb64759', 'mixHash': '0x0000000000000000000000000000000000000000000000000000000000000000', 'nonce': '0x0000000000000000', 'number': '0x1655cb8', 'parentHash': '0xa0556971ff95b148d2de1342867910053bf444caea635e5e551109f6cf2e274f', 'receiptsRoot': '0xd2351a0a8218f935295ae557752d636af64d11a28bddc73ab48ba3cc3a22c9fc', 'sha3Uncles': '0x1dcc4de8dec75d7aab85b567b6ccd41ad312451b948a7413f0a142fd40d49347', 'size': '0x106d', 'stateRoot': '0xd5b11999ac5d3a775ca3b40d773da20fbc66a09d03593158fcf705b8580ab8d0', 'timestamp': '0x63837ef5', 'totalDifficulty': '0x2c672a6', 'transactions': ['0xef7185fc67c7876211ab72a17c636639292ba5efbecc4050dcd8517de22ace77', '0xa4e4c7a0187da7089367eea113111f734f21c23d096dcc8d43b66b0be2fafdd6', '0x6e73ac064e801dd43fb3323c9a7f08613e18e6c8e038639748952da045fbace8', '0x5983f058226885bd77478931208c6e4a1f6529dd97d47baf35850650e53392a0', '0xf580a136465553a664926383e3d8011868d713f6403337f84ea8a720a9913103', '0x5fd91b3825c31fa842056c9bc8ae45c82045b133e0c052abdaed6dd898784cf4', '0x8cdc1e9764b29cfda1810475b76856ded60ab7fb1eb4c5e65da311b0c2dde686', '0x3112b39050e4fd043b39bd46b67cfd449b06561e39fee4e631db7f93d4b6dc76', '0xcd7e8a2d980e62610f11408460a6dc8f1b9f1a643164e1be66efd3431720d8ce', '0x307e8f8d5340d567f6a910ad4c43fbc905ddb8d7fbd6c038e39182affddfd2ec', '0xf25d04e751f8a2afe6d071dbc7d33e13d1ed8131cbe5820b9d55227f62dbc4a2', '0x0d3d5a5d0907cf025145823ee503a9f7c959b6fa6e8709f2c4e4c3d4c2b716b1', '0xe8cb01128526717eb2437e27595f39f42c2b7868ad0bd59bb4cc1e7eda047ced', '0x06022f4fe518ecbc081346f786c6b4cc221e67b20d4a239c9116d68fe1255bb1', '0x00bdc94abb0b90fa94605a836e58c39e46cad65c07e3dc16c5389c4189e0e312', '0x5bcfeef394b870b06ff0da276db9802cf902e558abc3184dbe10eb26fbb631b1', '0x84889681114875e7d925dbc5f1286ac8c201c4b8e45ddf6f1b8102a6f56f6d8b', '0xbbfad5a47eee236cfc1085a23ac8c2d94ec12c11aff56217832e0cad6a2dec60', '0x665ac5907131f823f8bd09a7289e87fa9c43f120edbd2f1c4440ba4c512b552b'], 'transactionsRoot': '0x6cda5a0c21aa1137fdcb38fd60025c816fb808d29a20e9646b4bdb279fbdf454', 'uncles': []}} (async_rpc.py:86)
2022-11-28 18:11:34 [   DEBUG] Making request HTTP. URI: https://responsive-convincing-aura.bsc.discover.quiknode.pro/3e7f242edcfec9ca1a36ef544cee66362af95baa, Method: eth_getBlockByNumber (async_rpc.py:78)
2022-11-28 18:11:34 [   DEBUG] Getting response HTTP. URI: https://responsive-convincing-aura.bsc.discover.quiknode.pro/3e7f242edcfec9ca1a36ef544cee66362af95baa, Method: eth_getBlockByNumber, Response: {'jsonrpc': '2.0', 'id': 93, 'result': {'difficulty': '0x2', 'extraData': '0xd883010111846765746888676f312e31392e33856c696e757800000040fc9c67efa524865f035727f0048d299e3b00d3cd638156aa3730360d78aa8b6445237461acf2563879480e6390bdbafcbf40ebfa5481dbd525a043179ccbaf7b8bee8701', 'gasLimit': '0x72e1f84', 'gasUsed': '0x2c3db1', 'hash': '0x0cf4e7632a23fbfc06790eaedcf14d52535376f8c16a36219c65d1d1b1e3c515', 'logsBloom': '0x012382006804101800002080900a40220814101000008002041000202800000000010100863211104081003000010022440100000010020020007000292402000c808000041806204140014e081100282034406a06442a40000410101000401044e00560020aa20810d826020008080008000043a111040000002014330400022014810a00281000008004044010086402261424802001482108014428021028030000028a600060200820000b0c81380402000000000000064f000420120823a9001c22000280020000400400833400a000004001001210000201023814e0302018000210500210010000840200024428000440610200000080200901300004', 'miner': '0x9f8ccdafcc39f3c7d6ebf637c9151673cbc36b88', 'mixHash': '0x0000000000000000000000000000000000000000000000000000000000000000', 'nonce': '0x0000000000000000', 'number': '0x1655cbd', 'parentHash': '0x1b3ebcfabbc9eee83324ec13fc7ebfeca0d6872c126be0770e39c8ff130c4e50', 'receiptsRoot': '0x132279dc24c8f5e38d7ae9fa70f32cf2a5207c00dbd9cf2b218b5eaf8fe6d944', 'sha3Uncles': '0x1dcc4de8dec75d7aab85b567b6ccd41ad312451b948a7413f0a142fd40d49347', 'size': '0x2136', 'stateRoot': '0x360d7cc64cb673180358e44dd2d29e92c1c8a3b1ec6bc06f42ad6979ac858030', 'timestamp': '0x63837f04', 'totalDifficulty': '0x2c672b0', 'transactions': ['0x0459b345da829b95ad8807f94d89ab799650c24b1975b65478bd745576d28f59', '0x418ebf971c51663a57ce5d7abd2c02e6ecac3db63ba7f67963556691171ba451', '0xf2a9113b0adf6b87fbe7585a6bb5bb7209eeb4b44dc381b2d822c4d2d40746c9', '0x32f39c5106659db7b3e4237b3cc960c0f4d46c280ea25e2e1e19e82110a63997', '0x3711814fd8fc89ee4caf552edd7b8f9ac4324d90c3c2d56624b7b68986155836', '0x6f5530fe081ef88b827e9ad1e4f1e18d7d5c4c47828fad4854ae3d85a54f48b8', '0x524cb7fb618f130300aa15923bc607666676c8bdd26e327674318b264ad4360d', '0x131edb5aca42735d8337790418d51ce1afe1c7f26e7d79f50fb235d2bb4c2170', '0x183c145ed7edf0747c229d002a07e3d7620a84e2af3810a2364a0aff2540a788', '0xdcc3cfccffc4cd9a6d1ad25d5a700afb5e1133f0c7beadf491b708b5fef2c043', '0x30b98ce37e3d8af357392a4f697c34fff02cda53b0f18e238b3e1027ca525572', '0xf49a27c6841952eee16d06b7d9bdb96b3e22eb6179ca4b32cddf0bb79f630a3b', '0xd61c7d7f85205c2f82bba722affc59a527ecedb98fdacab3b3111db04d2ad6d3', '0x2e41dabf3213bae826853129fca1e57790dd55f86ad9854c97247cfc2689e395', '0xa9f7ab6b57dced5908c55ed3d240cf1ae169a441c6c1406118d2e0e40bc297d6', '0x46822375295befd1424b46e682eef8ac5fa2bc4f12c8977b65f1e0e08023a7f6', '0xac5975fd963b72248bec1c80066f0ec58f7f7353a16e47f658b05019df359fda', '0x9d89f2d07834d83018fd4ee267ae96533c0893b35ac7c941cfcc28ce11a248bd', '0xdc54cff15a6a7d915435e20706f60971d487bfd21b0f42063d8f27fd0db4c048', '0x0e1b655e7eec878fe7540c852d592145a61e0ac370ae8820ad7324e3e2e16c83', '0x663165e10d297a08a104a5e684c42b44864845f7158d87eab63440b6e6f2be03', '0xad7cd2dc8ee2e8b2f9412166de3d1a2b74c05bf465a805e6bd52adbcf96f3f69', '0xd6dab004904b0fb25b14ec7349e01318a864ad1558718b372a0fdfaa95889462', '0x7e5301755f0a280fa5cbd31be6fcdc841ef096db2f33becf7d216a59bc2cb2b6', '0x75a9588a37efb297eda09d1187c4ad746b77732f746d43b1ed1a0749d95d040b', '0x80c47bbe0ea4199314e897e1e44936540272665aebe3a020081dc3932abc9023', '0x95c88aa94c59a658b7472083919aaa4ee5a74b4a9e18e10c35c41a543e13a46d', '0x2dc2fc9544a46eb754ec7561b210f5ea4a727012836f09e18f4433f46445c9f9', '0x6634152bf84246cd0e1e4483fbcf06ee5bd5afa4eb3064a23c9d9fa8aeb4a92b', '0xaa6d7ce6136a7d7d2a63f61dab13e578b7af140acbeeff125b7c7f905b63f3d3'], 'transactionsRoot': '0xdcd3a6d2d5ff767f71a3e999f82639f02c46e02686f1348676148918692d44f5', 'uncles': []}} (async_rpc.py:86)
2022-11-28 18:11:34 [   DEBUG] Getting response HTTP. URI: https://responsive-convincing-aura.bsc.discover.quiknode.pro/3e7f242edcfec9ca1a36ef544cee66362af95baa, Method: eth_getBlockByNumber, Response: {'jsonrpc': '2.0', 'id': 91, 'result': {'difficulty': '0x2', 'extraData': '0xd983010111846765746889676f312e31372e3133856c696e7578000040fc9c677f6aaed06a02271a8a9af58a0b02488ce3d290403252df2f496d41da3282796d6d4a47346504b45206197ebb63c992df779214c53a1e1ab8cc0336aab6f91f6c01', 'gasLimit': '0x73c9167', 'gasUsed': '0x6f68b1', 'hash': '0xa6841fcc729e6449f5ad7d350b8b6fb4289943bdfb9bb54666500ba48bca684d', 'logsBloom': '0x4820a61004001110080002008246300490182004003084018030102000000100040000020001000006000450178a001040000000200000102001002000242000201000020014000081800818000204202810150100442000008c00008000202801240038020204200000000050052882080a00000808440000020831401004801000000000001988008804000000000810641405208004080040004100c201200382200080080080200030000a010280002220b04402040020010000000000020a1004820000000200200000004610082004000848080210018011460002e0110030002004104000010010020000000802000808000000c00090090d02400000', 'miner': '0x7ae2f5b9e386cd1b50a4550696d957cb4900f03a', 'mixHash': '0x0000000000000000000000000000000000000000000000000000000000000000', 'nonce': '0x0000000000000000', 'number': '0x1655cbb', 'parentHash': '0xfbda05ef7eee5b0b85fee5e88c1e7b7980eab74baa5c33155940c36a48a4545d', 'receiptsRoot': '0xd6047c83a98a883fce3db841c02271cb2f16bead98056b4690372b303f41b3d1', 'sha3Uncles': '0x1dcc4de8dec75d7aab85b567b6ccd41ad312451b948a7413f0a142fd40d49347', 'size': '0x1795', 'stateRoot': '0xfc26ef61a06fd34292d2c8d3e494a201e3111297e338551c28882a1f71e96b4d', 'timestamp': '0x63837efe', 'totalDifficulty': '0x2c672ac', 'transactions': ['0x83a85aec02e4e83ebc257484d1d3737c539f81f981d9c16d592c564af3fd3d31', '0xccc3cc8d88dbcdddd51b9488f55228efeae0731570cb0ad237c374d299490eb7', '0xdb88790fe037e873488ac44918215426854ebcca868f47c426238f66c9f7cc4e', '0x28a90423c83c935898d1742b57bf86139cf0c50dac516050447949c58871d40a', '0x8e347dbe20d0ba7acd7b896f00f35695e55776366050e6035206276212cf1dee', '0x6a25aa55f72593e494217396e701db37e477deccccf6b1b0c8e99148e2a89212', '0x0184cc558d5ce7ed7cbac8e6a92ec70d429baf7515c87f440bbc73754b3a628d', '0x29947960db90c1083b4b5af49fb4235587b93ee7e0434c2392e4f8bc3a8028a3', '0xcece9c934d35d1a0205460615216b27502d545e51e8ee8afc3b3e6aeacebc4aa', '0x73c1a8bbaef4ef1e43b321caf7d0fd12182971df9d4fc15a083f3f92204514c5', '0x0b49d68e297c9c76bfd0027878238a87c89a55956f851769fb2591fb70bb2eaa', '0x61d41c0ed0d4ebdb069e0b61aaae71618e50315132fce094d32269551e2bd312', '0x110fbc9128f377ad402bf47fd1add948a1f6a6013cf3607ab0253a2341c41678', '0xe8300d45f1368715e4e375f313f3e7c53eb21c32887d4cb73091bc03475ab7f1', '0x0fbd5d707909e601080a0cb8d7c7273aa3dc78a0389ea4a54f9a6bf06b2ffb6a', '0xd98593a2248f9e8aa5d19156b00b864c0e7d00db169dd3411e569d6dbdfce5c2', '0x714c0f1c113d2c4a66e27895f52165ec43a1accc8dedbccfc0a6fb54086432c5', '0xc0b2b2970d77a7ac31d44e9c0e8dc2bae3a4891929762c32d5b96ccf93c3407b', '0x96c7e23604bc2ce29c18d05cc20f26c639965918a2d5d2760d9fada9c6883892', '0x1c0fae83b3082f3c9b03c3f4dbabd290a4fc343c9f45e584513b1515b594fc17', '0xcc5cdd99fa9ef93554d556e06020d691835cd2cb2e3b087b77726da671292716', '0xdb90e96fdca4ebe08e1b48d1a361499e0e02fc7a7672964bda2a6e6b8c5265cd', '0x41586feb1d9cc069b0c0f2c6edf705b6ccdd3d5d86c91ffd523739df405a2a5e', '0x0a9e2f0adcfc53f53bb24649967aa031f8307436c48426ff5255bc008d65cff3', '0x42a16f7d5fa0efc66f1129adf35cec2e6d46f4fc45deeb6701b116f3ac819d0a', '0x0b6e09cd9ea6b81e883b92f6c63464792c86f3a53169fbc3ccc3bdd3eda75b16', '0xdac781ba08a296502b8e0447b8a739f2db772b147a79d4e6ec6aa9601813cc5a', '0x564db732dc538d36dff3f50ad7ef0049aa1cfaa5d9806b6c108b2a23330a28d3', '0x3aa01d780f7e0f8aa9b9d2c45f7cea67b7601934443d6305bdebaaacc48aef62'], 'transactionsRoot': '0x0f1c648da0c998d1a308114f043cc0154e520e1558b2efc737db39c53fd899c1', 'uncles': []}} (async_rpc.py:86)
2022-11-28 18:11:34 [   DEBUG] Getting response HTTP. URI: https://responsive-convincing-aura.bsc.discover.quiknode.pro/3e7f242edcfec9ca1a36ef544cee66362af95baa, Method: eth_getBlockByNumber, Response: {'jsonrpc': '2.0', 'id': 80, 'result': {'difficulty': '0x2', 'extraData': '0xd883010110846765746888676f312e31392e31856c696e757800000040fc9c678a40c8cda4acb509eae7d61b3d5066f82db6f13f9c6136d809b86a117dbf677e71e25fc2f1852da3039928328295ca7146f1a18d294102a6fbe53ce13d6e17cb00', 'gasLimit': '0x71fb518', 'gasUsed': '0xf0085d', 'hash': '0x2d0aeb5c242ec219bb28212b9521102307c8853db0d1f5d4805761d7a045db3d', 'logsBloom': '0xa6267207b505fb3e5a45a1e890123eae991302876d18e87cd01164e7758197151d497d609428958bbe5a8aa15cceefb27ab24450d522253a322fa6fef8b7f69b0336d76927037f88abca7fd972a04a38fadd4a3933f678e64744cfdcbb5166256a07d33ee31e7db1d06d6e546372aa1cff2c78fa343bbdd16d956937dbe3171578c3938d385818ee07a7b62c70c46a2e1176c58f8f2b929ff75f60dd6b918bed1f6d53b9d98969c25e16f2a52bb82da83c5cd1c6646f7842108614ee3ab34d7d03978f7a2a8bca137d8a3e39c1ff1a4727d2e5e07beb385d0b539d879d3cfa85c193bff28d9694fdbfce3c63d54ee8dd01a06c46ebc006f8eeb3ec7dcd7ac95e', 'miner': '0xef0274e31810c9df02f98fafde0f841f4e66a1cd', 'mixHash': '0x0000000000000000000000000000000000000000000000000000000000000000', 'nonce': '0x0000000000000000', 'number': '0x1655cb0', 'parentHash': '0x55852c4b4b04d5998179e5800146d3ad7fa87e0e96faaca676bab41e40a23134', 'receiptsRoot': '0x4ca06556fbe8efb073557e44d5cc6fc89e078278b9aaf5f83a1e0b77e0ede8c1', 'sha3Uncles': '0x1dcc4de8dec75d7aab85b567b6ccd41ad312451b948a7413f0a142fd40d49347', 'size': '0x7bd8', 'stateRoot': '0x3b74d40aca231f1c326367b337d67354b55aad1e07dcc4470d87da1ff274a44c', 'timestamp': '0x63837edd', 'totalDifficulty': '0x2c67296', 'transactions': ['0x8ad33dc2ffaa345f4fb0b0fa53f814e57ecb9b3ff831c67505653ed91322364e', '0x52f541b11a883b0634010283bc774cdb6ff473ce84f100da29ec5de87840f2b3', '0xe788161d8ac11a0533f3481c6df81a6b914c12f9de406ee18a43d841472f4778', '0x83c16a2ec592279df514e2cfd706933466c92f5284b3431dd70be811f52042f2', '0xc3558fecde60fee9017d79bbba1bdd864f976891114871b0b16318ce7f9b4854', '0xde6a12fc83396195c4f4df0b93b245c15386f1838fb2bf01acaca56d95dc0823', '0x1578b163dd46bc277c206fe20011dcb935556b1f394f4b71c0f791135dcc4f4c', '0x245ea38093ce6ad2f7448eee55b191117cb066f73eba7561ff094e9340c8082f', '0x6f5cfe14920c0b10800cb3b6d871afb8f42b9e2d0d6be8047afc243101bc05d5', '0xb44367e95d3f5fd3244262c7e112e98e3ab37f81faacb66d2dfbdba12fa437e8', '0x6ba918b2cabaa094a25141aa4905e4b6478695f27bf0f5f201d77c958b8cee47', '0x7db33630468e342c5cc9ef91ba63540db15e28f0a8d60f1d9154e1c7b5570161', '0x1f2e809f03a03ca833ff556780eaebbad09885b24eea88872411636cf40d1ad7', '0xe6bbd53da460217d0cf97e04fe527ffd8242e968c2fab0057bdb32b0b767c5ca', '0x5c9989252a854fa60e55e71eba0e14bdf755b410e6bb014551128719669599d0', '0x36561e3633ddfc5c99e8682b7ad3455cfa53495fb38f72c4fe7742ed0e66bd5f', '0xc79367e55b3afcded0028f4ae21e5283b7eb741c829419c7659068bede5284ac', '0x9c1361885780187799d16043ac343a15a3985b5962e1f1a302e24dd988cd518f', '0xfaabd00316bb5d3e7ed85b7776afe95fa365152df4c424069d8a25ce0b5aeb25', '0x167e36a0a7a4e56655ccb720d55d8d83d4783a02aee422387d360e1980caf1fa', '0xceab4110142bc811291038196ad1df0af032e66a5c4aca75ee04732434861456', '0xecdd16078c2697f6cbfe7763d44d2575520c4efd9739719dcd2f66034b121453', '0x4c3f89ec924e16a6ea10299dabc8eebae83778e9084beab481d5380431dcc05e', '0x6920642341800124246570206d02ae9b07cbda57b95df185512c1beac19a5c14', '0x18472c432742b016ee9bb737dc51dfbbd32c6bc564d0891935d48dc860ef0dd2', '0x623f8d88c457b0bb9de58311a3533af6e36531083f8c9ba2e2e6fd08420a3604', '0x21040bda885bd22d111a8e075922f0227d2c347ac574bbc4ee3173865398b78a', '0xfb70893b51b6b3cd875620609a17317aeb6de8005dce6c3967bfcbaa997c2678', '0x8914d276154f9dec5527a872d85b16f553fb2662ff67e3c78039826f9db16f97', '0x5bcacc0e89b364826830a072c2812ac132de539bd0fb6cb29e04f25ed63dedd7', '0x12873fab71194d278d9c1304067808152554af755c350921bead1cbd8e6d952b', '0xd187e3a013ccf3a2858a82ab4c58d7b50902bcd476ef859dcb4a4394d6b81a25', '0x925de4d3598141ca00a99fee4d9e08252f33eec8c0083b0b6e1cd459cb262689', '0xfe1c367179a37c567b7bebb7c9b44d1106b0969f8cd3d2408226eb4aca3168c1', '0x27337603aa2b76c29a39d9dc2c6d52452411339832203170847a381b7f8f73f3', '0x8eb0a6dd8401626c38f34c9a62b2ef5da5a6c5736c50f7dbd4ba28de1c574796', '0x9dfff285c6d81c913c41c321332850d86e313796e165e133d6e37407a7c9ebb3', '0xbf903cf13cc6caa8e8c15c15bf2d922d831df9b49f0d12a14f8953ba14e3f4b2', '0x9996610670366c7e651e535a5f1fb2887c1d42e044146448dfcf1ab4e831e58c', '0x038469e7197b39395e59e8a290d8b6a15c6891af1fe4ef012678f3343defe0fd', '0x2d06236c7033d6133e32d5c978623f6d34bcf36a55b24a9b207674a39e0f4f42', '0xbec6d93fb4ab8f7433359c1d3a38eb5a4017a4d4640aaa0a10c305679825dbe0', '0x5af095b29937d1b1bc8ce28b6f38f5907e42bb2dfcdcbdbdf98913c0e3b27f96', '0x66010ad58be88e5eac638428d0375e4a8722b64b662c1140ab024bcb2252c0a5', '0xdb992e43e08942b30a1a1cb7922995e00e16caea4fdeab9dc9d3595449b7ef90', '0xfa69acc42619311c00dae5cd7f7a63351465614b11d1169c53ecb9bee8d53262', '0xc53393cb51e228cc98f7957f875397f274de00a00c7cddc8d3fdd0d6ba01ef96', '0x8d1fc5c4a122ab192f74a91a47dbce6832cee9c1a51b42364c4fd6e27d4faa6d', '0x030aec754ca2d8bc5b0469c04e349ee33b23c38e2d34dea2579924543e1ff7f8', '0xc5aa047b30957edfa42d75edd7094be23bb4df70c0754ece7ae912903cc2788e', '0x563ae47c4b7bdbc680ce87a808c48ae13a5b3e55e50b5885e9434218287b63f8', '0x3a25e164c933d643cea725b4b8e4dd521a4c10828140121f468ba16d1c4123c4', '0xddee1a8dabc0b50efc048ef6e90f88209b97156fe784c819782957ec6135c4f7', '0xad80beea61d6990dd44501a0239ac3cd664ce2f3ccefd0a6add3dc01d9ea54f6', '0x2aa500ca5d286e556637b21f2421f179ad5a85055b358e0daf6dcd19902c6c6a', '0xced4cbd52432afb79e5c9be93a71a83f9c90ef58972aba7b65c40a4ceeb85ba3', '0x121b5b284480ab1adbf7850abb250df592d963cfaa2d95839bf6d6525377ed1b', '0x3c3b22abda1e0437072d1f7b6bc5fff9ffb08d9d11ba6c856cf07956322e4950', '0xd89a472dbbb3aa9890771556842ac8867f12c2cabe4d1e184318e722a43a93f7', '0x539ccaaf6aa6d0f554eecae88ad73169a6ba2a7be8ff0bd00862a14666e86a59', '0x78cc7efbc10db2a401b16dab1621688e23468a231c2f385e13d59f3317dcf2f5', '0x768d0bcacdcc3082fff441d9de0f315f8bfbf32520c0ad496e618749b6384908', '0x569022687fb1c1f678f1209d14c99824d53638a9d8c29bae903a2d787dcb7514', '0xdb55349129a5f5971f22c27b1cfee7f4692dc2f2e349375d37776175e8504ef3', '0x57976b417ec0d68b4661896ee645b1f8ba17a659cd6de5cc08a6d101ab771827', '0xcca963a42371f512158491fedba5490bd4aac74c7c8b45ad1f77b538c060ed8b', '0x17bca37a11cd34f4087c99f99b4cf1994b2ed8f05017776601033e19aa6f473f', '0x299dd4f124c39d3d7f85905d3593c030346b2acfee62fb0543fc23285b4c4c3e', '0xcd911889300a5ed2a9ebfea818d7b5eefd07feac3f67443d472d80b101360f99', '0xd89e7f5b8a366c9a91d56b2f0a018787c6272d000b686ba0d6408eecf63d01f7', '0x7986fe6dd334a33790e4d765bd14d6243ecd36aee6f12992768f1dfede711c39', '0x87dc65d22290a6ddf34adfb2441cfef02ec88f4c4ec792fcdeff0dd4af30d293', '0x1831457716cb6c9390c3006a2d3de7de0e8035285a716f1ad23b91092f294326', '0x4fed761968bae9eb6fda1add5580efa609c90657a95c94aa7715418127d41157', '0x1fcee6edcdd8f1a468c7104190f78bc74d01cf74429e8a15bc9338081c985c6d', '0xbbc04b45240397cc6025265e8eb17e04d5aafdef971c1113520e1b7a76fcec6a', '0x4e10e05cae94db778932ee313e41bfaee39354562423a1c95744ae1c4011f623', '0x64c0cac9407e2c9458b847d1512ea0cd2f42d5fb8b8c235961e33da46d55bfeb', '0xbe92ab62013cc1dbd09897f7959c1b10aa4d7fa3bab7d3ce2d45626773df3482', '0x01e3d78ce1472261587f53f3ed9bbc2de5c2e734039cf8a141dc3ca158506ae2', '0x14b28353c0b7369915d9fc3424ac7bba7a0eb7931fe6bc8eb55200afa1be9155', '0xd8d3fcb79cd664bde1546368f13b782326c573ce26747321da98ae54b6e76716', '0xac2aa37789e1634027adb52fe9510913497c7740e32282f998f5a89e8846c360', '0x92dd5711859ca8c37394664e1ba63ec3ac939bf66b10fd70606a92778ba4b616', '0x3bd482fc052c523f5c0b1a669d20ee11881416be05962c5fa786e4cb1f7b4878', '0x74d84f13d53694c9fea2818b8cd250d71f5db7fa96779de2b7bbfe291a6dc6ad', '0x8c0d53a3954a23ae5e8647249f5cbc4a102682e0c9a3f4d2016e2c6293cdb17e', '0x7051b33f234398888d63f823116565893273af58878db0cb4684506f195f2d01', '0xc21fb5d39daf584880ec72e8f811ed3694f9483d86c24a0ab64eedd34758d8f3', '0xaf1a044382e489c51d0207fcbfb5fafefa3ad11f9c1b9386aad2965e4dae5ff4', '0xa08982ed8919ae2224c8451548b7783209dad82e9df6ee5fdfeed6e9c85c0015', '0x3d88df459ada3de9e12226426b33baefbbd4d535882f0dcd74808a760c491524', '0x704058ab9d24da8a6c74c9b795f191e5f1039255df018042b130616e389e167f', '0x29b87596820da63dbaa58695559a68562bf68c6afd391e301cba360f5a0f11e6', '0x8acfe75f3b551440993df8e66d19eb43f90805aa1921f77b0afbab4270c571ca', '0x76a3e5c3d30749e00c2f53d490a09261b13e883d1fa0794523fcd47d18717ff5', '0xd51c534c4bcb68c0e5300e21a338af703ea66f53b12961f960cfc767489f4f85', '0x811030677c9dd7f8b8c00bc84f236b4c4961c7cce229911eb9c436aea7432564', '0x36fe0439573d53db8398a3d331c9e32308022d0afcc81a9aa9e7fba3cbaf76ea', '0x60415d5db2cbcd185267ee697e0d537ffda67324c15e4077e7e46d6dec168afd', '0x16669d167c8f39308a41339abcbede3147e94519d1bb199d674a9bae0e3ef28e', '0x87bca681efb011b494878cad47bc06bf1d8f4d9522a195880c634c1e56b74c2b', '0xc4bcc51e20efcb181a31adf9c9641e88776aa9631d6638486554ad7dc5692886', '0x0589cf2740db16db40980d969d47765f557a400c7d2b9208c9a3884edebcd05c', '0x841643a271f705df25d368c1c8bd6d21e12d95eb7efc31f180350cb9be0a955a', '0x2c3de089779bae3a9c993c5644c45fd6a108c4f5ea12d71e76044ec9f841620f', '0x747ffb7118081d2893b996bf71201ce5035713b112130a3b4fd319940f0f9d62', '0x5dbccf05ff2284df1d78f07ccb44db9ae8d1a0c2724b78426a5e19886590dfe7', '0xa762ca4908201ce3a8596aafe1992174d697b4c35dc6ac0966989be9375650aa', '0xf6f06a0837495172d4636de621b7d81affcc7ae25a45996564efaf97800aa0f3', '0xc79af97c8c4dd0341832ae905bbbe455f8a4e10ef9601cc86c0a66f4c1d0b938', '0x6f6e2c081e24ebf780ba6464b0481d2aa87d116150cbdcd66b6c84d0bc9f576e', '0xa724696e3896632eee5e4b30286e67345af56bb0fca93ce156701ee7b5b137a8', '0x07c6a0bff564235ef72eaecec82ac98c731ffd11529a0c94e4a526f8bbe1c119', '0xa88f71325040519965328653ad3b9f22adda939f9cbcbf7aef8a9e3c78846d58', '0x667b4eb4dd55965a30885821494fe09d8f6e461566af02a51e3069b1507de918', '0xf79d281ee2b2925db442f25d56e5dc086b22e5f84167048f4607994751dbebf6', '0xc57903b295af3a11f82aa8e7e3be1587815c8740abca0f87c91359a7b1568abb', '0x9f41a7a161170cf520805781025f961f7623d5c307897829eee5f71e17339be2', '0x76dfad1a406f9a36dabdf22c0bab9a1d84c120588d26028b3ac70430451cd75f', '0xae293ca3b48195fb71da6a9bc8ff987c0a303325d7ee904a7760dd905f11a544', '0xb08c5f1512f82451e1a13cec43997a4f340f9e5906a82c99e6923843ff234f62', '0x6ae9c5c6bd52ad2460337cfafb781dd742bf259ab5e662202b8d83e93ec58c2b', '0xca6ca7ff8dac7aa6020a631198ef5d270d6cfe9b2369403d8134f629f8767e0d', '0x89db9f3099bd7538ca65009eb2bb52258d2c21fcede7c764e552799757c0bba6', '0x293893ea83ab322a462dc65a474680283b06e3736439db71625ce9b632432525', '0x07394097c868bbdf18265829de18207382b72a325e53c50caa846de8382515fc', '0xd03f439b5eac3b665f564e090d44c72f0f4f2f6f1766f5c603cc9ff6e3523724', '0xdda3aec1b454e154cdbcfd5517a7eef6ef2517ea50f65ba329a6feb61ec40160', '0xc89e17e94d301abee645c8e1ad9ce1d7a5012002cf676378ccbf3b690ff6e6ca', '0x9102360b122272e956ef5943c2748ccdffb101cf54e6b30af70d31254071de75'], 'transactionsRoot': '0x03624900664097ed8fb8fd757155048275bf1757fa7f38df4aa5413797ff49e7', 'uncles': []}} (async_rpc.py:86)
2022-11-28 18:11:34 [   DEBUG] Getting response HTTP. URI: https://responsive-convincing-aura.bsc.discover.quiknode.pro/3e7f242edcfec9ca1a36ef544cee66362af95baa, Method: eth_getBlockByNumber, Response: {'jsonrpc': '2.0', 'id': 89, 'result': {'difficulty': '0x2', 'extraData': '0xd983010111846765746889676f312e31372e3133856c696e7578000040fc9c6791bddf6da8c44c691b053433453cbb8ec90511adf0552ac0e6f4a5191114d37a5e67c5c6cf685db6f3cef7d77ce46f8fb9d620fc699930d9d3513c191852456001', 'gasLimit': '0x73c98a3', 'gasUsed': '0xc9f40e', 'hash': '0x5d1510f75204ca6f84efe57fa5cdcc03281ad7385f368821a0b73160049e8e58', 'logsBloom': '0x5428e2509900bbfa1844016cc07af08c106f189a7a2045917a7a09a278f819a4478523cb4ecb165a47a809b94dd40f68b08672c5c32a0134e36412c66135288462c5dc491d8ed902a5ece218750400ede93f192813556c2392c600d090406f88668f1aede2626e72613d680080288ab34d401475c6096f94022020398f122c8490b0e30c8d0114493a9196422cf30ded05ae572513e200882d95785837804b788f42caca998c8543641040992b6a8cb0c8243882a0926101caa0e5896092d1893121d70b00088a0641009091d0863643a207c151690e00100d5534e6b0c0f128dad02c6fc60158291b073050e12c58684095558a417000c807e3000e181c5875', 'miner': '0x70f657164e5b75689b64b7fd1fa275f334f28e18', 'mixHash': '0x0000000000000000000000000000000000000000000000000000000000000000', 'nonce': '0x0000000000000000', 'number': '0x1655cb9', 'parentHash': '0x4f2f3b3758305e24b87a589afc071cc68d17a6cc453b468ca18c8ef312ed5bcd', 'receiptsRoot': '0x7dfa4e2e2f0857549427df5343e256fcb443e5edc07376352c8ded5786abc84d', 'sha3Uncles': '0x1dcc4de8dec75d7aab85b567b6ccd41ad312451b948a7413f0a142fd40d49347', 'size': '0x743b', 'stateRoot': '0x5ff84dd76760a384934ede4f3938a92163d99228f6dcc089626f3d792a49df15', 'timestamp': '0x63837ef8', 'totalDifficulty': '0x2c672a8', 'transactions': ['0xe392d9c4ad8449c150c2ed67697fc58250116660e24f349b5b6912fd567f93a1', '0xc8cdbcfd9b728d4bafaffaaaabdb6a4376ff9b050d5aac1b7072839b181cb002', '0x1a896cd8aa6b1ab952701f7b03e8fed8cc40ecaea6422f4ea40ba0f9ccf9102e', '0xb174d17ad912495f3ca20a40ab50da77bde5bcfbc91d2f3b313daee1c53548e8', '0xe900f28969b87ab1e7b3a8212cf66176c472ff9bff177e45279338ebb44200c3', '0xa64a32f5ade6ca8c25fa6baff60fc2e58888a306349e3bd055170f1dea30771c', '0x52f9c6366ef127ce7567cacd34c0f06761b1a0d940cc65375d849335360ec88e', '0xbcfa24e5bfa3081b4ce6a03475d19a045f45f6332f000f80e5819a0cac467e1c', '0xceef849427aee69f3516f1e3444545b996236c0ccb14f13e32839f42b76402d6', '0x54c87cbb4d24da392c23fb70897be747cf226fc5ddbca4a1937b30386ea54e89', '0x31b3eb09b5ded7be579bd1ba72406a63ef8e6d99a6494e3919e54f30374542d8', '0x53ac7b3eb4c2f778ca2dd7fdf08c30c352176edae7c1a697fb6ef94cb87f5f45', '0x929be94fde540edebfbe75a93a89adfec44f1f74a56ff7973bdba943f9cff5c8', '0xf2e06539c61d213b5a2838cabaae9251d585bcbee9b9b7aacc2dded4b7cfaf76', '0x1d90e4f774aee7a2629c26ebadc0db567646c55af7e6fabab0ac0a8897a32c04', '0xf89535bc75d2ff012c6adb6c285cac9c6f3f87dfdb40c1d8a603c3cbf97ed339', '0x0494aeadf2ceaadaa1b6cf8cf0873b6bc624ff092f45bab7b1f870e13fad3430', '0x74b905ac3fea5a585adf1df5d441e2a4a5c672fbdb03b6a7ae27e7aa7a633edf', '0x765644ca8ee482c9f2c7ce6cbb7d0cfe8f96ace35fb4671d53ae9d3210a3ecdf', '0xa50590b1fa314a4aadee1cf57f9e5492de9ed346c1794dcc24cc4bb17bc73d24', '0x0a6083eb81da28b79405aaa4e127ab4c51b97028a5580c6d1abe13c3c6b00c7d', '0xbe29d07fbdaddce66824a7e341228f89bdd59ae6940af668cc4f84ed114a0015', '0x00f406efa88d0ac78a71db07ab93c6804a8e6e19c4791f556dba8b5aaf06ba4d', '0x38f53c992519f2577cc6869d56cb040b36fa764f7527a05876eb919b22b5ff90', '0x50544f0208abe2d9da7189fc4027656793b6212cfa05cf52744b96a82dd3fe72', '0x252517fc0e4df0a4eeaf2871ccdeb9f5ec48cd224bfd2d7829579f662f67b10a', '0xe21b74d44231afd25ba6fe980e6db0de9602e8531cf7ae940bf65f25fc71c911', '0x5a0a2a8ca346635602b578515374e103d1451718b81b9c0eb233e1e95725cb10', '0x0195709639f8df3067531779c4d0518ed9e33b9474349459cc2e93f80f24edfb', '0xca96d636c4a57fb56aa15f86597e92f49a52d5d3364b10cff48ecce98521b4b0', '0x786df7f20316da04caba1b04924dbb18f3194fef69ec300b123492ac48168eb9', '0x9200a0273f73195d07f2de2b624e53a54819c90e008721397c6e39c65b1511c7', '0xd9de6af316bb2e46ae4649f799e3afd523543e7753c0d83452ebe3a1494d09e3', '0xc84d4890b24baf4e80b07848136cb605a7f8daea5d483c5cfa219c9a7b6e3375', '0x452a07c68e2fa5b1cb7c993c9ae6a302d8e02c9f9bb9d853416339f8dcc44c51', '0x32b223e87d6a7dfc99b23095c6e42a3c4776dca538d4dd9109f4026d408e84fc', '0x3dea6b53cb2a601234b98a2b4558be36b9fec419928d483171f8d9ef61363edb', '0xbaf25b0db019c2ff625b08303269c2705684dd9aa1cde623325171da06549165', '0xf9ff9441e2f86e8e553f3edb9602dbcd04eeb5b52779d36f2fa75feeaedbdcf8', '0x2699f729408c441e6ca7ea18965dd516973c18d5b5dce355e20d590248505367', '0xad7c15089f16e16a7957ae1730801a124fe217ad822dc946f23c515e08e357fa', '0x3890035bedea25630d65e024327507779191c5e79ec9506c381c5170eecefedf', '0x36a51125ce373c80409076539068f4f7b0296a7716d6fb0961c6362c0bcce580', '0x6408aa618ff6797633f6b40700b44cfac8cfd879861595ded73c5a7856ca6af8', '0x85a18ccddbed7cf6c6cb71391a267b8aae3e3d32408fb487fb0068bdee23b90e', '0x1bbcae3bddaaee20edf8ea272b2830baee9c7ecf8889730b8e347d482326511c', '0x864f3b0d901bef93c6eae9a7ed03d97e30dc77f5cfc30d6451209916cbf1d553', '0x88e6b7a575acdd3fe50e424eea06dab827bfa7f93224212fa2c790a2bd266491', '0x041d1530ecc81652ddab708a7744ceca1d12eccac31402fe2a6dbb9fdf0c16b5', '0x748f73998282585094953bc9abf124216f5106ab3725d369b2e9b093dbad99a4', '0x750fe0f207a8b7b5c2c26fe7b54f1595a6de40c3d83f2a11b08bb36ef83aacf4', '0xaf61a5df8ddc3a2010d6b3c82331b8ff643f0f1f5e112e267295425d76760d8d', '0xebab097e943e6731c8a06b7b68621d40b2db795c7d7cf08a38ba48da19275255', '0x1ac8dffd3b2f5c85f3474a4502dd94f831d46f7ef449713b2f6798763b29670e', '0xe6e17b4ae21f6ba0d946512da4116c3a0c74d5aa7aac4deea2b4e9ef9b368ece', '0x972a855038328638bf83801882da378540fe5d73b74fdb707f04d17313082693', '0x6bcf0fbccfeb2546a08fe3c3dd4b87019cbc0eb755b12b5757cd450438d18ad6', '0xae1da03915bd0d16765355d9579d23f14cdb8f72a723683bb02cd3c6c9e2d635', '0x043e17dfa94b341b41155cb35bb18c87f4da6c961ae3183ca6a2332f82ebb5cf', '0xb5b5d329782a96491759df45c10c2e4381ad5701be7769c8b4592acc44ff88a0', '0xcdff158cdca323c9ed2810595a4ff1719a3c2312ac8e95eb7ef8fd36a475744b', '0xc0e3febc4d9e728975f374eb19ad23a66a039fceaafd1aef3d1a532dea1200e3', '0x03aa2b1f4c199166110f77b34aaed75c3906f501162f1fd0e7916c257a06d061', '0x8155b9f5377069309cf5dcf3fea9e58cfe09004deb36ce2fcf7e5d3fc36e08b0', '0x8777c0a1ceb37ae43b86a370529e26975288405d1a80e7008a97e2ea1550b3fb', '0x5b85a24aa609f27b41b3e933b8135a407e57068eaedd85ebba83fed2d5ec7db2', '0x9681f5e223a07cf2f18ac5253cd85501fb557bbed47ef41e1ec853e6d0e768db', '0xb282e2dd45082aec225210028d76fa19c4543c7ee5c0189af484012d76c474bc', '0x55bae733764cbaeeb84282234a035a4255eb73a06333f15e373268509e3d53c1', '0xba11ce13aff5ffd7f95b5d33b2571c7d9f9602ffe0da9defab0894806b8d8da9', '0xa145bce668be76bfbf8c11e28e62cdf52dbb2da6922a7d7dc5d260c2b5b3d54f', '0x146c53e1468071630c9e4d8620a4cca893a2803fdbc6945a2d5e07d00cb63f84', '0x40e83a58a9f1cdffbfd3cfba4445548753077b2bc457913faa03f7f8c54d4c85', '0xb5870d03028c6eec4ed4b43688d8be58035d8b46f6e5060919ae60a8b240f3b1', '0x1f0ab355af48b8562bcd8842a9b9fb6512e49aeab6aa01a3a7d35ea65111eb8a', '0x46336b3244830938de37079ef7818c3dda11f7b58b6ed3d4b029be05f44d7039', '0x82f483cfb5d66867519a5eeda25ad2a3feba228bcefd2e02eb2c890a6a168ecb', '0x6683970cc1d195fea9f3b7c9cc9e66e53383359ce60dc1a5262f6b297ab90b99', '0x9bfcc1557fe78314af65f69a89dfb4c3790824111a93f5f31176cae2fcd7997d', '0x8fd7b5caa61418be8e945dbb93d4192064fde7d51570b40d307026f2657075d2', '0x81d2b2fb297ead43e30fdf28033ef579679eafdee31889914f3c060c4b994223', '0x35f4dc87a3b7e4f7f1452b9bba1cd27117f17c25d96d8022795d640e75c6bcf2', '0x7b492f21de903766bb3094e3913b616d854b66bcec34e5d40d1a93aa0a55f4e6', '0x2ea20e7d97275b163829e7628f186aa15d65967b6172eae0ae3ff1c19406ebbd', '0x98138f8d612c8b587686b6fb239e381eca7d434576afb6ac72d010571cdf6dff', '0xeed9b17e13ba177aa6425f957e6df54d6f9adbfa16799fa559d84886a31f6f6d', '0xddf3393dd3f329e804e0263e001878e5f4c20e5b56adfa48e7e08a6986fc2699', '0xf71cf39ed0be17f9788e8b2089c9f11a378475b5a3acf5813f78dbff8c929d8c', '0x637bb797a1201ae9b8c7e4433fd81d21c4da2b64bf84551eed187ae3543c70d7', '0xd506c45254984ece30c9d87de17ea5a455f022e40680d24f3230aff6d4684dd1', '0xc37ac0040ca12c0bbf31a1b47c04bd6f625b3956ff3605c8d6313804e51533df', '0x36aa0e814ac25c3674cb146f92b3071e366eca1e091b8cc991bc0f3239e2b95d', '0xfdab066705366cabfe8f05ec0973f8a2a9cf5c62380b2e6dd2dbebc7f3581d1e', '0x2ef6ef528acbcdb942d9395d0d9133284fd2cb48c3d6e34417e26777c48387b9', '0x470672aebf20709403b4488f737effa48321e6c952302eb70e81b969850ae0d8', '0x115b73eb993302bed77b5635978242700eb2bec0665253011884288419e06a63', '0xed60567a3d36bfa135243bb6f3881489717adaeb4c0365b91306417e01b6b301', '0x470feb26d460b3e31874e6e0821d964bdbdce953e291d214cb49ef79b5317cf5', '0x29c85a7918c61da673d7425509a60363c5bc9747b31c3fb1e4f7bd66cb76f48d', '0x456dc25441d0068cd12e8d9d3709bedb89b3c562d733e2e2f50d823e0f1ef10f', '0xf23fa5164e91e33096606c1acd0e8922402392bf1b9bbee72c0e8a388eb1d9c9', '0x3351e159d293d08c00f00542661429cc1e510cc15c4bf9a7a991e72f027930de', '0x60dd1bda08e45d6ade2ad86e155720b14b59bd88e9207c90c1d3e5d94fb17224', '0x48ee23f212fb65da736050712d3452b4ffe91245a859dba45efd7f53ea3c20c5', '0xa2d24e00d2012772b3854a6b87284946d6aa9e5bac3a97d9ee6fb5f89cf16dff', '0x0c6381278d2020464f8b8077dd99471b5aa488fd3d8b816c3027f70c64b734e7', '0x298917a097c5795062ef491a94eccb1ebef505b87ac7771f2a8149312d0fce3d', '0x05e04d0afbb1410a472848c04d46b4c93a70212543d012a312535e18529b5714', '0x12115032e491b98115f1d9edd010ebf9bff475d4ffb9b15061d6f4a34b9139be', '0xb0e077926280868d0d4ce638316fef6d1bb313ef72ed86baa8eba2c01a4a1371', '0xee427e661e41914586d7a72d610f84294a29f1d0a47ed1779513fc7aa4317fb3', '0xc84d414b6d75beddfc7899282a2eb951658801ec8be6d99c57ab08858ed6f1a9', '0x14af25dd62de91e0824d411f040d7afb89d6607db28fd683220ae97490b162e1', '0x9291271e898d5311e6a2df674e0a2fca424fcafc67f25a36576d0168fd2b3f10', '0x9298635e583d28fe10550e17696152fcca28c8254726e67fa6c021e134ba9f0e', '0x1d6319131118c609fa334b361cfe7f979e3a1832b66c76b024664f95b3b695eb', '0x1b5dd92d9629358f73f129b08ac2b1a80aa764b88b0f33fc87ad799bc641d5ca', '0x50c3a60e50141e2c105e6e9b172ed73f8deb47749cfed858b5f6e38d6e9764b8', '0x6fe9ce446a858392e7dc87ab207de085447bfa31974c46ae7c3531d4cc313945', '0xa1a770b7e3145e0db76a4e035c101bb268ee064f78aae327eb66bef66cec3678', '0x7877308dc504700261fbfbda59dc8d930c67b3d25d5a0cc6413de32984366887', '0xe066f49838e99f65e9f61b8f382c0615baf101a6861638a8806f61cc35fa348a', '0x910e0fd0d323ad6449a2b2133c5b568db8dcd773cb3e74668d874222f0f39c01', '0x8217282b78f58d594a3582713925aaea0ea048b48ee732a9b2f55416682722f2', '0xa05bf4c0ff8502cd804377d54f93b2e3604e341d7d899efc4ec37d4b00219d10', '0x927b040197062a8e15b1c699ca5c4245fd449d793f5247131581af3f9f20dd48', '0x7249af72bf3992ea7daf3267dbeaed726ea0b7845ed90c9c0d8849cf49f52bc6', '0x79f30e502df7d05a91fc2fd184928870e81495f3ad5f770bbe984f7b53b7d26d', '0x054ec2cac1027cdc0554c03c1cf94e29b302e54b237b751531146bcd4864ebc9', '0x6d8aa7f0e7443b36c93dd1e6527923c957618a1ab8535b612d316860bab9ed00', '0xa18ff409b37084afe4950d5120727d37d7cae2bc0a05f0a3ca9ef4ca3d6dec6c', '0xaa56b7637af1d7dcfac46882f5d5bfe5c01afb9bbaf4228ef7c76f16b2403ff1', '0x8251ae1591d03131d566ee8371d96ec051383ed246621f7010980628b3bf79f0', '0x9c18f3a13c7457fe35a858117499a1f7605880e8dd06e65fbc00f4d6c0128b37', '0x9a38242c7958ce04f04b1a1992149b60e3b7ba225b5658d4642a6376a04f726b', '0x23f7dc10235fb91b81595d827197cccab5a898e23ae066dfa546c50d166fe208', '0x57cc6c9715fff5f51a666af3b21f96087b038260a8aaf2ea10b54452eff93aa7', '0x079ac0a4ccb3fffe4bf142136b9934d126edd0523a078428f21c7d18579ef064', '0xb932b8530fbcab1dc33f8c5f98602d9f8bcc6666c4d70ffb889942f9d01302a3', '0x5d63fa8899c9d3dca602c0379de9b04a6be09a64ba8ea3b51893b5e0bfe78c51', '0xd7d21cc0bf577c1047b9457734c0f4918add9604cc166a2158899d91bc3d17fd', '0xa731b47f3372f74acc587a5a9bd94160225aaddbcf24c5d9a39777f28fbdc210', '0x076a034a5fd49c078c28b168bfb44be957b88a38d88a1e95ded24a674d2cba0b', '0x8b3e5d106a94f1970b7ccbdd63277bcc48525a03db361441d887359a3e20dd48', '0x42e35e0fc2ded3553b6876d78256a1118afd97ee17e9ad1a263dd197a8d42f6a', '0x8298efc56c7bd4be1f8564566d3d870db471525a46bdfe09e7323b940e57982a', '0x614a262d687a234681f5a61af27e0c8094f0ec638c806e08a54e149c62332d1a', '0x75d9a80e79018850e50c1fd2a651604990b423b4a906e2dcce0971e575429ad8', '0x910310b068998d9dfcc4ead655f29664188d47efa8d25b460c220c7f914a11d4', '0xae3d47f6c4d62a9af387fe664e87e550cb61afe1419b99362f45956ddccc7256'], 'transactionsRoot': '0xb3a9524973df3558140559edfd10f9306e003972b171953a8664af8448978465', 'uncles': []}} (async_rpc.py:86)
2022-11-28 18:11:34 [   DEBUG] Making request HTTP. URI: https://responsive-convincing-aura.bsc.discover.quiknode.pro/3e7f242edcfec9ca1a36ef544cee66362af95baa, Method: eth_getBlockByNumber (async_rpc.py:78)
2022-11-28 18:11:34 [   DEBUG] Getting response HTTP. URI: https://responsive-convincing-aura.bsc.discover.quiknode.pro/3e7f242edcfec9ca1a36ef544cee66362af95baa, Method: eth_getBlockByNumber, Response: {'jsonrpc': '2.0', 'id': 97, 'result': {'difficulty': '0x2', 'extraData': '0xd983010111846765746889676f312e31372e3133856c696e7578000040fc9c67992b92231df001e913389a9a6f7bdb54ba1b0b8e0fff6f2bc3396a72527e537337887bea197f795bca486aa4377b8fec0676db9b6acdc8758a844cc0f173f44d00', 'gasLimit': '0x72e1128', 'gasUsed': '0x9dd8c4', 'hash': '0x9d0145226ec8bdef5f34afb543f269fb67c13d3be195da31fd3e70615cc76729', 'logsBloom': '0x0c7a360ae3efd112c51f24a281c00114ae1042630c12cfbf743cc12c6012691252b37b84ccf9f0051a5c7664103fa0b02803d0818562a382a15ce3e25aa430d9a5496ca809d1012389724e5f853a8d29edda006f77edbfdc6b1db491e254a20432c002ef9fb62819317b6cd0453508e31c4490c59adeb6e45702e0153701a5931f87dd4e3000140c82cc865220623abb8a3425d5312896894b1870f50ce9fdf68699104b5ed697c2258051cccbe448ee4e74d28010045d2a226808480d783862b108847294cd983a029881f354971781f4e3f302116b3e51b611862fac14e4ea80326d69107442d90146b69414c1280e51d59670c1c144428a687b09674a9083', 'miner': '0xce2fd7544e0b2cc94692d4a704debef7bcb61328', 'mixHash': '0x0000000000000000000000000000000000000000000000000000000000000000', 'nonce': '0x0000000000000000', 'number': '0x1655cc1', 'parentHash': '0x850ee43f58ac8ed494dd1ea977ee2e1f07976497decbc2d98acf47af8df065f3', 'receiptsRoot': '0x7e1c543f91d8b4728c84642ca6d86d25e61a646ffb022d07d0660614c481cc09', 'sha3Uncles': '0x1dcc4de8dec75d7aab85b567b6ccd41ad312451b948a7413f0a142fd40d49347', 'size': '0x6ed0', 'stateRoot': '0xfd94a9466f73937809d2b8fc4390eb63556d4893c9bda88b785f0004b28225c1', 'timestamp': '0x63837f10', 'totalDifficulty': '0x2c672b8', 'transactions': ['0xb5b543c8a574702121cebd7cd0a67d80908078b762901d28f246a2085ff28b01', '0xe43461e80755f5c507da665716c22421692dc8b68cfa413cf4fbcdd83c0898c8', '0x64d30d8738b0cf87a248fefbc60751a7630d816f0f3010f98dea74897650826f', '0xf3fecf0baf1a19fc1f7d3717c3076fc6d73da9f4e49b7b184a30a34465e997d9', '0x63fab3bb790f13c0bc1ee941ded2ba5b739a88ee056190ef0aa00399a79d7796', '0x931b1b171e3add6e9305569604dbb0755c2326da46aa01e9561b94c63388d056', '0x7f174c7ed5e1b4ebb459eeb4125d7e6b66cc5f5ce5ac0c7d7c7806d0b6b06077', '0xe5a74fe842adacc8ae4c98d216e9c2093b4224107acbe5ff37cb927e7a502653', '0x4b4cbd8fd2ed679b882ce53424df07f54792f6eaca4700c5227969d002c8b745', '0xd1eeaef0b132932c3b91a2ec84ce0b354fe3aca5a9e8400671960e7e955ec5b6', '0x6e30c751c2cd62ddd790b151be1c3a26672f6a2a28a47ab8bab4bfabf7f6cbb0', '0x9eb03ab434574005f44c8d5cb0c612162d878d16c181d4078b4b2b16e41776a3', '0xc3713bf64413d846f3371b2b75760909488689543bee3749255ad0bb3ddb3a3c', '0x93f5ea1474a2b4b1378afc27354ad5abaa9c6410df9d36044459f42fb0a0f6a6', '0x3467da4d5ffd2828e862312502423733e6e87e184a785e5e918d8cfd01136cf0', '0x79e9efb489f4232ea9f005a008cda0273308880e7e0ae769d04d8cb7685ae93f', '0x061b030c5dd68716997cb0e0d82b54c68ee199cc6be9288ba7bab4efacfd70d8', '0x7339352ba34c5b85482024171441683a8fd6940d439483309169c45cfb35d924', '0x32a8a0e601690ebbab5b9532725b368884873bf9cf07476840682abbb8f3bc6e', '0xb7d1131c139109e2cbbd778a75e826bb415459e4216eefe21f5ecfedd0393e3b', '0x127e94a4c3ba6af1ce6e7023d6ced0a5a4af4aa6acfb2c4ff1774dba2283e0c3', '0x9e5245c55e8e11265fba139d50f0cac3fc1aea29b9181f61514a30e327d2dcf4', '0x5aba142376b0cf58fc3e99e708dd1478e466e6792d8b0293464796e1fdfd97e7', '0xbd849a9aaa187671951cc4865f87bfe8a7cf23c381c62a994e854641f0de07bc', '0x2f65cb02ec1fca82c8e1d4fe25fa7ac2cfa905ab4a0b41102c22bdf9d3bb568e', '0x4f049e1a40cafcf32616f4c941f0bb6474f993d8e4ee26f07fb21a24fd88cb00', '0x59f6cfec94ed8e4267b771c3123a52452479d5f1beb4a011c73b16b127e2e7c1', '0xe1410674f7340269c57a3d35e6a1dc5a0ca1592ee98e26afa06f8daa3077c47f', '0x876155aed5c129f95e92d801350925ee69651efe453f5f7510f38ed3dcf1516e', '0xffe3765f313d59ac02b0d3f67612cd417e9ff0ea68c92b56422d48e3a86de603', '0x66b97721e13ca515efcadb1c9c4c78ce05421c62c733fce5056b44834337d8d1', '0xf2d795e70bff38cb1e2997ebac8bc7b8ad600a536186e2da9d8478ab502c9e5e', '0xe717fc5c75b813e601f808fa5a86301c2dbd1bc3221bc56937f2bc5f030ea24a', '0xee25cb6ffc4765850945610d54ce3daea78eba9b0480ce371c6f402d811eff37', '0x6c6d200707d5e29516f276bd3a939771fbec2bb52a5cac78a79e660a1d929b9c', '0x99343722d3df5a9162f2918a09b69a9948775c622a4aca352215a3879fe05271', '0x8f45421c899120dda5e795a40a3f1c0b09f40be75f59f0308cd9c273947e86ba', '0xd842e55904eaf229e2e562ea48469b6469758b10a907c3c595d051f6c6112fda', '0x15f7c1e15473434878189da8c60c4132d52b6eb2d4d62cc048b121b33eb4f048', '0x58538a974d7939f37c56e0812981efc3464fd4ec7c6f1dc054e68df69e31834b', '0x189a87bd4cfc59f97c0155c7c43d954ef2d84f73748564ec05285af7fa4705d1', '0x28521ef08c78ac999f97c635297aeae48427aaccfdee41608edd4c74bdbece7e', '0xa0102f3351c402b059199bb0bdaa1f9d5a33c6c896bde6ace12e3ffe547778fa', '0x3e2b2c50e80fb51b6f4d111f9ca2890c7951214570955d7d27f345d98c52f067', '0x27fb260b3e69b929c28411a97ea4bbf73cee9d20372e924e8a4fcc5466c314ed', '0x52842171012192964751b5ba13668273cb201e93ea684af906a7307a6005aade', '0x6228cd9c5aad08c9822e10f01766c9c7fe7f6411a3fa567125a1d032fb170d45', '0x0ec36d8eaf4042116c2c94fe452a9e104925803809c8b1a53d1b6969cb126b70', '0xee59cad24c1cc858775993087458dc898122b0af65412ea836315bc692b41a99', '0x58c971260238bd22d4a2127a85a2588146dae3f88645b0790acd499edb821063', '0xead0bdca53f72ee58a42299df439c5c46e230b8d2757ce805e56c54e301ff467', '0x8e1f8c4680bfa1390300febf764f1800019d06865a6ad8dd0f8308a2b68c3f19', '0x59b7c40eb77bf47a65415a65076981f7c2eedd7a5a23309a3f88c12f41923554', '0xdc5231ba2f590085b4697d7395aca7a6b1fea038237f538f4cb2ff89f80366d5', '0x600467ad5c734796d655b038f8746e72bf421504412c0a28d1fb71fc7600c0d9', '0x8bff4c851703865828f4558cb162d39601baf11e1bd8343f74615a77cceafd91', '0xe7f28057fe9f6eb449442d7c447434541c6f05b195f6f54bde1d49c702abbfaa', '0x6f8bfb2b8675179c661afabce4294bda58c49d9addc6d5bd6b5f38241e218d89', '0x8075786e95f40dff62914e0da7fdc5e2a24c631845e6f14b1ac1f67cb0f1c018', '0xcdb0fb670bf9cdb5961f60d704d633916f427828a755891af76d766601301302', '0x2aa9b6bf4645958a3b467066b6c63515c0e0cce1081ffde296f928687ce35cf1', '0xd048b0c2fdaf5dd8bbf7c65a5e3a386fa1a2f8bd58b11d7fa8f79458819549cd', '0x960c9dc693f5b947d48d905c8208c3214c141da46316d50748832b02e69c00d9', '0x0972cbc455de6092f724a875f5e15821890e3f4efdcd864b6c92751f3ace0f14', '0x8ade3c9a44f26645df510aa0e395280e28ecc6ca06e24a374474080c28b94dc9', '0xb750f8ccdb487d8acc13fdae7295a216f4628a13976569e5238f330008080dfe', '0x5f709467e7443422d694dae5e132ad82a86832626018458a9b63f1c7cc256ed1', '0xebd341e7987797db171ed76aa675ed223055cef7f9dce85e61c5c94d4df5d2ba', '0xf15a4c79b7824ced7e2dd60fb51ddb77c19e9cf7d534322e29dc16470e7cd89d', '0xdb2575a431f7cfcc8e87075361dce36c2394e786349e8612a317a3a85f343659', '0xfaad7f2cae04d6e0f070b78fe0f1e6baba7fb59dea4b07b9f1a4a5459acfbe21', '0xf3852925f23a4d8076c35190a02ed5b4b48a2f9c32c0d67eb2db5a9dc0d75727', '0xe9e1a683043a984c521a8130724d0381eb23fb4814a001e639d334976054b75b', '0xc46302ed0e082866b073c661dde3474f4e22878f8a1e8f3abf6f7407c10b3f25', '0xc22f07564974e5e0b7400bd4b974f59e64408377aa8fc9cf8aaf4af66908df79', '0x535f5b935b7e51bf70a559ecb6e4a32edc4dacdc3214d7767d683580a28b49c7', '0xc9bbcfa7e03685989e54904cb748f09d730ee83b2f444eb9f41d08a295bb900b', '0x83babe83c7a16882f4c0535f0262ac14495cbb6afc64a210526a8527caf118af', '0x412ee965f6645f3d61f844e10ec43aea1b9fb104b8c786a74abdebe4f5035d32', '0x2c97ed7bf2fbd2dde70649dc56dfa3fd0a260f28a55bd1715a455462ba3c503d', '0x991469887be793eb98dc7338cd477930bead3fc02922325f73d1b7998beaf7f0', '0xd1e9b805683bcc400b95d89e8766301294a52be0910ae20632fd3a0767eb660c', '0x4552da8926660c140c4cf2c05c127ad5e7d9af431276874b37b5b09cdb5778f4', '0x8e91a2050e562088cb71cbd558f7a8b4f0946d8a00887723dfc081608f62d381', '0x96bb3c5a26d95f447b46ef39f0e7fb6b23e056ec631e8d07ba4659c3748f4be0', '0x4b517910fe42c2c25120f6fff51d11753c097e60298bbf887cea29d940a48b7e', '0xf989615606bac3a4c6295cf13c6d7491090b28a28fdd2b6cfd9873ef499a366f', '0xd01583262826fb008fa86a23eec6c4d9a927795fd480d7eb9943dabf43012c0f', '0x5865928d551da659abcaba65ce8c0ae9af2c036a1bdd9dea4046a67ddf37e96e', '0x8e15bf7ba555e95e71ce5b173f6f120271e90b386d57f6f72358c4d188796d2c', '0xf2d23d0299755bd2ee1c7595297d6ddb5c3184e9a615a8ec46994f4f299e53cc', '0x2109f8bf87bfbded57bea1fa973c6f8aacccc2a63dc126d9e354f8ae628db21b', '0x1e620258fe053598db088ee982aa5fb5c9834b461f6c94ce09e7127c5cb9e17c', '0xbc73f98fcde0759798a359fba6509503ecc3c40485c10e32d0b415bc5dfcba87', '0x657afb430f82dfbc184f7ed610bb4cd6903e741069fbae882dc1bc6535cd2ee3', '0xfae620a2755578942c41334c116398261ec634df99fb7f3c3fea9dc629a95b3d', '0x71f66f00de2c33c08fb5a479304fe1450dfb87e90bf46085d08c761dc9df7d24', '0x5d46b1836229bcb0386ee040070c29d203db43146d1acbe6b28d6bcf5692c530', '0x2b85ff4cc25dd2ee110c269aec70c7d156a83222c3be6fac0358f39c33b2d9c7', '0x192928ca3074550b037aaa7585b7272e58acff04d13eef4f72dfd83bb6f42f9e', '0x3f42f2eccc332c27bfeaeabea05c01a5cdc842e6f40066f68971e878bfb0b5ef', '0x479cc2e9ff7add58dfcb4ca84662633beb8f49c21ee1560b2c996dbc558d87df', '0x5af35a8ef2d7bb75517dca0e81afda9e0e2e55839685c32c9cc2205845ae289c', '0xec06f46eb34b695a108133cef78971957bf586e477ee432b4f983caf2a1a452c', '0xf80f11aa0b5f280ddb03fa86ef7d73e507b5c9b48933193573be63fcd2734f4f', '0xd2f8fb718db85663b9c6dcc6e6a4c0663b68952abb4c512497dee01e4f189aa7', '0x002a186c7771cf20e6d4634f91844507e2d479ba6cd5cf8a736846935b9a9a51', '0xb05acd8465834e00b48955df7c8dbe2c5ae90c9775e7cef380bc9b82c33ed011', '0xd00cb86e8aa3a7288fbe754fa1dfa753a2a972f76084c240e8a5cdeff7d49696', '0x8cdbe881d5379fcc8741c2ec625b539553d336723435b0e775db9072d300a277', '0xfc4b293383191ee6fc8ac49405569ead352874fe57696f7650e0c5ebc39aea2c', '0xe8c461e4f21d065cff6cc1d0f218e318c443626881957d8ac07dfbc9be15434c', '0x4df0e95cf57f62e9ffc87b6a0707fddac1dd77100d3e29f3811d87603dcc14bf', '0xe276f38d43f328b46ca55f61c87a7ebb18265b0470146a866814d2a0ca4445df', '0x4774e55c109c564bd71b93e1a3d43e0099cb3d88629b77d4ac4c6603293c5d2b'], 'transactionsRoot': '0xc4518cd769b5c96dab42598710f62ec40dd8b67c09a57df4e880c9dd82c2382f', 'uncles': []}} (async_rpc.py:86)
2022-11-28 18:11:34 [   DEBUG] Getting response HTTP. URI: https://responsive-convincing-aura.bsc.discover.quiknode.pro/3e7f242edcfec9ca1a36ef544cee66362af95baa, Method: eth_getBlockByNumber, Response: {'jsonrpc': '2.0', 'id': 95, 'result': {'difficulty': '0x2', 'extraData': '0xd983010111846765746889676f312e31362e3130856c696e7578000040fc9c67de133956a2011c527e00fe0752743948b7e2082075bebeff9fd502669882414f5868e5669aaf3881a1e9e58845f88e65b172fb87a225130e9c6d6c86f2b23fb801', 'gasLimit': '0x71fca76', 'gasUsed': '0x161174', 'hash': '0xbced272e56f27bec353f5e42c1229aa34f2f8afdc25adaf416685a59a0401a5d', 'logsBloom': '0x00200304000010108008020080000024020080000120002000100402000000001601004400400100020000042000000040000080280200004000000000300010008000000200200041210088040011206010204028040000620100000800000000020424200a2000000400000000201208000000008420000010a010005104041200000044010000008804083140000408600442010000a90004004200000020020110292008008020140400038e00000200600200011100040020001042800861020402000100022000000000101050200002020010001090000002000404200010100200800012050010000010002040000000820400000012004004000000', 'miner': '0xaacf6a8119f7e11623b5a43da638e91f669a130f', 'mixHash': '0x0000000000000000000000000000000000000000000000000000000000000000', 'nonce': '0x0000000000000000', 'number': '0x1655cbf', 'parentHash': '0x4d70a0c26f3321b3fc91fb3c8ecf33ef3594438f0989fe3a8b7853f2f44fee3d', 'receiptsRoot': '0x255fb51400a2d42f523ff4526844c055efbaebf7d54547b25a17e0ff61114e29', 'sha3Uncles': '0x1dcc4de8dec75d7aab85b567b6ccd41ad312451b948a7413f0a142fd40d49347', 'size': '0x1082', 'stateRoot': '0x2dcf0f205d54a2b15a0a8536dd6b76445381eac3002c5932e546bbe64f6bfc19', 'timestamp': '0x63837f0a', 'totalDifficulty': '0x2c672b4', 'transactions': ['0x88b72884426d76aaacea251000246840fe3a85b0a5fd2f6ae4f7e745552b0981', '0x7f5815e5afc034be580a369c25d6339cbeea8b546e8530dac8c8640ba27d4bc1', '0xd5cdf2bb89416cdc5bcd89a6054bd3612504b46cf2d1bf6f01f12c99b409c38d', '0xdf561ad03c04d1fc5d203f962d45da905a1bd4eb835b8e3d7b9797d93d41dae5', '0xb7531fcfe97bc71f5c93bcbad117dfe55a4ca4e69d3c07998bc87ec73e356f5d', '0xcebd1e75cb3bb5723898b8fa82290c06a88c0aa71bc7ea510bf548ae9a1f8588', '0xe22088a39eaaa558f1e0ecb34efa605f04847f07a1984d3f78c8dc61afbf1a92', '0x61bbe4bd7e1492d0ab0330d2ec9723b311d1e5f24f34eb695ed9398cbe74bb46', '0x60100cbc7a594d0b77a7a10f77b0a7d64f34844791476c8b0703d629ebd4cbe3', '0x1cecf7eb9f5effc3864570ad19f69443e923db9dba78e85d586d2bea0d0a4306', '0xdddaebafa4ac41f5fca70dbd35ee47ef1eecf349ce90239f8fe5f36f18aa595b', '0x7d6fa3dd6c6ab9662802d4c62ccdd57033a3624c75db633beef3883e3bc1f0d3', '0xc1edcc0afc0dcc79525759876dceeaf699936b6e57724b555f33cee1072d6690', '0x93ae7d8433c26fc41d71eb2a56f62cd22bf0cd62e34c833c93efd1536bd160a4', '0x4a4d681a913925a2dd4260bfccd65ee0b4b784b012e7c6ed041fdca0ee377a82', '0x3b8e76effb1ad28bb7da1b99ae78493751e2a98db2a4ac380222ca00dbc4376e', '0x4fb1b02362009e5d92fc323ede9198d4309dcccb0497c191c554281f3f037ee9', '0xfe188a4b75ffd86e7b4595f193b4cc970f007afcbcdbc982fff4bba7726afb97', '0x9a06dbc6a74f3d66854b538381663a7eaccc19d048d1b3ba9f17807320da7205', '0x8fd47849d9a30bde99d69a4337441179c78eb2c387911e78499c000b255130b7', '0x5914833bdd8a52f5e5338ace9cd1d57082cccd52f2c9ff5d36519f85c423b773', '0xc6be069c52df0c49d845036137b8adccbee29af335f3a976bd7b2b2d31ddd3dd', '0x101717237be90fd324b93f6b30d136d29da2dc83c864e03e100a0818e3233b31'], 'transactionsRoot': '0x0263725268d2ed3ec1b050d15cd44cc01b8c444b2fb29fa998d05c9dabdf8995', 'uncles': []}} (async_rpc.py:86)
2022-11-28 18:11:34 [   DEBUG] Getting response HTTP. URI: https://responsive-convincing-aura.bsc.discover.quiknode.pro/3e7f242edcfec9ca1a36ef544cee66362af95baa, Method: eth_getBlockByNumber, Response: {'jsonrpc': '2.0', 'id': 86, 'result': {'difficulty': '0x2', 'extraData': '0xd683010111846765746886676f312e3139856c696e7578000000000040fc9c67e2a158c43faa30479ed801842a1a612ba96cfd72b33ffa6b0cc71281e8afb36519a5ea2809006ffa50023785c2813c5f45f53d25e52777be4586491375bf09db01', 'gasLimit': '0x7270e00', 'gasUsed': '0x14d6073', 'hash': '0x075651702cf1df738e334d8b0697739679429d20909e4633daecd91fd4853442', 'logsBloom': '0xdfb32792df173ffe4f8ff7fdc4d7effdf2b0b8dd5b1a7eba647bad6b6be1bdd6abc5bdd7eef7fadf4bbd7b77afdddfed9fc3f573def3523c77fe54d77f3f7adbded3cae0dfbb67f1e3fbebcfff7fcdabafff987ff7792f6bfbbcf5fdf2db8fed5b3bbde72f9f5b7bdc9d363eebd3fee9bcf3dfebf7ff35a675a3621d9f1e7d6f78ff8b2eef1f3974feddfed7c63f1ffef6ffbf9f797ff6be67fd1c713fe3fb7fde7ffb639f3bf173edf5f7f1dfffdfedf7767f6f7bb39fe44673e76bfb7ef5de2dfbdfdb708fbfff2eeb9cb7c8d6b772b5deefcaa3dffa73edb3c19f6c97fa75fff7f7de5f7f65efbddbbed7b1a7a44667feff6adbe7dffbaefb6dcf83bfeb7b', 'miner': '0x3f349bbafec1551819b8be1efea2fc46ca749aa1', 'mixHash': '0x0000000000000000000000000000000000000000000000000000000000000000', 'nonce': '0x0000000000000000', 'number': '0x1655cb6', 'parentHash': '0x75c0d45739e462784fef943d030ce292f6fb2e2a0c333d2b7bb3d8a92d255c0e', 'receiptsRoot': '0x59a09ea576989500a1964030771e84dcfb6da3585a2cb7adb8e112056b9f8950', 'sha3Uncles': '0x1dcc4de8dec75d7aab85b567b6ccd41ad312451b948a7413f0a142fd40d49347', 'size': '0xecfd', 'stateRoot': '0x7d37bdaa6bb6ff60f271182bddf016837e2853c066f460415f36b87806f7eb65', 'timestamp': '0x63837eef', 'totalDifficulty': '0x2c672a2', 'transactions': ['0x460fd26b8f140c4caba681fa855138ee57903452d6afa3c675c9b79d097d2e54', '0xc4c1c85aabf9b4b64965aff7672c3cb26ba1e6f91cb1ccd9400dda2874a84146', '0x5dc63a1921b65b47672458ae046775a605ae4f74b5bf1c48cf6fda797d6bcb01', '0x22e22f29d83934d23083377a91f4af2403ec95ad1412884c5db044cdc452fe30', '0x0f257baa295eaf09375e88f6701eac0795de6468aba91b977dfe8e09071a2e50', '0x07f8d8b6451b310a2742b4107074ce88454f42adcef3f1b93ce29945efc9cb8d', '0xc1aa02ff9f3610bd07d0901aa2f3480a96766fe9365136f187cb1a6d900f1635', '0x372d9ad512868283c80fb467f338c2f555f7a68691cd01609c6bc63a84820d1f', '0x21434052a87762c3b15abf56e927a262aa82ffd49f21ce1bc54aebfd713a4a75', '0x6d1855c22f6ebb3dcbffaa17d43046b6e5247f9a2c27c7ca329505bc2a268a71', '0x598588edda40df4332e440dd6ff0e82ad32e73f3d6d4ba9d8a018bbabc472d5e', '0x9ea96a9533e7f62a72ec69959c333a5e6d4bafccc62c80ec4c2d0a7f00fe962b', '0xd6248a0b7679813e1b585aa4d16f05fa1ad276b9d70dffeb2b3b8711976d92a2', '0xd343112b2b4e16de67dd906c69a67b9898be14a315918db61e00a9e4c2481560', '0xf4d072eb5c4440423d1f6ce2ddcb4b2ade6619529cc636cbaeeab90640cb67d4', '0x42e418c3534c5618ef82c1c1e2b31eed5319e17b2e155cf1e329d2190cce47df', '0x5ab10e2c05adaf070a3094ab34a4ba2f8e8313e94bf33045a775c729abc47eec', '0x234c7637066544f51595d1fec759abb505f20ef6c71527fd5a127ff13bec2b4e', '0x3e5d5a16cf2501c76ff7e3b27764128ed06a187733e0da7bd77452eb3bf762cd', '0xf116ccf42e1a6a26d7e41523e15c41ef23d737295440b8c0449874c0717b31da', '0x9e73032858f0164b3a82eedd4572cd637f59edcb8bcf7d529172a95175c44827', '0xf11d7f1e613aec9039c923139e6e54d783a440892f5c4e5cd8469acc71661f36', '0x36fdbde6aa5ed8158e1d0f430f32eac46722e7085a55af86b1636124abc3f832', '0x89a2b2c969e715bfe2eb5f3b3cf0869b525b35f7905d0910d23cbcd1c5b48442', '0xe441f2638175ccbe16e96e185fda2ee500c43f3b4ea5bad073685db97ec42aec', '0x8b306437319b501aba75660dbfa0418b926f513e7a82dc833e76401ca2833643', '0xe18ce3541d1978a0688553bb2be9819d410adff009e70d0ad78ed405d0f5cc0b', '0xd411a7234927f2740e4e44c59ef409e7c905347585bbca69f75d36ddc11d2094', '0x139293899a1f1ebb4b278f56023d8e594fc1d909d1718aa4c50eff2ba2d1b6f5', '0xa11d8d99e1de755a3cd9830e277d06d5a4799e2b9a5abce1da046521ef34a9f1', '0x4a56bf4bd2c1a27508cf82ab1bef542a5a906f24624a05d17a44221e088d3710', '0xe419565e904e239cf38d4a4fd251bbaeee0bb024b5da9c62d35863994124c1fa', '0x71dd80b1c113bdbebe597bb5681cbb1f29f8d796e857fbd72814da3848f7f2c7', '0xa1ae1fd940418960dd1f94132bdb16a6cb3d8a6e78434f54c4a2a3b3e09f6c2c', '0x543823b6f029882eb773a88a18948ccdae5725e87568f992446c419d835033ba', '0x85682f085a107eb887243a7518989ce8a330ffd7d1e832c9f579d1a40ad0cace', '0x10e050b5dc06cf3ebff14906452b73c519d34e1a957edf5294a9f40fc374b8d5', '0x7b3ff16f21dd1a5f96e1440d10f2190658828c86f7f6fbff2088174e2e7694bf', '0x162fd85b6dc9c4e8ec7818f4559b27615f41a15eb6aacbb46e7c6e6fcf536d18', '0xe91ae6f9fe87886e0c6ba6d8aeb05b778c8df91780b366a5c191038b10e4ebd0', '0xec13c5b2a3b05acf3b2a7509f1367b2f0a9e2a7a967b9cfa4e5238e4e401800a', '0xa6cda0f17ac130f70f1203c9be30a4dca55708a90a3fffac452a31d86c4beb62', '0x3637943ee964dffbf2be6b77d16ce0dbf4329eae46d25b00c6af4dd9f8ff7725', '0xa121e5c67dc1797562ec3e6ce909b561ce8c95718dfd67a04a1caf9fd3398486', '0x52cc33707f70af388a522c73c050c4bfcae15e04729fe61e1f7af952cd3443cd', '0xd296eeff9c38ca17147513064edc070975ddb809aab7fd4b85cb1e768e4e6dde', '0xf071aadf884bb2ab59d1e77d80790875cc1922ff03c383dcbd9cf7ef4721cf52', '0xbeb2c0edd720a5e8505d4a255cebd5af38b2e2f60d28e0a98b8ae51f840aa332', '0x2c2a017e22582ae35e29e0ba3185ea3fdc7b9f0a76d7265cefd745275df69623', '0xf4d12b08e6b572eba5468a27a0f8cf1e7b25a8b5e5ef136580556f329239f0f2', '0x0b2124b00c8f822e7402d4c94a670cb5c338ca466e862277be2214d222c71243', '0x26ba388c93aeacfe9eb25b859ec6bd8222401bd677d4814d79c36db3813bad76', '0x0eb3f1918b511f6f624991b9e572066acde49209e9b617e3f2043aa01002626a', '0xc462c18ec212e186b0297b6dbcc674904f7b8366ab4c91ce302bda8bfd8bd68e', '0xd5666974a0cd290c10c54443532ef6564181dc21a8048d308f1abc11f232772a', '0x6f76c1c81cc87f7557da2e69a602ed6f2eb826e792d932e80e7cfda0ba198a1c', '0x0c574be23c6b12ea8c206a7c3b6bf37fcedf0bf18fd86ff771a9e4e48b82192a', '0x627202dc8058cd45af901ae71d41052209f83de769e777dead1074a8731620b9', '0x8d3aa35dcbc9521447bfe731526ac5d13caedc25c8749d94a133eba683d3ac10', '0x8b3036a5d5dbdd4c1553c62eda17508240eedd7682ce80bcda73dae620fd62ad', '0xca83f1e8099d2a5b5b6bf7e250b51b89766205b793e28ac6f424cfe636278f68', '0xfb7c4b859513890fbf905e7074cf51f936f854877034f87bbcf1c1001ce8e45a', '0x4d74464a386bbd51a03661c63b3af01a659cadc98ed391d7bacb7bf332876b0f', '0xc2af03e7781528cd2588d27b12a3122ff14e00c1d9969e90310ed7bdbd58fd06', '0xa8cf0ea4fa84d0f2d789ab960b5a5045b2accea506333ae38ae59cb5329f1cc0', '0x6e14e277aea23ebbdc87eda35e484b8fea94ece244db618b28e0bbf2a55df1a3', '0xe6219ad62f131fc13142b18902ce6cfcde69d43682f70b9417cbd0a965517c60', '0x4fd13dc899021a31b91fb197e2e2d3f6c318e641627c1b2e34a26a24379767a9', '0xec592c6329830493fb430282854238b347fb625365a3e929508ef01430611f47', '0xed11f4294f68029b39c2754cf5aacb3ffc348e506db2bc74afba1bdf211423e3', '0x1e66f65abe44d0f400a9158a41025bcadbd3179a56b939b902297d211acdee95', '0x997a4b47593831aaab6ed8fa1bfab5dab26709f276aa395952d30655719ff652', '0xe7873f2e8b491743462a2f33609b40c4f5927313044ebe7114c873a5ad3a66b5', '0x32ed8117c86a3f98059410bdd2e3a2560c8b6e1318a89d6919ed3c36655c91cf', '0x97ea2bad0f0ae11834984466553c7fa45a9053d06daf5b50eb49dce42b17bf25', '0x910cb28b3431d4415612aae75175bcf0e1f85053ffe453b493db42629998efd4', '0xa02941d4b47de6f94861e81a58943b6be07518cd780e62019ce9a70c25c568c2', '0xe5d63d65aeba5dd64e04de47d61df1846bf8df24dd52df9ea3da38efacce200c', '0xa1264c21f45b29f53d0b83a8a3fb101c195f42d6c642245fdcd96be37c78fdae', '0x0fce63c05fe7fca7e791deb425acb296bd9d2ee9142c44db12ec30c090b525ed', '0xe73a01ebfe665c6bac1dc2f412c99dbd798412fbe96386e51b19096de4c3a5ff', '0x6194ccdce983114c85c37ad3cf597fa4dbf23820b7e1beaf03e20308106f2ab9', '0x539693269d5438f49c5ac78449c3a1b3a4feb0123e6e15ebccc12807a669518a', '0x1b3d4eeac82f91a3f5f24f8c76aefc3b00eaae1e6529c4fabee32cdf1a403bf5', '0xbed38ee2598944a032bc4b6045eb3fa69050469ce0ac9e40cc3a1d3d9695e643', '0x1628b938d33d96f8bbf6484e3125fa036fe5deeaa6c031f023097ff7b703072b', '0xd68df2152e06475c13cd73001338cdf16f2f8cb7e8c6f5bdc9ee06d2840a5d6a', '0xc2b209fb1f2fc7867736e24b54bf999cde385c6cef7cf24a7265baf4ede0488e', '0x4dd50aa5396c0f9aa9c40637ae3f0019b8ca2c76677a2681cb76bdd5c43aa2a9', '0x4f375327b9ea4bdd9937706d87bb5a8f3ff32c718ad745231a6a0f44ed8f1a9e', '0x4968086ddbc247d9c612fe04dec3d8f10cc65acb5bd2d5ad73a8a3a8a5bbe9a8', '0x9d21d278eadf0cc608dacf3098942d251236548e9c4183f8a207447f927b6df4', '0x10182f67f12e7a3e44ed932a2fc30e338bed403ff86171f7018c20d972af0eef', '0xf151ac0c9b56c89ecb40501530a20dc6e3926229474f9e6067e094c4fa4a6d2d', '0x521cf4b0d45abbf919acc4a617ef7ce759f8a7ec5deb3d31b9d3db43189627b4', '0x9dd883cf6af1c8ef3c1bfb79fa18515a2a62578f1bd988182fc1ad60362968ba', '0x77edfe837a540175bbb42607d60f495ee6d17707720423b80c2fc0d384a89631', '0x7e4a976ead2a8a1a62716b48dd15d27ad58e22e677c1be3d394b32bc4f503e7f', '0xd7543250931e024bb587f150127abc6cc7ffe40d6e3a93e850cad1b4ef3098f7', '0xad08e93a8e59d38f700af6b0e97555de05436c9143c6c79bc72a642523fbe8ea', '0x2af48c074c4c442a0d4f688ad6d15f5868309136cf61c10d740b4744320ee447', '0xa9fb35b306997d3483469ba8be27b74ebd90af533abdc69cfd59b9c0110014bf', '0x57e6fe4f46c2529350c61480cdc3ffd0aa71744749e4607c0ab54eca9aaf98ae', '0xf785a3943e68652ea928dddb462d341dfd7936817a56bb38dd52959cd6c99ddf', '0x4e1a64c1e208f260d505a7fa867a366ccde8f23111e555f2b8a3118c725017f4', '0x3a7f9354e420c21fb0f0509898d131e4f0cd7619238ffc409634a980f0e4ff06', '0xfee91df87044b513d7fa536c26e8aea2908333b36221836b027bbb52898df938', '0x9819024b229cfb257cb2ecabbe404ac2fac7885e600e57a04d5efcd87d479ad3', '0x7c9507a34428be8d67810b6cf5670edf837f39221a51ee7a7d4f22ca283c21c0', '0x7e37e1d668322d24f71cc0cbff41e2cb23e6c43a50e61e2ad138e02b29eaa171', '0xa7e3a030d418de7f9fbc2b96317d7f50b95201bc17039ce3e9934d6045db9c4b', '0xe67ed43dad97b2912c87beed13b13243982709c1ae188b19e4c1c0a7566a7e96', '0x95e5b4455e568b86c437715832fc9174360a4089f753a1d0c097a5e5260591ac', '0x0e21efbee499d82a0c3fdb22cce66943edc8630e4dffc559ff8f838b23f1d71d', '0xb665430423db8c1649d8b705d69f5abe16baf543d44b2b1f8ba1a10a45bdfc02', '0x5b5dcf81a91fb6019a722554b5747ec78726c25ebfe4d6f49e6ead54118c7fab', '0x1414c6e8c2dd42f5421f9eb50bbd5cb54bd229762e638bf52cb027865837473e', '0xcc39f91caf5466fe7e82b6dc92c8778f4da498f3164df49a11920658d3473b06', '0xf413f10cdf97480af4ba618d924c1f74f283b7619bd351a198c89845f940f600', '0x47cbb4f967a54af014232a7d7f3fdc2cb1c183095e89de650bbdc2bd40f9964b', '0x50280803168949ff10bcc730374316bf4a80b6da18502f052a18018415229bc0', '0x5899f4011eff1af9c4667669357021707e84baa04f1b26e1328bdb2707ed5677', '0x9ef5416a70cb4de226ac664f506d6b6d338a7c786a8d8ca67b866fe1bb0b9c6d', '0xffb519c44b85b4dbe3f3bfbc3d19cf2c55deeb825736f0d917db8669035f84ad', '0x2d7b02b05452e25dad6b7137ab6e693bbeab40963fdf7f950a2142fe2bda3a30', '0x56bffd6a4e1d18e83d334a3134623f6f1b3316d645359b47c9940f9d5254ba8f', '0x18de1ddabb1c4072eb9f176cd062a1c64da6594cfaa0e36bb7a55c150abf6418', '0x5178c6a26ae07fe79327ecd2b535b2866c857ce9de91fc747a0ba0edae508b38', '0x28cb26380da6d957e3410fe9b8cf53d6e4b84581a02ab76f6dc8138c47d471db', '0x421178b6cac690ff8100c1e0c25ed985b5a262dfca0ffd73d002c4d535c7a5fe', '0xb7838a1a24ae7d526854718948c19432ef6092fbf3233b2399769a7665297757', '0xe624ffa82ebe3cd32b5f9150ab5fc6b9b6b876f23ab714f84643bb8335fd7fd4', '0x77c4dc72c1759e86d4ba09dbfa3e5050b25af2de7dd6ab7c8e4eadbe936db3dc', '0x05520756a458cefb664077fa1ac4eb5791d9617c6fbad7ae4fc18d34bba9529e', '0x9e74f3ac81fe261295187a092246dc4c67982c104229214b4f57016bb9b43241', '0x9534d85174c4c359ab12fc885786d9eeceb9a897091b9a6c81a246e0faf01d9b', '0x357497c49b9884de347b52b78af80e8f3b38ec7fbc4187dc5b3077cf9db5b880', '0xb160e5a2b00edf4d863425033baf7f7c13b5d4f519d6641a344ea14d69320c1a', '0xed286fb73abbcb21f9a1a3484ef25af3da72e0b4f7c5a0c11fa9d36017f4ac6a', '0x168ca688d023061f854c73268b628bec8ca60ad1728378ea6da92b6e23fa1468', '0x8708c4ea28340cd90492e6a7b4978326c1f50ff0c70470c401fc638c793fcc28', '0x823ffcb37b1e012d4d55c8d5b66cf3adb0d82ec30946ad11f393d27368a78502', '0x7869a6756720d3eb6a991de6a2c612b246f1813dfbeabe4e1b7a41f806b13fc9', '0x32bd8a386847eac034d5585180ca37143c0792bfa6e0ed36a8bbd0fa6e28f0e7', '0x85577fdde84044ada827e7106a7423e4023f62159dff8c918e19995da7cdfb37', '0xd32a3a8f838f299e21a5b2c751f16e6b85ace0ee6a019cdee5048586163b44d7', '0x09431f3126d5c030cbaf24aaf6fb228f8f9b7797d7d2cfdacb87c0eed54f556f', '0x50356d5f92a62c765289ae72e94f50d61850f8801c0dbb820bd29068414038e2', '0x017c8ecdac5b288c3135606032b0adfca7b7a10bf8692a5aaf8e7bccda1d9d52', '0x885da265c9e8cdb2811288abd4c0e57d2c678df7e992af3bd86adbbe4656aa89', '0xdbf815beeaea36abe80a83c29e8dabcaf23a90fb6f02ec273edd5e6b884a8b1a', '0xcc7ebda1b3d698cc773b2a4ded0990fc7135542d1fd40606bed3472be92b395d', '0xa48dd5ea3d468da4ab0d0e927dc71aafafffe3de750e2d2a777704e202c07cea', '0xece5a24fe539aa1dd51e60c82e033c608adb32a8669a49aabda1672854133134', '0x619503f2993537a242154d011e690408c47789d2fbf37571c7836d2f9a3b4761', '0x74fe185d9d6b6d699c652377e1df4f77ce623fdf3eb479e4a0543e3b510b1537', '0xfaad2ef6523979573793feca46dfc772d8eeaeb6a74a8218d462d0fbc2ab5737', '0xf0cb1b877729c02931eb6a6a64f937dbf696d96db5a463269bc185d41ad99a99', '0xfffb7a9e8c46270429701a54579f6e19ffe0103570f5ca07ba3896bc82efb222', '0xa2d294633a500c67bd5540fc32339ea2c531d71a25ec6461ebf73fc0ad9c010f', '0xdff0d6022406beb84e23fa17906bcdf766229fcf9b1b7f6de2289412791f8afe', '0xb56e9aa65e62f6b98a461bebcd25a41df56c863b94d5e22449cfa5fc4ca0efcd', '0x840bc70f64d3f79afc5b265445c8e429731e68551d8e8615c28cda9bd4007664', '0xff4861073694348bb490cbd2314ebdbf89567698f94fdba70d80922abb2d4f19', '0x7175674d9c3c1252c7806d5c11b8ff546801d4d4c858d08d79bb8b8d4ea2ab2b', '0x2900fc83ad86991c075591f2941afa5ba388871695d1d0993b1584a0cf200962', '0x3cd658926103c7186c59ef570aff49435dc080b0b2109393c9a848e4ba063a0e', '0x72f1873aa0052259634f4d40b32df8c7b14314f1cb9eff035e337a68581519b9', '0x4bb858d11cb6884428a924683d9b3d9b8c97a32c38d0e6c5b5b642b8f03a15f0', '0x9c1202e110298c0f13030ffb62f1f12a8077c01dbf11436a33cbcd391fb3c3ca', '0xe2c6ae71bddc0481cf62fafdafd9f0c3db937cce1faa7d781550c1c34d354b61', '0xb7078da2c3831ac7077da116d7123a742aa03c874d4f4a8cffa58b928db78be5', '0xbc409e03347a7f211ecdcd30f74c3736669279d6ce56b85cdfe83d67b8c7e754', '0x240df88777280d034ade0e73518f3a950b1e551bc395cc0357133a487d626c20', '0x659f7a4289fe96f6d25e8e932c733821bcd83b8b825a2da60b4d9bc0640f71d4', '0xa56275086853168dd0a314b5e1eb46fe627f97838b0236714da2842e337ca2cc', '0xa029fcf7c17e62f1bce82054d90f036b1bb569ad1527fb571c274cdfbfab5a63', '0xabcc047c0e71b79da503e4bd5f3ad8a7533a72e3e1019852c3a8623c467b8773', '0xd3c26f39dfff880071c37f1c21e94897e890a005c8adac39d7811c9fbab9ef6d', '0x25c105ffb978db1873236a5ed27056b5a8150d6d2e844c3d1ab5f458fc6f3ece', '0xedee0807249ec0e04bc879f78c0da9a09bb6b72c2c3a6163fef7c6dd4ed7eb9d', '0x1a8ae338ba92d49e2ef99a7ba0c0ef4a9b4fc7958564833ffac3d04b968063f9', '0x72111e4013a74af5f12ffec8e1516a5322773e63439d319ae4d1f7643d690bd3', '0xfeac3102aecd56751ebbcaef36ce02dbbb46ff70f7380852c29f57191da9d1c5', '0xb3e60771e4d0f7eec3d8e0829c67d720cf461a991aa99c270018ae4efa9be75c', '0x1ad9473c975a9844aa83c365a9567175be7a74e005b92ce3db063b5fdd2f7011', '0xd3019844a21e168564a7513b5c8b7bd0e9af5aa8c2f228a2b9581aeaa174ebf5', '0xfcafaadd972db8f91baaa618320ea7352f0cdd6bb2d0fd2aca88026a0f880476', '0x207d4a99d69aa3867d3e9b4b6e00e09f9aa59f7beb55a5ce64029414799b1b34', '0x457557cf18747733a5bbe306c7bff1f5fb9ed6d11e0ec5c49b0f7f5e59f11494', '0xe0e34dfbc81ae5b7a985aab00579c9762a9438d6b04ff9a9879fe784459ad423', '0xfe7842a1424e3835d27349ce8790b5220f48d493cec4db89233e879a48bfb5d6', '0x0e81f2e691fa9e1744cef3b4070213ca084724026e195a91f659b7146ff998d8', '0x27d5f84bca54412396d99f75a0f53808fa5fb4abfc98a8b1bc0bea826bf600db', '0xf0aa3ec5b1b4176a3b6a7a5f639b6892acabc98d8137e2d1c0b762abbb90ba21', '0x428527987e00194228ea9b41a0b844dbb664d167bdd6f5ff7897c3f27eee4da3', '0xd3ad82b84c1ce70a912db5d2f042325900d354ce76ea193348cd7f56791c7ecd', '0x8bbb4895e14466aace05681d24b32ae7008c488a28416f291bc57116b4ad4810', '0xb150805f10884b6c67a8aaf1b8f0234c4e6f19a0424faab69be11bf5f156327e', '0x9e6d21809e8cdb397702683fabda5dd8de9dc9dcdd085d050b7a519fe5c9a53f', '0x1bcbb8c851b60d92260a325de3512a6e2779e8ff70bbac1725e2a6b3c5b9fbc5', '0xf3f915ba791b0eadd42a4d00a4b965d660f6da1f7e56d679b24454a4d69e959d', '0x6c974d45da7d9c202c11c8635fdf564c81db630d6145ba01d7de1bf42b70d19a', '0xf618894f310f519bdf58e4a662b196b2e458db065dea65fab68c0e23e0bfdf61', '0x1a84bd39f01d8264a81d84c1db8ae740fbff5624b85ed02af44bc3b50fa8eda0', '0xb893ebaccf4014c22c6440f64620134b31a29cee81e7d584cac853b8a6952c96', '0x13f5b67c55d00630572dbb383e12e6f350acdd03c09152ba1731bf477c2c41f1', '0x9352b0e271be7eb52983addb0375bcd81dcaf4b8187597d516f6e4b9318dd7ea', '0xc6ddfb0a3283d303b91dd3fdbec415258dc16754425e82724cdccbc4882b6791', '0xf6663d65099173db321e8b5221525514c52f364f94e51a5591bbe54c4038f556', '0xad5fdafeec2f3ae38cd8f3ac9f6630a0e6706edef22ffc2a71bde570a8180d1c', '0x47512dcf2cbf584de90feee47c8417901370eb0bae328d28aea6ae1f37675ef5', '0x03479fe83b1c003d36e88efdcb3c376055b2e3ccb67b86c92bb5c18dfab8d690', '0x9ef82453481a0c7a869cfe12a7fadaf6eaabb2cdbadc47790951b88e62e86cb1', '0x5794797d51445a5a8da262d01ba66f74b583233cc130a52fa50065f5b34b6744', '0xf1ddd0e44d99eca39099004595b62d454e8f05c015ceef133b3cb18fdd7bf74a', '0x342cf1403fdbdabfec450e1b7828cf693e3b90263cb5be7507594e2dee7f06f8', '0x86228e2498de020dc08194ed3fc4393e6d1c21e0c0e64a4b582aaef0ef872770', '0xf5f3cd3957616ee93017705d3b442936b2f611d9bb4c963a045ac955540b8dfc', '0xd12a7156d6966f256d555957eeb6247b6151d5766401a824107143b198eb0d95', '0xf2fcfbd7c4ed0130255f293665f916132d9d6352c1f069f1473ac14b47f3d0a2', '0x1ea6abbf4b4f22ee46f331182e179f83edeed86f973706c76d0fd23eec359179', '0xf0a60f28a5a819547f8c89a632a1322e70dbc6ca8ed979288d1cb0a641130d44', '0x18c0333542bf381fccdce731d956d37a80f602c90547aab28f0fb61528c9c9fd', '0x3d3f4f9d69dcdd47f1bc240eb94909ab2da3272105e2db96bd8fd7bdd7976278', '0x0229146a6cd121e8578b367c710ec95a051317dd2e76ff77e7cf07bd3404fa94', '0x0708d23859372c88bf68aba3bd2fda1ae96c652d2873bce3bbb7d7dbafeefa46', '0xde715c717d6effcd63ebc2afcbcd4ecc2879e92bd2ae9a4842c3a04a1d294be0', '0x8a50c8518c5e4011b33ae82e32928d85d7eaa532342d0035827f397d54ac262b', '0xfb38b568afafda4003be5cdb945da7d570963ff66221f4c5e09ddacc8c094f2b', '0x192195512af0afdd87b30abde5f04f70889e3742a9e6e03629f2e87deaf91545', '0xd4e201df498f64f831531b91617070623f49b7761adb8e4ce479a80218a1c8fe', '0x31eb9ad1fdf288df205c95cf81d73f368c760a993ac78be03a5d293e8f1dc2d2'], 'transactionsRoot': '0x1c822f0169c9e3d5d4c0acdec8d7f9f0f4c5a738c86c89d1a2c7d37a4345d2dd', 'uncles': []}} (async_rpc.py:86)
2022-11-28 18:11:34 [   DEBUG] Making request HTTP. URI: https://responsive-convincing-aura.bsc.discover.quiknode.pro/3e7f242edcfec9ca1a36ef544cee66362af95baa, Method: eth_getBlockByNumber (async_rpc.py:78)
2022-11-28 18:11:34 [   DEBUG] Making request HTTP. URI: https://responsive-convincing-aura.bsc.discover.quiknode.pro/3e7f242edcfec9ca1a36ef544cee66362af95baa, Method: eth_getBlockByNumber (async_rpc.py:78)
2022-11-28 18:11:34 [   DEBUG] Getting response HTTP. URI: https://responsive-convincing-aura.bsc.discover.quiknode.pro/3e7f242edcfec9ca1a36ef544cee66362af95baa, Method: eth_getBlockByNumber, Response: {'jsonrpc': '2.0', 'id': 92, 'result': {'difficulty': '0x2', 'extraData': '0xd683010111846765746886676f312e3139856c696e7578000000000040fc9c6781e758bc01bf2932b7ed47e78a23249e79518f785b8d4718bdfe7dc8cb6f3a94655b4076c9a0428b13fa6673c0b1a65eaf184534c49f5156d13bfd1facf9901501', 'gasLimit': '0x73554d7', 'gasUsed': '0x20a1af5', 'hash': '0x1b3ebcfabbc9eee83324ec13fc7ebfeca0d6872c126be0770e39c8ff130c4e50', 'logsBloom': '0xc46a7e3bfc5fd73753ff31e3c6571b5f33d9aa7e8a8abaab7d74b77ebf95f97180153b5bd5cadbb6dbf775d19ae5e930e79de56ab556fb557e646ecdffb6f68dee7ea3784724ec3967e646fbbba2ca7323fbbb47ff4d6cebd544fdd49e4b7ff4b7df1b7a969bde6163153d70f9e1ffb92b8ef7fd9fafa7c76fed39b3fbdf5d831ff78d893fff9da1daadb7aa4f71d9fc9b3e5dbfba71fe8a77f9d87dff96ff2adbeb9bc09c4df55ba2b773f36f7adcfb3df7acf26de759a913e4fbe7b57f91fcbfae1fcfe25deab35aa8739dc0c7f5a0a9e7f3ee7b7f7cd1a4779dfb427bfcbfeff8b71f25e97b77d9bff2e7c54479656f87ffcbcf7b4d4faf92cbddcbfaefdd', 'miner': '0x8b6c8fd93d6f4cea42bbb345dbc6f0dfdb5bec73', 'mixHash': '0x0000000000000000000000000000000000000000000000000000000000000000', 'nonce': '0x0000000000000000', 'number': '0x1655cbc', 'parentHash': '0xa6841fcc729e6449f5ad7d350b8b6fb4289943bdfb9bb54666500ba48bca684d', 'receiptsRoot': '0x37084bcea0f0eb4eba778486f49c897126515dec36a4997b402212810be6bf89', 'sha3Uncles': '0x1dcc4de8dec75d7aab85b567b6ccd41ad312451b948a7413f0a142fd40d49347', 'size': '0xd019', 'stateRoot': '0x3a5738137cfedb371e9b4abe4b2f3584f60b36ff68abd51a9b1de36576f05adf', 'timestamp': '0x63837f01', 'totalDifficulty': '0x2c672ae', 'transactions': ['0xd571a30c85f90596fa4ba4a9bdf2bb5a2005462de74f61b8e053667122d39ac1', '0x0b75fe0b767b409ae5570943adae1ae762d3eaadb5d25b6a827017148950e31b', '0x062f5868569dea969b12ee1ee2af97ac246597dd5022309ce6eace7060dd2657', '0xa3d900f3d223d71343716634fd6774563143e9b2f50e8ae5ba087cbb936f2bcf', '0xff17a3180279fdf0421cba41b23f957cdcc7afcfe5337c89b65fc8c75e6e4dc5', '0xa630c0167cceacf587020b9161b50e19f2aba19cb3fef45757efdea6cf3d823d', '0xd68b8cb658b4cdcac5dce1a909399eafa204c1c66997f442c9565072d9c75b7c', '0x3dad7b1dffb4bea2d942a37c86951a783809eeb14f6086e81d12b2c0540bded2', '0x1b0eda85e87dcc9d384c1164ff9bc0ef40f9d69ec2c4e1e383a9b7bd583c4d7d', '0x104a32be43e866c3ba07144ef4501950c43d7fbd2d5975c77208a20b8a0e5860', '0x626b440309ec7b6eaac5651706fbca00b84fdbe0b8cfe505047d3a364a2abf18', '0x8165ea372e6f9a56c9dc443860d509decbbd070507db0204d0f3eb13d1cab70c', '0x64c3300d5a6b0463bd5e9cac2e252b1cc7821ab33f332d621c5b22bd667cb7ca', '0x582de05b46881cb105b8cf0b7da87d58913baa5bea790ea794270d21cd7b4d49', '0x88c2e4a1e8e515f4b52dc48dee61f3ddef252d9e105316a3f6ab8f779bc226b0', '0xa5df4038e107a7fea775914e65e40a912be0fc4208df8133eb76580b1cb8b657', '0xf268da9c050b6b75a46996a5bfdcea4c1df2b4a60bc0cf94fc8a8ac172219a34', '0xf6fe34aabc6f7619aded2d0cfc91367444efcea62760265c35619c7f0526b787', '0x0a8a41bda581915b62cd2627ca91983bfd95eda0b3edc5b46b28b58f88983478', '0x0bf33db9609da4f6cf8e75ead9341871bb0615a2cc8ebc619e53571093ed8cdf', '0xe1f9f6fa2f8f6c6cb32054bdd3a89e233412bf48d44c6b376ac0d2a0bfe63dcd', '0xecc2976c92d8fc960b6a85c18576030e898f6a01d09cf116d5b367df976ea4de', '0xfb7cbde90151d48081628ae9a173de62dca0404e60052b6bd27b12682187d34f', '0xc9bca4f0116f59237d99ae9aca7c11dddfeec0901b75b75bb8ce1f5bc4dff384', '0xdb55acf45e7ec53df1b6576d8b905a3f774597033e7ff8a36e40844636ee3115', '0xb2fd187d52fc399fd70404439ddfc8cd06058da711dc903d6ca2dd3e1ddf2ea9', '0x3c8fbb0abc2ba41a72f9cf050de7cda52368f110c596ec346f9968d3e67b8f59', '0xc918a9bd35dd7c3c06aa7f3ca0089957c7c4b9e8f3e2cf89f40e576200d8fd3b', '0xe28cb21622837c84cd3c0bafcf19366e70d4c7ee7ddbde8034244834dd28a167', '0x3d9b79495bac57a0bd39e758e87ec881589104185a5da6b0017ab90b3dcef2e0', '0x0edca17403e2a3ba08039dccdfcb88d5e519425a48782784b2016e9a5d0cc54c', '0x3fe3f6da07df11cc9b99aea3ebca2082de433222592fa8a2570c464afc59cf04', '0x269a994e8f7efd86afff9b90f51cafca9db4bba090a25861bb564986bb944a38', '0xadb9cbd58ed67e731f4690fb8aa3ee262f868f9faa58c96c300623801ae292ba', '0x71aa32fc215005a15bbd36297733b9a28d3ff1ddfa2e845031ef422ed52140f0', '0xe51fac7ced0c53954af97588ebbf1b97b1312b6d61710750b50aced6038850ee', '0x4e9225f5f26fd1ee8ad9ac256b363a0570aa5b35dafa153bfb4359ed865e7510', '0xb722aafa4cf6ef54b41f0eda8f0afbd78a3c3c2d3ea62897c67b532b7abb5ec4', '0x4eda7b576cef922af49b7c9d112ef59a662d6de90b851fc072e4cd55fa66f1c0', '0xa9a92de3cafbf30aef8cad3760bff709e0708f280c351700bc4cd903574d7ff5', '0x9b6f5d1abca4e25e20123f0117770b71b2c8a8b546dff7af8b30d73e38f28032', '0x40d30f165d7d08cf646d4edcb25e6746a0e7c4d772f38017d3563366a1cf010c', '0xac9aef20e40524cd64bbcdb13385510ccc1d7d28e75adf79dd02f0fc3e0d5ef3', '0x676745022d065d59fba6bf3bd8e9f1cd1bd8457cd4fd02be633af42ea6d23ab9', '0x4d3303d3ec604077f4b52d0111665397c74ed45f0dbb0a7c86d9cbb7198ac13a', '0x03599759424989b7abde8e8a154347e349ca3a8326db121da07a12db8e43c531', '0x83c2af10d792fad5139ef4810c721534e9832f2d86bd1c99aa533afde2e75e39', '0x23fb4b5e0fd229c0d60ce6b1b31f3c253422028dfb622eaae7f4bc343909722c', '0x5358647e7257924ef4f4419b49f296f6add422d5ff65c631c4cf4edbfcf46a61', '0x65ef609dc053c6d29fd75b824056f6f1a8209e984f69cc1da7db14900451b64e', '0x176836f9fb4fe0f1d2a78ad3a36f41cfac9f184a79eb5baf75e1bb904c9dd549', '0xa3e443da9a91db55174b5288bf534bf0a835ef8d81d1dde0b8852637561acfdd', '0xb602c1028e8e86d5690670da3e10452e70a546a157f12b18441491103df885d1', '0x0e117cefee63c3f459ebdd5acf21c0cd36a6bf20417648031e97b9795f42e854', '0x3d6e56dce21f02f1bfcb310b91773aedcc7876f9ed7a6233920468d79a874515', '0x65cd2d19b636b0d1f9ee47c0fecf1f3fefad004b083748e0707358647665f419', '0x8e22198461f0fa63bba748a2e2921443c63146a316e566fd548b6e695391554f', '0x40748c860e150c05a3976e7eb2cf80c14e2cf3970681ea407899831c58aab371', '0x7a42d753c3c24e120d1671f75ea0fc3b6bd6eacd09e0b6cf46891066e9cae85c', '0x99c48d6101a7b85a261b6d01722dca9c5ff81bd5ccbd9aa6ae47bfa28c64476b', '0xb6332bc8ab1dd6f88639e521e50e578821182a75c9f75c010b4c279562d505a8', '0x38b1fae2446aca17d11ca5dbf49908c0b5eb15b60d272f2432cbda9e0d0c7474', '0x9fcee380884985d7ebb440e9b8fb9fae92358a27a8f8789b36422828ca162bc7', '0x111e2dd468a87c677125383374a276d057af527867be5e2bc10dfa7711ff9eed', '0x4486d660cda3c2a234845bf4b2bddaad8d48ffae38dbefb63ec7569c71f10e12', '0x0c334a2da76c7acdd52ac26d1454ca9bc12545334ca38757a2a2fdcb33932772', '0x4729b78b2b5d4d880cda837008cdd9d5e0605aa41be7f367506c648f88138a2d', '0x4fcadea2dfdb5f88e56c3d626e5c26c17f545378a85eb27619ab630bb0704a81', '0x9471608e490720db19179485969023ad5bf1ddc8d92266aa0cf4a5d79cc05893', '0x3b4891f325367409db0cae5cbba77c35bf0f34cc76779ca4f23bcf7f10f576e1', '0xd5dfb00c679263c6410c7d38193e304e6c1add9d202da55ed7a640e725e23288', '0x988a1243a90cfbd04216c3345cee2f94963379bf57fff436c7f5f56334dbd45b', '0xfccb0b85a8428c2e6528dc4c2d15cb90388b6f7bd6a369e30e509cd05bbbf92b', '0x04fe5ae84c4d1648650e46f19f5d2533141e47c6bb5d2a231fd2a68415a2a968', '0x3cb5782f77d81a4d57c2f1a4602554fc243fcccac29d0a2fb1a58de8f7e7c416', '0x01a9fe67a4c8eccfe2d3e58524db44f6a8ef4bc3e2992f965e54a0cde8c6810f', '0x2cbbfaa954a3aa84a4dea201b582fc7a20eceb17706eca5175f9fe574ca845b5', '0x39c1ece4315a143127cb8d53762da441b05f598073cfb8fde4905980d0eb5aea', '0x123250da65eed990e2961a601d4ad1fd7fdd40caf3f0bf293f49fa982676f7c1', '0xe0f713a28c9233ee6a8796b78ea084a34e73e69e688812133647d2c8ac7af3f3', '0x793b764f263e96ec6f1862e99d67ca36cdf362ea501011997acc754180f68b26', '0x83f177499ccf644ba8a1fdbe869692aa735b82141b7912fb495309ddde894eba', '0x18e829448a4b9a38130f0c9dbaff59b60a771411430323a396a40b586d508291', '0xfd17b0c9f7152c3d34fdb750b2e63f0a7761ab8155915b9e5135736115b076a7', '0x530f6f92879de44a189cc4a9bda1c43c2ee965d34f8dbb90971aed8fcd7d624e', '0xa289653ee18beaa51e537e0ea0e9b453a386e811385404e1c425e488523303df', '0x36e4cf2dbeffa89920c9cb2df018824a76d2aed76137c4b005dd74e949b1d58e', '0x0df9bd191b5f24abf465687623f48dc236a3efb488152d50676eac3336661e37', '0x295cf1de2ed0dd6e16b2194d5986f746ba9355f15e307c2a433276333517a649', '0x2fc13a94b9e12c832dc1fea457e982c772b4e86d35441c5fa8cd19de31ce0396', '0xc9f1432b0a0dc86c9de08a3e1c279691fa9876c9865c5f3eac19d2c39a836340', '0xde0100bb28635e8fc51c1320befdc63ea73b64421aac732195eaa0844df305db', '0x01c087a36395bdd3cec8c4608b7a259b238e33313e4460add9ce31e190a30062', '0x61ec24fe3a198a9100491a3d7da74270d69d13e0c78dd275bc6fff2d0b8db8ee', '0xbfbc51f0aa7769e95a60882270eb2e0e3344aa948c48613f3f0bc14affda29a1', '0xdc36695e919b1e2a21e6468e3164ed768f2102f16f5f90d0c9585fe97fb33b96', '0x2d7684922cd750c2f52de9170cbac2e3e6cf9502d48ac137f28008d4632dadc0', '0x9038e287b0ffc3effcde0fddb899da631240c95b1a27e04e1920663b5dbb07e0', '0x8b7fcd941a5417c42cb77cc5a1d5b5875c6bc35ab4a70eb01b48fa37d33f27a9', '0x57d553cfccda8956a9b056476fa367ed7573e06c0d6dea1f1adfa62cada350cd', '0x3b1471f88680b13a338b14af30c2dba61f8d75c39a44c2918271a4228cad99b1', '0xe9db66beba46960ab89702768d6335c3075334390c3b531f0be71c69027c008d', '0xaba099eb1203bf294e95b56b1a554458f05e36e185d2dd5449cf22a229373c1f', '0x9e0b9b5188d5f23ad191073df1229e224383932079cd70b27ecce3af78dd6eb8', '0x2fe3edbe09c469a6fd89fb80b317cd4ba10851e64f425f21bece760dddd184c7', '0xa913e323aa27425f1a0f2ef49bf3b73caf7ce98718a16e1866830de68787712d', '0xf3e8a4db68bfc507158e6622ece28245e6850f9a9a0a11d8c299eeaa683dd77a', '0x93f9453509b9d0f56278a9eef5b5821843a8f760a1a62230c42350c9cf86ddb8', '0x36ecf9041288efaa945cf0c62edf0d634f4fa70ea79623a2b96f5d72324ce959', '0x99116315e77061ef4a290ed3dfec6305d66e3c7c4935404ed2c84b9595961786', '0x4bb6765fbd69ee3da0d1fd1f117d0efed42ffa0d7e1ac212170360f3bdcfe38c', '0x58f484d5ed3f1d13d3141fecba3abcad65380560f7454a3bb29b9385f4c420c3', '0x40f5a711e7a51135e1eb0a423a07f01c77d375b2899ff1009666cecb8c158fb5', '0x9812c532389d2e27cfb2facff0a7585d54d895f6a9c201da747e2e5f27b9bab0', '0xe8e8c32f83a8ff5709127f02101a24aa6033628833daa349cba4b004ec077cf6', '0x43e8d9b72cde5766319e7771c9574b3c5b85ae5f9d356df92c1d0fe08b3b1679', '0x70c5a1ef340f4d782c8c96e3b0cc34b10066bec7cbc4cdaf1362ceed6b0859f7', '0x46fb4130e5e27a512e7a1493ef4fb04041da79651011e1366b387532aa66c9be', '0x091f4502370e9dac3f03e70387ef5cb40337922a402c3d4502dba7fff62f86b4', '0xe5303362222eabfe37cbf7f8eb414fe927aa186e219abae1ee0150473d34298d', '0x280169f255fff120cbf2872388635a07f9e4d5c187651542c835a28f004259ea', '0x0842ce45c5be806a8dfebf441170bc925286275ab70be1131b5429705fae06b2', '0xe98083d24b7b1d9396bf5b5dd81e6df09822cd38799cfd4123a5d4781b5ddc16', '0xb46db01685846757615e854e9fb5c245688cbc78cf3fd2596ef27ce427d0b745', '0xcbf68441cc3597fc5591dd7093359f5562c146e630343e88dd677ffbd8c61bcd', '0x734c8f9df039099284347f18684512d43805b1335abb183ce5cf0b99206b7418', '0x3e3ad020ffb5d4251ef696af30230b871389758d973d4e0d93cf5874d50a57a5', '0xe93cd853890d499fdef3ccad8b98cd22b2f636bb02a763d57837bef0361c0d7b', '0xc57989bd02cda9fd39f721dc11639e5e3fa8be022f374f34d8a871db33414ecc', '0xf4af6fd89998574d6fb10017c4e3f852329df59b0488762e4e6717b4f533a0be', '0xf2705598ef8184e5fd99f30713b1e8845474ed8720faea26fbdd41a979da29b8', '0x9741173a3708ac09fcdc15b5e1d189d44766344ad33444550ecf65e68ae15a2d', '0x72a33bde03d5646c570feb7cb2ad796611b3a7e368cffb2cebc17061f2991c72', '0x5ab1e9c154bf717090d160230f3acea4b46bb046afc1dc3e0feff747dfd15b16', '0xe8d3fe4f17422fda4c603d9c9a23c73f8d8197a9a443dd77e168ba77502c4002', '0x2b505148a0342fde0140cb8a4de96c394db0d01037b1861fbe254c2a50e06a42', '0x4bb503118b585cd384e2d2a4aa1ab0da642c71174a4b239420b96ae58d480443', '0xf9372058534228d702190f3a0e854cc66967b11f00f335998dd2bacd548b4c0f', '0xc8e90c776084fd82932df4d8e2c520c7aa41536b3abc5af15db1ab5000a6defe', '0xb719d81bee0a846a7296a7fad8817ab2403b41f81c23e4c3b7d438504fd6f078', '0x09f60b66571cbc658d8e4438c373d2a262a915f2f4e8d9de086a7dac4b42af8a', '0x609d0227c6be816d2823a83708035e8fc10abb6c5e8e835a23dd561c04424787', '0x5d3cadb23cd5cbc86297e516b1d653eda44844052888c742e47c00f1b43f06b2', '0xa531e391bb26f1353a0f38e61bdd254b14834831455bdb99fcbe186c38290339', '0xadf593adfbac43032a80653a1b0e0334b988eb054fab547cf4002a06c2af2b9e', '0xafa31748557bce31cde959e2435bd2ba6695e0c524e882f6b3bfd16a7ad2e519', '0xb0c8d9036793ea93e27fd7823614130e7014c8454cc35f206a54b28ccd24ccb8', '0x49bd670f22f0d52f05a03b1e9c870d4bd460ed397c48c3437621711c33e9f06a', '0xbedc22ad4ca8c2e542918112f978e5e1e974b0a87da62a4000c2153bd5a38ded', '0xe1d763d2fd07855d99c4e7f8a0f084b687c9a32b4c35e9521fa746c693170bcd', '0xab8a77818169759f6910dd9ffe7053d1262564bb7c8703d2aada6ae71e7b483b', '0x800dadaf1e7275169c48dcc3aca4bd92f7de53e9ffd311c2999272d450344a3a', '0xadd8e487361d5dc91d52029031f28b4c1eefad94d2d239b7c4a6072df5267661', '0x488136f63b2e38ba9c058bf067c467468ad6b525eec4f6b5d038f6ff168bd392', '0x8729515540bdcda93c767835369c152ce4463de645746216f7d15c12deb21414', '0xb4481627af5e80d5436d2c70aa42037476357b800a224850317c2020d818229a', '0x40ded35e78206c6d5c5288440b86f825582da2cd8be4fc058123a9ab051ed898', '0x7e0b4bb3cb3731061e20a2f9e651cafec44abf56f39a6ce5c476304a07801cd7', '0x8f2532d39357778afc0d9fa9c7d7de02accc3aeee88fdb67907b8a3ecd16a13c', '0x80c936f967143db61e22e3a71cbfc4a66454a36e497ff3afe87a97b55609ce58', '0x31ea124d266021b3b1c70a7dac51a6be1d62bb15d035ddc4a6740f578fd838e9', '0xe1986978301ca74dd552f2af6eaae3b3f0682126869bf4eca1be32ad11ef568d', '0xf4edd0ddf45831b7720756c0cb0284b93da92f69addc7c312d6a4ac9c4837586', '0x23226f71d07c52c1b3dc3e20ff9578ae00cba9f713f5f92aa48234c422614913', '0x39e59a59af06435cf1117730f5a6e6cd1bd6a8deb78c484386e92a3ef1cd75c1', '0xd160d957df3d78170d772f45bd5bfdc3fa4f928e586d6cb07931b8bc9f6d545e', '0xcda56fdc72155ac7b7205090d4f1afe6c9c13b6cb6ffdbf27a42b25973319625', '0x7af3872080022b76af8a281ebcff41ed03b8037b1d6a7f2bdb0e7640a6938a0a', '0x35724fddae7436094c39324fa9621b0a12d9da635bacb1d8fc49375ac0071a56', '0x36c211e99aba5f0ea90fa18a5f8cd6d47cdb8c31de5470a8f80b67dd2f7debb5', '0x92db9f1216c405018da2e0e613c0e8d480cfb25951c350c0faf6acf17dd76d18', '0x0d61e9d9d22618f233423578d15857d1a24e0423f05d11df8db3d7927710ea0b', '0xebcca3614776d485dfcbcd720bcd75aa6ff8b303037c1fdca14e0c510f740781', '0x1aa3e445dcd9eed47b5fea3506524a9e4a49af40ef0da916b621b77d9875174b', '0xee998417c6685c66fb54eaf3d29e5bcc41650bad989e2bc094c94963e816046c', '0x57f2b649ac5de215832a4448919d7ebc0ac0f87229134b7b2f52691dc464345b', '0xf49dc1281774a6f5c68887c11ee7e8b7ba242b1753a6b3ba44b040d477d44110', '0x4a4b2505425496fa9bb082b3eaec80510fd3007a204997251f4d26f5228a46cf', '0x7be6a973d6423ae36402f82d7db0f3fe49462b8e74b0a74b2cdb407b4b5153db', '0x2d3ff93736af938490972a9e4b2d79cd9d314a8ad748284ddd87051d4dbc3f5b', '0x3f4ccf607b6982044857c800dc3f64e3157cd015cb4fcb296d9e496e1eda5d6f', '0x7d6a7448122e299c827e117b131699cbdfe151c30c87b8dffaa5a2ceddf9dc5e', '0x48fba0e0403342b9dc4748c0887ee7922b4d1c7231fad0ad6c8953a3338323e8', '0xb044cbcb732256c11fe472b1f60baae133faab82300c444c13ada3d87b9d52f2', '0x3f57bd81e0fe95081fbbeedb9bfdef3fc12632d8262860ed0eba414331189a44', '0x387c1676ca3526bc6f4e21466bb9521cb7fb6da2ae05f6fb65ee860f4bbea060', '0x5ce9fd2e698be3d6a4ba0ddcf959d392d1bae1267b8f4499ab7c8f03e5f254dc', '0xee46f31309c1419fb68496cac29918cf13fddb74743961b5b984e33e8d22e700', '0xecd413604661a474f20232c6c63927a7b75168bb3743d8fe94b1c8ceb510e503', '0xbce88d9ec1b141039f221c24a6eebcfff316e52b59cd1f63647bf770cbd6777b', '0xfa5e75ef7b3bab47e48644e8a53b02fdf90049d7488a893208cd14d627e2c6c6', '0x6d4403b60077e7f004d833c34c5c6b61b5418e0fdf42d0f0b94f61ddac0f44d4', '0x9a70adfcaaa71af15c48c2bb50933cf930b1db7f83988b663b491f76012e1470', '0xc857a69d8bee9349f9143afcbeb00d3286e74ad09f42c9958e971a302249c5c8', '0xb30f73d1c356b5ca55e782921a13a79ed176783079dfe242d4982a512ad6413d', '0xbeacb3b2b8df7ff352a259260666e6e58b65dfa1cebd7a7ebd7882570a3fa779', '0x22095b42c3e893b139fcd8f6c0050dd1660088042f4523ed48ec30e263b32039', '0x60b24bc1b3eab3de9db964ea3e5ac372275e750fe90c8053b219b5cf20d2a918', '0xa56208a474d1041f67ecb2827fc2b29f3d592e264d03fe8e93bac3c3ad73505f', '0xa0be3c8fee54ca001cb703c61e09bed34e9525823fdf4165981533e3956a365b', '0x6e60c3306a8a636d366100aac049c054e3de3a280d08ea25116e7c6e3b0d0913', '0xb4166be701c0ccec3814370ca02ca1059675261c1a1fb69ec7d67e1ebae59104', '0x280abdaa7439a37205c98cab2814fbf08ec4f9528ca335ba489eeb88034c488a', '0x4d23ce3c9f9ad503d8061656b0311c2abe64c87137dafad8884ec51ed268ffa7', '0xd894e5256fb53082f7c1b3c87a56aa5eed8f7d7b08298e51f1dbf8e8802ee4ab', '0x070c99333e620856358a91a49b1533af8a7f88dc9e4622642955dd50aee3f6de', '0x893e1dc6ef33ef8b17ad46bc188344ad1ca31e0172a49cea3e1abd9859298a4e', '0xc2fb1867961ee7dec8249179a890ec695b78edc3d9e4e8e3e52af4a6bb831561', '0x4dbbb42b113ee8257a16bdc17c8a523fd744c8a2927e09fe7ed7e0117e527ee1', '0xbb055ee2a6bad4072154a114d4b019929fe65ea340057c7260891dbbeb112f0b', '0x71e0d2dd80643d0c5f61ac17d2e2964e9e671c2ec16e98dd5b62ef6f1584790f', '0x9a0ef98c3477bf0dcbe11fd4902ce4a5a1ebcc6090af3ebbf848c92a1467da57', '0x5352f07aff3c1a9e09290f4f97d0ef293f4396ec2c35a63ec3780f5d2158dbe8', '0x92d0d619c033fd75f4ab2577d9a96e1e53b40ed4da7bdc7294f08f813b7f0abb', '0xb33a8796c3f7d6ba9f1577e9cd2f7cd452d6f49ad4eb6ff909e9cccc557857aa', '0x29ec89dfda8e07a2b199fdf0b0730956425073e57a2bc3381b7dd0c9da78a1dd', '0xb8278bb92debc8685a2c9e55f0bf3faff58004e02afbc27a844a5fc4c3a1d014', '0xf52641591e97b4da5bcbc56556ec039101e27433e8a97c1fba45ddf8f950c50e', '0xd97285018e59cb9231ce8382c27000394bb9c20ba2ce9af374b6f5a5c24553bf', '0x686d6c7a5966ccbab30c62a08f824e25ee88cffe49922fc70dbf7cb45a27ec1c', '0xb00fc3f031ee7153998403a9dd4aa606857d725c1095da19affec3e7fce5f88f', '0xb518938c55afb8f28b47b9b1007886ca510c55b1316e61f047bcdf3151f780e1', '0xee3f625f7683a583dd04c54c621b0ff74fb7d098eb8f620f4f61a067c9ea1a1b', '0xf10854509a024c6a2aa6af6eeb5cdb557cb9a335d2cafddb9402fcb790fb4eb5', '0x992b5a67f1dce0af78584189969897a4dce651986ca7a2945f8a11920ebeb21f', '0xc0e9a365b9a5d610bb159f4400d595529818726123d7572118437c45892a7de8', '0x4fc494a057e41e31f0e094295c65e3d7eea15470ba237ff399e01848105d84c4', '0x83dc2bf4450eb7ea3f2c2d51044fd8561eae099a323c9b2f331e605376a47bfc', '0xb92aff6eb40d204cd5d907d13b7b2c2fb6bbeee3ef129b5cdc9175c4156e0261', '0x33e04de1a53550a5caa1c55f09723b053c6befb1bacc87866d060c67ea4928ba', '0x80a96f904a58bc177c0b98e0f5d07d338e867f5311e6f0ec7af380b9ffeb4bb3', '0x1e92f12b15936f7199c738d3c447776b3e11134a4fb381cf8a36e59dd5f3db3a', '0xfc8e6f13743533a8b7d1ded046569e16b528f3d1fb1130c5c349e8b3a50fcec0', '0x3d447a71960391eff15314252d3c1e10fa6039e0a457056e48471bea382b6a44', '0x2b3769ca8c44ab5ed6f784bcf8a3d404998718147a369e8912b7010b5153f08e'], 'transactionsRoot': '0xa7e0aafd343887602c0fb28ef401d2423de4018a96e6ae9b2f98de42f8d4e442', 'uncles': []}} (async_rpc.py:86)
2022-11-28 18:11:34 [   DEBUG] Getting response HTTP. URI: https://responsive-convincing-aura.bsc.discover.quiknode.pro/3e7f242edcfec9ca1a36ef544cee66362af95baa, Method: eth_getBlockByNumber, Response: {'jsonrpc': '2.0', 'id': 96, 'result': {'difficulty': '0x2', 'extraData': '0xd983010111846765746889676f312e31372e3133856c696e7578000040fc9c67bab8d164d3ec3e7066819faff0e7e054b389192a393c3abed47087355a32ceaa7021d9a3233c3e50dd67b3eea193cac9da0b44e77915f1b95062979736650f5a00', 'gasLimit': '0x726ea3f', 'gasUsed': '0xd73d93', 'hash': '0x850ee43f58ac8ed494dd1ea977ee2e1f07976497decbc2d98acf47af8df065f3', 'logsBloom': '0xc2726b1b1f1019fbcbaf735e91811b4e8ba6061a073fdc28e3d9143420b6cbf74f01dedfce4e953a2728e0bf4c8643d7a92acbba8edfde5e542ea3461d3d20f80ec58425f18f5ee4eb77f9c9ac3bb1727abd3479595dfaa784ad4698fb85838a997213795f423ac43d8d62f6e801087f6a89ba5bc63e64571973dbf9c7738f049824691075791b3a0da7c8a284520cbf373cdda73361c0aa291903f6658dbc327f4ed002fd28c9b07cd0f0cba23ff3e3ed14e822516b372031fbad70541a1c293d8e799ad5e69d8a566f190a34e732c470ddf304894cfd5b1fd347b26ce4e1f522f2f9151426d56147e292d6b3b5306556a3b70ce5f96de9a9d75f9c1c6911cd', 'miner': '0xcc8e6d00c17eb431350c6c50d8b8f05176b90b11', 'mixHash': '0x0000000000000000000000000000000000000000000000000000000000000000', 'nonce': '0x0000000000000000', 'number': '0x1655cc0', 'parentHash': '0xbced272e56f27bec353f5e42c1229aa34f2f8afdc25adaf416685a59a0401a5d', 'receiptsRoot': '0xfc5f31dc23f04b5c463d0d98a453ed2ee673ddc499c670e1d792778f10c3caaf', 'sha3Uncles': '0x1dcc4de8dec75d7aab85b567b6ccd41ad312451b948a7413f0a142fd40d49347', 'size': '0x9040', 'stateRoot': '0x019e803f24b6949cbbe0ec34288492e8827b2f89ad8e2cbc357567962338d3fb', 'timestamp': '0x63837f0d', 'totalDifficulty': '0x2c672b6', 'transactions': ['0x304ad2af8c89ca797ca4947e1804254b747b51fb5787c1f9505c0667c555e124', '0x99f66160f24929c8e7e1695b46c5aaa7867e44dd18e8fab21fd20ccdd447b326', '0xc2eb1a10d66be8b95e32665e0855863f67c069b13fef8231e3605f274d42c6ee', '0x3caad0d76baba4e5af9b93a27209fef1ae7e49f2b8b9f20e7719da50fe5b83ba', '0xb50bfc13bbfadb6910f5ab4bd1b499ce83a797ad660b40eba22474ea3e18e1bd', '0x4be90f2c79c55f352ae65d95496f42bf98ed6c6babcaa7737a0ae4b873a881d5', '0xfd77ffcdecb9c1aaeb06822251ec1dada5270bcbf6386be77cd9d80ff85b77e8', '0xfbdcaef670eb06da9bbb4d7139fbf46d710429c0548b1be888dab15b7d83748e', '0x4534acd0b73757779f9686e7eb213cd02e6d781b0a158223e4ffd9bf0efea35c', '0xb04eacf19b0c236c6c16ac8a31a21f5073a2c114f28b0ad511bfdb16cfa19dd3', '0xb752c7e46ca446cb6e5f0e633e36920c596767d5cb3948590102b3c73a6d351b', '0x051f0649d340e6ece2f5877e615ce9cc9a152823bd65ce6f5338d0b3bdf3e602', '0xbf55e75bc2abe0d54467eac43a935001dfc92c59842a5c81b9761a6ce8ef458b', '0xb0e13ba3222b66816c946096343a67657dbadfa573f5142658bee36ff3583693', '0x48fa0bde1124719db73558a60986d1e6bcd9ac828cd46b76e977d627abb35431', '0x5d20f025d4f92730f1f183ff15d141b46b64e7e07bb7c367f0be33c8f872e4d4', '0x5875c1ea00bd7dd995f40f30d8565b86b557fec74ef6f9b8aa34ef5fefb999c1', '0x2103ef12724ab6971004d607e59bdc7e815df8f9e97fd8896a01dd2fa6c53060', '0x247bd4d8d7c5c9b61d69f40e689663e790459a319c2eb710a20bb06aa7d06cc2', '0xbc244a7311728dd07095ada4cd1cbe2f21247dd663e8e1eb1cd69abf8e0c1801', '0x2f893d85a2fb5953867ecf04288790217ed47d466668c3b9e72d0c037ea2e60e', '0xca56bd0b92a55554c89a8b4557fe16d4e7b534196e391f85a9d5694c9010c42b', '0x723e42adad7525a4c01a8c665443fc212a3188337cffaea85c27568183760d39', '0xc90a4bd907e6f2f947b071e33fdf4836a272af51b2c7a5aedd220110ad33b534', '0x9da48e453fc056e90158c9f5850d05ddf718a337f541dfa0ebef6bfe1be897ea', '0x289770342b638121539f59e7d96dc7ec6128bb20fa8acec2cde7f4d0d07ef603', '0x40fdd3c2efafc960f89c0faa9ca161f45cb80a480713d107d3ad7005777f913b', '0xfff60a23c2a86674d64c021afef1fb8964748dec92a978792156be1cf3f70f0d', '0xe591164d6a574bb0940be6738b1a15fcea8988dd9f0e15a72cf72c8c365679b4', '0x7f7a65a7fda9f5731953657037a43b4b47ff98309ba0a5ba4baaed282359376f', '0x75271168ede04767b22550caf9f3e125d9aa9744f6ea360e7190f031edd66fc1', '0xef998e4cdd3e21cf165685fad973f4941c00009d0318ac6a6ec6985d446015e8', '0xd349f895cc846908530a25ca810f545c6c5f4a5fdad58b0df23b79b1af9fd50e', '0x5b13e641eb1579a60e27d25a342ef132e08dc87cf463563d36a6ce872c34c586', '0x13762f72029331bb91cb729b6ad657c8e77aaefc22ec7160319b47449e220ed4', '0x9658574f6f2ca65d691ec566895b03da64073b5f20df7ee7d48f4760e2332f84', '0x880c4b850c17f3f22a9bbfeecb1069d7a7a6a40c60eb7e0880ba97a55b437237', '0x20cd7f00a198fc7d3edd4c9f087d3cdeb9aa4491c566160a5dbbf7a8a4d725e6', '0xf826f1415ef0a0003bc626951d4d4169a732d3a5a4042d5e790ed359a77c5e9c', '0x3a52da5f48b7d03c6d545e29e00dd8ddf7a3320c1c83da1ea9269b64ba0f9baa', '0x4f33502622d65c88dc9e0e7ef3295b29f5ffb435bdbaaeb531192478eb2bd095', '0xc730b417638caa40e943bbd724640269d5803543f03fee3a3155feed7524435e', '0x9fd6c0e5ba9f9d3844ffe8d63cc680d9d470bbecaab4064b9900d4dcdcd9bdb3', '0xd1de2fbbcc1e85b801fcd64ab2bc82fd28f91653e3de4f4d03e5e8a31e8ac022', '0x9bb06217fd2ae2715596f7b6fcb058937f654ecff6ea5d20e02bd64fdf3fea3f', '0x367cd701516f07b339d3492b440e967b92193b106130551ed676e48cbba2d5df', '0x98d9d64c9e3059079808cc166cc8a5e19216b63f0e542db250d67ac190b2a810', '0x5f9130ecb0c8fff7993eec8d38e31b544af34742585c65ec89c0d3bad8819fc7', '0x8abec6b2ee4a329ed80e877c55a8f16985a2f296918284950301dd9e2f4c7a52', '0x8a965de1c277a3c034b75a022d7b73066df45e77aa77c98e3ac9bbae22eb3cee', '0xd629deeaed70d20f94f6a9f6b496956916c8e6eb55736f5501961627b2931eb8', '0x73111b75535fe1435de1abb3d528dc6f30e1f6d867ce12edd3ad03220ee8bcbe', '0x1505a5c8f43a7e73f0053e6bb5ebc9f27eaa3ca4226870c35c67d6fce52ab335', '0xcc54e75cb0df748ae1e1865b43ca0fe0742f5b58b0f73b783f6047a3098ded7b', '0x29d5b68b84297fa80fc339178f510d925e7f8243a5a7224ee2a707d985d853b9', '0x3842ca424f7ccdf01a56a15ee6db828c1fdc70477ec5391ecece3fe067247057', '0xded66e9de318a2ad1b586399e1686f12475fa30fa7d12c64eb401571c2577277', '0x699b8f4157c15da3e06dc3f6031f670c76ba7fd35440d103b473edb18f7d37d9', '0xf169dadce58f207945ae7199229685ec17136f5be823dcced8f3fb795be65f51', '0x15f00c3f33305222aefee1688c95d128494c8a7611987a5ccd06e339228d1a1b', '0xbd27130b2d050509fdeee7a604e94ae1d374154d9d091aff3f394f229547e6ee', '0x2aa28a4745fcfe8ac36e738032d0923455d82bcc3859af0c5e8288e2b2fbe570', '0x7e2574f2e8932e8a6111fb05ca622f4b91e0cb609dd00751dc84485d154b5512', '0x72a8ed24b7c63af4babbaf814209b0735487c5aea325def28d4513b7d58102f3', '0x06a090ed639c152cb291c78f24b8da9cbd94cd5f2937fd2d4582fbb38134433b', '0x8b27d6c50f642b4dd847b9700901711637f528365ec20bd29fedbb5374784f92', '0x36c0949754a60ee4d65a6902dcf71db92aa3948a0e669837f128fa03b578436d', '0x0fe7a6a479949a31a4aff66152d69be94e59b498bd2befc9e3f7d9ecb54312e5', '0xfedf9d728d5a0da52804a312c85fd8696910856ffbd823834bbbdd128bc9b632', '0x4bc44e86fdfd15676ea132b6297eb78f3e5fc63ab934410992f9f8687bb5d4d0', '0x1e0c7f5831edbf02eba2f29df9d7579d7ef55d21a2a17a1b4e41532781bb8ab1', '0xb9471b9e9021effb55fab370d421a8b4549e8588ee48b6e430097c30722398e8', '0xabcf5092831fb6c2090079723161e904ac6bea21ee47dd75d30194327d740589', '0x8990d7e249adb66a5104b2b2aa787b240be13a0f58896c38caf4c680148a0d40', '0x6d87afc2d98890dd9cef82dc3dee4e297f8217bff018dbf31f13cb1ef6df86d2', '0x34ebcd75302833be4789c9e3184d75124dc2af5ab03e043ce79a70e6546cb6ad', '0x0b5cc387857447124adf6a5799ef7f809cf87b14fa15ce7bf013ac8feefdb590', '0x66acf560a3543756c576a742e1fcd0a51a4a53f26015389b27f5ee98e2c28b77', '0x64fa3d046e29f00c888b46ddb75265b5cc8cecfc705b9153d56b9596594869f9', '0x641cf3daee9cb696f44e53ea1b52c8ad0950201e3f0bfdb7c9d77d50e9941002', '0x1cb8dd8470e58c5fef1bc015c729f55ad55a4d6c3a3502dcc191e871e83e1e2e', '0xe141b111a88647fce361847f5183691c87f3d79e01529e27c4c71f42dab4c9f2', '0xcaaf18ceef7367d5fd8edb134b8eb879eaa3aaf4214dc790dc78a8fab1929f3d', '0x781d592a5df64496cd38e61989330e0d64430a51d65290616a9aae8962ad1a5f', '0x48c660f0ab25915de9b184f026f5c8d668504cdda528b32632ba78b4e74f361c', '0x646bd3433d46749e6bda699f167fd07cbf58e75e2eea73972f230128734a1cf8', '0x0345c26f79efd19f2a7ba1dcbc62b8a3b831eafd2a83563ab09dc7d8f0fcbab2', '0xebee242b2002ac6d0e71100a702ef837f39f5ed20b12a163c73a13d91b139638', '0xef24fee1ad01c9469af0a7d78703ae6744fcb2c2fb3c8e895adcad0c07176eb2', '0x5c76814940c90cf5f203d7d4360e55103c5df0ec3bb5bcfea570528ad124d68b', '0x22e41184db5b6e8772098b34f606175bb5fa468dc5e8f5c49832f6928877ad1d', '0xb099c4c5f1afa99493148c66849819b186aeb15bb9fc70efd4a298828c81dd0c', '0x36ad9cb045a0be68329e1e55b4fa61f0e8f721e0b319296f30f39e75fa074f74', '0x76e8a1ad40253c653021a7dd68364dc25597d589b28de0dc4c029ff1b3622321', '0x6a55661c22fcc5685bd06df5e290cf3c486f9e678cfb6ecd9a2a8bb799ce797a', '0x8eebade5034f18b803920611c5b569db6e3bf2ba76c79e1dccf4a3e4c16632ae', '0x0330a9c5dfd7b89457ed5144a2d53cf3cbd0e21aaa9b0e6aa666f780531961f4', '0xad7b030c6626e0d1086837da9ade65e2ac8c35c64a6136d239acd6aa6f1a7b19', '0x3dc2d0bc52651bc710c863a9a9576dec0ca43efdbfe26e0fe573a635f367727e', '0x5b916854f1bce3c584d74fe4e1d16e10b499ffd9c7a201836bb9a29d46718345', '0x632d850111bbdf89fb2f209edf4fb2cf86272628334b1a52d258db0d9a055963', '0x9355f76e38de2971b925f9d93727bb3d311731ce61409a88df0541110fe1186b', '0xe126832939d7daaa8b47791c6ff48f9c8940e684b4bd4311fc8330ffc2e2b996', '0x8573a54fe9e68491e00392435294c73d8e704e5aaf57dbd0e832a18773b73963', '0x4913aaed430eded586c6c995fae762cef30ffc1104fa4810738d75ccff3c5b2b', '0x9851a2d2c9dbd758edc82913cada3da2667181a3de0cd60631f444059e2b20d1', '0x682bca07cdf9cf67003238e489837ececfe12e523b09144a4a9955e97c475bec', '0xfaebe35c495c56e622b4bbc6c2a2cc0932b02f771025c00c77e17cd94468222c', '0x7bc2c6e080abab09ede2638bb3333b809b9e4737be7274d51754ca77a7b81a8a', '0x720aa75ddea346b21262df64952dbabe183cdfde44b30de52df915e14e66582f', '0x403736f560ec56aa38521a5359713751cb819c0bcbb23e99f2a36029ab59f0e2', '0xae08a73be9ff24e84dd614cc733920c246e9f13a3ff35c7f7754e8f5e7b449d9', '0x33c94e262eb8a143da8eb35398c027b54b0ef0d5f429b235c21d85e359fc27cc', '0x96a95ec0ea802c8fda4cbde87af551ddecdcc87da011a546d17ff43da2450582', '0xb3ac0bf5eb1ec9a5f754f55077673d725963ab66a31f6bc56c3a93f3fffd360a', '0x3ca26f22fd0c6f0249275acfbe42024778d8d6eca873a1148c1249b08778fa0b', '0x4f65d41a6ff167b74d88e91eac27a89915bcb8de5c306a64d8d54b82d4b0c83d', '0x500a042119f61ccb577c92de5e8c72d69d5471e9550f2071416d3a775064dfa8', '0x5ffd622fcb2246ed02460280b3fcf5b98318ae7ab8a3a202641022501f3e04bf', '0x51d23751200c67c38068b0dd34fe030d6948afd703435a97805688e925af524c', '0x1b5428580202cce880ff1229da5f395dd864a6870c3a0f60f5aeab126c3d13b7', '0xb3d44d68159cf5f03a5db4ce3e3a4cb0a7e439812a5fe9f41b91451eb4eb61a8', '0xcf926300ba7ca3ea49d22ad76a6341908f0c2a229ac1c3b50c8c0b61869af91a', '0x9bc55d531478923e42b43157b45ea0cf640f088a392cfd4291cd4f12a71eed1a', '0xee2415d78081b706ebc1bc408b632e8eaae48a12d581066170fc64a19f0af88d', '0x007223d1b8f3879ebf822bebea8146b37522015161bcfbe936428eb1a1f5fe09', '0x41c90ef91c88a0d777bdda1de198420eef18c9467790f0c4bf56dfee8f77651f', '0xac2516c1bc5b412e7b035ceaa24af8a42e3035f93665cfd949bc2ddc0ef56c30', '0x4e8e6bd03380c44d9e42beff68f35881455d90ba9882409e2410f79110e7be46', '0xb5c2e0d77a39c4125cb8f0e8843ca034084388795da0d5b075cf35ee794199ac', '0xd63cdcdda4777572719bb150dec674b2abb6562a9867739e8e7e2e34319c06cb', '0xc3f038472c0d5719dbb108c48c5fb106a0b430779877bb16c2bbd5dd1304c6ec', '0x0e0ca1724b15fbf94597008c85b39a28e88e28d8b841a665b1f3c27a750f9b26', '0x69f75e85e6d0a02f02c27e235c954435e4f2f7b70631ac2876f248ab4aac9fe1', '0xf77b5cd0b407d98b527da4a90f21e60fd3714fe6432fa4c3573e345fe7a0db41', '0x695ba44d7b9d27686a315592265ceaf671f7931d6dec30cf6e51bb8bc6685b26', '0x986aa7c3b1a9278c49d8a7cfca7c47ca702a9d51dbbd8ac9807dbd761ac8409f', '0xe5764fe52e9fa534383aa74205691f1e8f58b773020b2313e6fdeb85711abecf', '0x60d7e09ba7e5691e65308572e7f1674a66bc7c9d016f0e1698db41584032f932', '0x273d4ae6ad6d40e771273be5678ffe316c4e8fa5b74ab08196a6e4b1d84a522b', '0x615d2f00a040e225d101eb5aed7423fa40ec24797e294283f57fc5beed93254e', '0x7cdd25a35ab559d1a7b26c56249956e505076df137ecaec157d117405b37c9bc', '0x67f5cb9b2555b86d2bb764e4b7ee3c990611f45cd2567e2e9b8e8c7ce8d3c9fb', '0xf93a02448f83debdd426411edfa22809b5768fa2676f6b6dc365e891d8553920', '0x52b01567dbdaf64535e31783aefc5358b31639c55e0534bc1f96ed820a0c2fce', '0xa328b67f9f9f34a35909aacd29be673cdc8f9490f8177a2772026a14e92c19d6', '0x6b1e1bb1cc8196c647fab56e3b395efb96cb8d661b0e392b01ae903096db12fd', '0xae6675279b6c20e01355735d2df148b78d7e926da045246a04b7c2a6f63ad674', '0xa069b3152085c7abf28def33470413f9ec203bb5912fd21356c6dc3e585bf14a', '0xdf386449784aaa23fc1252e0f4dcd37bb3d3ec6ab924eb1eecf57fad7a0265ed', '0x8a9ca10d32c6ca0b72d2e3a631a017fe5341f8cb77cb03e3fbe2a3d598669de5', '0xcd8e7b54d92f69126b8d432f649766cb22fb380baf0196292899ded5990e996c', '0x250fba6a58eec6db7575c08f16357deec6ed0453767b9e4c89c947b7c0778597', '0x8dd4be8ff54f41fe4d4a4b60fcc846c9b54c76288f0555924434136bf59523b7', '0xd00152b85d6ec5f2819c20d377ffbdae6f89e8ed1d7836dc3d0f86d0168a4466', '0x99d460fc0e89dd8133ea1a6f19871fdc1cfadd8304115ff1d61ff004ad2e9884', '0x35550d720d4bf87f06d16aed7f55db02ba7cad641c319ef391d48847ba5a3ee9', '0x9a485ef6bbfa3a15086bd13e0eb23b98a1434a4f85e5d2bcfb7c3a36dbea21db', '0xc2058621c6dd9198d6777cf41613563d322c14478d9ae00435d9458b85fb5ddb', '0x07d68f0f141c437754f0be4656e88682f72723bfff1e63aa02015f9fca105de6', '0x8fa23e5a89bdd7dd8e0126c754b1b79e345dd9fe4aab626f344cad368318435a', '0x24820b1a235e63e79f5557607cca9160b66e906c39f1bcbc4a6ec2d4df0fa8ae', '0x57c1188a9156766e13915dbef9fd8654cc59f7557abafa96e43695fa97237789', '0xc5b57071b46f1082b818b7601c208416cbdf41127ab09d8cb65942bd8b1564ed', '0xb380999111aae5131cedd0c7dea4e080b8589800b6772755a563a0a09acdac03', '0x2b70bb0bd990c4fefec987997e1b6eec340a037ecb16cc833f6421e01984d4d3', '0xdcf4e883e0279cfed914dd575506926a2e578a250fee78bd1684cc0f5f93a18c', '0x7848de6e8cc47e68aa27784a9482738fed393215e6b696318fa4f7b4a11c32b7', '0x480bb1406c011a00ef362e1067ae4dc5b8ba9c4513fb5401cb10fa03089d31c2', '0xdd7fb89a75a1da0703beaf4e7db1dccf15b34779e559d60f33ba4174bd25aa17', '0xd6f2b1c04412d2afa97f539073ec4552cfbf156740422d40d8ff83c682837d12', '0xe8e849ce004b1716106a73229fead079c5745f0d4673b1c3cc6b1704188e8c29', '0x2f423314a9e56a80ea57528438c299db5afc4112b202cbc9f970f0ee5bce8587'], 'transactionsRoot': '0xe7d73ad9e6b6ee57edcbccfe82966220bca2d408b7d2c2e4610e55faa3726440', 'uncles': []}} (async_rpc.py:86)
2022-11-28 18:11:34 [   DEBUG] Getting response HTTP. URI: https://responsive-convincing-aura.bsc.discover.quiknode.pro/3e7f242edcfec9ca1a36ef544cee66362af95baa, Method: eth_getBlockByNumber, Response: {'jsonrpc': '2.0', 'id': 99, 'result': {'difficulty': '0x2', 'extraData': '0xd983010111846765746889676f312e31372e3133856c696e7578000040fc9c6783d19a506c1df6aafdd206cef536eb6865cb748d1574763159ea4a9f34dc83a473df0feb51a9e3a544607e3649b9ba9891db6a5ba1f2bf6972116634f2e60f8100', 'gasLimit': '0x72e09fa', 'gasUsed': '0x4dbe17', 'hash': '0x2dc8a69e775ebe6423e873061eeff37aa4648609a4ecec1f5f0897c4bfc2cd2a', 'logsBloom': '0x04a02210a000f004012a4008a6841010400001000500800010838020011c01000140300000111000020400b00500200018100000000200c21010004880ac20000028a004321220000100c40b0824006020111141a1440804800608101c01a00d00308424820a80201000080088400883c8210444452a241040420050430a222200080804498400000082800200040800002d468c9538003805884040088000b20205040410220070008061002304406000290441648222204024002000100160018000020044206426022125104210802141880389291012000110220889f20008144906211b0000011a08040208000482004401c088c01020808a0080000010', 'miner': '0xea0a6e3c511bbd10f4519ece37dc24887e11b55d', 'mixHash': '0x0000000000000000000000000000000000000000000000000000000000000000', 'nonce': '0x0000000000000000', 'number': '0x1655cc3', 'parentHash': '0x47e88fd1bc234389487da59eb7c3eb72b72a6da3e3aa4666330471dabb54cbc3', 'receiptsRoot': '0xbdc9072256ae05839772803f4a6b3a80545162c411e13823d2d8ecfb3cdb7a55', 'sha3Uncles': '0x1dcc4de8dec75d7aab85b567b6ccd41ad312451b948a7413f0a142fd40d49347', 'size': '0x2311', 'stateRoot': '0x406b1828df852a1a88faa246a29045c0a63834d2499d3f44ddab0ddf8edbfe10', 'timestamp': '0x63837f16', 'totalDifficulty': '0x2c672bc', 'transactions': ['0xf6f59d44f40c30a2b33a0e75736c16f6d0f8b2ec6e7593c2cd8e16222d15e8cb', '0xb8be32e940995a66f04cbee88c912cea89d8d9d147fa14a898c1202974202c74', '0x67155ed4dd9a12f6d50d0307514d330c38f0429cceb713a50f11d96322355d55', '0xeb9888e7234bf993aeccfa2dc186e4558f0774b6d0866cdb7b10b61eb64c075f', '0x45db7839664ff701845c19791cc2b057b8cbb3970b8f888cdd3a2f95d4088075', '0x4f57fc819911288e62d90b2f15ee7cc7054b509fb35ef79926587ae0937438b2', '0x043d2f31e18f5386db6329cbbdf9ce45091d044a5886675bfd5f3f15aa5cfffb', '0x1a46ff1bccdc4b920b786f574912c3846c79a67229b861ee239ba5d04c43ac27', '0x7cd338e1a8b061572cfbe2ae005da26081aea553b0665ab003ff8fe6ddf406fd', '0x6f8eed0b7d2bee2816665b84d35adc217ece304dbd9c59f33ef90f4d00308ff0', '0xa1f3d10fdc227777cc15b9a890b53fbe91e96a9eec74f33fd3de687976b3175b', '0xe306c5c81545c63bde49e75d30cffc6e3d4b3e10311292f52488725779e0f49e', '0x3e2020b027824d4e772a18b954902bca22e434166488212914fd650d25c9191c', '0xdbcda602a18d3045def46ebcb21439074a5f86387f22d9ecea1fac419b90dcd2', '0x5ecfebcbe14d138653a7463f13eb7d275bf5bc64e2351c5e5ac7ebc0aa8dd28a', '0x98bafb816fa3601420e4f7343359573fff82e75c6b1ca818a3549495a5c520b4', '0x7c0b02ccb710ecfb1c5eeb259291478b86b856f9c199dfdd9583c08c199ee5ce', '0x1a4be9cc889db2bb44b7aaf4559b76765f0e429d0f741379c7d737557a31134a', '0xd76877ed796e8268b821461a811b7bb7544a20e4851bae262dba6e4b2de4db2c', '0x106a247eca3ae715a62425173ac21a019b1cd63f5c6a9f86250e463deb9589ab', '0x07ec480c736e4dfbed80a7a107070868ad609701a4a677844eca136d73febb73', '0x716059a68f89a1a47656c9172b632e1ce323c61ddfd61f66248dec581608e36d', '0xe7fd0fcc8b32ed44f2dc6ef005e8be53c92f975f32af84d818d92c5db07300f8', '0x5fea513888ff3e54e637387750253ffba23e31dc7ac35acf07c7a7574d6ad311', '0xb820803a59700d3a0ea8444ef50c4d336701d462f596ca3e9025850b954b4ed5', '0x930be9f5c0e675a2ab496b96f3a726204d69712889332040c6561285950b1cee', '0x983083284f4c7882831c4fb767b4d97c0b97aabb99be4770ec04305239aec9c3', '0xfa3a443fb3711098afd32ae10ca6b79b77a5541d38ad6f8b415ab54a44428e6d', '0xfb6048de2ba6cc8b38899e8c6a90c20f400d3b8ee27b87316c0d3d79eee15b08', '0xafe8d13e524c4558b8381c99f10aec158c6d84af83bef6586d938edcba816e2e', '0xda1a808d463f3413f263bfd9b64c5f82ced35e013c454599b04fd4e19bb9e139', '0x3ad4bb90f12f96addaaab115a431ef14317fd66009827255e3cd9a5ded4bd775', '0xffc0fdb7cde9a9561ae4f653b3ea15b217210176f668d327b0f42f040b796890', '0x49ce19050135dae23a1716eda3c420eaed1ff136cb8fa64615501b854f0bd974', '0xa9e656c58f94340d12b07df8b1d878151a347d0f0f4da0c5d4fe97fec15f3abf'], 'transactionsRoot': '0xfbc568493163fa242265af25e885f9a5e4c79b4dce824791a5f09f4b8fe9c17f', 'uncles': []}} (async_rpc.py:86)
2022-11-28 18:11:34 [   DEBUG] Getting response HTTP. URI: https://responsive-convincing-aura.bsc.discover.quiknode.pro/3e7f242edcfec9ca1a36ef544cee66362af95baa, Method: eth_getBlockByNumber, Response: {'jsonrpc': '2.0', 'id': 98, 'result': {'difficulty': '0x2', 'extraData': '0xd883010111846765746888676f312e31392e32856c696e757800000040fc9c6771b0b4f9342f3b0683c7f906b7d234fbd0c21eed2dcfce99edd81256f45ac3fd23498def7f0a01d15f08d1e31c9f005a731eea048945ed6809139141c99bb13300', 'gasLimit': '0x726e318', 'gasUsed': '0x188f96f', 'hash': '0x47e88fd1bc234389487da59eb7c3eb72b72a6da3e3aa4666330471dabb54cbc3', 'logsBloom': '0xd265ee4d6b41f3f0da4ee3fcb6a7395c7ab3184ee643febcf211dfe67ffb3d3607fe9bf5cdd9d34fcfc4be75d81b7db45917966687b26b3ad16e7fcfb4e63bf894f76a059fe4ccf287feef5bdbb2bfbb75fbba2bbbdf6ccff6e751bbb05b4eafe61d3aaea78686a1c5b32e7be176e9277a69b67dfd287d875a316d78efef3f21bfd3954966f93698baed9e801fb45bfee3fed4d73a61179d7d5d7bc95f9efbf0e3c7985dbdfcfffdee3bfdd722ae4fa47976edebfb865bc6abefe0f3a336da7eb9b5471e7fdf5117dbaa3235f2fbd2f36feffd1c6d2bb79d3df7ef7f6dd4f8b4c7fedcdb2c83d6bc3fb166938e1cdbf5e94fd56f5d65e5c9eed7cb1d6b0e5bee', 'miner': '0xd1d6bf74282782b0b3eb1413c901d6ecf02e8e28', 'mixHash': '0x0000000000000000000000000000000000000000000000000000000000000000', 'nonce': '0x0000000000000000', 'number': '0x1655cc2', 'parentHash': '0x9d0145226ec8bdef5f34afb543f269fb67c13d3be195da31fd3e70615cc76729', 'receiptsRoot': '0xa57661603b43590c5af46206ad6fe318e64f06a3b426ff0e71183d82f2eb6d92', 'sha3Uncles': '0x1dcc4de8dec75d7aab85b567b6ccd41ad312451b948a7413f0a142fd40d49347', 'size': '0xcd67', 'stateRoot': '0xb181809ca37645e7b311962ebc1872c83ab00863d1f72b8e82db8295c03669f2', 'timestamp': '0x63837f13', 'totalDifficulty': '0x2c672ba', 'transactions': ['0xf150330152ae7e4f7e60d80566eef314613e58cd15fd2d6b43bd07f6164ae2f2', '0xfdc9cb3124818f13aab377dffff68458fdda13e2c46147d2532730d68ba65975', '0x7ebd33334c9e6071cf1fce8fc44cbc9e6229cc568407611d37e0936184cbe6d5', '0x120c653ca33705dde1b2b614eca9396dcfc5f3c51834b97cdcc8e8aae41ae37c', '0x7623545e309900dab84f4a6654e9e1e6a5f37a75844895de7ead449242530903', '0xcffd6cbc93a113265257cdc4b8c552f3620ab362fc34bb24eefc9478aeb84233', '0x7c2defbadd839ec9c79d1e1061080e65b657cc3148e9b452e6ae0ca458f9cee0', '0x97ed75df809f0c6131fc86f952fc451904f372e1db49fa233a937a4f8608a73a', '0x3fa50e922b4f22eaaf5a3aa6900d5e65e219bdd724b72850b481e28d54fead91', '0x89df72436571b6add6beb38a727fe9ade4505d61af202991fdb311cf4d189a5d', '0xe3ae10ec6911004e6deef93924dfc02462a2638dcb3bff6cba76009ee04f2cc5', '0x5cbf15d7414d50eab1876fe3ea76231b40cd3dfaa53fe22ecad38f9546d98f33', '0x578470e4bd1c286d1b3a09e77aa7d9ae9a0db72bf118886d62ba752bd53c2fec', '0xf533c4b87fb5c0b660a0e168a6aba3cd3903d8ff9431e149f23c63e8f24933cf', '0xfd803d5c04bec0313bd45bd6f51179539636be04d94ea2bc1edabf52825af975', '0x8d2e46734281337581b9f64f15b7c04a60552914237ad13f9c750f8645baefc7', '0x264eb5c1f72129dbc563156b0ed2fb978243bca88952d01b975ab688b110109c', '0xe10a38df095a613b30c29192253e34d62692609fac6c42912ba36c15fc1efd8e', '0xf2aff4ca69847d58a9b1987d9748483928caeab91ec052195244e0a852766226', '0x769516a8cad5399a4d2dee7d3226fe517799278e51b33e3398629f0b1c760bff', '0xa05809e4d7d5a73794d7eeabe56de20b7287217941e7c9b4252061b2e920ea1a', '0xa885d356ab9bb68b7dd0bc125697b53570fb877460ade0d81c5f27041a50c2fa', '0xab17850f39ac66ff1278cae2f9c8a9c64d4dd2fc3d19142e6a16953b85fd2411', '0x2e72397e93ab0822c0c44aa75e597569ccb2a367813f6fc3a1f879561fa28557', '0x75d6fedcefa7d85aefc707307e891a599e11a3996b19a3d0852153eb50314ac7', '0x83c48f2c7f9f6801dc200d028caf59adcba8790c22e16eeb864b229f91b71eca', '0x42a9fff00e4f4678ec21bb3b7786b168470dc19de9afd7274237d60e8208ee1f', '0x7963f47a993a03a96fd4500850de6e75913af6120ff1e66f82c92e68c5a1319f', '0xf486ac8a48a0df1d10ca6bc2007b280489788b8aaee93ce75baf18d800a1d543', '0xb8e0c0588d87932e75c1437cdd65f4fb75c1dd34e205f10f0a4db6615b3189d3', '0x43ab037437f7060fb6b1807785dce910158b96628c64266fe213785f489b07a1', '0x5542352ce6cd4ccfd1abbdd4f8b7374daae49ba0794ac203bb279db0cc8a0a48', '0xcd4d12558f2fd0f128e5cede5909ab51856bc079ceec31fd8f50ecab978b4cfe', '0xbfe12ff05a2a4a169a5f173be19a5eb4635f3c8cfb8719cadd02465c2500244c', '0xefa2926413457abde2f16d22ad6898a883259b1fd47cc17b2133be20df232c27', '0x6ae3c9afdacb0193a55d2c9b7d7d4fab38f1dc9d1494e7eb2142909592913320', '0xf02ab7c85eadc7ab4888bfcaa62c67b84728ca2bf31b611bc38aae39a7f11ab3', '0x89196e9989a67c6c194c07a71825420573db11161668d1f97995423206ee5f9f', '0x62cb6ab42ed727a6d84928a2be9c42df32689f8c77efb7b8fa2aca9696af7630', '0x99e4e78303ed3d78b8504df2eaf34ca3482979601a430174dd57fbc17588cc44', '0x4211e414f1884fc1befeac535cffd92b24eefa07e1df15fec9b9767e22a250c3', '0x54fafc521a9ac840ac73939129da86c35c395660f3b3b2a119ceb2d2434ab429', '0x9b1cbb0de7c240e721ba34f3108da8d6469ac8365f5f19dfaa1e8e23613da964', '0x996d88c0dacce7479d8aee51a317f30ae9ab188b5bf7c4eae903ba906d373177', '0x01be65f833c95c61374c5a303364b2473440d878e9590193c43dbb6011d4a4fa', '0x00a72a5dc41752caf71a26edf5faf8bb7319c2eaa2d1ad93f11a18cfeafae383', '0xb8d364ecd1a85c16d3554d8bab26b65783ba008531f12437e816db24e4aaaac3', '0xaaf9cf4c8257a2a6af4ef0e4572d3995806b24e1d6b92364ad9597b3351f42ec', '0xa2006347732abbb5171b81986092482255da661f47b4352b93104b9aef05371c', '0xc9f7dbca1cbb3df6bc0da7426ac97f576a8a58a4e6c2f484c02e25c70e6f1eab', '0xa70dc13637903485e6ef75b69311b2f5d64b94f5348acaf2a89f22cef7706363', '0xb9053de6d4724eee4fbc7b0d70838e9d787a51ee9a43bb1e39ee7696c3b2e107', '0x5f57e0c7a13c7af2d4c90b7caf5510b3d01e96e00abeb1ec326c375d056254fb', '0x8052096e371fdc130f497c7e86f062bde3821e2e2816063e7d4f95ccd1343a9d', '0xf3c54c424e646b2b1e9706a009f5605690f8dace9528f10d784abbaf7ac19c10', '0xf59d90cf5f93549d0acacf3112d56cb5a15854e3d56c9545f09e7522a17ee5e2', '0x786f8f5643e48cdcefefba36e47be9e8d8004a18ab235c64c34f183ed23f54d6', '0x4d0adbf34433ca95a3d68881da28c9e24ab212f336435234fbd4ca56ef41010a', '0x67ba78a68b43c6a85e7a87463e6e55bf66e5466fb11f550c9b30559da510f33b', '0xe14b6e3fef8ec59a1e4b5c7c50c60fdbac643970d2fbdf2a25fb1fe41a9ff400', '0xe60629043df508af661a12fa42a20b86ca080b3ed1ed8454feca2a47ff2cf17d', '0x7c000cb5bf04e0097f36a597832aab1555317d6db48c367c3ff94548a29d52cb', '0xbcedefd0e63b1a9c7ec5ac200ab24e5d147d6bc93100095752dd30dc5b0ec584', '0x9ff404dbb32662f487eeed37b69d0936ab2083f31201b16624ae8b508fce31ae', '0x00b0078e2a7dfbf6fdc8e5c6f3413322bcc987efc4ef92f2ddfee18a10549847', '0x11f39719830751769caecf3ef52f0ef849a1ebbb11a6420216c8592dce94f416', '0x33b379e6b3c250f99ec0aca4321e6b90498abce80ac71ee31d07c14a43913104', '0x59987109c19412bfbb09e5fe9b2ea59fdaa91d39a3edc61702bd5b1a0e3b1855', '0xb49711c6947c9e96e71d8332c5bad326788f9dc12e86b9962d87d96d61728c2f', '0xda2290b53d9cafec27040d146d677a34508c4ca9a00a7e827969a51555861511', '0x96ed2baa05fcf69939048e443e35de7d66e3ed65711dae30a91b157318b156b7', '0xe597f12cec37d7668a2ce162093670ce180acc7c27fe3592ff1bb96030fc3bee', '0x6b6b8df3fcb1173f99e7dab2e738a12c7bb292f40ae72dbe43464ddf13e7d86c', '0x8b4e744142c6613f6bfac48c7f4d1bbcbeaea763f64c3caa93d9c607ac69dcf5', '0x6742c4bab35bba87a758421239d6449cced87e8e51eb7015db6d1db82c8f39e7', '0xd93903542a3941332690ef43eadf869a167eb449c853057eec9a870a6deacd19', '0x629a60e21298a9ab10470d83ec5f2d462c702f207e6de874ae9cf6563a0dbec1', '0x1609df66b867b3db2bf1565d447597fe27073cfc2fa22cec67f1803dc6ee4927', '0xfea8ace43230c4255cd88eea1870cf425930f0128ec3f5cc0aaa0f1e9dbc070e', '0x39b87a8518cec68807d58540ae6d104ebe1e0634730911c3ead5d482c50186ff', '0x03fc187daf6277b113f29e580b5546cd005f29691c2feb6e099ca0c53c7d20fa', '0xb04b631053d65fa87254e186d0a13394eb9c7ea6daba37d437e21315616fe76c', '0x7a6264bbc4475b63bf198be926dfc890a402e5098d4137d282ebb0e5d616e971', '0xf55950fa0dae3189be876cf8a7909452dec909432675c2fbe2063e78cf3b6eb9', '0xd3accd5d344401ac53f9fc9cd3b7139ccf3cd5a0d6f21796f47303b71d067c00', '0x25fe3def08d5e050ce0e1a1f66fa426186fe1a1bce7216b39885f28369e55d93', '0xe275907412241c8afa706b6f6cb1fe7e1de2e18a54625be66ad0551f785847ca', '0x7f85d62021583503029d98d59e40df0f548111c8dc0cd12cf305e314c8156abd', '0xa830ca2ddacc27f69e929b6ad296296805bb20b29300a1d8bdf1a194533e6c0f', '0xd674a6ea64222de77c97b0da57b58764a30de1370259c43fba313116c03f06de', '0xb96e2fb625804660a8c6fc329e6d7750da20cf28fe7774a8dd82629e5b2204f9', '0xd66b2b0ad1018a8a304c5a487344314ee247c744b5dbe0faea1a6eb428c83679', '0x76be5bc5020d7980f954743b1322f7e12fb12c03513d47114701cc07bd62ec16', '0x6912c4ab5571da62c04ed283654c748c90049f8b8fe3a979d824b286603a19d4', '0xa2d27eabab88c85a914d31808b49b1bbe4b49dce3868b4aadedbe012fd299bb2', '0x0eb46691d326c4d9e3f35cf31d13478387f68282e951f4d9fc0c5e4b3459c3ed', '0x7dfac4d81da865e179d1e05324be87b14223d49fb76e8a12bce2c7ed61c08017', '0xd373968e23f9806de804fcd0c361721e9379d910feb68a4410505a07d5c16aa4', '0x70c2cbb2e59ebaa7ba45f5463d547638982a5472db60c7ee5eb274a685a29569', '0xffb6f1ed6b0310fec1b0cb604dbe5f670d21ce49c7bffdd9d8b352c77ff82804', '0x6e99eb77ffbc8f243c9b04c9f1ff91b00d63c05faf0248e7eace0cec7bc281ac', '0xf737466ccd0d5498448be29b9a9541310425d4a4c56938466ed76c1502c007d0', '0x93ff4877d225cfd0ebcf25a7cb50599208c8b3fe92f836521219bd45e8999ce7', '0xf2d28fa8bd907a8cd1453c6c4e1c0e0bc0810fd017f4ccfc3478be3ce583f8da', '0x0ea03f96ab58e5e5ec4bda938b2d8df4ebe90460bfdba0fddd6eea3dbb50062e', '0x8e4556229e3e130acfc2bb51387837d2e91e1ee353c6010e3aeebcb5ce7ba8a5', '0xa9bb26466d7b46773a8d8a395fa9096eba2c7f5d83db9d32dbb0bc84ec45ded5', '0xdb56dffb286cfc4e7741b90d75d9d05b663e52cdd17f7a392d7a386260ac90e4', '0xfe94d12c0c73a918305498a6292778a2ce708f2ee2f85e0562c2ee85e887dce3', '0x90ca293764c10c9d5c2142b8bbbdda23ca8c133f674426206e359cf96b77f3ff', '0xe38f6ff1a58954b0086bb26e79d8cdeb17464e3bb719e545d884f0ba2369deb7', '0x48513030369000c78079da8d77603938a61580e26c8fe9397395b9cdc66a6814', '0xd7caf34bc42e433d1137cc75e5d559a8d709b53d9fcb408e827a9edd045feb30', '0x7ffa0bac141a4d7ce2bf9e6413733b67edb49f105ccbdee9de56d3f1900cac42', '0x99900d0faa81989b5ce3e39511dd7251bf1448b130bd526ef980c68b2cf4bfdf', '0xac89d9a163b11aa36b19e3ce8b718088dfb13a10d97f86f90c9842a4452be74a', '0xb4166445649db3d996da01531000766188cc0ab19017fe333c99d236cdf89daa', '0xa4c7fcfb0a82da1e355fb34d616fea473a6ac45cc0d8189e2773d366b910bd77', '0x3c8c9ce33fb68d070be50821ea7ee3521bc8a493b1c5e668420a05bf69647ca4', '0x33b5d382ce0aab6b80ce49b07ddc0a4fea4ffb9e5dc0099d9ba7e99a916b485c', '0x4025f00c822c6657e4788765bc00220fe9201b2236809e5821c46efb8348738e', '0x966b0f9a6ea0d63d849f7ed39fa16b18ff93f34428fee54c27b04508d23fc881', '0xb11eaaaaf3b25f48cb63fb97d3d3dfa17fe90cfc6789bf4cc788ada37661f20b', '0x79dbf8496532b02a2ab557fc2d11792f5bc338ed4b1b3a3a957f725ed6f19f9a', '0xaa52c2a019dc74918bdc04aa77657afaa38d0ea7b736fb9d48569acc28a631ff', '0x41faa5861ff5e265e94a95f4a6324d15956d65634d5e1bc124fbff5f03455d51', '0x98dade2d509e9ea58c188e0ad02d7ab6fd9dbfcd0fe5bb9cf794aa2c3e93ecd4', '0xed84e50e6774f2485b707186993961fda4a5e7acd16e8fede522c0b69ef1c6e2', '0x1204b05e3d32316998eac55193dbab5c32d562f8de8f30eade409e9129123bd2', '0x2d3a70fdce67198962cdf3140d3ba9b480c9a59c0c0ab6b29249577df570eb5e', '0xebe44b09c7818fdba221101ebfd71976b22e6a99da2b8350d307463ea3dce086', '0x34be551df17ae3dd08a14d570d0b7506dff3ea2be03af28fc4af226cbfe0f81d', '0xfbeb5b235d4924fcd7c691ef40ad5feb2130f4f7ac4d967dd03a3b6ebdeb53a3', '0xf3767664a0c19737422683ade07e6d45b88101813fe59ca8bbf3f7399d677584', '0x438753ec1f57072b5854665e7d4bb2c68c22063270f3c2e37521d353cbc5a59b', '0xa72f06f7086fc9af730d18e5da3c0c616944fc49fedae7d750fcb1bb2ca6b887', '0x6d29cbcfa647e997bdd07f539cb015b7adfa16b8bdcc6d1b3dd0c7d97c4d04a5', '0xa91a2c43d44b035ec0c346fdbe9147b2b4b04141667c6ebe1714369ed7eb6863', '0xdf88ce87e34d7be7cf1953742f4b9e97f886bc6a56ed477e8c2c8037092e6440', '0x2e80a4baf67ed113f4659bd7d4fe7b4f5a35d510f778391e0a6c05d37c6677c6', '0x5e92382ae47c326bfa05c960e577306fbb772c4552b62bff50a2bf6305cbeb30', '0x1e513f919d6ea5240916e8e1a0ec606d4b206312a52f5f0b8032e39ac1731b05', '0x50160117fff69f4c7bef5ab20aa2786419fcc172770446b84254988847fcee4e', '0x4a6fa6adeaabbe72c7b025194b3e35504f7f149da8767032bbe58fc654bdb46e', '0x3bc1a1bb9ed9777140ec3fa9d6ccea0d74b2d3b8e48928c93caef5f7fdb3c9fb', '0x0f49eb276a1993640eea1591afba6ce4a2bf8752abb054af688c5fd530360a8f', '0x1ad9e42bd9eb11c6d90a0c497ff24c04b6253246df0863a58247b2f9cc5b0acb', '0x27a2a05658571aa5cb43d5a02abd0935b45d49367c220fc79e8222d7c48ffbbe', '0x71f94889585635f79f444a6bcb4ba77838d9e51657cf03bf96766c34940a75e0', '0xf4e9a7a2114820e502164f1507a1067099ef10fa6da14f78cf8551148ff45c0b', '0xe74690b9c58d1b181c27789e859c99351c2903454ce11acf06a2f0933fad50d8', '0x7413761a4a17298bff3249285170aa4f2c504bee0e6bb64ceb4356c7afe4a4b3', '0x58d39c206b102ae0554def7b5a44b9a8dd2c92e50f75f3a5270e2d963ba9ecd7', '0xcd5c3fa09428b5ebeeeef1b6cbe659594b6b4bb999d7be0743c84eccb54f64be', '0x00689a2916043ed7e263fbeb7f8974b5e2d89215f906d309de0e4b2aa7603d5c', '0xc0bf0c14640df0188893fbb606140a46d9018e50127c1b1cb6025999640a5cd0', '0x7387b4ce8c91e0c58cb3defa001ca4d784be0b566d5fd066cf4c33b677147b0a', '0x9192f24244cc3acfd312e2ae651a927abce74f4015692fba019aa3d1ab2bad63', '0xb3081a203c2ca242b7acdc6ed0482e8a197b5167450f9172ef58d0313cff8a4f', '0xc4aafe044e136a8f71973c539ccda13057c6dc2b314d7fb399db42e4d81b6ca6', '0xedacbb5b25f6768d061d49f06bd661de19d7b50c1d8b13a56d8d675045c03c81', '0xb29ebf652c1a6c8033a164852e7767a461b0eb02a4c825d63cfaae086b6bf82d', '0x9deacfc1b91d526fc33c7938371c6d3108c558b3ad98f4f900504d52cf89ca96', '0x32faa2cb1fab3b525603b23b76ea3401a7ca11f8c4c6381cc99501af4729faf9', '0x63b664797dca9bc117607750f48260abbb39501f7e87f1ce588ae5396977f938', '0x8734390eddeeb1ae44f5667bf3b8ce72bef0eb55cb3ed36f5995ff98567cb442', '0x8c342c0ff852f8c6f72fe0e75481e7b7963a57b00e4857352bdc4fe34e79c90a', '0x5f7e194dd1860e2229c14a6849940825f2e6caa362ce6aa1225aece416338d8b', '0xa63a06a4b81e726a03b2db2d8c7f5554238887811c9bcbe0f59b1c7998ba3a85', '0x3264c77850f22174206a8becea4c2b516f7fed98f77a4ab2888add5419219c6e', '0xce21e172f23cd8131d0e0f7e005e2fe14344c544b917bcf7de4d8694d8eb8965', '0x70b9fe330e61f268e38ead790c19c721efb49e6e302feb1955e52b79f10cdc11', '0xf7d144f5bc6569b6c2fa9ff9fa3a10b4bb4b50110067b7683e53dbc7d338cad1', '0xfbb2e232c5ec8eb682feae0c14c8ec196e9aea30fb1a1ce1457d2a09c54e1022', '0x3a8b7eaf4e7d8cfea1281b256e5417250ca896cd01d07be8ce053985a802ef5f', '0x3c61114b4bad79ac3962d9a63e18d8bc90230ccaaec151d5f7000822e0e2e2fc', '0x17f51428ddb68ac792edf64045bfe5565b58db453e2e8115a9b97f8f8f3ca66c', '0xa7a1950cb0d2fe1dd92566dbbf834e2daa1a5e84e53fa0429dc2398345dbaa1a', '0xe35f2c7a7681cb95073eecad5c6c46484f8ffcd1d4e08ea76639c4089511269e', '0x40dd7d76f3f05cbfdb0981da634e98aad32f430d313da5a17643aa2b05448e81', '0xa9a5e5089fde39b057be8086053966e8da25dd89435a66136871573b633d3455', '0x0831d12ece450bebb69fbb9365161c6238fefd801ae6b726c7932239c12fb1a4', '0xfd6378792967dccd2df4e9ceb737f54fd10e5637bd451796def8e240b6433462', '0xe828287ae633ddefc650128e7088764c39d1c05f0f1f328ef5f9e9fe6be0685e', '0xbbaa99702f1c36aa82577e6f988a4e104b89cceb4a24d952909684c2cd631b85', '0x9a15ba2832bbcd36f7f159bca8c1f9a1468756e80019f847facdcbe9a90d0a50', '0x29314ab52610a40e54f5e6f53a639a2384fbb01f6c496c558c65b530305940a8', '0x10bc227ff565f205c2e7106f77e46a521877b64a9283afcba93840ced8d7decf', '0xe1e0cff72003738ce4f0126b07a1916a31bb420574a549fc571d89e2e7f86093', '0x75079752d29c8692552bf0d1fbfcc7c9344df72ee5398c4ef35d2102bb708af7', '0x22a1a89587600beb5df73f1e1468302e23b5876d18b3bd7888aedb446e6be2ce', '0x73a5e6f2127533667b36d6611436b3c809c427273e0591dd39eaf1fad7be4ecb', '0x800c0da38dba9055c11ab672939c5d40f278063aedcda9303880a3280f49efbe', '0x62de17b96d84081faf3282a6e2c28899fd0472cbc37f553e4e0535de7d1e0c0f', '0x77849cf1af4c0f722e374c14dbe614f5e3fb8897b10748c5cd48abf4a7dfee11', '0x943435d5a18a8f4d1be96089a5537f35b9abe28264285a4114cc012a100ff84f', '0x6505583694ba1d528053a5cb9bc766cd825ae638ad7e0b9873aa0ecdbdeac93b', '0xfa18806af3fcf708517faf8e38eb13f57b77ba8162eb1367eb3f875ca26d42df', '0x67a4253a94afa394299c7d28585ae35e268b91aecaa1b17614daaa80f8395fb6', '0x117ea813059e34720c409a7cbcdcde5e5b159e55eefe61b447f08cebb3eea38d', '0x66358248bf5e3ad3b642204c8bd9781dee3d7601f3107ecf5f92cbbfde5760b9', '0xced2db22f9d3b21c4a84cab826049790ed0c2414e262abdbb129c6cdd3a75daf', '0x5244817580038d40e4765fe9052bf11289c6fe07ea2f64c79c96b582236c6979', '0xad6177176600aa2dd4984ed320476a41e0da33c559c239d59456d6f0d92b1e3b', '0xdea7c7d8d648ec6f597643f6cdd064fabd9c1260ea1b03a8088200ddb54fc281', '0x6dfdff18172c292956b558e1fa00042c2ca5e3dadcdfa18aa1bca2fd5f785efb', '0x3cb5090c87d4f123f32c19772a16c8c6d8c1e98b9d17a79455b14d18c932d503', '0x5e3bfbcc54438c62922f11973ca1d60e0b34ef7314668d541bcaa22f0c11216f', '0xa86bf47a72e635f0a7ae1876d0af0546f3781fdbeb61220cbcbd0d79de33b248', '0x6b2c0981f0f23ee0acd6f448c59b6e310ffbbde185b0ca8e2ac3ca60286d1ce1', '0xe862076a4ee9506eef9b5c6fcb43b0529496faabaeeabaa301405ea34b5bc9ce', '0x84c460d50034a47141441bb5a64f11552d202fc94b022af5ff2a4adb3521e975', '0xbd55ebe3a9fd4d1524689f5172bcef58472a83993af2917dc6c09d1409856a50', '0x6b116fa580fec29a03ea60f01274787329ea742895b0cb59cdfb405dc5f10d26', '0x7ca08384773f21a57d0e24d1c6a877f905d7c1e078182e8fbce07d28ed32279c', '0xe1f506d64578dd48b4651f067ccf8437778e747d65e9d74acf5b8f7e8a6de41e', '0x5b2e6a68b6bb7479e40b8bde8fb907f72345214f941334e358c4f3baf3e78f9c', '0x0878a01a4c11c92e284c9d3bfce08e21baa02b8ae248ec8b4b3fc1f450024a34', '0xea3de4dff759cee346350a8cba2aecdaf0270ea9d730f56b8b21d74c012a36d9', '0xc532819e5682a1694accde7ea23fc3b0299b88f820b6210442988557decaf94e', '0x128ccb8fac8b26209667d88507d2b1f5ed9940205b9d7adb63f6db347e5bcf80', '0xf1f75c96474622bcc2ada5b1d8fdffe2e85079106f6a647578c48bd4486b911e', '0x9c23525f130a3999ceafb80fe3b2ee4c5661dc559aa66f972540f7c87b12b677', '0x4d0c6e19b601692e98ae5d0fa173d06fd7aa7340836b5abd3e40e04807bbc9f2', '0x02660335187f886c0baccb07aa61d0dcce9fde14329bbed2f792a2a406f2d77f', '0x728c222b1c6e9799dc6753eaf766ce496ae8d51a5e2eb48764e6d0e84aad9726', '0x7e7ab156e66b6d25e43c97aa50de8920a464696898010c180b17887b330a5687', '0x54078e05ac122879a6f77ab0f1deb52167f8e5b0943b91ef260403c691f8a880', '0x467a88f54f92aeccbc1ae9e6f27370a9faf145a921ca6f681367ff0bf185e602', '0xd96cd1a9cdacbd364936b83c8219e005bfb5d4624878ddf3d81bba687b6ea4ac', '0xf4bc7c3fa30f5ccea9be61d29488a5b0e0fb807029941dbbf085918ec17e2862', '0x66cf1e4bad2c7c6329cd797b38e9fd29c8ce80762d9d6aa156e0fa0c97608c4b', '0x163289242d3799e732728f12ff02ac2620643cd119bfd3de43a5eaccfc500b64', '0x0fe5724d6478779c403eb08a85689bd4778479e3e7f6d4976bb8b8b067b95580', '0x3498b5011c752e11504717efc1e2e6da464b8776a8923da05550a4d3df59e071', '0x114c508bcbe87f5a76de9282a9fd183d94e1372e7fe532b467d3fa7cc3e934b9', '0x3043fb0b56974ac8974852ab3a7659d965d23fc6752934a788e543fbc03becba', '0x368acf2d54249b4f50ed70c602bc8b765f919302a7b202ed5d4f01ec0c19ecee', '0x1952dc05d5ab55a1fe755d85b627375d3dfb33fa9c797ba7d6510c47f0ec76c9', '0x00518398ec51ba52a7570a8f4cbc73b94d885033e54a64ae13585de40769d2d4', '0x0cc4472fe9278616770772709f54124401fbe91ae11e8ad6690c1e0ac9bdc978', '0xa9346c323ad3ac9f2ae1458ea821cee32f538f5bb6081482a8f2980eb9b41520', '0xafdcce1d769846a570c4e1089e9424b7a6e6c34d052304d1513fa26f0826b671', '0x702f3efda515ea76a766026efffa0c73b04a2c39d2632116a4ce3df252ec9f14', '0x2ac729ff310f3857cb44274a3d235d4c7463209b08ea0489d905bd43d33e9fa8', '0x2b4248c11232a5344e599872ea72559aa970d40698170e284df3e4327e63b0c2', '0x02c9bb5a7a3d8eb6bdc8057a7e770227a1570d6ff4041a947194f2f42e53c544', '0x4dbfda04ebcaac677a5aa43d8b2770f65a892fafd8a7f2f6761360bf7ac7778d', '0x32e9888c00bb2afb1c70139e07e7373f577d1b6652cca4f940292a6856f5d2a3', '0xbe36371a403924a6fdd2864d6ac572bdd6c126f9ff0d2a58041f3b92ef1cc51d', '0x3d24c013c1a376922d05b1f8a1983a3c451a23fd9749800b478823759f6a5498'], 'transactionsRoot': '0x0618a4e4efac69b6266063b55efc2f5afbbe8401a4163d4ba9348a0540230886', 'uncles': []}} (async_rpc.py:86)
2022-11-28 18:11:34 [   DEBUG] Getting response HTTP. URI: https://responsive-convincing-aura.bsc.discover.quiknode.pro/3e7f242edcfec9ca1a36ef544cee66362af95baa, Method: eth_getBlockByNumber, Response: {'jsonrpc': '2.0', 'id': 90, 'result': {'difficulty': '0x2', 'extraData': '0xd883010111846765746888676f312e31392e32856c696e757800000040fc9c673e05a9032a28a69663b6b89ae261868502cc91dc863f145b710850c93da5df340a0f685b4c97b617cc2404e35019d8b73f913939fbdd005086d97892a8439fcb01', 'gasLimit': '0x7355c0c', 'gasUsed': '0x16fd68a', 'hash': '0xfbda05ef7eee5b0b85fee5e88c1e7b7980eab74baa5c33155940c36a48a4545d', 'logsBloom': '0x8debbf1bdf7c7d7afdcdfd6ffd43fd45fecef1cedf65df8cbc39ae6e8e74fb2b4dd6d2d9aebadeebffd06dffc5654b7bcc2ee713af2f313f41cc77e7fea733dfc6fde4fca05b671bc37bcfa9cba2b93efcdbeef8757fdb7adc8c5893f84b0798435d9b6de7b705d9f64f7ff98818cb769fd3bbdd9dcbdcc23ee7faf7ff7b2f9bfbd3b79ffead7773fd9fdf1cf056daa5f5afcdb5fe1a9fe8257ffaf399f8bfb09749497b7b9c92782f7af6bb0bef2cfdffe5582779b2cbd9275cf17f1553daff7b427dafb50d7f47f7a2ef11a7b77e63effeb9524d797f73bb833e7ebf39f1f378f4ff91defcff7c794eddfbc7c4fc405bfe065ecec59f432422f9dfbbe65f79', 'miner': '0x72b61c6014342d914470ec7ac2975be345796c2b', 'mixHash': '0x0000000000000000000000000000000000000000000000000000000000000000', 'nonce': '0x0000000000000000', 'number': '0x1655cba', 'parentHash': '0x5d1510f75204ca6f84efe57fa5cdcc03281ad7385f368821a0b73160049e8e58', 'receiptsRoot': '0x09aec9656fc26295703d6d0cb86f98c4ecc267799befe837b2b1419d99255c81', 'sha3Uncles': '0x1dcc4de8dec75d7aab85b567b6ccd41ad312451b948a7413f0a142fd40d49347', 'size': '0xd887', 'stateRoot': '0xf9caa4c25687d1cb66b2fddc622ff4f4c99c39c4269d8fbab30640a00f8f7675', 'timestamp': '0x63837efb', 'totalDifficulty': '0x2c672aa', 'transactions': ['0x9c2ec27ed9ea07f7821ba085a140bf5ca6d854fba0023f4db32bacf892adce44', '0x94da6e6113098bf4bec3444c0bfc344a3da5a61413e20d473b1d1eb04d8f4d6e', '0x7bb95abd886968a0750e916035073d846bf45a408ad94cbd3dd7e40830f6301c', '0xfdfee9604a0ec7a709928c0000d94bc5129f49d0bcd4aa09f81c584b1b18f119', '0x81b463178f1af8e55525547c752bffaddc5ad6bb5e75a4c187a9ea39f4724ecd', '0x70c9f8273eb836f95893281b3b00b4622712a02a6962bc52db5db06c12b60e11', '0x8fdec1f0a7ff2151068a5e7e674a0957a1338f00cd1d7219a61e63bc38cf07a0', '0x9d47e8344fe169d719b2ad864be7b9ac65eaf4aa53b8dff71e8422b2485f17a8', '0x8f77f63b68729860be56faa06c7a21a11f8d70a72ad7676d4500bce087ee6497', '0xce2da3d6fabbdd03d1e98d631794bd9299d7e7ebc38f8ff73cde114bf88bc127', '0x97741d94c3d192f0d916f7963ca641024199d6e45b8c045f20a663d64abda90b', '0x33467de89e65d8d18c2560596e0f4450cf74bc9259aa7cf6e0aeb94841b169d7', '0x902c1fd312a214b0305dbb1d122db4b4f929b4089d4aeddceef65220484867aa', '0x34b452c9b954eb5a38620223241c857f1c9a26de51d6310032520b9cf9eddadd', '0x667af691535411fb36bfe1924e01557643a66810ee19b65f39dcf4d5cfd1f8c6', '0xcdddfacff806934d567eb775b4b6d5db8a85013a049e670fd81f3aafc1a8d5a0', '0xe938a017149fe0e58f1defc526265afb5f691f7de6545039b8f70ac9889e242f', '0x2b36ebe6cee3a8b5e3f00ce27d04e153903dea3a6159b0abd1352fa88b9ca29c', '0x1554250903ab4b813d080143cc5c5c416a58cfecb1d0a6302d8c86b90670ca0e', '0x5b27322fc57d6bf3cda1fef855e63f0a41cefc57afcb14a336ff7f0e8f6fb248', '0x7dc3d877c677f090a01e654ac370d0273482f550b68d8096af8d440e6a88ab9a', '0xc80143abee784b36262b3bfa994184d758151a2ec7425e822f857d82110ac27e', '0xe6745a3d9b1a59e8fba0d2487bc53cf05f42b9ababcfba65e5436d9cab04eb9a', '0xcd8ea619b31c5163aa5a577cf1c1cc81de4751d5387da9a2f5fef37f51abe4ef', '0x549bae0d2933cbb149fd748e6757a2c5ff717ec49c0a4ba906ab7317dc84a0a8', '0x4ee20dab04c9bad3b101dbf05f5faa33af26089d0534cb09bd4f692a3cc881b3', '0x4cb9922ec5c1e72e723e08f469c007d96a5bc692cb90c5b67da2af5c7b5ba0a0', '0xb508c615b3da89f4baeb05f7660828463525fb0d775a2558190b9c56e1bdb7b3', '0xe66338ec6f11ee239b4d4033073f9edfd2ddaa42cd4f6dfa9031ae36a7ffe0be', '0x9b76eef835758ed525a1a8f5ec8c252559c5a0b2e34ad4e6e51e3890836d4696', '0x4340302433714627cca01f3cdb3363b12869ea38daf61348996953bae9329fd9', '0x4ad62fc2a80fb2a9c747fb2e56dc2ed79cd6fd30feb3b1c042132ad23558577c', '0xc8dfcac6ffab50ae76978d22dbe9ef03d94165acaf05fbb156b23a6a600038d9', '0x04dc20ebf6a65364b763fe50a60ff373e0376ffcd647933a71b92e45ef198e36', '0x80c3272c0716a0fe4766188049dfadb4080b68ab3a2bda4263d2eb1dffe47e42', '0x7aa016eb24fcc0876ae46ae39a38b7a0d1fd360da462814bf92ef4fe6cf11b90', '0xf5909770b96868dd63bae7e18b3e28d87f4cf1495ec209eee3343be5164c96e1', '0x19bff95710a545248180df6c848f2802f905b0668d618f1ef5334cf62469cbf2', '0xe3f8993473bc64a977dedd3ab3bee745521e943dd8929cb25323155f3084fe9e', '0xebccdea49169a0b9415cea78c724975ad0863a4d5f9fb5154e240512e4bf2106', '0xe8028c3d5889d07752a19b62e1fae458411b3a6ffa42c9b7fc26b296c3b188da', '0x3c783ba7a7a43237e57c31b6c4f1a13e6204fa38f923d341194def9eeb73349c', '0xf576fe14eae854ed61a82a7fccf4a51eac7513851aad74efe6b7ad6c1368d396', '0xdb9c0736374ba1d4a8e00f6cc95dc246f141b6028bad6524a5396abc0eaab669', '0xd29aa5f71aca4458598f9000b5fdc346ee461105f5e9d8a2b0b3659519349a40', '0x13b3ea88178ff16a25de25653d632f9d7651a74c70bfb6ea319843596e362e39', '0xcb7efab2ee6a910b5636f3585b850c63fa67b3d56fa3c015ae651ea77644be4b', '0x19a27b65a2ccf84381df7d49b86744b5c14a49ccef83cbb22bd1e10c655e38ae', '0x4aa97fdb12dee072281317cdb5cabd6a77b3a577baafd525c2434bf5a2964e02', '0xbe8c840b4492bfe38089620facc3f9228e55ec568811d66208b998d2b322dab6', '0x256ed9bf9d3a587e90a40dcb9e51540354883580cbb975e7ba1ae571097807f2', '0x1d0c6dc6018240026d976380aa136995a5f41ac31868659092be7d0de66e3a2b', '0x8afe537652258f51f14cbd7572541aeab7637e4daff07ae6423ba5b83c4262b6', '0xf62baaafdb88bb872459de4d6f139c1ff471fb002fae4e3f03fe1d152af0694a', '0x803b0ce49539fa7248b2b4b8e26c530efc215033d4328039feeb7eb4fee7cb28', '0xc1e2eb0676c560ab58e82ef8df0d204862209f998b05f3e510ada4df49aa647b', '0xd84bdbe698db48f2467aa44b966a5913992f27d9131e48563b764125c8364394', '0xaeadffa88f77630cc149557e0cc2fa1d020ac9f927f0c467fa2025e5ab1c53a3', '0xb8ad7f99c2783aae30c2d0f0631ae65e6ade9a38abd35f490616895936c1face', '0x3c45e48c7db62ef112e0ff443e804b57f40fa13ce46934fcdecbcf16d669c07f', '0x6a8bbe8caa84fe85629ed137f3cf50afd5eae2c71d369fd58903626ac23873a8', '0x912ffa3df529aaa3a7ee714453565511580dde5e46e52b3a7e54e9254f9f3aa3', '0xaec73623ee555e04beda27f6da9c9a3e69334f04d8651b1b81510d6ed3294b29', '0x30bd9d1e4ac68811fa5407a53f72a45322223dd610eefcbd6f0fcbb51c131a79', '0x276b652693d34f39f4ff5d8de4a7ea4447bc67807f571ed8dd0e025a79cb0c00', '0xb051460ea98a25328cae04922a2b6dc99db53ad34bbccf28caec26a5641cf949', '0x4a345b6c304e5900e05ca589b5e8e603e4c3a6024e9eaf2d35ffe1349cd7e91e', '0xaff4cec20c03afb3d4ff3473534b3d68201f895c9e4eb3229b30f506b55ea3a2', '0xc292e7256bc720c16d354a15c095c04aafefbd032dabf42c5392cfd2f3a3c0af', '0x1c0f20e3a59e8eece231836cd41d9d82ea77e69bb76d8a3fca90c87ef0722264', '0xfd51d1e121986ba99b4f06d9cafb131d23f6918e4d0d205b0992ddea738f216c', '0x8de0c367060a638fa93d526464c7d1d584d386c10ff28f9f4b64021eb05132ae', '0x5cc4cd5aa8711ac5dd3aae7d144127dd0b6b73ac43946b6002bf220db5455b99', '0x3cc7169fb5f4ac649da88783ef62062e1dfe599ef3acd179b48c7f6f09e572e1', '0xd86e1944248bddb945abe09b528baff2462556fdd8492b711971778c56c010e2', '0xbcc9cf0eff703b37a670abd528b1d6ec74d61a64d248aedab0d42fdef47a4999', '0x3cb8bc63bc9fb410c2096e0988f92b293b3053c45f81d2694aabba211109d3e4', '0x1a182559a6aaae5436e3b4258551c4b61fb2b6ae3eb7ed80b071272293da2f01', '0xceda80dba1ab4afbb6d07f752d8ed4f49411e70e90bf9987e8e0aa242adaebab', '0x2206e274249065dc9610891c3fed5aaf079c96356959ddc42e0df295e979750f', '0x4335253938f9fcc5a2a0eb0501e17bc05c507db8fccf1a0580e6801269e0a7b7', '0xc97aa799f899e4107f39a2360b697e3cfa53c1412db1f1055de97d1fa02735bb', '0x5df8acc4636b3810643ea64bcccd1ff68f4e9b770b8fe2ac8de0291f9f3792b6', '0x83898e36c085df8e2e44fd04bcef880497e21c664362add967ada06a61e535b5', '0x3d0df889f397f9742e6a096efbc425a49c730f29ae72eb883c51765a2a98a3d1', '0xa87b1d8a63d127b3ca9cb3da2c58102abe4ece43c4017a43af2f96e1d90367bf', '0xb4f421784c6a070b57dd32fae6d46dee08070087935bdf4a653a3e16109a18b7', '0xbd1fcb25bf87fb76991ca808818b2418b563cdb7417a06840a5c29886a37a090', '0x8e87821dcacb3dd20e02137a294df85391ab31f19e2af4e4e6740ce571195a5e', '0x1741b2e0ecde172fe190a38a229573c4cafdbd5ab69d3295e25c6832c4384ee1', '0x299b6dce1b1458293a293b0615562cfe299bb4de8e4e3e40e5a9d076472f1847', '0x5164125129da58527f268e51597bba70d2a695eaff90061e7ec648bc46195891', '0xa9a7de56d560c7c8dda11b9598866c16a62a2dbcffc0c5401a3345a54c94c385', '0x39ce381b18f5a7111f9aeb8e330fead5770618304534bb1a8c417b055119577f', '0x98f4bed8713af5213ab07b9741ea90a88c608bc47c410fc849ef5760a3c9c938', '0x04eae1d39401ebbd9a71792226678b35e83f132de7ef4ba187ef6b2ebc3e7749', '0x0822854c3e07cbe54f3a71a577c1340491fcb51afd51e729d164979a692de057', '0xbea1d767f941713a67de8203e3c64e9099eb1c32d899e34bce893a390be2dcab', '0x6eea92bababa2e9a411eda6af985ab869e27cb56b6d5ce00ab072b3df2d5185f', '0x14f23d4a857473819a9f2c46b085d4e6f06617687597566a2914329094d4edab', '0xc99ca9c2903db7d16c9b27e9ec822197b4e86bb979da74f313985197ea0440d7', '0x85e96e16ee91c26b37e133925b26585500f971be30f0ce8b89be92c807ffbfd0', '0x5f7999756e17bf53a6bd494c2bd33cff8106c014b37dd320a8a8aa5a0339f0d1', '0x688dcc1f3c74b13167c16746c9a6124e64d008b6a37af123bb1d0582116f8320', '0x8d4d875bc02c12f9cec17d1086a90090d84b7f13381744cb24b4284f22277ed9', '0x06aa2b0148941d88c72979a793509da25573ba629dcf3cd70a0fc79fd30fccad', '0x2c379de30980ae5efb9ed627e5274af4e95e507a01905d9ef0a7dfb58aca7da5', '0x2662a6872c869da18a9364d88fdc920a4118e2f27c1de4d53b2fd57a5ee63514', '0xce8a8644a2895ce3d64b4c4d2faac5ee56cdb112c69eec4fca114eae3125cfe3', '0xc9ba4ef56a648654ade4a6649c7d35cc67bf04e1060969ee629378e79dff918d', '0x96b118c47b4822671d71e0ca15aa885e9db2fe62862bb20d181d12204c95dbf2', '0x8e53d9a829f599650339cc2cf8cb64bfe8bbc5dbe3ec70d5370ca9ffa19d866e', '0x2f8d438c8561d72e56a2ff021d88318a6aacf37ae6e65947c18dd0412a0657b1', '0x5b27306c450b3177babfefbd7e7ef9c0c1d9cdb4dede8d29c64a9e013aa8c382', '0x29589ec356721d3c7849f03f0addf0930f982e2f8741f29e741ee72f0448f00e', '0x779bdd79ca153deadbd3dfab1723acfbae127dabddcf334973553eb590e9bc44', '0xd4155f9da8ae1d034800ff6168f5eafa26b9386d2c43566d1013b81d1dd2d5d1', '0xcb0bdddeaff9610880756104e78bb11fcdf68135073352d6a47fa8e6b6c8d0a1', '0x463395c7401c8e585eca18b98e86817daaefcb5ea5547c84f9f391e0763050dc', '0x48b28cd6a97a5eb97b5e380aa9d27fe37b6926f7b41d86ad220bd41be0b2ce44', '0x38fa6dbae703c184c902f10543c7a3d1570a63153b8b42db6fe2e09d6c17fa5d', '0xa5ed8801bd06a11e0fad0282d0ad78b07757ce25ee763a4c11cca7f8cd574951', '0xd7dc614e390ae17e004de1f79ffcb1c3a3c2d2f1f258040c4f86ba5a97365547', '0xb2cb3a1e43ea7885c6216880a7c6154becc835e3b8ceb182a1c8201c19c22757', '0xc84ab00282181aa2de4c0077ca818b05050c4d54abdcdaed945f519f5b867e03', '0x21b9ada1414b7f26537e1d384c1b91b84e573ebd576c654285616140d86d180b', '0xcb69fc0a02564ba7ee5cb9c722657c5673d1726065d3a877e79c3a4a47abedd1', '0x26c2c8d384cb7e3d56b274234540bd4bb120fa85fcd7a25361707914b8b74787', '0xf8f3cc4d851c2bc0e50930214493a4aa6ea5afe6944e95c54b2f0cf03f0f2988', '0x84920e59fe9f386479999f3bc6f60d75b481c73f2f7cbc7dbee7aac3c7fac633', '0x46ebea3cf9749164a7b337aa649e719b4dff3119f0fb113840b79789e849dd2a', '0x99c04286e556f8e6f22f06e270e7ff6ac82fb7efa2ed3c229bacd68464ed07be', '0xb6daa01cd4f5bba0b7831cbf35579ea56933426c4dc80b30f06a9a57f1f6f0b3', '0xf42b020501af17abf52e7e96ad443ed46aa89d99cd775ded12d3794a850bce23', '0x73c9cf30d97c404a60853ec691cce5dc1874e5953fcdb27f15135383a6018696', '0x6415326f90a68f52da9d2d98d793d656e143c2aa43b97019dabe37ec5999d89b', '0xf961b46383fb5e13c38bbc5d91a99f378b0a2e3affa742a41cbbb900223125d2', '0xbb6743558ae2f6a979ef785a5c40c5b31a16de5b3154a9709a2405e82dbe3084', '0x566ce6bed6ca4329baa73227aef93da63c43fa205f53a386790bb19b8e20fa91', '0x6fc1f73a154e2b6526ab4b6f4e84d701f16bb69761c40d05f093070f0b6aef2b', '0x30ebae7366275abc1656346cc5ee68b46dad4f4fc60a3234bd42e96086b8822d', '0x36b2b7ce3dd9186e1c5d58a40325d717956719b94413bb937983c752b9d2f89a', '0xdf87f903ccd5a2bc5b9a6b7d5080be19212b95b4d6003e697137211f25e2bd12', '0x92dd0906d1879aecbd2b69b5201a7372b86e1574bcc779b27b86e91d1580a889', '0x313404803473afdfb8d8031681f98688f592a9e08bf5f062f3253b894627829b', '0xc7a5d9d82bf999711b12e0096a1a626473f850f57408c85c1fbf46b1e58799ce', '0xb9e216831c6b040a4fe7c81c0d79b739fc2a07a581f50d59c956df89620b6725', '0x6ab5ae273360275077abb3d483ccab87e1c4008d243f85bb3a3f8d0d9454cc62', '0x5c8f4916a1eb17b16213412a7a0df21dfe105100a0060bd8aad1275d8323cca5', '0xa4efc70ccbf3a3f5d8ee2a6e1fb86830e808d1f11815f55babad727feb78e3e6', '0xbf76d066f47001c4a78bc9ceff9c82f7a8e70c2956f16c5795f5fd65c7bd4251', '0x200f492d982f91e97329f48364809aedad2ed9c86882fc900c7721c31eefd3b3', '0x7f6bac31a40669b34d3a30c129906c665a5ff05ad2fdf15a97b5b8a70b5dd459', '0x54f9c436d805376e4520fad926f3ffcb671cb9769879ae4e3022adf203854252', '0xfa29721ae4b85f50f2c89c0b07b0bf4d5019f06fc498ddeea6d11fd16b6d8c15', '0x475ce65b0ca85a87457c4e975c3d3d7682969b17637d22ef4c861a02ca9333a3', '0x6ebfcf08451e6c3754b8db35cb22562f7ba608cb02b972325196dd79a2aca1e1', '0xbe3acc97ab4138a184f2a03b743c1fee6c89135a76f20f836631f747e8de361e', '0x0ec4ff2316df93d9f7be6e5411b9cc030370c9bbef0780cbea100cae74927bb6', '0x8d46aa982d4f8c5f5c073ce30e42eae293b67f2b694f4b1c6e27d3416c9188cc', '0x3c2db97020fbe5545aa8781e3d4194b65ee0afcdae8082203d22c030dc971e5a', '0x5eee71cd20cc5b8cc217dd2fe5ee18bc5898548b4d43a1c12fd2aa1a736c7d42', '0xbf41aec409b05a7a150e0df8e547ab700e2864bd13bcfb712bc1386a1f107e3d', '0x1242d779001c9937715db65e2270a9fc730e554e3445572d7ea4395dbbdff72f', '0x4d12a9b1300ae4c91c02114468c575707e99d13ddc2bf07dc6ba2eccfb07ce93', '0xde684615ad422d67db8b0ce7ede132723a7d9cb4515afe67d2a73981c6bd95fe', '0x138409870fa01313ee79dde62882e1603d64815cd5796894eab16d9ba33cbb4e', '0xcbabe8ffa27aff162b24441e64e2883937cef38b8008d7a904bb9e06a28b00e4', '0xafb0bfae60abfbb53f13d577df9055b590cee48c1daf5966099f03f2caf6ec84', '0x1bb54fc665dfeff07c1fe42d331fa9edaee206ea61c3798ebd78b61af473221a', '0x279328da63c5a0cc84f4cd57017ed1abb0377c5945c53d802fedcd82ec4fb647', '0xb33137a85e7ea1a2179590dd3d1b69cc0a7a175314500e7efff579d0e5630ebf', '0x2915d04d9c02f16fd97ccae6e988143bcf06b17f7e0f3c365ddefd142ceffddc', '0x4006fc32b37f37705696d3aa5f4eca10fc79ed29852ff0c27a5bae5cd5876d76', '0xafbf3f0fefc99c86689ccb3cd276ec0dc07519c44a7b6633df5ae5515847a406', '0x224dab922de927c27452cf1598edf70a6be24be1ffc3dd0a32d3e2b7f280b677', '0x465cb9b572127bfcd4822240a3b15bbb20d2055f8ca587c27a20cb85ae280a8b', '0xf1bd5ac78d4144ac3bb525c74038195fe55cc17f8aeb768334e58aafc7a4ad04', '0xda3498bcf0577c2fbb09c685bdeb12e454ffc100001f6a5cf6d1b66e121e04b1', '0xd04dac242c1998749ee02de15b8c741592e9b23fcb8defa2be7867d2c04cae90', '0x6b1268c37d743922da1f90c85c8235d123551cdcefc41229b8222e89f928b2f0', '0xdcf8dde39f647134c57c50c596f2c7d1b35de7a24eaf3943d81fb58a69819208', '0x67888bdc7a41c281f1675a58fed698ce91c474e97507672d0ee1f847ca2664d1', '0xa5422696fb8132d2fb6939ca66b745dcae9601bd38b143be479e67e378c6f0db', '0xbc36565ef85de0fe8c618d0434af220f0025bef8f0d2642bca66f7842dad5fa4', '0x6715b68564ac5703fbbc2682de44647f1d6e6848774e4764213fb3c942ea6752', '0x1a69d3cbee5191b0fbc0701adf0347538bdd28afb8ebbe5e7ebaa4e9c062c152', '0xc6bf8e98045761c61555e0abd29ec6df699877f50ca0ffd8a6a3afeaf171f52e', '0x98598fa3492c1cf53d5cca942b5efb1f9d2f23c9e036481dad7860d2a63df954', '0x42f017322f3df911cce5f5fceb23a1a72bf21330ddbfc7f097007a9385f103da', '0xf9a1530c9370981378b94087dab502695e876126e5445d16ff0e1d3de8b6f849', '0x98d34e5aa960979a8d821ee6ad5b1cadaabe40a3c89c4c2c383e59508ab38bae', '0xe215163403925549393b09bac7f2be695e516b94a39ecc1526386263cc2951e5', '0xbc5ec1be9ac43bb63c3a9417159865ec56f99e7cc0e0f0435dd71be62fadd42a', '0xd31b20c0b1c2934dce168f9abd331909c177a9f14ab27c84d83139a6d76715d7', '0x7804549cad8f922e40dbe19e459e229dce227bb025cd1584f83c3d7b4d7a5253', '0x60f77f25d7114415b8a60ac8c1b59c7d047fd43a233152a3ba4e3562d2400a3d', '0xdfa8379254fb030e3aff0fba93b2e93511b66b06687ef05b85f4a1effef78d62', '0x4b32a404a2a8eaaf0c8619ddecb894b0ae447e9fad72abb009f23f8442fbdb0e', '0x7b02170c565cd9bf042edc4dbb88d78f09c0281da42a09c86a028e2f5550d6df', '0xab35e160e1c03cee795e669217b0fe3398e05f0864c7ecf94950e4c19e025c08', '0x47b426eb817e1b4895a6dac6c4183b43eb43624e7bbe41ac975d965b91a9deff', '0x4d503ee02b7227e119db90e64a6b2300c21b42ecd80f23c734e5b6119ba5915a', '0x9d0ed777781d0e1e047fd91576005bceccfc72e877dcb018eac9444c6b6e0cb6', '0x19e77671fc74462546cd7f3ec21acabe53dfa38339aae9fd9784a8d0b9b14318', '0xfb1e1b8383b76436b1fc88c1f3fe2e32508e463a5c089d2322696b62212a25af', '0x21aa32487e8e9a9f597e0fad1dd6b59d8f6431b376f15f90bdf0a9b5ca5ec94f', '0x6f8896ee9a904f52aa255a236e6ac9dad90cbd65040d66bfab3f424007841961', '0x236848edd5bcac76803dad8df6cea4dfa1049dfef35a7fb9cb21a5d0fe1f73ea', '0xfcf1ea677082de83d7e83203ce039162d5671ef859a5516cd0848276217fd15e', '0x6238db8d6af92788ed2a8dfcb2bb47ab1a1621389c2adafbd097c0f6ab28ad53', '0xfbf89414dce5eabbef714eeb67eb904b1b2eb7ccb42f64ea8cf7fcd1738c8027', '0x3a78a53d709b791368d1639a7b52e08d7005a92c6ce017b44ba4b815c2e4591f', '0x9423a471b5b724f33cf0667cf2947be0ec4979b15be37a469c10d93830b4a189', '0x09d8f828e2be76581781ed670b4cae050509aeb98c561685af847516e8e138e9', '0x7e793053c88e62729fb40a596514622445103e8da1792cc04392be68cf5a7e8f', '0xb0fb4ecc3832663cac1e4e7bbb1420527d62fd70f9a9ce6d0d70043b1d7f2bb4', '0x5839b6923c8c556243bc18ab6df79d3551d504db6b1e95a98c42742810c3ef36', '0x4413b695b584d5383e02b9868a3d04051af20c83d02630069291f1cd3401d567', '0xa297db8cfa86cfe8e3199bcbf08347b7dd430abf4e6d488f383711e55211937a', '0x4bde67589363bbe449d92e7308a031e5dd1935e1f22818fd8cbf7562f63b768e', '0x05d0e333ab607fafc192824aeaa5e2da7243c071cfd64291ec1794133acd8a84', '0x0423e2dcf8216ce0c171da0a3323ccfbd8e8e0be9de7f8a695df2e76bc535788', '0x0b926f8d42b5f364a666ec9f1fa980a15cf9865bee17b32f989003763d1275a7', '0xdc7e059ebe5434e19c8fed9a54d55cdeceb57fa419e1aeb920263b6111994d52', '0x2701689a0c7ab32f1c90664722bfa3beb463401765c1fa579a3b8c5a7890ecba', '0x7660de841672061bedbf2745200460c54d7ac17dc2332a2ccb635012d3500363', '0xfdcf26af408e2909b5e38deebf91dde49508494e59276dde4e3fe9ef4187ff77', '0x84fd06b06a8a94be27fef17a12920bc678e548e26cc835d3154703b20b59792b', '0x412c9d3c730132c7662d6edc740e4128b6873d5384705f50b4350d5967d8f8a7', '0x53df31e8bd86903364b052bf7b427935d8389a2354687b4454413f475fcc87b8', '0xff11107d801cafeaae89b373b9817fab2df60ddf9db6dc0f6f6a593fca765d2e', '0x234b7010ea2f183d1978b032817cb6c70541ebe65c9e9c40171610aab887f9b7', '0x744b57b62dc13691a6e57d274fcab5d493e8ed271ab569501285bfeb8f69b44c', '0x489771dd6ee40af6c0ab62535ddbc77c0b498ac3bb248a5d939acea69ece1a4a', '0xc1997777d39cb89d1f09d3144d34ce1ee47b912d7951f98deb4a4e3384682e6f', '0xe1e47f71750216d63a4c4217786bb6d17b02bd03648bf1d71810af9d640f665d', '0x1728d9383ca9906715487de649c2f82960627d4611cb3d66941020b425275d83', '0x77ca4d5acf549d2c01af8e3d057b06d13af6d3e391d807ef37f56b8d061e9658', '0xf351090d641ababc604a03610726fba8bca54b73b377d74faff732cea6e5f8ec', '0x0cc0ed3e5d9df6f13363e525f3db9896942a5ed9d6afd27efa0bdd5d27c47175', '0xec0a704651091cc64f309151e3943ba337d8962a78bb06a7ce02756de02ba5c5', '0xb136ce8bf33088a4eb1be40db991b5ab076e2cda5432366d6ac7386d7c622bf4', '0xeca8dbc1576cded69b03d54d04766efc9dd0ca3f03982926634a9888b3812edd', '0x3e5895e011e10e9c95b0af990020c3f00c051de8fba609f2bd353168f2097420', '0x926ce007552498209156293e5f7817c9aa8d41822b4a51647e3d56af84cb331f', '0xa7ab60c134b0709346571f3a09f5591c1ebfdd8874fae97d8d5587ff3941ef53'], 'transactionsRoot': '0x773c26e18ea023a26574d453f50d1add31b739ff0728acd4b64b85dc7b8537ac', 'uncles': []}} (async_rpc.py:86)
2022-11-28 18:11:34 [   DEBUG] Getting response HTTP. URI: https://responsive-convincing-aura.bsc.discover.quiknode.pro/3e7f242edcfec9ca1a36ef544cee66362af95baa, Method: eth_getBlockByNumber, Response: {'jsonrpc': '2.0', 'id': 94, 'result': {'difficulty': '0x2', 'extraData': '0xd883010111846765746888676f312e31392e32856c696e757800000040fc9c673e7aa37346eadbdd280ba2a4e42c9f1ce3e6d85620b8c41f09c471d9e256eec17664b583783c8c568a8aac9c421e0930646e0ba23fe1daedc2a5de362a17f88601', 'gasLimit': '0x726f166', 'gasUsed': '0x1699482', 'hash': '0x4d70a0c26f3321b3fc91fb3c8ecf33ef3594438f0989fe3a8b7853f2f44fee3d', 'logsBloom': '0xd6a6ff358f907fbeff2e7cefe74cfffabbf3e75fcfd7d69879d5fb2cfdd23f35eeffdbffeffbb27efbfbfef95fb7b79beedff0fb599ee7d97558fe97f73d22fcb6fbfe66dd18ec74f1efdbdbcfeed339ad5b1e6c937fbeecf546f38fabec7f089ad65ffc6beef6c6fe3dee5327eedff8fab36b7bb8fbdffd5df7dc5f775f7fb07e97ebc7bc07f78cdcfd45ff6676cabdcb6fdfdd373b740c7fbdb4cdab85bef1ebabef43bdf894df7f96f9f7ff1bcde9dfafd8de28ffd946e72def67cb97b9ecb73a2faf7e775f577f9a2d2f9e8f5272377ddbf1effddf78df82d5364a54ecefe6377b9b8defd54f2f5ff7d3dfcdabc57da7f671fb87a6ddb3f6fd45dd1dad5d', 'miner': '0xa6f79b60359f141df90a0c745125b131caaffd12', 'mixHash': '0x0000000000000000000000000000000000000000000000000000000000000000', 'nonce': '0x0000000000000000', 'number': '0x1655cbe', 'parentHash': '0x0cf4e7632a23fbfc06790eaedcf14d52535376f8c16a36219c65d1d1b1e3c515', 'receiptsRoot': '0x823a7474f22eed335403f28794f059439218174997cdd2afc5fd7ad0a62d7fdb', 'sha3Uncles': '0x1dcc4de8dec75d7aab85b567b6ccd41ad312451b948a7413f0a142fd40d49347', 'size': '0xbf3b', 'stateRoot': '0xabf9d1098fcc1951b6feb0d397a41792cf3b6a073d4efb059ec55eeeb1670ab8', 'timestamp': '0x63837f07', 'totalDifficulty': '0x2c672b2', 'transactions': ['0x49a0777065fbfe3f04f557f23d00b2b6622d3e3b53e5de118c1b297fa6acb9a1', '0xe49ddfb806e13692caf0ee004c9df28a302581d29546d4fb8496ec68c696c920', '0x641f826af5371a3b82a99df3e096174f6c3bbb54c67b43427dd87472c160c17a', '0x1f74f3d038d038aa96d4aaa54de1925c539b7ce66194d2d01f13eb829d34d922', '0xf142022ba917470d65304ca6401da4f42ae4d56da6b9a7b3930a2aae19b69038', '0x377242bb4804a72c0e32d750ed4960ac4125830356c0b4d53065077c04c17dfd', '0x645afda6c9e4b02c2c2bd49ef83b0c634bde7a48dbe49ea7ff82b4fb44563c48', '0xe935b4051f58734a9dfd91a2a6faee1af7b5b8a81d7e108444f1e63ed866e355', '0xdefc18f9e511dbf7903f1e8004bffb286554bda0dc9244eb4f1019fc02903414', '0x16d7f4e9e8aa057d569c579a51a8d1ff435a0c163143452ae9cabe4e3b994d1a', '0x3dc96ece771aaf93941f4a039a68734f3517e36c8cc69aa2b12bab0cf1c0d258', '0x30c8d1168f8fedb2d7aeeafedb2fe8fcc83906a8800072a040e6edb92b2e5905', '0x580bad14305d290471d1ed3b568dcd968ef36c215251d9387e582e93438d1ea1', '0x328b5ba33bf4bdc3024da734c83a7bcf6f644fe0c38339084b3a9038a1039ff3', '0xf70f018ed791983d4afa6931085bd30a1b219a60f69cb13906719e9dd0da8809', '0xe09a345f4d36a185e9de61e70328e08aaf538828e5371b559d41e0293ceff3b0', '0xc8a12a1fe6a09575b3fbe088d356ab2092304fc93c92d52ff2c7fd1599f161ad', '0xe5352e2d65d326ba9cad2076d82555719f41bedca007a99258b3cf7045f0ad46', '0x122486858c0d733ffa68dc847a53de054e3133c222e29d5941e7246349d93be4', '0x8d20d9d1ee9022dfe24614ec369f746f4f0604c43cab5966f158c7ff65bc6545', '0x042ed4e4f46605763502263eb64c696e90c1f785de6a167dc93da2971f5264e0', '0x13798c7c1d1473fe9f86bde585dc080d259a10ae79ebbd565b355a1ecc3f2243', '0x37407b80bec126610c59fb9682ab8998a924be0b05d77c2804c3b36c22cad5bd', '0x09a16f3175ef0580895561eebc164be65dea7874e98490668bb5cc48b274f884', '0x0694a14290561cc907c2450df2b58d7e80e1e0305d9c08c9d41da507e269b5df', '0x9df331addea601d550b0ae34bd9612109e53a7060e48841f83887ec8a56f9e7e', '0xdb0dbf547ab057e5b4118c96421484e1f2e9775571ef7171b580fd82ea012760', '0x7a5ec4a2b8c5e361b0a6af14fbe719a18058c44659de45a8f4c8639a03a44033', '0x38e6dccda24ae73c9ab18f55c7b1ec695578c7c02e7459071b837689119e217b', '0xd4939c86c7356bc6439786080d883d1f53ec7eba7789cad5c0c6b6ec9b2231e2', '0x857e89e5e1820ec4706b76483aeddc468fc6d428b77fd243a33cd012f121d370', '0xa8aa1f10789ab1e8ab7fc3fc23ffd2ff03d6a6baa1eaa47080348dae57928992', '0x798249b14acd8652d65c68a48149013aca46c8b44a6884098186422b7b464daf', '0xc05128710101d9c729071ea48f8435a57fe940c4d722b34ae6c40a9e866b538f', '0x9afe248dd96d3ef51598e676909157b5fc176593570f853b259d71776ceae7e1', '0x58a4d9ed91a9be0a782a3824e5731a234e9e0293c6aca7be90be20f1d5dfa091', '0x74fc79236291b7202697d4a82ee5086d832c8c2e67a88d6fca4e163f0b52255b', '0x8c7c0d322c4815e46f58a3233b150d33ad179a1e6ed7a7fcad0871e596e0b889', '0xa8b62d828aff4414c8f0a0f852c5c8744874be4fcdefb9d8db36dc546826f9ae', '0x07d30da70808c00f95b8e9466e1b09a2f2569d93ef20c09e06d477ff2c43f115', '0x12d6856cb3e6606913e5d5078acf2054e061f95214bc392e6d9b019c2301e7e6', '0xa631ffaa5e1778cb445ed41d3a9cdc02391c9097995c55e6c0a3e77619252021', '0x989a3f85612aa352abcd42425b889152c6f1c0ae1ca5cc7b3bc0646b9a909402', '0xdf74863348d138ecc6d0124e8fee18ed1c822ec0b67520e920e8aba20ef7ccf2', '0x9a1279d31b2b5c183da456b056192e39a5445c829b35c4ec6f65d6d96160bdb7', '0x735c0507d9f003e0291381cf4763525d259e731e8d0a3164ed8cd728b29d503e', '0x6a8e25854b0ed42f64cebd44d93e6717b21ac6e56ce820ac09b8ade2fc5af053', '0x3cccf2c303e81769c31085818d93a91acddab55a91720911e9d95b51c83ee9de', '0xc46e70cb20b5062d16bc13b531a288d144a757dbe83910ac344a51b45846d561', '0x1fb0bcaaf7f182155507b8263295a7783a57e6c5eaf8f1d97e273c2f9632dd32', '0xf7d5d9bb790919a424b4e940fabfed703ea7b40daa6e615ec5c0b90f3716641f', '0xf51716a4d14e0f4b2d6b7cefd93debab2335dde23b93bc79908e6fa4be625310', '0x590f5dcd6d0e325206cfd26a71e5064d2b15f560edece64da5968145d329a3e3', '0x4169c096ac2153b69e54e326319800ff6b4318b04dd611af4300f31301cb2519', '0xde8d5372bdb375390aed4b507da1113976c3d95368d776018e4e8a3e7f0d4ff7', '0x961fb7a55369e8625ffab7d2be6cc58d7946053443cbe017fd6d3277acb8a827', '0xfaf740c2b874572cfeff1d1e298f2c82a39d931d68d311f1ec1799ce6f958692', '0x9e2937fddec619f794f3436cad7aa4342fe8b69006057ee8cd6ecc3f5d511ec4', '0x7fe9766db24e936f0d7b50e273906304b2ec0e2bb21d0cbd79a3519d26a942b7', '0x40818e4da9d10348d101abdcb62a193a6d28396594f3656bc024da2be17ddf22', '0xab3c9cd7f52c6210a6d5fbb1d183c21b2f26709368c379d6c03913f39c41de7f', '0x8a9567a087c74297e45ee39ab603d8ace21660c91c55fadcdf5f06b5c6e4f400', '0x390b5f94faefccfaf277fb9f3443f4c409f6caf1b7fbb38be161515e341e6587', '0xca0b5bd0d1570513bffe89ce7aec2f32787834f95394c1a867b10af9ed973d54', '0xbd350524eb700c9b9ddd26f04b0395c4268355b0d0a553d8c6d40720811a4a45', '0xe6091d579a4da4da1a379185f7bec7b19269a4a6a6b61ccb3b5caf734203cce4', '0xe29337bca77ec07bc67d392cc55a396a5e043508caa388ad4cc415775a18b8ee', '0xd485570047984f9a5124411533f02cd8ff006dda9156eea191f1e34f6e4c08a3', '0x87d6711a4bdd222a9a33d78e7759316772e059308dbf91ee1d56b7e86bfd17ca', '0x6d3877b970212c64e2a8e3917fc32b11b542cffe0cebde53bd73f30f43dff095', '0xe8405e8d06ae62bb4a4c88b63eb81020d652ecf653d5771c9c3f38640197d454', '0x9cb76e7b7d9211bbfc09ac6941a265d6363dc706d49c11df3df148ebfa206c3c', '0x10ceea494794d822ef45a40471a6ea0fb9b8363323ba2d4979e03c94c8fea836', '0x872b0abf4d11b5b0d8b41fbb86e4d9166d14deb5e0c4206e3d0f3842a8739852', '0x04cd3af097ad410621b7b643110d8dc21f67127fe3e48627656445c7daece3f6', '0x4d73157b56da792f13c8bb0985a3d629a7cad1b71a91ea2ce1b72dc21aa19033', '0x7d2fa6b3343420578d22d0ad333af552bad5fe3e3d1d429afef61a4860baf743', '0xfb37cdc1f516ac4d3a400a52ff7bab3edd92e9c64016f82154933434ab8f2712', '0x8335bf3dc14f73b9034f55abeae0a8d8491d204d428be9df1201db8811870a23', '0xceb81a3bc6f0c51656ffd67a0506c1bb9dc0956ccfc3ed3856aeb7cb82ef735f', '0xc45c276c3618572d66fb94d6799a2a36352ebb979e835a5e2a9bff5f539a7b3e', '0x777c14e37771c740ce4dd50842b2a930f3baf972ee0a5f1b26937ba1527a0d35', '0xace6bda2af7398b61a23dea4a7351dcd26c089b12ba6cdcdd9465dcbf62a7923', '0xa458c2c62327a2b9ecfb018cbb82c52bc44f67abeb95c3750846d081048bb811', '0x28ecd259a6a3f2a4448737c9453eb5f0ea2de8bda617bc88031f4331130c40c1', '0x303cd052fc13007f17a0db676dd119b6520a0c76c7bc25bfee293c9a6f7d1719', '0x17ada78a62a9bed94f652bf57ad0be2b4ff0be02b1bdbf407d7f96b7aa46c92b', '0x54c8e9bc592371bbe485f9eaeeae3116212fe2b631da974bda899474475101ef', '0xd17f13036da6d68cecef091659ea9333743a9d34d3bd9d9e3f4e1400fd3c46d1', '0x3d7a70565ba99dbc35444822a684ed06807139e3f1ad3807a84a069be7133581', '0xaf370b0fc44c675cdf41494f320e3083905de0f9f9cf64dd3e4d262ad8b787d8', '0xebe5ab2d6012d9e5e8700dbf31e42acda044bbbed6a1d65bc593987a4bef2cc3', '0xb0f4f0827219c90e933b700eb79911a1bea060ee6bede819f9efd9279dd0517d', '0x894f76591fbccbaee4de2541e798b841e0f3fe846774cd6a6d79e06e97eef23d', '0x44129cf52e0a7a0e75d10bb3a88999c1f6ed71a8affb48c67f2bf990daac6d20', '0xba6a47ccb444dfca2d0f0e3d681643c43b62c148241ff812c658bef6fec4315e', '0xa3088d8e9377b1e13b347446897905eec665c26bbc3472e610b154f1b4f75281', '0xee17ab8927c8c2895a327a0810da517f7aae9530dc8df7c5fa0ecfbe32ef4134', '0xd6d544ee2f4c0aab7f2293a78f620aaba936a099e066e55b249cc77d079059d7', '0x74067ec906ab5741fec0a5c5367b8ce448cb8cbabaeb85e08b60c64cab6c83b5', '0x36300f3e037178d6e2e5ecfd650feb602c9002ff0045213c1c7ac5f3a7499a0b', '0x45b63646a9bf6f6534cc59870ab9bf55afa7fdf7e878188033c4630aa3d2edfd', '0xf82388f57cb6d59cc334aca8a93db8716bb978e8106d622d908865d23b96d522', '0x3936ff225d734429a9900d6a82539ab53e6c7b961f2a4d29d02880b8c255c0cb', '0xababfaf4f22d1c94f827d6d40d8cb7f0055841f326be1a6a58a79cfe8bc27a15', '0x7a36aced85e27960a00daf010a4e7f99738bfd1b4fbf52347efd67879c90c16e', '0x3d22a73bced4180ecdb3060c0159be7912f0365562cd279dcb73eba77389f5c0', '0xfe4f9ddcb812e19c21af925889ce8f9234df77e0f6ef90f1fca519a5d40677d0', '0x5ecf8adf938e969e1a35ff43c5b1e84a64cf8e05aa57154631e410f61c8f0ec0', '0xd7837f255b374e70dfd9d5da70505d8f114e0923d248e57d81a0c9d32fa20ed3', '0xf969e1ed91c4e41f107433545ea1c64b10cadaf6dcf72c1eb1b94719662923e4', '0x299f6b4dee54bc7cba6aa2b2d3b35a3e47d99f76f6720b8355eafa527863e987', '0x6b6dd8b0948116f848ed5735f7d441aa824b1ce113be3c872b4787eb01fa2fed', '0x42225f74df76741f3c80a4464ce805307c671026c23d0fcb80febced219b83ed', '0x3ea62cc713a8416a6bcf0952765dec5fa03c6f27faadd78743e099cadd0cad42', '0xbd3134e08d733e41af20626c48e8cf7bb0158b7e4f4463b009d398498945f3e7', '0x33b07f70994d9c6bd078c7318c5e06638cbfb83e9805e8265b92995ed555bd57', '0xe07102ec55b41735a1462941a4682bd6306b5944bbfce1250803fcd878be86c2', '0x0cf49cbf822aa997b2eff5f297fd9d9f3ecaf0e83da515f3e4f81e28b3cd7af0', '0x59280d58f3b127efebb3661f4e7124a21847b5addbb947fdfd1e1cfd7fddbd5c', '0x4162952a8a83a79a285b7c828fa76c8f079bf6f2112ac64babf449d268909b28', '0x096393afec0e0fd2c840aa227ea6dab78a9a056246a2d1b3ab1af61074b1e924', '0x49a355592755d768f3d8497c7f9671811d587dec84e385859682178fb29da51c', '0x8b2fb14dfb2f100dc9b56c8e8df68d0c419e8fc3209112aa07124687c3559363', '0x0a0b49e7f93d5bcb2f1fff541fd08cc4968aed2d068f22ad8b6a1b9b4fc07184', '0x11d7ad4ab4049f787e789f94c668acca596c83a553e6721ee81394d17596819f', '0x0688a5f1e9bdb44ab275c0292e6a7653d31f775eb688c74cf60b1bf09b6c3fb1', '0x93d6b147d20f4b053084b750222eff9c8024a64d45eb24e87abb0cfda05d715b', '0xd8d63ab50d833bd24486a24f78247a7b61204f3f9f1068a3f1ea15d02537403e', '0xc8161d7e421db8dacc591633303ed98e79ed98643f6ea8e04110f0562c240341', '0x4b1245145b437b28a3f70c9b45f2b96aebb32fdc9edb42eabd127d19151bfadc', '0x27cd99919a96201bde745cdf864c7d36d31a087b03b4f7695272e09f535bb17f', '0xf86ae0da451b06ba59820e3a9c1441e851130151c63b3b8c57b29af77ea8493a', '0x136b866b843151a3eab1e8a58ea17d1433d5baab7fafead618d0d12271a14155', '0x67d61345b2e19610408a42688d58b2484978bea01c44679b8aa0290d723f862b', '0xbe32e5d213e15d5b4c21ea8a0893a7fabdff8a5ed14ee45fbd29b7be73c97f43', '0x582f36ddca4d9c96fabf7e67763cceb6cbd4774a0d2d735a5b7ad7a24e92369c', '0x787e95a84644174807d8b123c087fda3a04fca1ec0879dc36ea8171f5efb1e72', '0x4c55475184bb924c60bee49fbae3dd409802def3ce3c1e6b2cc6e55d14d8c0e5', '0x2c2a70c82aefa3d187000669e77daa883b4bc3fc6b03f9493d1cb3cd106da796', '0xf0db593083663d8d61b446428bbefd8122dde2e0cf0910b7c0587fd367158bdb', '0x155b30a1c0bc70c73e8dc425d420e0e30e50decb579329da66e61fa7c2951165', '0xc7b97db2a0bff3b6cc46a251aa43fec53b45aa6b26c24ae0e4524a8c4ca664af', '0xcda18b3c23b1ca5adcddc96943675e7987a5d152eacfadb1a579bb5ec49552c7', '0x1374ffc1f647da2e78ca70f03b14ea455cf191cf9acb78204195f2d0cff5cec2', '0xe7eb29ee4a46fb04f0fe964c61b4cfd549c0db4de7ac33223a87eeb474fd2753', '0x7ac2cd6b37ef72914d8d4a78051dd591216bffe51946c8f3357a0ba661f98826', '0x860f3a22491a1b37a0425c7022f922e41e58cde8ad00147f7dda36f8a9fdbbc2', '0xd6d2a6f42b8b1b20e286ef1dcaea473320590f70ea6de1369c610065d3528d0a', '0x47bec282be7106dcb991c0dfdbe2373459975641648ed2b3aa19c27f3bf2a2ef', '0xccc79ebd384b1a6d887e9fdab3a9ace3288ea29a71d5cdc043ef063747cb72f3', '0x6f6bd52e5246764c44c42eed528979fe5a53d3b8590b8a03ad394a099edb1f66', '0xdce131f462633089035791d0c9ac50d56d1a5fac2edd1457dbd971938e8d65aa', '0x89d7c6f8c944abad7b3aac6b55e224a0f8cc6690dfffa0668efd1187d235e8ae', '0xde48b9cd0bc69f2481481a8cd37ada3633729d3bd86ed017cd0bac93395fe972', '0x095b7cc420c574df06fe3e080bf05d6f33b15b76706f22d6c9ec7d57e488501e', '0xb6d66c280907cc58413425b3fb60adbe4bc04dc95c7c03a6df62117273cb5664', '0xe95ef26802d06c15a851d766193c0d3acc528fed9f205ccd6e65c15901ede9f4', '0x2df5961da60c2aab9f900b6c319b3c6f1b869beeb5964e03ee545b3da75a6e41', '0xe3ccb75c18f5e7213ee4ef5940c97fc69a740cc467e93521f728894de1ba3c7b', '0x4d3b4e92a769248ac8d5482ec5a057e2f5d76548928e81367c3943f72c6ffa56', '0xcbeb85d7b7df6845c14e6a7e901e44955ab67bbc86ff7b1a4e126f022ae3dbcb', '0x8b4ca2e121d30c7ef608ebb254a333f760bd86e4ba9435235089d1810a267bf8', '0x3b6d7be5147507c6cbadfda855dc885ea04bb0bd285e5c498b758d002c3144b0', '0xa5a437086a4e0b27aed0e8f4f2c92f62bca50bc95927e659c858325bc3c66e6d', '0x6504601f397eec3ced1004c2ff2f70d8475d564018766e6353237e0ab9a15073', '0xc8614b37a6bd005b3eed34f4e49cfbd783c5eb2e735802898d3f15b40fe95e92', '0xb2d05eb2f5f780574eb7769a90e4ec9f8f3b15d4c9c7018be0c293f8da6bc1fb', '0xeeba46b677a6c25cbecb7ad5f1ad58ca21b2fb89016984c34f32adb397caca40', '0x15bc326db77c6678d466710983a8ce3e86b8accc8e375596d90f9dd240bbafd7', '0x2fb64f57f441b489d9ed7dfa00b65b8bb4e56154955849c12332c42a078ee39a', '0x1c70e171bdb236c945d0424f45c00e7e644f8f1621cbbf5a5e214277c2962292', '0x9d3acb203923b2d1dba453d6dbcfe640186a6d2154d84c26b683901103070327', '0x0d3a31fd7ab3cba0a4a9a9f9477f1728b8831ce745fbca75e0ce230a4aa021f7', '0xb2d4ae6f4f6db507447cc9a564d9ffe795c227d683ec845994134abc6a3adcbe', '0x4125c78b46dcbd0e50259664486e73566620c4af132767e9cf93166cae5c0fe6', '0x935e4f802f775a1b7224ddd5529cd259c2a62888b9f42b1ed139d57bf2373620', '0xfab87874f71af51bb48e6b3cff57fc54a3362fa80016ba2c44a1e87d85f65bc7', '0xa191a48bc2ba2d9b446dd5810926320f0825f9022635360466881e275245fa60', '0x2f00ad979bf5c19158d5d753438ab7e4d3cc5ec003adad66adf73f01496692f4', '0xbd86e36b64345e8c7ba20ad5b6e59528f64fc32d82175987c9fafc60782c8502', '0x2ed52d6ff5d481dc74a26b20ce3afb6e1547417f643af899e5485235fb6a7646', '0xcb7fd8236b87cdcb61593bac430989a34ff65c2049ad77a09bbd4d4f31bc0785', '0x522d5154f558dd7873fa759a4a7e1b3b910f25de56a039f14848fb13d9f78bf5', '0x1fb705d7d5318be13b8c41ca0907b4b9e53afe1b580c9e1dab2f9ffabf2070ce', '0xf4533aef6fa5e3ca8554300c3a77b7dbcff9526f24dfb4b2841128d1837b6708', '0x80dd95d8a389964427d1d55bd292d44b471b6f783fcb187de879de11a7300b45', '0x67385a41f17774bf5f9092306e5b0dc3f50d327532ccb56252537e870954eb57', '0x6455f501df3c30c7fb45b981822634228cee8aa10b29d5cd5cb2d7f069f5904f', '0xcf7ec6d476e9da2cab260f09cf794a61e058db0ce893de26058d2c60f9f19e16', '0x000549f496be3a5078b9fbe7c24e4286b0e69d4a67edf738e88c8c8b0d9ddb66', '0xf94c29eaa270a7542dd839a239aa99720395b139ecad06b1e659763987e0cfe8', '0x588d10ccd60743e4a16eef025773875fce72efbb07c0a08da53476a571297df0', '0x80b16d21d226963374105b382f462b52a4cd8d882be7d7a47bf7e7f8ec84ed86', '0x5befffc4b9739c414cd71d6868af92dec4cd9e5a8a4af44e58e491db785fb352', '0xbf93472cf43e0a38d6257cf5beddd6fd13628cf4d572037427ecc8d87d6d8e12', '0x3338103afa36a61d56ad73ad9bc622b5be68a196e318df8eb0862a9c23618b4a', '0x6065a0ebda6bf3f05a5d434e14ad23c6211cbb7c0180135591ed340e6497b397', '0x54ddf4b1e2570761c7163d853165f6600d06c332febe5360c8b06ab911ac5a5d', '0xaa934f60e0ee0f2e75efedfee8e760b6c12cacead80dd8c968a61a55894ab1aa', '0xccb8c03e859c313d6376ad9e7aebe9951e7f504d054e2a1cfa91021e56752553', '0xfe79b8a45525d5eeb65ea70f51a7bede9e9c3f7fb63fbb2359b1d18488e13fe9', '0x5a7a82671dc7e649647ab11af42e78cede449f44e1ad6d2e7f8db3d0d0d1ef43', '0x5393437d2a0b2392b4a3cb6df10394b2953562a0cf32cc6e48a355211e39885c', '0x9b000bde88e0a21da8453ffd242d224b83b15a74e36dff91428135e28dc2a10b', '0x3f10be58de6cd66855d86307995cec2930ba22b82c8bd1b605e1c071ceccf68b', '0x84863e3da15e1c9aa8059e58b56b5b81384d4666165c1f38225a4a13962eb419', '0x560218bdd62d0326a03c1aa28ba05aa087872dd1146acdb72d81067077c08e69', '0x4b77fa497cbff63485cd2a1f36de0c5da06629ae869c43c7dd778263f98d599e', '0x04bd8e48d0bef658c761251afc232fb41c013aaa8732b16ad442892578bd2102', '0xd18dd14612df9e7d4233021902e8969f1d55f57169f7e82f5a395c687bdfaa43', '0x9857c9490c7b71ef3c84c2bd3abe8156f39d28ed24d0ec10c30ccaaecbf72c60', '0x912387dcdf10c5b6b5d761935a0a167c7b6a93069b975fdb73b29d9497d3caf4', '0xd0b240b6a179032fb774ec0bef0adbb5486a3c0a966306bdf68fc39da02a3127', '0xfad9d3f349cb7842c404b93657aea2d80bef4220bbef8ca074db2be2dc9fed15', '0xd31e72c39d80d5c68675aa4bd63683b7bd0e184d5e0d63e0ce7e59fcacec278c', '0x2e40d1e45068711dc40a0e38f2e66b180ef121b4874292017cc3db9788f5c96b', '0x281b92065feeed54ad22165dfc6da523d99c0a271db7d04c30d764e765bb1da6', '0x21ca68e8e2e27c7e66d61c2aa1b15eb7c48737ed8f322e64cb0d2eb30070c5df', '0x4e6dc2905593eb39fbe7f7f0588c9589011f4e3be4b56dd42e491a4e9f9d838e', '0x1bf766583eba16d5160960570bd812bcc1ca525c3252b2dc1db5c997bd3c6c25', '0xe0aad9c6b7a7c8811af0e59530c21e961fd100d838d00971e9af7c35a6a7a522', '0xe6073c370a2aa1bdc871d264de243c7b01aff1674e98f231d0d83d4d169dd26b', '0x32c3e233a0aa3783a4157799442383101250b34dd963aee76afddea5c339362b'], 'transactionsRoot': '0xf418a7560a583876d8040e8aca9e3f1c8a5b2bb55c9f9f19e8311a58507bf056', 'uncles': []}} (async_rpc.py:86)
2022-11-28 18:11:34 [   DEBUG] Getting response HTTP. URI: https://responsive-convincing-aura.bsc.discover.quiknode.pro/3e7f242edcfec9ca1a36ef544cee66362af95baa, Method: eth_getBlockByNumber, Response: {'jsonrpc': '2.0', 'id': 100, 'result': {'difficulty': '0x2', 'extraData': '0xd883010110846765746888676f312e31392e31856c696e757800000040fc9c6713b03845d4450aeafb35c7302805d055008117ca10447b3e78a94068f413cb5f24f3f83c6eec772b4a28c0aa34898c3bdf4d5995613790f8a2c8efc1aaeb7cc300', 'gasLimit': '0x726dbf2', 'gasUsed': '0x8bb957', 'hash': '0x8eb72e91671a61fd1fc90f322d8d2191a3f8be1fae6fadf5b35b3106c03ca242', 'logsBloom': '0x80a72211722414d0902cc060e5e00031624e00180618980859b2802a6a8021108922ed8992883100a238310094434ad848132178085282a1400080405c6d8394b081f004400446b0c9c20158c988912468117020234c68d2e4050013b950a882804a00210266520201106084c5a4aee13880026ea3a81f4a2d85a15103d32c1f32b701a8128d342990b404150d0000e01f74a5d59cb134290901e362258812211a02ed0311898900249040e10ac368340508382220284005a0240816109134a44d2145e20003c932502600040d9f90503953b38445b8a4140c56094ac269f3080038d422150c5982150a18c4919134234202ac04d9d8115e34a649a01e360ace', 'miner': '0xee226379db83cffc681495730c11fdde79ba4c0c', 'mixHash': '0x0000000000000000000000000000000000000000000000000000000000000000', 'nonce': '0x0000000000000000', 'number': '0x1655cc4', 'parentHash': '0x2dc8a69e775ebe6423e873061eeff37aa4648609a4ecec1f5f0897c4bfc2cd2a', 'receiptsRoot': '0xfab5d024d4dbcd4b7dad650dcfd01822b969cbf1ab37b9c35d75ab28016eefa2', 'sha3Uncles': '0x1dcc4de8dec75d7aab85b567b6ccd41ad312451b948a7413f0a142fd40d49347', 'size': '0x51a1', 'stateRoot': '0x6b1a6786d138aa87a6221cdf183e7a7b80e9d48666fb2e0fc53f91ca49a75566', 'timestamp': '0x63837f19', 'totalDifficulty': '0x2c672be', 'transactions': ['0xae572e7677701b2179cbef2cb7ab5d797a0caa11c20224f5a6acd1aa88774706', '0xf74a2094af20a3f422dcf6d4a18298b249a121a1e678361b7f38d7ddab81fc36', '0x80a85fa62da9f11000081584c12fd68859851353b7be0f8c05c684642e7b7dce', '0xa42d9c3bba2a29cf10aeb818c8189521f645b316e213dfc3ef9c2447831130eb', '0x0e656e9cdb02a9795b4ef824cc7ac76c3178de2ce07fb48f0111900d37955f7b', '0xb82ac6dfc7ac856cf077d03c30988c2e55af0fe80aa32c74a663ddd58262fbe9', '0x9c11dd947891e1b15c3cc2afbe3fc00a1490281fd89774a4467b95fe7391d313', '0x3b9aa4cb4293da380e27894763e0785e474a84f41f3e60cbd18dc4ea5b1b36e6', '0x49575c19dc027a931558b253b1726a4a71d2006d9246b448acecd6bf2714af76', '0xfc47428dc1a7130465d3daa19a3d31736e6e1976f22bd6284b73a5ba4ac49ef8', '0x7b981f53e628207e12f714d73d78fe12ea2b87987b0cefacffc4748f4ef8eb60', '0x8d6b7a60e35c0bf3c2655cdbd50d9c339fa67d094b006e3109f9d5a762781efa', '0x528a8679cfaa7938980686600ab6ce8492e23545a12aa507a4c1b4af6c949754', '0x2650db328f57493ea2be41a486edb7f006827513583e21f0d920077bf9b84b92', '0xa5d6ef75da43cf57f739188e231dffae3e097325e37e227dcf8d5df67644a848', '0xebc57a9ceebab16a9af46330699bd3d8fc77d187691b3ec56cfdf23050899132', '0x3e6c7f47945f37acd9baf790386d3410ddb7a4e3262332c8fcf165e9d758d9d6', '0xdd05987f0fde1e2c73f9d60a22ea72d6c185e8d7b51fdd25f0eec2cfe4081197', '0x590826bba228312e8b8024e06631e5ea87964020439c5ef406a64196179f5349', '0xd0802134d491c3205c0bd30e93835fa0976f53c2bce17ba0e506b31553035910', '0xe66c2bcf5f745657e2ec3a273861873aca93980b4c80bea70b75e4053534c64d', '0x58c3e81abd23737a396726b683d847bc2ce63baf7315ff6d707c454b316274a8', '0x72b35142b8cf748cfd62e09491c5d6b38789098e158460350690e2909eee2b95', '0xf3671e61c32b011dbda2bac95006dc8a512cb8bd4e55a848034c011cf124d6ae', '0xad0a4ae24202a3dc8637c7e7d0648f97441f0a19d183ed2db17cad5d0634ed92', '0x7f9c0c8d680f5d4e98428397b6d5fb9c86b32db3c03c17cc529a8855ca276041', '0xf4d08490449a511b4eda7efefefd6075f4f1f6a3add1f536ac79a31fa4f206c3', '0x3d978612e04094164a52473665f66a90a9438b8738058123f193e1dced35b9ca', '0xd75290d9c2f63f60afedf435027172b61f6ddb9e779e5d4babae0d92a8856d6d', '0xd0123e3a7f7317efffce242fdc37b800c44c8f1934a8d03e70fc166f6708961e', '0x2be602a73d02066cc5195e59eee1b2ed4f7f975c5554783e266a6326a9cdfd54', '0x2048a9f8c2c181813a48be49b0a06dd13e1a0d9ee9185b2f1467e3df65ce030b', '0x595bc0ed434c9544eddef2febb251baab12241d7f85b42ba25e77c76f9679fc3', '0x9b53b41b3ce2c823a6caaeb65e65678e36fa55cec0a6d014b9b6f193f46d1ccc', '0x205ef7d1cd877fd45ceee2e4b60dc7fa241a54b3b4363cf8049eb3e338f11434', '0x9069d7651409fc5bf02a856d335d254b43cfd74b953e19c84705e4ba51ef89dd', '0x63deb8ef40d31b1339f7004dce5ea6721dc94031b4de6f18d7213d7932c0c8de', '0xaff59256295d71c124390505e27418b8587d79afbe0d46855ab0969b026fdd41', '0xe35afe78495a2fd69f908787622a9b52b619bfa8b0c47e1aff2a609116f2d62e', '0x85bb4736f92db58f650cce281f2d7085c683c07b715ebbf24975d64f7f9f5344', '0x0bbacd0a5c69b8c62c9112d7be95bbc98945cfc23b82b5c9f64361f34607bb56', '0xe4d98a2ed037b737618a86103d69007be3963b061114f10fbf17ab54b976c48d', '0xaeb8bb35949f1c6671231ea6e8706d31676a31c2c1dcb41d2c37ac6e259dd20e', '0xc78e136e111ea5efa67dadc038dafcdcccbdeb8af85c46f941f4ed74389295eb', '0xd39d5e92abfabced7c7316a28857fc7497e8dd79ca57b021084263619dd75844', '0x1b447115fc0fa9651babf9a19130942805392086653643830fc82adfbc8aa315', '0xcaeb89e3dfeb0dc92325349b0b93fdae4fc431fa755c2129bfb34dbc470045c1', '0xa04f16885ffe4ab4b96f47840746ff2fcfcb257bf7e9c12b90a84fc8f0ca92b7', '0x48e1583d0a4a9b11fb5b47431304762d73a1bdb40ab2eb738377d10162f38757', '0x4bb0b81721569ea1232c77c6573db9b39b1c027e2edb76587a5126bd9e6167fe', '0x63a22c741589718e4135d38b56da55741e39ad98b8ec58a76200ed6059adc0a8', '0xca21804890ee820fb74dbc43482079c004dc8d8d295c833a22f77d662769065d', '0xe9cd1018fc33a05f22cf047ee3b882d8b5776a8d3be37f4f466ffcfd38d461d1', '0x202844276ffe26d4e8d37686ca7da95cf0d903ae1ab80b62bb4b89a60916ad26', '0xb65a26bbef3142df8a00325e71cb96a8ef70590f917fde67046d4a80e165656b', '0xa75089354acd9fee9e6eb02e9f00bd2efa8b842ee9a282d1ebf7633fd14f27d9', '0x261c6e58887772aa9fdea43c4d6a65b7cfd02d4c457e52f4f75f37ca5f15eacd', '0x53d722d43dc8658345c181e487c30b93450aaf1f366bf948f81668bf46850f94', '0xc9cc92a3fb461235d6e8946d1f87fae0e150f8d95c6c3f9c04d31aa36bf8a2b3', '0x3d9fb2ce158546f0f065f192efb08eb19aed5a98eb549d1ab675829223675072', '0x02c515ca502fdbc248ac3c54354b7d736c16b1fa0ffce92ee95f68b1cc20e850', '0x6352650c35ada805da2549025e4cbe3e382ef632b1e2fc28d7955b29de707eb8', '0x7e2ba9a4bda105cf9348e11abe432a8fb779269caad8049a45f100c008e0d85e', '0x6813483655bd0c4fa5336277378f350a1471fe408f6f33d65d13a1a96ea3adc4', '0x22c1d067b7d99f03e54edd471058df7e5190007cb7f16730b2fb0b117799b0d4', '0x9bbcc26db8a65c1c9765da631a7505ff82c6d80603e0d3e0360fb34fc7b64b9e', '0x393c87aee3ba7040928433bcd535537cc6e4fd745fb60523c85a3387049ed994', '0x373e55ce3bc4e05d4feb2d6804481582000d955eee124a4e0e69ac7551733f32', '0xe0232cb46cdc80487c4d03b5e1cbb163266834a4ae76aee891a85248a2a5a5f6', '0xbb1d036dd8ccbdf3ea3d917108997a055cecc2a0019c605143356fe0e316cc87', '0x34c57d211fb36e2d90d577355c8cab0c9bead1d99ff4b108d869dfb2114d3f30', '0xaa2bbf60a04fed384b0a9cc34dcc47dc8cf73b9c2d37f626b5bae455eb58b388', '0x529ccbe89ac8fa92c53f7ba1fa5031ec044709d6394bff9141091994a659547e', '0xf328b05644c973e7eacad18d2bdfded0bc6f269967d64f5ce0fd1a46d80ffe8c', '0x772ec3d74e71efacf6e1b3a9c38a6cca0a25394a48fd293f9beb3e53a98b8932', '0x06c949df579c438b03eb5c3e2561304a7d9b41f34b7836620ae065460d7fa4de', '0xbfaafbd4ee49d6336fcbc8ec9bfc798b7273a644cbe8a8428026d57ba9e68648', '0x7f353021cf29df63798bf09b75c02e369238dd3188ba344c2dc89bf824faaa75', '0x798a09bc22a5c973ec94ea8c59e2d41f6b15fb134fc4d3bb7c246801eb63e1df', '0x0141ea1e458cc60eb976dfa3560f42929243433099cfa3477d6920674d69e9a0', '0xee986a32710840bf0b378e50edb8142f10a84035d0490b122dbb53e2b284fbd3', '0x3606ce3cf53d3b12a31a4d7e0c424c222e614ed4413707d855e721471c969721', '0xf89e1f9c8a5dcc3d3be85e16a75041bca09a0ea1d589b5fed9f608ce85117b2a', '0x819b7849617ac0a88b3301c594af177a89d11fe84f73f81758f62a0c0ea62b2e', '0x6a932a2c5c26be890af106864de4d680ea9fc9f5373b8b07444feba777526d54', '0x2504169b053eed4d8b0dc586ea6d07b3f49e6fee7efabff4e8ba8cefe44b0bf2', '0x070d88c14d6c91ae9f16825a3a1f3c10618fbe3716d762df351845d6ceb35e4d', '0x030ec58108bf9e4fcb55a990bcc7a65dcc0fe17d8342c71e3419f9a6e3f95eb3', '0x6eea39e1cad1fadd805017f9676c688b138ba445dfe4cdfff87ff8c59b880987', '0xf1c3ef49d56047782ba95e7c6288145e9a9b65bbe3f492bfc25a32a51384c655', '0x6488376dd8a04e57b6a612cf2d25e40adffce856eca022d2d1cd7becf9505f46', '0x4651fe616318f1f2c595ffb1ee8df5ec11e3b523f303b22e22f3be0ebf6ab8d0', '0xadeb9f8ea4de78832182c00f5f48fd6c947b6570fd3334696bb9365de93b7de9', '0xbe60cad80f70f69356d1e81f9c2562496c6a5eaf783bdc1b54e7b56dae7b7b81', '0x65c12609f95e4701e34bc67e6d4da2d2ab24f3f17b892e39779572094dadd5ae', '0xd3dc317e9d32cbc780013366a3ef24253edac1877b2ec5aea048ba70be1af8b6', '0x9618daa64db8fe0c221e3b976e831e09b667299792a6fb61e16c9ccb48d82865', '0xe1a8886790524e6e22fed4e53f62fd3d276f4fc8b2d0bc99799660549a3bed37', '0x5819fdd2039afbfec453bb8e6a6f7f714bd4076b483d2ce4f034eb2fd24e7c5b', '0xe9af41ef13279ecd514572f6bd5a157e1f5dc9c24e36ead76ab2b0af9ca5fcaa', '0x497a8b4109c20cfb61fcc70b684fa58ad269a3901f97e1235786799bdfba255b', '0x5a479ade80036c9ff0a69b7d05d0f826bc92aac016e54efc339f84f099550e14', '0x237c90ca5b8cb372ad02b261f443f240448ff75b0c6127a9b6f772dd81fa8fa4', '0xc395d757ab2af666c6ba23770a29339a96acc6492976d0f64ab87dd8a6baf218', '0xebe4d30920468545e2f09b7e3d351fbfd1c3d5f96e7de4d19f3d82e6ef99e640', '0xf4be69229a6ca76ea362f754012c2596c32988a8d4570f508141921a209bee12', '0x031c2c34679ed7e66ae983edba444f5bb39ed5daabe0bbbb3937aced9c022710', '0x250e48da76a57a76bad148b14551d18840b78f321fab6e57a8f0d2c06f38edc6', '0x98debe740e5e38a77515e42f21a6025e62c1af43ef12b8e06eee04c4b6186592', '0xdbcb60859e2be41591f99b5b6c746a446767438e4583d388a8a57f376ee70332', '0xc8ebd0bf9d75cb7fe9466bb98c5f676f41ef8d3dfc7913dba205602cf4ca5c9d', '0x52172ae50b46c75952417169ca20e154dcf5496322a24bcf1a06d752bb351726', '0x11518f768e3e4cee6e5e83bb54e238239ac0efdd0b5aae272c8122dc60a0eaab', '0x27c4f7c247aeda8b9361ffbb91ba1f541b12f6aad4a8ebbc84a996c5a2e3c540', '0xa62924ae2bd2bb4cdd96f07c6d9d7ebb627be07cbf7b6f3229b76388d03b25e4'], 'transactionsRoot': '0xe655e1d75680cf1d298a490d97941b8d71350225eec16dfc231dc131642292c8', 'uncles': []}} (async_rpc.py:86)
2022-11-28 18:11:34 [   DEBUG] Getting response HTTP. URI: https://responsive-convincing-aura.bsc.discover.quiknode.pro/3e7f242edcfec9ca1a36ef544cee66362af95baa, Method: eth_getBlockByNumber, Response: {'jsonrpc': '2.0', 'id': 101, 'result': {'difficulty': '0x2', 'extraData': '0xd883010110846765746888676f312e31392e31856c696e757800000040fc9c673c334eab2a56a48f48c120c9d41a32340d64b05422d555eaa20332fe2089e37a5d5346151c576070a874840017774db4bf6979e9960c3e8bdf8f519c2c8ba90200', 'gasLimit': '0x71fb518', 'gasUsed': '0x922c70', 'hash': '0x2ce9948a6ec57a8f0c7e6e2c48504654571b5bbbb88c103f0c9f51004e03a423', 'logsBloom': '0x042212e5944a843af60432e0b00ac8d1fd00441cb5698041bc3d44797c602903394002501da1508087b10df98d4212924c4a00a12010dc4272219342107d02c40402831703044d2b9138081908840a2a283878ac36c5288e883484c0b0601c3222d0362086072c0882d92f59a208a8e42b8140e1c88f868246b9a81173535fd11081c1422ee3024ae58882c0141140d07425748dba2854280398144020a3992aca0a010681ae38012448f081ab9e40a970e63ae53c018b2e436ca6e84392206820aa41a701063646452974070806d66727c7210041421814464214470806e4f56c311c208400537c230955cf5d82083140061c08e2fbb7c88a5253c100604042', 'miner': '0xef0274e31810c9df02f98fafde0f841f4e66a1cd', 'mixHash': '0x0000000000000000000000000000000000000000000000000000000000000000', 'nonce': '0x0000000000000000', 'number': '0x1655cc5', 'parentHash': '0x8eb72e91671a61fd1fc90f322d8d2191a3f8be1fae6fadf5b35b3106c03ca242', 'receiptsRoot': '0x1de774915ace84fc2f099af7882a21b33348a96f8928dbc43264f0a941470fca', 'sha3Uncles': '0x1dcc4de8dec75d7aab85b567b6ccd41ad312451b948a7413f0a142fd40d49347', 'size': '0x6c59', 'stateRoot': '0x783e7285166f68e608137bf43f16cc53a6250df4afe64e33dbc7df7de5a32d1b', 'timestamp': '0x63837f1c', 'totalDifficulty': '0x2c672c0', 'transactions': ['0xf64478ae3f599051bdd3cb2ea6eb04aa36d8ce3e4c47ef5176a96e4f54ce7f3b', '0xa53b42167bf2c99477e5ded3d1c0ab6c240dcdf029e05d0184b75ee14a96b229', '0xdc76ff0112a756982a8ca298be005c4e5cbd1f62090c0ec2f554f0261587dcec', '0x1ee96a12a48f251ba13e64011a7aea1ea4977edaf73120d6e7139a7ca064edc7', '0xf12cd358357dcb9bd78f0275c2121cd8825712f56d17a6352b81aecbae70c412', '0x038350fdbde4aa45aac35e162f18b9ef9ba8a5b41b8ecf730be30019a188c90a', '0xbc5d66c51386bb6db9e9aaa6f9f74716aca245ada76ed7a44b7fcc6d47ca07bf', '0xd75e42e9906e147f4b6b4109e71c6b352cdb67db192ce1149566cc304166a2f8', '0x030d508a8a6a7d5337f2d3a78b88aa5c7e4902a056e75fbe86ed33f7337e84f0', '0x5273fc6402aa4cb81a7ebc312cf3082bf27a3c6f520b149db333e75d4a43dbf2', '0xe5545a53988559f249f923a5bd39e9cc4c70753a0c57ca600cb265ae8ee43dc5', '0xd0de011245702c199f3ebcd9e1876a68c67453906e893cfec235a4946e6076d0', '0x9f791dd63029e5517e52adeae22c1b646c6e20d379dd5139f986eaa3eb6db2e2', '0x6d0c74b911df9c0a8e0f02fa042e467ad75412cbea8e0ebbc5b6bc34d6cb700d', '0xe00ec2b8eb7c9c7ea9de173041b16dd9246382ccb45b4927c4bc85eabed1ac00', '0x5cf136c909180c5af500be1c5271c76c675065b173992e33f9c9104c5a5c4410', '0xb38255d603ca084e61b4eeea39caf6432ef16c470d4f3005a51452ace4e1b457', '0xb65826c44deb5257877da01ca3306c4c12cd5d804be6494ea1660aa23818ca08', '0x56754272883121e1a320b19c4ea1d55c1341bafe46c2b01fd61d2547d059b297', '0x11f51dea8875bf5b608269a329135cada561e8c2fa522c13455d6b58959461d4', '0x725b4f2ca2c99540cb0647b79730e9a757cb594441e1509063162ada7fa446ee', '0xf6d40794fbf37b97e0d3857ca14897f924b6edea668ce4dca5c13cc365398020', '0x63e5964945be16ab30e52e7e6d545f6bbf0f749d2f1745f2febcf688878e96b2', '0x6cc130c18a188adb49066c76ebd3731ca27c2a404426ef34443b6cde23ee7278', '0x1b17ce5fdc6d7abdf5772d5eafbb82551a1354d44073856b8df38f3dad68fea8', '0x6481a445856ec8943e41e9b3d07890f2e4529a7fc61cebd6e6743bd067656a22', '0x95d6fc095a06155366f73d463f7ed693ab1e151d85d1717adfe29da057933c63', '0x798428e8eec88359f04f5a3a4984f79079068254ccdf987648826005f1ee0e44', '0xd0b5105a63cd206733c9a9150cf54335e3f875e4c1ea81206d60ca9e5c7503f7', '0x08071b9785d16cb4a8a3b4bf16067f5525846ffe8090af16c6c7900450c12dad', '0x7cf5467be175fde04cd1691cf806146c38c5c1d10ec4e3a59ca639cf628cec42', '0x8d7e104edfc97c8b147df421f26330936f6abf78f8cc65cb20bdcfc6cb5eb54a', '0xecd2a8afaf83c43b900d7ee5f49ee689a5f5937b161d5a12377d49d6f99f2ac7', '0x5dd85f885b196f43f6e43c62d15d59b11254b0c15a3727de9fbd7c1f84daf6c8', '0xd9c1606808047e2cfb111ffe499edad948c393663b53c3629f1a43ba69a7b86b', '0xa5112e03a7ce0c68728b1e6b8075c80d6b58d8afafe94f64e78472568bbd8480', '0xa06bdb0bf16e307709b67f4052bf98bbdbb06bfc02b1484298fb5a0a3c30b282', '0x4224f3bde6fc5f6c441b9076869b7883a5546f6587ba9c88db507b11788626e7', '0xdaac61b6bc86a9c15026d89d6cd9b1c221d1945abca1468248e928fa13ff29f4', '0xecfba0a12c207ad8f58a314b035d5031872dd787ab3f7446c26ea07e011e5248', '0xd6d4e2a408193b98d98d02440edaae83c6126eaa051556a170147c6b63107bd1', '0x49fb656a3b5e615062832a36bb851f13051d440363d68716c89a8f5cf8f0f2cf', '0xf677a244a5a1e998645fcbc407ac4a2256bbc8bddfec5544d99e6ddc19303ad2', '0x3bd23d8de77c24139f6dccca569f1ff85ae763e5183389c8fe27886eb4002273', '0x55fbe37b6a5c5775230745e28849bb6861d9b413dc209b3a10668bc5aabfa8a8', '0xab3cd9e13d0eefded864012fceb51a0086e145bf95f28f47cc4c9c09c37f6e8c', '0xe21063e46de739ede6f67a07fd10002059454f77fca2dfefadc9e1e425071e8a', '0x79b2426526b28a5282415e66fe5d6d0ed6b3daebf9d49bb49f4ec4f535a599a9', '0x89680d56f52640724c1b5e5c8cd5ffc713d634f02f9d7b32d092768df1dc1920', '0x278f3f2016958f2e1fb2299625fd5b9a2e9b266601b9eecdf1f81a28f8e0fd0f', '0x22e4ca97a346a0cef9c48eb6230a9ce61b028e512ba10075e0abe3d0df1f84a4', '0x6fb9cd2f475757f58ccc039018d07078d5a25ed25f15e392c32a01dcf5065c2c', '0x3ba94f948808a250aaea8f223821e3e0bdeb94fc38213da5430267143078281b', '0x46c563cad03d34543f9c6b9d4add56a6b6885ff960350cfb5f4786afa14613f2', '0xd13be9905901817bab5b59542110eeae91fc0a765f8dd20204066324e13fbcb6', '0xb1d7ad50394e9c9e79bb0bb0223b9a0545fba049a40c8745d4ee1abb16bc0a3c', '0x88778b42cd189ccb554c6d389243592409e6090f691451b68a72e53926c32083', '0xee41f4efa2abdf73c9036307e1b4d702e2a880b1869b3cd615a81268d28e90dd', '0x43e6486984a0e20847a79ea46e30b4829b79c408162569f88639eb64bb188795', '0x2acdc3b782caea5684285d39f4958f60edf43734606ceab1ae899109d90f4ae3', '0x20513a0e2312c2171d5bb317d30821a9386e3a9faa40158d95b3012bb0386ce1', '0xb23bcc5e32f580dcf8acbc57998c2a459054fe7341fe8c248a669f5ce81bba0c', '0x5cc6432bd5c491b65737f2d3fd961ed02a91ed8eeebdbad1c19bbfc10886ba8b', '0x6d2c027cd5e398720ee0198c3e411d13e2eefde03be3fd6efe7264091ae134cc', '0xe256aaad2e1cdbe114d57c8e3543e3ce679a59edc6abc02bfc767540627cac97', '0xb8b6f4239344ed366755581966550d08e59b174dfbc5bff8c28893f53fa849dd', '0xfa05c27fead1389874cadf57e6a73a7fd69ba8bccb83a8beaeee220b9281622b', '0x8184576107db33c5ff44f92ebb392a9b54d4c6f41c94a4b8a97be94839815d7b', '0x009996d55a395ae2aa817570cf9f99fa2ce228269959ded97fac836df7223ce4', '0x118864a01772634e72d36e40cca11111413c59233e8a54d6bdf5ae0947fb2daa', '0xe461ea31c83a70ed966978af137caf964e86b91ae3ce4b890a2d2cb1d7171804', '0xe0a28d7585ee97daf69f40ce35a9a7ff692cda42492865bd2f1ba74bea306f02', '0xfd21e82c41f0e84c8278901e746eb1fd7f13f31ae1c6cbfcfcf31493c11ede42', '0x7904728f30b7a336332f7f290fd07b9f1c592ce5fbe500f4e4f0545ccf41ae7d', '0xf2092b92d0bd4f8bd75441da01140038611d6ad09f454560f302a3b478fb3cec', '0xabd3ddc12c6013c282c296097429c01b0a2b2a2e72b75a2328502c07f5e0fd3b', '0xd2266a2752a1a6752abf0e2314f043367437e52c70a1d0a4d692a9bb5316f7d5', '0xd5903eb1f565f1f566191501ef1341a2efd8341791ac4772e8ed368b41075082', '0x8c6293ac18daca926e280dfcfd7e2e080c4344a64d522edcc094d6621d614725', '0x7c1e380a1eadc5a0e602b318a04bb0b52ed50be6b8992be318ff0e55f5a3f37f', '0x531ae2bf90f5e2b2c0e90a6087f735ba69f6d340f86a501278e6d94f83e18b81', '0x56b9af096918093060b1c0045ad0eeadc1dcb621d41f982e34fd1d57aa6bda07', '0x4961c723109fc3058562c3f2a6bd5bbe655d961c68480d9c90c06d585ffe78fb', '0x61fa5e7c65ffc36546e03e43c5bec06d2fb68a798f77cb0e3fdcf554940a5f1e', '0xfb9ac04ce53548b5f5334c868c50feabb28435b4a7620547ca003bc1382618c2', '0xc53517957ac0e5f495bacbc9f2ae0138fafb9833cd2c46a348a859baf2fb238b', '0x3d0d806b63a699a5af15fa2eed68057f0e01db9db4733a2f88e57df760a52f63', '0xd4bc05e092ee4b524145a599def3d05dd44a196ff9ac5460d9e3a0c3dc64c176', '0x1beeab26ede3b8b219339b71d634dd2a8090303656189b535317104cfd5c137c', '0x7740bff3b5f1f372011bf09b377cfcfedfb55dc9e8da6485e86dce6f388bce65', '0xebec47dedc1333b75ac34fe7dbc998bc131f877164bff9846438a20d31b60331', '0x24d462683493a76e84574369cd6c4fa5f9046fd85e4432b695043982378a893e', '0xfb2ac60bcb239d6196bae6af8af8925078daf664be91c13d7890ea08d4afd76f', '0xf32e1863d2f753f5401a783be06dcdc3fdf03b7490f8defa5851aab1877ef663', '0xeeb9201b2d65065ba08cf5708f55c3cee29158f16ee5a914af2db0135dc002a3', '0x58fdf4d51a6e52d61574dc4e5b807493d71e93b2b404a91695ca8cdae68e4b94', '0xcca6db9fe96349dd96f3fcebd2e0b6bc10041cb3133b0d7c41998ee2466cf928', '0xafa9e9cb8543dbac13083f88bf92a125962aece74165e406e560c38db613712d', '0x681b2c0e13d77dc673a29eb91e5fb93d04872e49f948d9aa8b73d18a5f90477f', '0xd8e214940b3ec3e92ea94cd7e429297a1880c9e1ee588f2c82e364cfa95875a4', '0x67e3fa124e281a0c6d93ac43e129acb5eb003bf3ed357badaf707e3b2059b5eb', '0x5dbcd1396a27d328f9e4d366a494464e8a49b168f0d3589a9a9916d1c47771fd', '0x2f3a347883bc3086eccba5a0cbe30863a7024d9741a9710e779b009082ab84b6', '0x87b254f54156d9df1b0648981416e5425c662609cf84dd415526542b900f6fab', '0x7d0d9dae5a1d24ccdbc456cbca5188de67676e2eaff573050d20c199efe98064', '0x660db659870732388f1c8f9b044f830fb7bc77fe6ee3a99ba9285a801e5cd5b7', '0xe55fca11adfabf4bdbb3505447cb24f7eec68f4e45751f457f21e0ecc5edc90d', '0x4ebaedc35e2104bb2b154774293a997f314fae8681b7870e84fbeb86b28651aa', '0xcac47f6c2f132316ed31ada199bafab092fa742b62468bbaa4dba86e8abbe615', '0xf953e429e2cdcc48c60c68e17cc90fad1bf0f01e3ea221ecfdcf9d700ee3c62f', '0x6b4bea922e7d3d92eef6ef0a8e4ecfead1d4a1b70a9a3325f85d207ad5497a52', '0xbd0268595f47b467bb037bcc945a53f44cfbbd0516af21c72e5e017643f81d2b', '0xd58fb7af555ddd5ef56e69d315526a14ca57f6a7ecd8aa491d7bfed1be8bcab4', '0xc10d43b173e402e7bd6e81feec1a902b330f8c7831b06c49a6f2b0af6eba4aec', '0x925cd3db32419ab1d72e97e35f01eab690b4dce146c7188a263de57d64797b04', '0x720cbad644ceb1189705ddc63b8e5495a513be8f4c14d9962ba6381cff1b99de', '0x2db638d53b14c0195b7ddce007b26ab66ea0277c597cbc5720c0877d71c2fd3d'], 'transactionsRoot': '0xe3093130f26515e443b1e8f2fba5b4c9059053b933254caadc23d0f7aa5a0a35', 'uncles': []}} (async_rpc.py:86)
2022-11-28 18:11:34 [   DEBUG] Making request. Method: eth_getLogs (manager.py:160)
2022-11-28 18:11:34 [   DEBUG] Making request HTTP. URI: https://responsive-convincing-aura.bsc.discover.quiknode.pro/3e7f242edcfec9ca1a36ef544cee66362af95baa, Method: eth_getLogs (async_rpc.py:78)
2022-11-28 18:11:35 [   DEBUG] Getting response HTTP. URI: https://responsive-convincing-aura.bsc.discover.quiknode.pro/3e7f242edcfec9ca1a36ef544cee66362af95baa, Method: eth_getLogs, Response: {'jsonrpc': '2.0', 'id': 102, 'result': [{'address': '0x86ac3974e2bd0d60825230fa6f355ff11409df5c', 'topics': ['0x13ed6866d4e1ee6da46f845c46d7e54120883d75c5ea9a2dacc1c4ca8984ab80'], 'data': '0x000000000000000000000000ded08efb71abcc782a86d53a43731c77ca1250cf00000000000000000000000000000000000000000000003635c9adc5dea0000000000000000000000000000000000000000000000000004115f8d18ce91941e20000000000000000000000000000000000000000000208d4eea85f3b44259ffc', 'blockNumber': '0x16459a8', 'transactionHash': '0x51a29e43c0a443854a0e3458f8f2677b0f6b55d899e1fbedcea16a3cb2c48ab4', 'transactionIndex': '0x90', 'blockHash': '0xa1640612ecdecf46e8ad4df44a93d681ee6ead197d94e1eff87f63baae540df6', 'logIndex': '0x18d', 'removed': False}]} (async_rpc.py:86)
2022-11-28 18:11:35 [   DEBUG] Extracting timestamps for logs 23353768 - 23353769 (reader_async.py:35)
2022-11-28 18:11:35 [   DEBUG] Making request. Method: eth_getBlockByNumber (manager.py:160)
2022-11-28 18:11:35 [   DEBUG] Making request HTTP. URI: https://responsive-convincing-aura.bsc.discover.quiknode.pro/3e7f242edcfec9ca1a36ef544cee66362af95baa, Method: eth_getBlockByNumber (async_rpc.py:78)
2022-11-28 18:11:35 [   DEBUG] Making request. Method: eth_getBlockByNumber (manager.py:160)
2022-11-28 18:11:35 [   DEBUG] Making request HTTP. URI: https://responsive-convincing-aura.bsc.discover.quiknode.pro/3e7f242edcfec9ca1a36ef544cee66362af95baa, Method: eth_getBlockByNumber (async_rpc.py:78)
2022-11-28 18:11:35 [   DEBUG] Getting response HTTP. URI: https://responsive-convincing-aura.bsc.discover.quiknode.pro/3e7f242edcfec9ca1a36ef544cee66362af95baa, Method: eth_getBlockByNumber, Response: {'jsonrpc': '2.0', 'id': 104, 'result': {'difficulty': '0x2', 'extraData': '0xd983010111846765746889676f312e31372e3133856c696e7578000040fc9c67fafd8d2c7b78712e40b7d2c5de55f8f0e8a64d25f075e41d5ff9007206e5e6a952d8de3d05b266f8d05089e9addd78b5ec6d7a26f980d76871ab589ba5f3400001', 'gasLimit': '0x7356341', 'gasUsed': '0x18974d', 'hash': '0x552f46832c2387b300d8bb55aa22680d0a76173ae981f682607319432cb4b2a0', 'logsBloom': '0x0820820005000010000000008000800100001000080001000110000000000000040000420000000802000c00400000000802000000000000400002020020000000a000002000000081200008000000202010000000103000048000000800000000000038020a00000000000048000800080000000000000000000010000004001500100044010008008000000011000000200404208000080000104000004028020000000018000030808000020a02004280002000000101000020000002000820000002010000020000000000001000200008000000001105014012002020200010000002000828010004000000800040000001000000000002000000400000', 'miner': '0x685b1ded8013785d6623cc18d214320b6bb64759', 'mixHash': '0x0000000000000000000000000000000000000000000000000000000000000000', 'nonce': '0x0000000000000000', 'number': '0x16459a9', 'parentHash': '0xa1640612ecdecf46e8ad4df44a93d681ee6ead197d94e1eff87f63baae540df6', 'receiptsRoot': '0xc8d522fcfbe165b95738c529f03f25d5db359225eb0b211a6c70f8b39a8903c6', 'sha3Uncles': '0x1dcc4de8dec75d7aab85b567b6ccd41ad312451b948a7413f0a142fd40d49347', 'size': '0x1851', 'stateRoot': '0x40348eb7041b46695be553b866924117dd73b9823b9556ae72ef7338d31f456c', 'timestamp': '0x63806761', 'totalDifficulty': '0x2c4731f', 'transactions': ['0x863842da8cfe5a9c081157fa22666050b27728c2634ee0aa3b9be29c62815297', '0xfe099e112cdd03094d083dcc79068e11633a934e81fa6b3b1ff2a80af02131e9', '0xa2c26f6b06db28b755612b1b700039a6299eea818531f9e9f435602252b7e60c', '0x603ae455d4df3d94a417f7cddff69c2ab9eb4d3ba43cd0b60ad944eb59985e0f', '0xd8995400fa5c85d2dd9e473b6ce63074177957d1d2b7a857c52e5984f026285c', '0x45a8aa019d531b3fdf7518e042ab07834dade44af4db880a6670278d4cca6e46', '0xa8c7541634a8e77aacf78ddfbbcf1f99508b15978731ece606dab1c5c74af9fb', '0x074a15fbb2a72ab147e0b7a0e8a3c52bbb1e325490c581a2d85dbc8ff5163023', '0x74fdad168f3b017f5828dfa1ee0fc11d5f7cf0e9ab52b856a3f6782a0db66413', '0x22b03de03080b3a08ffb0cc94ae4f074d9956af7e3ba29523ecba1fdd2c9922a', '0x23504232a576de21473eeecaa1cd006306268556764c5e83e3a3f47615d5b414', '0x0b8e92fd2f938c3f825c3a0282bd6943cb9e003f75fbb79b7a2775df6524f707', '0x31ecd35bbd92d8c90977b265fb9eba87da1e4a7e3c85f2659a024c67535f016d', '0x4f3bfc1b8e6c01b23b89cbc83a08c51a4afa4e88b6953b096fcf91f281779d69', '0x7b1c9ddce04bedcee3d54a7696fd9b04b85a11f1ef3806a8e5193ebffd120b14', '0x51d425f4f5bba277f2ee235950daa81b1ebf96587f8deb2cbd621d5e260068dc', '0x0060c201305cc7034c0727d90fff8a80f94db449017498526d6a83d06370741c', '0x3da58f1e44d12f76cb40b26fd025d90138641251e9eab9bc41bae592127cdce7', '0x6ecd19007d64a247b1c03add6969efb3a80291591bcaf91fff5ac7b001f111cf', '0xa33b1bb027f79311e037fbc103a17dea7ac8e019722e72e01802522bf5d30a1c', '0x7462bc7be35a579409edcfa0606ce0d122e24ed5a657b910a3bb200c82b38636'], 'transactionsRoot': '0x32b88db66d166fe3c1d3d5eba1a4affccfc17fe64107e4acc50c1d246dd3b0a1', 'uncles': []}} (async_rpc.py:86)
2022-11-28 18:11:36 [   DEBUG] Getting response HTTP. URI: https://responsive-convincing-aura.bsc.discover.quiknode.pro/3e7f242edcfec9ca1a36ef544cee66362af95baa, Method: eth_getBlockByNumber, Response: {'jsonrpc': '2.0', 'id': 103, 'result': {'difficulty': '0x2', 'extraData': '0xd983010111846765746889676f312e31372e3133856c696e7578000040fc9c6711cec329cd25b485ae3a3d1ec100a9a6cad44ebb408dcf827c5aee13330b583314a2ae132417bcfea11fa1542dac7afea609d8600d3238330171671f3618b9ff01', 'gasLimit': '0x72e350d', 'gasUsed': '0x165312a', 'hash': '0xa1640612ecdecf46e8ad4df44a93d681ee6ead197d94e1eff87f63baae540df6', 'logsBloom': '0x45e69f093d5cbcb02e6d6e69a949fadeaab696589f03ce2b6ffbf3fb3b711d9aefe7ff6be5caf43c2bbb5a91d53d37ac620dd1de5f32d6b5fa78d2cf52fdef88fc16828f6dbf7f63e7feb3b9a6a1863bed956e5b03557bbebe0d13b5f8eb3fff93c11e761f82d7df9e1ee74bbe74f8671e4cc1639b9c6d587c32b7bb7b9b9f92fad713bd3d0739af5facb491f8028ba7b67d9fe5947bb22e752fc76969ebf9bedba7b8f31ff85f7fab70c2e17f6ee43b776d88b9eea72b6e7e78696d74bbf8f8e1c8b6026835db3b4a739b12fbf653117755fc6d696f665f7733744fb4b1f57d6f74fbbf07fed9371d4dbef9ebb9b0646a743e5fcb48ad6be327cf778d7f9e9c', 'miner': '0x61dd481a114a2e761c554b641742c973867899d3', 'mixHash': '0x0000000000000000000000000000000000000000000000000000000000000000', 'nonce': '0x0000000000000000', 'number': '0x16459a8', 'parentHash': '0x2eabfaeff56b79331577ea42df2cd6fab966f392766743774e3d855c00c6c603', 'receiptsRoot': '0xdb12afb70a040e59b2229d7157b227934625bff988e8334d7d10a66a2ceb2a92', 'sha3Uncles': '0x1dcc4de8dec75d7aab85b567b6ccd41ad312451b948a7413f0a142fd40d49347', 'size': '0xfb56', 'stateRoot': '0x73d9a5ba79f037ed0e058ea6532731c257686542c3b8dc3e044b5eb2ca04d555', 'timestamp': '0x6380675e', 'totalDifficulty': '0x2c4731d', 'transactions': ['0x3adde5c34f9064e316ec903e4e68e41b38a83ee3c04de2062500e47ba796d1b6', '0x14c5c02a327d5a773e52e53285ab6ba13bf6a05a031f2e887f13059792134085', '0x428548ae16ed1b32a0abbe7c3298aea9d61be6b2e66011d4d0e7fba00a2d2198', '0x42e0c96103c7ce41001b410b855094ea92a9f87a56db5d5d2f1c3dd87e7dca36', '0x8154a29d968e136a62af93b905cac3ef17ff48feeaa1dfcd35cfeabc052711a7', '0x1436928396e95a3a1fb2a80b60beddc329685e400ebfe0ade8cf1ffb2bb0122b', '0x7fcda50599cc7884fffa5a62b78e57b90b7d86a1c66cee27da61951eafdb45f3', '0xa7632ac275768e889359b8568a139a4cf72c595f2ddaa94cdc0d2a0f5be83a46', '0x2ff536018fc91413863f78397bcda993264e4c745e3b3ebdeaa20bfc83bc8aaa', '0x2d4f818a040a4beafda0bcf434f5223267d52c3a30ee445ea7aa7baa7f3ab793', '0x85b5998d3491ecde8b251285981187e46bcd5df1cb5dd576f69887d9b4a62f4c', '0x950a045e054e562ee422fb39b40cf78feddce152ccd7d84359a1d779edf47027', '0x550039fe8f352c4dc313b955e01945c452ec30d2e047f8a24acc8db48c4cdda3', '0x5f3697ece46196dc0153829b7669af183570e483dd5f2daff0fa18c3fed2fca7', '0x96ae38603bc84db3482801670991cb3e17f5923e350341e25ae462c9c1bf7fd3', '0x581e5bf9f952d3dc09f51d99ec4e8a7cf9b7c4bf99aea61dce28f95468385f6d', '0xfd91cb48c23b81a3b71005743643b927d93f309d64dd6fd2f022c907196a7fdd', '0x02bc7357216e223ad9d9d39851089a4ca5803194cc1b559a5d91ccb1ff942e2f', '0x0c4536d5667005086a45c2088a5fe48aa4611b6982b87f88f8882f641d205d89', '0x95786e450dfdb5ed7046f2c9bfdce4b80d55b53542f1d9f0936fe8b7ccfbe56e', '0x9fdb2308b7b3af00780a56ef0378141f32623cbe3609ed2451cb417951d71d28', '0x501eccfcd7543486f660b66d49f8f0b40f6ee6229379f85b7e9d16eceafa4ba4', '0xba28bf87822ed2b9da4df66c586ffaac1b472462d4844f1f796181df3d49d6ba', '0x71b59ccbbaf4241398659e8b0fd479252b118e070e16e93852433e53d339a7ea', '0xf041d94e473d62130f2367e4bea3c4ab9da871fe5f126a423991deff4518be56', '0x16176bf7fe83ec2fdbb6e702fd43e981dd9c106a36fd3ec510acd075d7b870e3', '0xf50e7e7cf731ac651baeb8af92b629177da9e1cadc49a48f49ed25d3eddc58b2', '0x651c5764aa0d9181f7ce53f5a0d42bf16c807b37d4f78216a8af0285f42b2825', '0xad8d07cc04778339799f068d0956061107b4f711c479ad351d9afb01a9406e0e', '0x315e55b361aac811e431e02d8a859bd7df7ddef1ba7daaa1fb88cc1c2af7bc34', '0xf845e2b8d472a81230407c052a6b27af9eeab6c44ecf317fc371ff90a02bf06d', '0x27a7de429087b087bb383d9ce4e4183947964739c348c11a762e2717e7761ec9', '0xc01d714f4455bab77f5959add642d02490871c9375634e3bdb52e3c459ec9b8c', '0x559e58216dd16aa9c94429322ff1742c84b3d2a10df0a416b814eb7fff26c4b3', '0x5b044118b1c4a1dfb61b5d9912406ebc76b498dfaa0f98861497e7f82a4c8b4f', '0x5fbab8358aebeb59f672f7b1fd921ae30abeb47a4d61d2cc3a06655e3fe3598c', '0x19bfba77fa3fc33aa9af65759b3e64243d35b5fd8f06e37939f6c4e775b9a51c', '0xd22a4679b06cdeb4b632820ebcc9a7c53c36dafbb1a5567488d35a9d736d5e66', '0x580e8947f63f065adfeeed7d8b265f11eec6da3df539ff27252718bc0fc599e8', '0x545be00d4e7942f97d219fe1eb3ced2eb420a60d0728354fe0a3accc885db29a', '0xf783897b203e0016d3f79989e2724bbfcf4bcb17495fb4737b34e771dfbf7128', '0x959e08929da96ced7055913ec5324f737bccb95b0e89d3b477b0a945593967ff', '0x713a6be8ab7d665e26ae511b928ea1a992dd24a38246c0b07831fe4a23a8119b', '0x669a63f461a1e385c076af77c365469d33e33240968552546f616fdf0e14b90c', '0x8a2c27b535549f20e929dd21138b3e3feea59b97a36990f7262fa1b97fe9dd7f', '0x446db745217917a8a19515d3004f2e7265601882360556f6284214577305c6f6', '0x30f6646a929a80bc0999ad5b9a85ad3669eaf4354be64db6d4045c017759a1de', '0x1987cbaa55a68cc0ac6de2f3e43a1fb83aa95e4a14fee7bc286da5d277022b00', '0x2d25e8485cb8517440e73cf2ebdd58dc225502603ef55204e5a1947d060bce2a', '0xf8a4360b0fd9d8566c333749521b8ac4d1235ed4e660e1ea9f655de6e388432c', '0xc3805beeaaf5061570df0b8fa5ae66202a2af631c985304262a318f93125dc25', '0x78db012a1197bd4ba2b7b265a8cb803841db1a6702afdee344547b54d58e0e14', '0x56c6903ce0576b8ae910c50db72f45c747e2f861f549f0e570899d749fbccaad', '0x99be3a5156dd0d7abcb2736b474e04c1f7100b6aa19e21ec924c40d53e29b19c', '0x69491afbe614a2be8102aa0aca305a5e7286c816464490c731b14e41fad36257', '0xf630dffbeb9503fc9943a994ae98c8b81fbc396225e3adc33fbba6dac69a02d0', '0xc432f99c3707864a1211bd2e758f8304a7e32e3ea5985a84826548c57f34ceda', '0xccd2f4c8879af0dfff45e9059ef26adc58b5923ebb3e7f53aadb6a08468ffbb2', '0xc45b267d3343e0d13edfff91dbc34bc5c13c6fe4c35fd2052b57b7694bba60b4', '0xc7e5f6ea2b5e53f3e45637ebbc3e816c15d03ba2d474d288fee10a79c8eb693e', '0x2e7825d3c5f55395b14cddfaa69bf3436b28e9ac56962673d50fac16bd7bb17b', '0xea295c1c2b3716218d4bdef1f7b446a8c01af036a90aa55f597513d10822eb4d', '0xdb9672a668f710cf71be78aefa5408ae689063117924408c2a8677f40648b019', '0x8ea9f6f1b43c1e860b42cadddc50806bac1b1a81e9340291dc3c9dfb5a348588', '0xce91cdba74a9c7e147bee523c198e7f61365c9975747a30ecddf320750a5640e', '0xd7359f66e3401f77128bc1cdbbe9f6ec3ccb2e1f35b4e340aeca3cbc72efcd6a', '0x5d31bcd2d1ac21a7a08807501b132ee7858ccb86e3f0035db1a7bd574c9d22ab', '0xb5ba39ad32af321ea5a0215cf713cb49405058ddf1bad42317016a67f7c4e3d9', '0xf11a52d6fbcabf33d4a13cb1a69c1d3addcc231362b5496d22c46a5e32b12f41', '0x43a2b40c87ccea53ee87f6a5f568da3af5f0a486316b5697a0ba737b6a31e717', '0xa7cdbd651d57a2d19004b387ee2ae2bff65e094709ae5746fd6d42b05d5a500a', '0x3dfcff1224d502205eeb723a4093e3f227daf329c83c57eb8d9471a646d11d4a', '0x4ce81d4b4fb5e5102f42c7cb625bb85bf36ba6cac59ef40afd2a507aef6e6119', '0xf0de6d2d74917f1fedccf2c57d38fac3ace62ef1485e4ca00c6059009c829dcf', '0xa71ce55620bb0cb12e365644a7929ecacd5c0538585180679f55c7731671305a', '0x8f08f8913e5497f6ba33252088a9c64282ac6bb5314d2a295ad3cfcfe1d16bbc', '0xe4b0b72b96aa961eaf4039d29aa85dadade4a3c6604d341642660c2938439709', '0xa1306bdc3bad1f6e32fa5d037a72d4c3f18f3c02cb30fee53953cccac520a147', '0x5e442ac883abfa3f5ca593e16f25751592c4933d9dff2fe1e538a0a7ac08eaa4', '0xde336d61de90da36d30c873f3bb9905098d1c856eb2e012351bd209e2b279391', '0x013aa1f38e35c67b6910d16e59635ea39d340f8519532d2db3861c1cab1a3d0e', '0x269a4614c2dfef4276c1ecff3ebaf288cf67d1cf78b906ad34c376d29a7845f2', '0xf433d0965411aae90152574e4bfc8b15003a15c427bc08b1bc59bd57b0f35323', '0x090dd85662bdbeea771172be93304f0fbbd9857f0e370c23781eaa343fd148b5', '0x856bf9b0b874c3df2c29a3a5fb908e8ed6255c63f98ddc3a7a37e34d0646d358', '0xa83344cbba8a54288b227486ee62bae84fde1c67f1399126368197ef2a788836', '0xd24a093ba894575592825f12dcf5570dcb009c1d4b954175fdffc61863393bb6', '0x57a045779d523dc9ee2f4ee64d361967da3f368f6f4f6725f3c4e743524dc79c', '0x9ef029326461b490e943afed21c97c2039535e5dcbc5e7c242f4f7ca6ec111c9', '0xd85ca9ad45df1cda2c2922f38a1ee9baf6b0022e3764d0e24d755f0bffaf4e69', '0xf057fe70108ec11f3258b817ba6bacb2e4ae73c7747c2d707c8de4a0932fb876', '0xce28cfae52cd67a0945ff4be5b81b2d2fe8e175d49109c673626dc568094cd32', '0x35bd6527003e47c327a9f514e9c07797ec0f98aa59e265959a2bbb9aaf31dc66', '0x5f616eb9e26bc51ed4b3dfb9ad051d1681b74c968dfc046a30531e5b7b152c27', '0xace78584545a15ca7624e9cf515fced7048227104ea1740f6c14541ff3468793', '0x185a97266f3a8564efb48a9730808c00de332af020e4bdefa69cd59af3bfb350', '0x43df5b88aae16c8b7e6457a9df7f441fbfd7d4a7e2dc72baf64a0d5b4506a158', '0x4d7d0266a3068399401e15f2e570fdf01e9f83bf8b7a2d8a6ef82af18bbea3b1', '0x56ed8a21ee94e3e00590fd78b9175c9455523fd04fda9028c5d371f3068df596', '0x6e0dbf363c40521580193d0cd3f156896e3bf60e3407d1c9fb75401be808760d', '0x5885e3797dc96bcbc334e3d0cc9442b3193862b2df33b979c8ac4665bf3a903d', '0xcbdafa96f36db1bdab308a662f7cce222fc7f8cd9a77a7f6434d06563d1ded11', '0x59c03156b6a24e2232d9810751adf13af96387a3006cb7b5c172bf96a51ce7fa', '0x12efbe979bf93575bc6810d47356846f16f518223cf589e4aae4e6bae63e12b5', '0x8b400b390874d1724b03e9136eba9414614664a9f1b7a208f7afb63072776bbe', '0xe3c4d75b91f1137805a02748cec3bfcd4430b66ca521448f2f4aedd3f4ec1f2b', '0x498a67b1e148e2baf8a378032e86196123ce95dcc70090ddf20801dadbba2f76', '0x4d8dd268c32ca61851ec35cb2412733a3a2fa98f586bc1d34c8d62df7930f271', '0x3c2b75f7f480f79186ce58073aeb9f5333c445aab29671674a0cf8a1b19d697f', '0xfc67b45623546220d2556bb99dfa9a191d4f03b23cd5161aba7c20d58f17665a', '0x7cd87634d306772c46ae25f7c9563687f6d4b0e5208102125f1874896eeaccc2', '0x78c62e4e1aa3bb46914e91da346072e3b749c5f2af396f72479c863b8f927dd0', '0xcc823cfc74344b4bf7a1651d4715a1bc4636b2c35d25307aa38e959fa6dbd7e8', '0x7fab6608a410eb19eaa644ddcdbded9a555787a73c619a3c6eea34ec87db657c', '0xbfa949e2f83747bd9da5d920fce1b10e3f3e4fd457a4d78387d5727b6ed929f6', '0x38783b25dac30baefee385df635916ed703202ffdb216fe7a5dfbee9800330f0', '0x5bccd4abd25290492066dfa649fe9524dc1fab90c6def9f85fe615af761f176d', '0x329e55a4b17824928cae63a1c4863cb0d457f54bd6f6b83ffc0dc159b86313cd', '0x3dbe0757b5a1336ea1668e241bd1c30cbf61573d404a2ece56716cac5620d60b', '0xc46538eb3e29d8c18fa692441b186ec0b7fe0a814842c3d19e4dc402cf903e54', '0x470e089d3f0f0b3aee5e0c8a9f4372b25c866a073e46f0388df5a83e9a05b77e', '0xc91dad0a3c4eb76dca4d46a4a217f0aa038aa10b787936f3249e9a54ac23f4d9', '0xedbeeec81d903aebd7c5f380f8380337990804e0dff4e0ee1e9b6d842bde5c08', '0xfb3c501b4509fab7e1975eabd513173493569b48e07fbb6785d63206cedba5fe', '0x8b874e664609c4d810966ab759cdb8d19083fb7e84b06ef4951aeffac942520d', '0x1ba17e42b180c59aa417fec2968c0ef93988ab0f9a4069d61b7bd1f54e266817', '0x39a0d624cf7147a0c89939721b4c3955689ef44ab35d06a240d92e7219132a67', '0xf24126933f6321f2d8d80a6dd1425fde360ef32833f24c3f4512352e1aaa62f7', '0xee044bfd6d77fe258a7269347789d184f36258ab6f0241822b0c511861af22ea', '0x7572aaa92c5d3e4db170717ce179aa5fded042c5f66b0d8106db75f533c1ffde', '0xe8d76a38449db933e50fece41dc6688df7de0c18b854d35bb53a9c3c8232e6fe', '0x6ffeade3e017470b22dfb4192c416ac9b6aa89e8d573fd0b3da7e89d41d10e30', '0x3c9d900dac721c05cc43fb4d2976ebb20639cd1ab98423e5691d2acd1ccc823d', '0x9f2bd3a10fa4e62a9235fdf68c63453b904815e174a70b533af3663e30c0cabd', '0xf3ef01c1b09d0d926bf909dd8212cc593c6138cf809fd9a5f9571b5b8684d63c', '0xfdaa4fe55054ceb27990b70553e244c0c57e3d1106be02d3a66f4ab3576c1b38', '0x5d5671279324f4b61dee5617e75fb3a27c4b391c7fc7d61b4b9907e7f3dff0ca', '0x83a6ef535e956fb62d8b0e18d88240be433a923906b04cd893916cc34026b0d7', '0xcbee0226ea45352b5fc675f00165f8b4c5e170bdf0221b5d188bcd313940a0e2', '0x699ff9be98780c75f534297cb2fd97e4c29214be094be2efb1ad687561ce46cf', '0xaf73282f7ed99dd99a7c36427b4308b245c4d37515aa9e5ba03a7d6780ac2802', '0x65527616c627e0b437e05b62a209f2c9ce5ea603a97dba50a16ae3ce50a11f26', '0x00308d7e85c66ac90cdd0e7c652d48bf8b3b228bb267ed63bc096909345d1764', '0x3db40cdefaa1ca1f612c7040b1b7e0655672eb3717516169474542d62a0fc3e7', '0x51a29e43c0a443854a0e3458f8f2677b0f6b55d899e1fbedcea16a3cb2c48ab4', '0x0b4f52a1c2006c8aa531fce88c2136cc2f1921da36c852c14eebcea48471dc37', '0x45537825359757c2e90e0996ea890dca0470bef958df396c3161028a885c17f6', '0x8dda14d864549616534c217d911584acf0d9a403d08619c695ada862df2bf873', '0x9a28bb1fbdfbde6fa55989638e2588bdeed7a0831eeac0e0a784632e0b960c65', '0x8c6ec07c176c4599fe96756da4fdaa4b182521b29e3a13bfc64a5a7a4b46c988', '0xcef1515a89940da765f2f1107ca0791a5ec3d23d01a7d5c291f121c498186d8d', '0xa9595690e3e1b76a305bbdfde21abd9085aa5b0deae4036524d88a1360058cfe', '0x56bac06fb53c3f4cbc6ff9fe8f8d38b1eb8d99f392d503c19f63e7dd8570782a', '0x1d1a1d50d4ecb142e2af0db8e452cdfd913fd5e1ab7f834124325d457d7177ee', '0x2f65495d493e1df985111b9cdf5cc86c3034ff7f6fdcef9fffcab5b415b22cd2', '0xe39ebc5902ba69412e8d98226b1191e93b9e59a7445a0707b671459b1f48686b', '0xda8c5849317a3e23243c2e8cb6d27e5995adce5e56f9100eb44e3efae4f1dcf3', '0xcc73e96212c43a8cee413ac108fd86d7d3f9ffd16ac8b217755d09719f28af24', '0x913003cee0d39b0db77514cf021b5a409e4715d3be02634fadf7f42e1ee41014', '0xea2d80ed650a7f6adcf48d99489abcade86eaad9c87c908f7e6b1ca1efcde0dd', '0x8a646dc88e004ecc253d10b67512adbc5a0a4f2bb90a2eb1a7b4a6a19699001e', '0x228659fb2a65524e706c4cfdb856ae3c0432cf49e5c43fcdffc7f5037c2c6447', '0xd31b93efd4ef3e808145bc97fb732c21e191bbb3fb7ace588bc0caee73351046', '0xd9799bab093268e7f0e205c2cd8816e670933c0f6a62026634ac5ce1c4dff17d', '0x61faa717db597dac61889fa48b58eb85046e2deef9eb582bdbb73bbb8604e8e9', '0x0f3505b3af588a82b067aae79ebc473087757ee07fc379ede626ba6c7135e2eb', '0x64febb57710b04586bd8b36b303f3f5118cf9769ef34be85f99b5b5481aa4429', '0x1ad88c70dfe7e8ee3c5e59c57d8bd4da44f594262a6fc437b7137203885573de', '0x797c0ffda71f189df2769ab0cb80df7b5996d6a77d849214f235ac5bdb514b6d', '0xccae233a539469b6d2d37042fffdc4d018521b69839d05c374282526a139fa8e', '0x066a9226d3b01cb061f1083f54ad151e9c37f565fbfa750bf5e980ddb05193f3', '0x8d554ec742ed7bead3856dd7545ec1149baa172fefbf6074a13a811a491ba33b', '0x850ce24df88453347d1b565576696ae10e57408da49f97ec9e73bac35934a60e', '0x0a8f5274a2e0a398a4f9bf42e832de8c9cf54c231bc23e2bba679c914a7e9b33', '0xc3bbf7f99a68f13e40430b3216b10be6cfb71246dfdedf21f2dcdcef1ed87bc1', '0xcc089d2649fd9128ae18296a6c874e29cafeab0334ccd3deb0bad84905db3aec', '0xe341be055119382623f674207a156c86bde4fe56aa671a72258a765f1f53623a', '0x46628ab6d794c6dfd8d4bfae3803711a5ec42c66c46a2ef4e8a1ea49f5d99328', '0xf81fdc01b7c464cbc475b1d991d415f8cb9cdab90b745504dad0066beb8099f0', '0x8ae3652583ee1c8907d1440537c781d305b60d5d7aba3250b5667bc30c6d0ddb', '0xd1b67dd26be6d008ae48e3ee3376956bfe6b278593740dc9cff90873472e3f48', '0x0f72fff99f8a8f7961fa74d35af9384651e2665621516a95abd0252121b14538', '0x622aef0b2169d259292a104913fa376a02b8c194ca67bcd02dbdbbe3dbcda7ea', '0x07596504d96baef56d20db9e3e66b5339ec5c673ca9e8d61961a7f635e227b50', '0x6d52dfc585bb03ae7a337aaceb1e42ab357928ad25b2675503d7ede6cc2ee298', '0x8cb652b74c6edf1f086ff3ce9c84a249e0134279feb0d619a983ac623c74a524', '0xb0a6deef2380706d977f16b0ebcecc081792691d628d6c069723f901e67645ca', '0x99372b7da90a98ede50f9c1a833450d1275170fe7b0ea25760877eaf4717c6f5', '0x64ab7b3edd471c6fa716e1b5b78973eac7d1780a6bff657ae6e38ee93c0aa892', '0x402f6ede2f7b65dea6c4243e2e3dd59a97a3f4ddf340044e12097715de630bbd', '0xbe1af2eca2316e93906ffd3459ac7d99ab9b779235c6e06c228ed9cb25855406', '0xdcf43490814dde1ae1eea49db8398f113bd507b76e8214ae0ba37fff0005ff76', '0x3984a508bcc94bd87a1407a8669d899fcb4113397217f819320b28527bc05edd', '0x8c93f2d5e08e7f40d9c9696eec358767699d2a26626ae5586faeedc358894608', '0x026f4f637e4297f6d141370670b273b179ad952ab830e1292fa3012b3b842b68', '0xdfdd072af12f9651a589ce00ea8e0354999f8403f1c3643151fb21c391dbc445', '0x427674c0928bbca345199e022c4984ed4caf295e7057a8f95ab1229f3dd3243a', '0xc39ee20b8fbf0b76ee171539ea72c0cf5a3d6dc6f9c49e49182c0fdf3aff4822', '0x02a98a5f402d361352567f910a709e5d2a7c378216c9bc218336fb241452272c', '0xa83c1b881d550c614767d08ab5bb801a418a8e7bf8705e1792e64d1bfb841b1b', '0x4dbae1cd7705e7b9883b78ec00efec1eaad58bb3a8de5188ef811da6d674e18c', '0x9b5d82ab43f17b2a75d1114ef72bf983d6a5ad5bd4043f48e8775774c7858357', '0x87fe86bb0e4c923f812d3747c73637f117ed9063b4d944b4b9c07bd0a6647e66', '0x8187d724c91383b6d7e779c51ad5604817e059c8b4d916da872f25911aa9577d', '0x6aac7cd1e6a66971417a36ba2b840a947d26b2a49e1b2c990bccee97f7bb62f4', '0x8f2dcbb55d87b8562d327d6fcf23b493feea1806604975e0192a97af69b04d00', '0xa5df6ee4491cbd7c626c228a6c6910485e3e78b219c4f6a375f75705c8918077', '0x0aa208f8137ea7805bd7e6249435b982d033769bf441c19129c0e209b266f356', '0x3d3e4109511b253e125f097e777b52044c92bc4123038017a0357246f1a4f4c8', '0x6fa899514dbf860a65319ffab38d6375b59ac9972da427691a44eb94dd4f4e38', '0x938466b37cd133e50ca99c755a92479ab6f949830449684d8d628214abc4f75b', '0x3c5fd30be90d7d463ee729f12a78500517005c9900aa098c4771a3764e046494', '0x7e4bdd360a71f68a383a5919b0a552dae09e5287769521805d00c272c80978a5', '0x3d19bf606bb21ab64f707b93f8945082b69f9dedd9965fbe60569b85333a97c7', '0x69b3e39f86f124a3db44fca0162dc67dc35320b0ac49231649bde3d6896d132e', '0xd500b9004bed3c5b529f0036874cde9c8053f5b85c8e4ae89baf0ccee4c74913', '0x75f7debbacd3bac9d9a09444ce4f79b8ed5870d3d73b6aa75d37eefdacc890e0', '0x0e221d927ecd2c3f20bfc8ab602743010886d7f05176d00ca785bd9658eb3b79', '0xaf71b4f7b45690616488021fcb030cde725166e3c5a42f832fb18a18d6a3e48b', '0x2f56889aab8f532efacd78f751ba9db9ac627de4aea0816be679c96aeb26e775', '0xd947c2e476afd8fb6468aa0bebaf460ebcaf8ed2cbf183b08af3411658c6e065', '0x767aaba82116f7d740b20b1df4310e24a9ade2b40f3963dd2619dcb88095ecfe', '0x82e835b4649586369d26ebb36f584ef4b71f3c0ad7d4be922976e2e341f4133f', '0x7684534d684d8966c85d2a38ada62d6ba93e46ff5f38fd19de5b8ca12391c279', '0x85199ce7a5ee3e20c8997929325800366a788e518066819ea1440e3bbb356cee', '0x23301b8f2da566365b2e240795b63730e0361c63baf429b4b37a7f30eb1a1cb8', '0xf6a01bcec67bc0d0c3c125333489cc04d8da6011f70f4ed863c05537a9c497f9', '0x1ebab96545f6bccdd72d2726038938d270fca54f6e9d612cbb6e9fc29a146228', '0xd2124f0bf10c48a0b91ca5da822ee399e9811ea81df84d250e1a9670e4f42355', '0x1ff63ac56d7d070a155297085f539666b68dbd59b5e91b396b82ffa58d640c62', '0x9a249f5eb413886b6f811fe9bfe09a81e3e27945cd170a4216e45239894cdc75', '0x2ba1f4bc3a4c5630f3290abe4c6aa563eac672f0b45a29850c9be54b96e4daad', '0x024e3eb84a0a8587cf9d9cdc8ffbae1d249655f34f0bf1b77e0143a3e3b71171', '0xd247db219ece302dc664b71b1c65cb912a494581ea4c776bc75797055ead3614', '0x60559884d948703a519e17f39fc8cbebc86e90d931db1a134f012fa5d6576bfa', '0x8520227b1f1f635f647e81dccbc6bb18f710602b23b2e700529845ba308293cb', '0xc89217e2517deafe9765e38db1dc50e4a7730a6a87e1a79733719af1bed57ac0', '0xfbdc77edc93ad7af1b90c2bfc0dc1c677d147968d6595bd39198e39db8ba2094', '0x21a334002c375c6593fe7130aa11aa43f3f20df2ce928675f3d6fb742db34f58', '0xd1cf0780891268b742d6e33433bc854e2bdd84107cb5e08617cc21dc646fe7f5', '0xb67c0380140b6e9aed710bd14095463e4890635a23e75c965b0a2fc398cc0e54', '0xb20b7dd889196a9f2da63f184b6bfa7035846bfe73a60b6efcec0ae28aa07534', '0x104938b6ef23429b150b80f87523045409defa3cc58efcc5939afa9ffce91a44', '0xc795ad792365447af1065cf285b11c040b5f502b938f2df23a9a72c43d0a72aa', '0x11208f279fa01343e99d899d6ae8b8c52d9ef00f3350f779c7924ff45e391314', '0xa7b6bb5f556cd3c6cc6e094ae11755cd8e200558465253839d8a0059af00cc12', '0x27b47153c26589a8478045c9fa92192cbc5abe6b695289ab35c8d6e484a1d8c2', '0x25738ec68570a99750ceacee64a1251f2ef59d3cebe4f0ee86f88cb2b4395c8e', '0x451ceeb5106a42887a15e7ca8a5974324c4dd66257fd090af1aea4211867b4bf', '0xe3c313c1ca97370c56342db2c5c101c06c601a2a24d76f36c03e8cb1706b2ac8', '0x139ba82e47165b612c4add6d6e1863bf1d35c2dda1e31a40e0fa46ebe8d0b66a', '0x92485b4dcd42dfd682ceaa45f63824901d2eb5aa5ed654edaf8993d0e8faac73', '0x7ea4577972dd68b81c36a85d5f3d5b549c24577a9d8d5fb549cd950fce45e435', '0x2cd2f44c43f4fda8f6964c1f9380809d38be2750ab77eb65d8e7596296f6ac09'], 'transactionsRoot': '0xb566add64e8e3f98328ac981323ded32579e3bad164343754ae9529e6e98c38c', 'uncles': []}} (async_rpc.py:86)
2022-11-28 18:11:36 [   DEBUG] Making request. Method: eth_getLogs (manager.py:160)
2022-11-28 18:11:36 [   DEBUG] Making request HTTP. URI: https://responsive-convincing-aura.bsc.discover.quiknode.pro/3e7f242edcfec9ca1a36ef544cee66362af95baa, Method: eth_getLogs (async_rpc.py:78)
2022-11-28 18:11:36 [   DEBUG] Getting response HTTP. URI: https://responsive-convincing-aura.bsc.discover.quiknode.pro/3e7f242edcfec9ca1a36ef544cee66362af95baa, Method: eth_getLogs, Response: {'jsonrpc': '2.0', 'id': 105, 'result': [{'address': '0xa07c5b74c9b40447a954e1466938b865b6bbea36', 'topics': ['0x4dec04e750ca11537cabcd8a9eab06494de08da3735bc8871cd41250e190bc04'], 'data': '0x00000000000000000000000000000000000000000000fda2ec2eda46d8fdc88b00000000000000000000000000000000000000000000000000dd53c8653df5cd000000000000000000000000000000000000000000000000104d66cdd1919756000000000000000000000000000000000000000000003066060ec9ac60f82f67', 'blockNumber': '0x1594bc9', 'transactionHash': '0xc409991514aff4ae68f94dbce4496b0dcaac70741c23c2f1cb53f51cd23fc97d', 'transactionIndex': '0x45', 'blockHash': '0x65ec9d151305949504a5ce696bd82a710200760499cf606253c8bda6df741b72', 'logIndex': '0xc5', 'removed': False}, {'address': '0xa07c5b74c9b40447a954e1466938b865b6bbea36', 'topics': ['0x4dec04e750ca11537cabcd8a9eab06494de08da3735bc8871cd41250e190bc04'], 'data': '0x00000000000000000000000000000000000000000000fda2ef95b774c53b9ba6000000000000000000000000000000000000000000000000000474cc93cfe364000000000000000000000000000000000000000000000000104d66cf51d4b82d00000000000000000000000000000000000000000000306602ac614b088a3fb0', 'blockNumber': '0x1594bcc', 'transactionHash': '0x19f46db89417848ad21127c073db0debe4ef6dc821d0e9b6f82cdb555a02f3d8', 'transactionIndex': '0x2b', 'blockHash': '0x6e97124c9edad1f5077c8f53477e45ac787fa285757886964cca483cc460ee2a', 'logIndex': '0x7e', 'removed': False}]} (async_rpc.py:86)
2022-11-28 18:11:36 [   DEBUG] Extracting timestamps for logs 22629320 - 22629330 (reader_async.py:35)
2022-11-28 18:11:36 [   DEBUG] Making request. Method: eth_getBlockByNumber (manager.py:160)
2022-11-28 18:11:36 [   DEBUG] Making request HTTP. URI: https://responsive-convincing-aura.bsc.discover.quiknode.pro/3e7f242edcfec9ca1a36ef544cee66362af95baa, Method: eth_getBlockByNumber (async_rpc.py:78)
2022-11-28 18:11:36 [   DEBUG] Making request. Method: eth_getBlockByNumber (manager.py:160)
2022-11-28 18:11:36 [   DEBUG] Making request HTTP. URI: https://responsive-convincing-aura.bsc.discover.quiknode.pro/3e7f242edcfec9ca1a36ef544cee66362af95baa, Method: eth_getBlockByNumber (async_rpc.py:78)
2022-11-28 18:11:36 [   DEBUG] Making request. Method: eth_getBlockByNumber (manager.py:160)
2022-11-28 18:11:36 [   DEBUG] Making request HTTP. URI: https://responsive-convincing-aura.bsc.discover.quiknode.pro/3e7f242edcfec9ca1a36ef544cee66362af95baa, Method: eth_getBlockByNumber (async_rpc.py:78)
2022-11-28 18:11:36 [   DEBUG] Making request. Method: eth_getBlockByNumber (manager.py:160)
2022-11-28 18:11:36 [   DEBUG] Making request HTTP. URI: https://responsive-convincing-aura.bsc.discover.quiknode.pro/3e7f242edcfec9ca1a36ef544cee66362af95baa, Method: eth_getBlockByNumber (async_rpc.py:78)
2022-11-28 18:11:36 [   DEBUG] Making request. Method: eth_getBlockByNumber (manager.py:160)
2022-11-28 18:11:36 [   DEBUG] Making request HTTP. URI: https://responsive-convincing-aura.bsc.discover.quiknode.pro/3e7f242edcfec9ca1a36ef544cee66362af95baa, Method: eth_getBlockByNumber (async_rpc.py:78)
2022-11-28 18:11:36 [   DEBUG] Making request. Method: eth_getBlockByNumber (manager.py:160)
2022-11-28 18:11:36 [   DEBUG] Making request HTTP. URI: https://responsive-convincing-aura.bsc.discover.quiknode.pro/3e7f242edcfec9ca1a36ef544cee66362af95baa, Method: eth_getBlockByNumber (async_rpc.py:78)
2022-11-28 18:11:36 [   DEBUG] Making request. Method: eth_getBlockByNumber (manager.py:160)
2022-11-28 18:11:36 [   DEBUG] Making request HTTP. URI: https://responsive-convincing-aura.bsc.discover.quiknode.pro/3e7f242edcfec9ca1a36ef544cee66362af95baa, Method: eth_getBlockByNumber (async_rpc.py:78)
2022-11-28 18:11:36 [   DEBUG] Making request. Method: eth_getBlockByNumber (manager.py:160)
2022-11-28 18:11:36 [   DEBUG] Making request HTTP. URI: https://responsive-convincing-aura.bsc.discover.quiknode.pro/3e7f242edcfec9ca1a36ef544cee66362af95baa, Method: eth_getBlockByNumber (async_rpc.py:78)
2022-11-28 18:11:36 [   DEBUG] Making request. Method: eth_getBlockByNumber (manager.py:160)
2022-11-28 18:11:36 [   DEBUG] Making request HTTP. URI: https://responsive-convincing-aura.bsc.discover.quiknode.pro/3e7f242edcfec9ca1a36ef544cee66362af95baa, Method: eth_getBlockByNumber (async_rpc.py:78)
2022-11-28 18:11:36 [   DEBUG] Making request. Method: eth_getBlockByNumber (manager.py:160)
2022-11-28 18:11:36 [   DEBUG] Making request HTTP. URI: https://responsive-convincing-aura.bsc.discover.quiknode.pro/3e7f242edcfec9ca1a36ef544cee66362af95baa, Method: eth_getBlockByNumber (async_rpc.py:78)
2022-11-28 18:11:36 [   DEBUG] Making request. Method: eth_getBlockByNumber (manager.py:160)
2022-11-28 18:11:36 [   DEBUG] Making request HTTP. URI: https://responsive-convincing-aura.bsc.discover.quiknode.pro/3e7f242edcfec9ca1a36ef544cee66362af95baa, Method: eth_getBlockByNumber (async_rpc.py:78)
2022-11-28 18:11:37 [   DEBUG] Getting response HTTP. URI: https://responsive-convincing-aura.bsc.discover.quiknode.pro/3e7f242edcfec9ca1a36ef544cee66362af95baa, Method: eth_getBlockByNumber, Response: {'jsonrpc': '2.0', 'id': 106, 'result': {'difficulty': '0x2', 'extraData': '0xd683010110846765746886676f312e3137856c696e7578000000000040fc9c67a23d8c91d86f7df5f7638ef1c86cb41fe125ec8c418835b883e90ce842bb59ab0a007ab0dc2cc2e2101a3bf36bcf41bc9971d6ccd37afd6a1e65b48869072a3200', 'gasLimit': '0x711a736', 'gasUsed': '0xa54ca6', 'hash': '0x2cb1ed9199d9e0dbfe1c2ec884396204db92feb90bac9bfef217d6c5b1c2175e', 'logsBloom': '0xac3a3320048404106ac528f5ed6c4cc90249d170d4888602a508d13d200e290c29c9f45700027b22c3947412c4022c0a0e420fc1142f611011bf144a26bd228600422c50414b5d0e01c1d4cb90330bb07c1c9c081b6438398f850004c042301260d019b7030366661363604508812a00b82428c8a80c0c6085b578bf0cc8b172491022a345382d224eed060898112801842404853904038b2130a66741c90a338320026414c882500808b524468e0671746a88bc8100fc0343a601f16207e0c4a8ac890209043003558262731602160177d5b721275a5c1b02207b8e5230e0072130bc51084410010908932282008ce1101f1d2978b2487e0a00f21d2a451095', 'miner': '0xbe807dddb074639cd9fa61b47676c064fc50d62c', 'mixHash': '0x0000000000000000000000000000000000000000000000000000000000000000', 'nonce': '0x0000000000000000', 'number': '0x1594bc8', 'parentHash': '0x9e3e66f04043432eeb9624a2b91d0bc54998ab768fd24e0cb718bb2fa74b9b6e', 'receiptsRoot': '0xed7a2e3509a521e6076e23fcdf85faa4b7ea94ed8714b5dec1f0edbf68122908', 'sha3Uncles': '0x1dcc4de8dec75d7aab85b567b6ccd41ad312451b948a7413f0a142fd40d49347', 'size': '0x6e31', 'stateRoot': '0x7d7257762bc5ba1886185b8f429ef42835397f7905a094c43b729958293c1364', 'timestamp': '0x635eb7aa', 'totalDifficulty': '0x2ae935e', 'transactions': ['0x4c9c29896e30bf1a5f5db750d37805149819adc294ab394748d0a94f9b8e85aa', '0x288b5f5ce873940362bfd9cde05ac692cdd945f526da4fd14e337637168efe9c', '0x277e034f4c461ff27dbc15b5e8e66e1ad32c78e91226332c4d0ac51cc6b2dbb4', '0xc4a50789416cb34fb51e5c6c4ed683badf6dac70c743c77e2209818431ac5d07', '0xd39c0a8bda264d53595862bf66dd3dbac1f09ba1d86a33bc6ef3d2a94a125a3b', '0xe3e3d30c27e44425e1f4592de0f48da70fad9d54fc656853aa4e9687ed7fcd54', '0xccc978cace215b4589ed7fdb7eaa89753ee0cc4a167b3266d663d71b230d797a', '0x58de512dbed33d3a02b9fe99fada123837b492921f69057289df6b6d2c6aab7b', '0xe739c79d776edc698ac1d9ff2f3eb16301352b2cb3aa753dbdcf0e22f54773ef', '0xf1a3f12ae6808d73850c76db20590ae826edccc83ac713a8e0e15178edf401d7', '0xae3231d72c0f3a4c4f4b9f77db4dd7f69292a5d13a7138890f6b479ca5947222', '0x2714ce77a2f12ad5e3e85e98d2c639a3ec06bd4a7e6eadb5027f4b6ab6bd0c0e', '0x02b536f5af0b789a2c80ccea5bdf4766b29f83398beeb58d0f4479caaef2d36e', '0xfa1b4f0a4e79fcb5d8faac508f4c66db071d98d44b6219802db68c73fa3b67bb', '0x021bd9341eafc64a7e66b1b4cdb32dd2f9f4414ade417c31753c8a2852bc0352', '0xa47c92eaf35caef0bd2946a575771820e46e0a532a40ac8b3409df225a1178da', '0x9c260a318b321d88ad4857f9526df39c7cafce41bc3f227a35bb06fc9cb456cb', '0xa7ab32ba9dca4ceab4b383bbbd221be7e8d83285f131440937fa36e473d27410', '0x7cd16f6f2d49f0fe4330ea6de311599d3e4c2012c5113fd05fe101edf2631021', '0x2907845a4936646033d0e2f5d19c5ef6587b159f08720af2bae8acfc3e3796be', '0x49f57756af365541efc59a7ec23f0c70f4a4eca0527d057f9aba2e51f70ceaab', '0xd7f66fcba9ab46fc0001cdc412f2eae63dd1e52d5b12c981089855b35020b43b', '0x49702f689b7476cc8eb4c9d29298f6634a0e839b606e0633185dae50ca69c07a', '0x88216eaf690ca6ebe50822f4d8307e3460be47495c855649daae400cbe9594f1', '0x73e551d5f00027107635e0edd7fbc0ad1a9a9cfbf25f56de36c8ff5f28a20ee6', '0x7efa451d045f1e4169c35242326857aa4e597017a9239e6c0b97b0cc47992c4c', '0xf17de005162076f2a4e92938643eea872059f79ddfcf57da3a5aff6680eceb5d', '0xa398edb9556f33ef256d7bca5b9db7b05a48a2ef922eaf760479b1181607dc93', '0x9670b3c1d0450a8c6538fcf659ff42067d31197650033caefc66063ad41ba809', '0x51733c847c0986650ade27c6a30db2311f82830c9e924f9581c81c186b4726b0', '0x2b181e8c8e3167ddde04e67272174aebcd2500b2967d132de904a92b0eca2319', '0xfa3b3fb6efb6d613627750062d04b2e6033e98cd837e5839d726412adfe501b0', '0xf94204c70c956894c42539470a4d4e2bce6568005c19e9620f8ef201411cd9d2', '0xd26bfb9eef308888fa00b2ec459455d83af3766d7011c53e8b60bf880fe09038', '0x301950c17b67e04f2bf163369968c09aba64ed3983cdba25aa820bfe58175bee', '0xd9b46553cbf6da3cc882d188976080813bb1cb6c435738f9bb3bf375031dc434', '0xe1da96dd93683f08dfdc82b9c832d8f11a8fd45f84cf21c0e7fbb46cf6d4c971', '0xd530cbe878e4bb3e92a59d15f5d6ef092ee7079a0778635bb24250bd75d68855', '0xb4be686bddfc9704b53d0d5e557f98b5adcb80a85adbd6c0b71ccbd1118d6f34', '0x43b5fd3be21a4a5728c61002543eed1b9f85c7d577750c2bcdaf177124028e6e', '0x2e098407466d760ce1d20cdf640f71456bc02c467583612336ee36616f0d3bc1', '0x011a07ad9db11f42eb63e4938845ab0d8b789e2b3dbb90c924f2631f4c98b205', '0xac0e8ff2ad30feb9d75385ffbcb0beadb732e1c03866bdc5f8e4551c843a1425', '0x7e09624b1d2de739f0d49ed2e9b741007d1a6c05c7639a8f0415843c06050979', '0xb8042147d3d9a09327784903eaa7f6dd8ee1e576c156e3ae75c103a16820a268', '0xf64b01a7bfebe6d764e6a13cfeea39c8a33387659c941eb780504cab79a723c2', '0x5ca690f1a3778f7887cda7f5082dcd82542c9b09840af069139b485917a98eee', '0xa79546ad9351825bc6156fee415fa89c41914d9ccd7ca9101c4122b6102e5c66', '0xcb52a6612cc1ad92766e793d706f8539b0207f4b0c803f87c6722a2b5b7cc648', '0xd0904e3dcd8e2b11a2041d55737fa4c58275d1145f5b624f9b31b1718108ff9d', '0x6bb97b9695c94a64648142e78ab7e954ab2859f7f03bf105b4cfe1bf65585fd1', '0x61cc7c3978369c331a5f1a60c92271f14efcb8a01c2582477144d40d7cfefc7a', '0x45d869a93475630ae87e6fb37fa8e9d4a769dd00406fe8120a60612de36ec7bf', '0xc38306f5bfb4fade280475da5c9f6a70a3a15abd6a36e6d315a0c6b7a80f84a2', '0xa887bef9d7cc994d4b8564997c513cb15754405d3be1a095c9549bcb65c3cca7', '0x27ea8c8f18c8b40a5f7c2b2bfc95559e70bd86005baa4d24f9e834f6bbae6a4f', '0x77c60450d4137bf3845030aea3ccba988656fb9b31b5b84f3b4d56a578da1059', '0x384ddc583f69963967e0a960e14f08e5f59890c924b1c376859e365e2d56451d', '0x16f1f65e86eba566662743a32046d76b82b36c93faf5247d4f36039ce7e2a39a', '0xd534d4b86e26a382481420d20279cd9f63decc5b381c9452b68685da8a70f986', '0x80d52dac254f9b472c1a74f03385a363c04157afda115394ed0c6dfda72a0df8', '0xdd17456c04334f10c0f6388d7b05eafee288127a92c6824adec2b164b4d19bb7', '0x0fe543b44723686097116932f564418fddce264573ab68a4677d1b95b23dacda', '0x924e4c975fd1bb12bbdc7d7896bcb539ee75b4ea190323bbff791a7bbb8c7042', '0x4716595348f376a870bfc20428ff51c633fb58842857a9f44c7e129e2d73d0d5', '0xcc25eb02b5e2fbdee2b6791825e751674c3f0f96be098f1cf7a12c9f26c18ea0', '0x5c85a87f238e95ec302dd9ca3d672fca02fd8253e6ad654cbde217f9878e964b', '0x35d43a8e325bcecbc07e6f5b3ec9398f068f0d81901fc569f868ef37d7105aa6', '0xceddbd66d88f17c203c00c0aa40df9fd466d0a1db4fadc47158e31fa8f1c301f', '0xd61808c522fd28df4f872cc8b91579a30e5ba85b4887571b93e6baddabfb0a92', '0x49f16eb3a807518bd33d2ce31dfc5079eb9e41656e7500d715a71aca28746db5', '0xd11353df08f6c73f794d9ebc1e90a777bcba815a9b78e4336231ec7b7bdce25a', '0x9a95ce6f4ddbe317df46b4bc867ba65e0ea931179e0ab441702cdf69559b6228', '0x6591b578d59528756e7a35e184c13599698925f33e6ea7f4f266ee728c0bd881', '0x7feec7b427dd1711a755905a1634fc97ed2beb58f0496d5a0a71f8e4e4213356', '0x905b5f1654093f0e7b312680d1084b8ff2d8180a8a1a4e91758eded83161ecc4', '0x2701989cd7e10984ef420a5afa3519c28145541bb4e28169dd2f306cd59e3255', '0x100dd106b455952f8835fd2f354f00d100017baf4516a90e62d55597c1563e35', '0xe0862ca81410b1fb3052f1f77da975a9dec6ad9aaa04a12e1d5671acc9a174b6', '0x5dc1e357ecf0c6d8cc0d5cb095f94f55c746d760ddb03d0ae2088ddb0ce45873', '0xc0429a4a7517fe2a242a20fc7ddd65a4459465e70c8c7ddc7e05aa7d8e564fd3', '0x559110cba01c5c3a621b4d8029ab92e210d26b7b809988448c0b60bc1f030d76', '0xb25a6ef843f7df7d3a906b631849a76a6acdfc19103fe7fb4c7e1499c841053c', '0x5457bc23bf8a937d99512ff8a572cd6ecfa9c975c91d25f842079a7fb6adbb8a', '0x1077024b53bcee6ef1e20fe074ee4b42993efe18888d5e0ced1d68e16cc722f0', '0x07057d4296b3477af60b57a7970d23b373f7c18e81e91753901f8a694a088953', '0x1ccd553032496200bf1894038ae3228df05e84756c45bb8c3a567c3c74984280', '0x9f8a318f553d49da36141bc1ac5108853fdd3abf62e9ed09d01b455093fbea93', '0xdf0fbd20866ae4b46aeacda92b69390f412996084de7e46e42b32a667f55d260', '0x1a3228f25ba1a10b165f0018df61411a3e8c1a43bec86f32c46b57ff5c846f15', '0xbc5af5fb5ff52182d9bfd92444466ef9520d42eaed8c5b3763c696eae7f54550', '0xcd741b5bcc60e764cd13c94384098290afb8b431ae27d342769946b01cb82405', '0x3b65dcc2e7fe625c6af972bc9cddc718e64e204236b04208a542e407fa9573ae', '0xacb8a051f35d31c83568f19699457ba8da15a134e79d6418416e3f3d8c7e5469', '0xc308dee42f784e034e34ff123b750a9c2e0af74cb8acec57fb6529011455aa5b', '0x4af115aa7314c425480d018e109847439a4073c0ca4cd9b8f85e1a24c7358bfd', '0x5ef0de1a597fbc8ce5b76116075dd0233c078e2bd7a4ee578830a3c2239e45eb'], 'transactionsRoot': '0xd52041450196633904c4cd024b4df543d59b952e3ca3edd970b351ff7a3c6f2e', 'uncles': []}} (async_rpc.py:86)
2022-11-28 18:11:37 [   DEBUG] Getting response HTTP. URI: https://responsive-convincing-aura.bsc.discover.quiknode.pro/3e7f242edcfec9ca1a36ef544cee66362af95baa, Method: eth_getBlockByNumber, Response: {'jsonrpc': '2.0', 'id': 107, 'result': {'difficulty': '0x2', 'extraData': '0xd983010110846765746889676f312e31372e3133856c696e7578000040fc9c67f8f63f827453e4d799677149576552101d775e84abb28838f3556df99e5a246918e2fbc1cc5154bf47fa5e3c1486c5f938a96db3a1ad8dcc6d92578072afb30200', 'gasLimit': '0x718b8dc', 'gasUsed': '0xc47c9c', 'hash': '0x65ec9d151305949504a5ce696bd82a710200760499cf606253c8bda6df741b72', 'logsBloom': '0xcdac86342a9e52109f44a2f8f57a015bf89108c9b00d4c513c1609f2e42200e24c0da50982823b74d2204480d322121113828390bc30a1ba754ba486e42402b4b1d4a8a40aea0de3a57d82f94ca2273a2d1c0949165c2c3287e7f001d031417accf51d2fe26aa84b320868092164aec92ea95e681c94aea25570119d23c23131c20e6726f2d83bc627ac37009a6b48f500248d657a220fa9350b1a5a6e7ba8bb82889a9316fdd27ac8a2a5904f659c49c324f960148aeb27676c4d42c656925981cf5427cd0aa95ac149ac878b8017cb2b89ba11d53324332314923f89fcf8a400185e13ccf5c64b93abe01b2e80b067552b8c0a09d8915ae08413c60903093d', 'miner': '0xcc8e6d00c17eb431350c6c50d8b8f05176b90b11', 'mixHash': '0x0000000000000000000000000000000000000000000000000000000000000000', 'nonce': '0x0000000000000000', 'number': '0x1594bc9', 'parentHash': '0x2cb1ed9199d9e0dbfe1c2ec884396204db92feb90bac9bfef217d6c5b1c2175e', 'receiptsRoot': '0x807fe14b294f0e8ecde8e16c92aefab1df09ce4d55b5a608081efe238ed97e30', 'sha3Uncles': '0x1dcc4de8dec75d7aab85b567b6ccd41ad312451b948a7413f0a142fd40d49347', 'size': '0x7c0a', 'stateRoot': '0x117fafaa934ade1f4e4e31d7dde9fcd8a5cca914fd01f94ad5d1887ecfdab9cc', 'timestamp': '0x635eb7ad', 'totalDifficulty': '0x2ae9360', 'transactions': ['0x3d9fd4a716194395475f107b332a6314a96a97ae2dcc0fa2b94ad708badef1e7', '0xbc2158c33f74487b5b15df1284a70feb9383ed84371671fdf969c4ab9b3a4b6c', '0x594c16d7aed7916a9054f3aeac9291cafd61dff5a00420d0c285654fc26fb2d2', '0xc647da4dea0dd831f656e82c5fb6869afd50e0a1ab380f9288b8ffa6c0d55303', '0xbfc63abb66512baa11d51f3fcfe24290dc44a93699fc0cec4266ae12dbbc316d', '0xbaea4a63ca8b2fe1cd5cfb91d5db17b7dbfb8f8aba36eb893102313b80554c95', '0xcfbc52286b42d1d29fa5f9d170f9fb53db17e89608ce25b727e7b0534ecff50d', '0x48878c61d5f07b2207e11f4889c31a913c8ab6b43832deac4b81b1aa62c6b2bb', '0x0a77c9e64e929b92e1f05c43b982e911adb2eac966a1bef5fc11650be4541ea4', '0x33a33e0d0e9c01b9f755b8bc4f4ad704abf475d6d9917fcaacbc40172a241819', '0x99a2b2faf0a01c2740a056f6253ce12751f7eac0a638321811ab24c826df033c', '0x459d4bcc852b29ea28673bb3ad0042d352d4ac62b772d4c4818655cd2bff5c04', '0x6addede5722f814c143ebdb0c94b33f54b979992421230946176c5f3468ccbc7', '0xadced45dc7a47f9f5752724f76d84dadfc3e909e20f6f8640124a18011eed686', '0xd356144cd589e25f9fb9e430514ae41cad0052d9f2790d2a88a93e5ebff70f28', '0x00418fa01003aef68f0f0d158701c69bfd8e7fd6068bc729926eb88699ffd970', '0x045b7592a5538103caaf4b64ba22e313f699bea1fad3cd042e27bb6e9d09e8f5', '0xa1bed36dceba59b16ee3934e1b6ed81b609676065b43f3d314d8b2b89f89077c', '0xe7f490535c3edb9265c43a3e54f4954a57274c85575f03fce8b0e18457b93275', '0x3ac7064a4894b7da3abe69c3ee42d94ef0ab44c8ea0aa88c060f44d4713dae31', '0x2ae4290febd8a188cc526fa9dbb22ed425ab46f792b39486410dd64769f2a072', '0x60ef81a8249127ec3cd1a6e56065530a0eda951cf7ba91d891c5801498479e34', '0x72cb0625b50871fd844407fa1bb0d2f47622d9846a6c5416e7bdb295f0a5e185', '0x29e48b495198d24933c90f8caf12b19a38f9a46841c76f425d595070ca297653', '0x2f7f0de16c0e2202bc23f422fda47a24fd68eea87d018d4383f04816490b9f07', '0x126419f6694bb47f26130de0f4b2b2b3217239e535cbea87ca96e7d7d5d0a504', '0xbc01ad2fa1722b25db32563a9609f9fc2e37e02f35ca33971bc23643ae0d4bfb', '0x0c1e7d1e2c01add0ff858cd1d2c65841a0f73c318062fce1678ff2ed0efeaa8e', '0xe743b5f5101fda244e56842033d101761659638c4b87ac6471603168d2893108', '0x03d71c1d9592bcdd490bb1da3c3f92a7a1efe8684cac0ad15890f715fa5d80fb', '0x2de426c547bec32a8399b5285e3eac74eec43c6c229eecdab1ad93fbced10b20', '0x77f76adc30de516fcfe1b0a51e3d84c7f7868ec410258df6525b9e04dff04236', '0x57596f81fb21e3eff5cfda4e3b6c360ea0a775f02e961833b0718cbdbd3374e2', '0x219345c9cfedabdde1073c95033419880b2a19953faab2c50f5daf303ab04c95', '0x6b718172378837121fbbf908b04726a49a8d306a6b7b98091df818451facfe9e', '0xf339d17dd9cacceb819b9785f117952d66b835d9f2180ae9092ef6ab541b1e1b', '0x2c2bae2e5ce1c027e50d8d5726dc458d1392e27c0cbbcbb207901144cb64f0e8', '0x295cd33600edb8c53985381c5991a4293de6e05c5bd0532e7017fe2025d53fef', '0xe099cfe71e03a5fd47dfc5397ab89efef525106ce4ca1f505e7ff45f444c0ab5', '0x1961e1fa3ec1cc0d7341404a016f7d14c3768379208da9a55dd0d4e22170ed6e', '0xce6c659b552e286249a4bf66995199719619ba53fb3648b0ce5d05b5bea7e9b9', '0xd80956550cba1b50467783faa6a153fe3f8bebfd60b1bb496eff17377ca95bd3', '0xabe2ba3221213b66163de4096d350385903053c43cc0d4024e000c1e1af16975', '0x63df93ccf9da055274a3a10288c8378870ce7cf6e2ad9f80f2fc621454c27cff', '0x0066c50fb5fab79dd687f81b63dd6f5a0ba0a05620a11775d5009c54e32ea0f7', '0x672688570eeeac8883fc4289bbf5271f251056f412ffa123c0afcde926d15573', '0x1efe1e52a24dcb82d89a61efb42ef097a07bf5abba1baca65c97b43629565e84', '0xb69d0cc3a766dfbbbff1c584145e84c285dca21f3e3ba7e5739a95f105d880fe', '0x916658ad8b19683128f54d4a62716264d23f1c20ea3c2c40847dec2eef453d39', '0x7da990991b575f72e6b2d30b100884cc9429e5321b4462f7f81cfd68939c0ec7', '0x379dce03e3785f4913c71fabd0eae718db43a947773ac4e68ac30269ee1e3785', '0x1da1108a7ff3bc97f176648ca2ae313abfc577a98cfa74fcc8563ea9c0e8b93f', '0x724485c8c4e22c62d732b6a2387bfa11a756027e204aac175fce723b87539e3c', '0x6095cb22fce4ed08ced5b58e78b5644996d05b469a21bfdd9d9d30ddab573829', '0xdb7a468f1c52c800dd0a9dd2af0c24d4b3e0c9ab8c9abfee36f5f8b25da22f38', '0x5434b2e26b1d494762a31621520a10b33d3ba5c5e321ae46cf13b83b623f5451', '0x4554072791a21e78f51beb85942576baede4498d5afd3892701671f3fe7c7cc7', '0x71bcc21c46f63a7055fef922d9f63d276764b47e39b4d6cc73d237e2f38d760c', '0xb8b6bc7cc66d819bd85ff6983c0e41374b58f02329a7c60686a1b01e372a2beb', '0x430516c04c57e952298b1748820c022877e61c2988bf199682d5899db993f46a', '0x25f4ae9a62c36560cbe1cb3b7e298b0cff10efc250086f5380e97e2e7325cdfa', '0x11cf1baaab5d16d2c19d293d41ebbb6f67818c238b5de8356115c14970794124', '0x400e21971719af805592ed8493a832cf4f43bb47a9dd9c24a0aadc406a4e3ffd', '0xa915de92fb810d8885c56aded738dbc35a315edecc0dd5b16eddded40cc2b6e3', '0xdf745bc03ebd66363eba6c4f9267403d7e8a5c79d95cbf0c0f8f2843b01d8c2c', '0x95f9ddc39dc71cd5d5029b871f873059a32c4ba49c8963bfcda122993aeec000', '0x2a0f5e2f633d5a2c881a48845dd330d823813d371d0c9be01c1fbd2e67fffc56', '0x33eb9a577f0ad798a743048f35f93f22c73594ff74b9892c0ca3d02029845ea7', '0xba0bff041f0df8e48afc09c02f2d312167a25803535cf00c4c734d157b86eac5', '0xc409991514aff4ae68f94dbce4496b0dcaac70741c23c2f1cb53f51cd23fc97d', '0x476046cdc0bb0b44ef5f3a8f1fa0c137d3e00f00bd9dcd2467c1dfe3c3abf435', '0x9a3a346d10672ce1585c9077fdd39aa2f92bcf319905fac7cab764212fba0cac', '0xae8f2bb84fe3e36af1d89471a8bb4f2bbf7a405c2b7dc6578aeaedb5ec93681a', '0x0d58c398d126014718fbf68f038f2c8d9a9d444b32e5882387b705756577817d', '0xde674689e5eb94ea4b847fce47345ee58abe6db5df82d3f698aed4b4f1d9b271', '0x93ad461304c5a2854dc680e2dd8caeea27ea4f7965c2b5cffac70addef6e1f1a', '0x0ca4fac60e42f58156b01a137dae702520c6c715a37f2d92f5beee888f8faaac', '0xcc31629f58b399c7e34864f27a5ba0eb2c2700b28def463860ac3cf0df1dd9b3', '0x8c440d0d5535a41a96cc56a941ba6d73c1f1f0c0f8baae4b1946f3aee2a7ed13', '0x3a38e4d40fae313c8c8a2815ca60965ec669ac78435c085228781f5b335d68e6', '0x30729a2637220d1cd382e1be544162d6bd74b1511de43d16f8a8c149b7cbd7ab', '0x43c8a1f4cb5d04e78a1d322be9567453ea124f4e8f03041fa61de3d251d6a45e', '0xa34f19439b5a8ff48167281efdbdd7e5e5e3e9d418defde593cb7428700e7c15', '0xcc322c33e0675f0fb573528fd0b0574e954b37f18ac6afc68912c3189a6cbf9c', '0x5e646b49b3cd73b737b1c0d2ded31261b9f7d7a20ea2e6fc6fb61c8629e1a5cd', '0x9d8f3f7849dc69e7ff8558cbd3ee51d040e85b7ffe6f1227960f0cf3083f804d', '0xdf1acb7623ec161b7a0f6acc4c9b08a4d55fdc28b6561da36b0a369292bbf7d3', '0xb21b372ca5d68b6ff088f49f1a015915c910a9c2daaa2b0ca8a5ebc6d4a2440a', '0x44fb00f1267afed6ca18807c106d1409e070c76c3ed4b386f9a3b34e61e81de3', '0xbfc54629b1cb911ec5850614763250fc8f7d5292f68038c75a8efbfda171ac32', '0xf83d7a0484b3a5b136a521e0975ea023e9745c1f3cd1c88c96d75ea32677bf01', '0x03a42ca2f8bb9123e0cd0b1f0c2033102479c99379c5960d9c92a02f5bc6e644', '0x0a72065fae2b6949849fba0dca293771bd741bc00fb02c84ffbad4cb35ceee1f', '0x0dfc55bb2ca66c6381dbb6d60e721d705c14fc1cb2dc1ce9097cd1b12539e723', '0x9750013cb448c8f82f8935af47cd63f4414b18bcc06c2946786fca250f82f06a', '0x50c38cd7d845dba51bb952f9e938f7992d17f783e58d7b8ddaea53e61960b8c6', '0xeec85c623014d926ea13e95b08af344508b8cd4428e1a92f986396eb1e799bcb', '0x121668cced995d29d26d24725850390d521a20900df17de8a16404a794ed47d5', '0xbece397f37b91032dc99718d1114b07fa1030d1003c92cf7f2347b4c5bca0db9', '0x5971d46f651a0fef2c89163231b3343222944abe8ccef0a247f4a51f958259b9', '0x223ec91de9d13276130c026e12895469d5cfd6a1cefe51acd1b46bcb82761908', '0x3408ce3471065049cd04a6c1a02db67bb60f202de53cac141b9fec4a3c9495a6', '0x93fb4722daa95d1a84510b7d0dab90533c2be70ee6d41d877d9e1edeb31ea9c1', '0x3393945e30c6a039222a43e1f7a059acd859cc3e26fdd0782503a162e8cf31cb', '0x462b9fd19176454b25c3b3bff5a8e64cc5850b6f61f7eaea61fcc939f6d8d9b7', '0xa38ac178024727b09392144e100d339b8a30aaa215f626f10fe1233428498310', '0x59488d67c899fbe567d1995c2eb07c45eb5142e16b4b61c894fbe7f60a85a719', '0xf2d879025e659361e9531dfafa75dc8890b9e75142440ad86d59e9b13abdc8fa', '0xbbcaa14ab852bed6e8d738ab5f5d4afbd35c571bf5ae4c8637b79217cb5caad8', '0xb1639b068e16a9829c585d6b6872a4d799038bf04598d0c0585f7ed2215412cb', '0x57c42ee37cc2e6f1b66c8b6da98901c720a7d5eb9c8927ba5af4a3f9a230bf4a', '0x6c62ebae87b6ffc618154620caa1837f5a61b07d0cef240b821cbf9a0ac7df31', '0x9b349b25eca26174e2a20e00712120675114f19a1fac8b15c9ec1db9524cebd1', '0xdbc0dda23e56fe6339d547cfb4abdb77671c6adea8e40826330b5cf29b84260d', '0x7bec455dfe65acf943827bac310764f0ec125d7926147e85de0059ba931dc395', '0x0dfc2df44327856490d1031908eead06ae3828aa66059e15733be746dc434465', '0x7298a9170399c3076bb895c94e8a31ef3ffdeef74a1fb156007454c896b6060a', '0x69590b96a00202c332bc463d0dfa313732c0c53c8276e0e50626a5f04f30eec7', '0xc520658d273b7443e3a576e01b57a78a3fad06b32293fbe176f2d947fd9d82fd', '0x19efb72967908d37169c9dfc5782bdf449bf995e1f6c1ed7b84cbe0cbc019156', '0x56e647238550e06c6b838ad949937a68824ad02bec0e6bbedda0e8b41b682c0a'], 'transactionsRoot': '0xb75060c74d47c6afe0def0586bb3c881ae983d80b617f413a63bff58c77e2708', 'uncles': []}} (async_rpc.py:86)
2022-11-28 18:11:37 [   DEBUG] Getting response HTTP. URI: https://responsive-convincing-aura.bsc.discover.quiknode.pro/3e7f242edcfec9ca1a36ef544cee66362af95baa, Method: eth_getBlockByNumber, Response: {'jsonrpc': '2.0', 'id': 115, 'result': {'difficulty': '0x2', 'extraData': '0xd683010110846765746886676f312e3139856c696e7578000000000040fc9c67fb05f71205caa6cbbd8567ee7062f9040bfaa2413715005e1ad032f05263c99204e645bc4b24744f818d1c838962d47216b98cde3a548ae3ee5b82151de1c29700', 'gasLimit': '0x7270e00', 'gasUsed': '0x13387a5', 'hash': '0x15e9e18d09f77a28b89ceed27bcfa52b622e6923cfc00e0417062632116d3ed8', 'logsBloom': '0xab36aeac458f807a9b8681f5b02b0104b2d400d6ff9be1525d928d8ced0019b29791d2674c0139382138e678b0249194079481aeda827528c2ce4d62fcb56e38c964afe9982a644985c01279807b1937ab30952e8cecec10858e1e43c55c2e554fd01bf307761c9bf47bfdb32508fe8a885413498064c459ec76d0118b4a2c375d40471161fa38ffccfa98044917c0d40465f6b53560af8da14115c45432a96686238b662e1dde480c4ff8de3682ff3f5c233aa839109911186e31673cd577a089b886b7193b0b9f7d960265cf9a7c2c799ea1655f884e5745a3f00a1a62f89d8ed91847e112796d23001a0660028c9014118e484945644a83028b84ae4a4a78', 'miner': '0x3f349bbafec1551819b8be1efea2fc46ca749aa1', 'mixHash': '0x0000000000000000000000000000000000000000000000000000000000000000', 'nonce': '0x0000000000000000', 'number': '0x1594bd1', 'parentHash': '0x3f6a676ea36beb5e085a8ebceb280a6ade9a0f09e1570bd95530040adf6afc5d', 'receiptsRoot': '0xf63065bf2502c1ec0e5c14e47d8747b0175a4060a7830328e60f65104b259803', 'sha3Uncles': '0x1dcc4de8dec75d7aab85b567b6ccd41ad312451b948a7413f0a142fd40d49347', 'size': '0x9c10', 'stateRoot': '0xd534a28951a194d97f789d9fad028b6e0489e0c8a728773b448d77b37903ff68', 'timestamp': '0x635eb7c5', 'totalDifficulty': '0x2ae9370', 'transactions': ['0xfceeaf8aa4923112e86993bb5eb41385575ed5ef0c6c25d2905409033885b9d7', '0x06f55c0b533658ed6287bef1a30985da927cd92c7f17a3cf49c7fa1dd790076f', '0xedc34e31727a563593ffc59fbf043dfabe26682159867a65c465140f980ce238', '0x65038aa2f5d8037b2e0e9858beabd81eac1d61229ee86dcd2314efad4f6f055e', '0x06a9063df76e3fa12aac8e2e0bfa4bacada3e7cc3684b7d0e527b07555b81b68', '0x972634bf7cc0ac50bc1ad72c3b4b453a0e7a4044e303b67b3f6d7222aae1df75', '0x6f68db52079eedffce807c3877e49b52c761a41454cb800bbe9778613e9f7773', '0xa94026cc2106e60d02ea7f465f2331883b459818dd5435ee42a39b782b35508c', '0x697dababbe3d56aa37cf81af71488ff75c69b19ed2110bffd4c7eca4f1a6ddcd', '0x8d20b647758f67bbab15d343888086bb93fc1054e36ed76530dd9a0ebddf5d17', '0xdfdcd9a2b4b623bc10bf524f544240144cdebffccf9e9934a24cd7a2b4688ca0', '0x6cce28c7fe584acd9dba7ba202ac4d60c39fa5cf76d00419d02fc235ea6c2a87', '0x35143ab179cddee75630833752a3c16dc4c391f78e8ca0fbd634dd8c39c459d7', '0xf2106f3dd3c4a008d9eae03d8f71908dca04d8299596fb5dbb75354d0c5ca7a8', '0xdf0ef9e2f7dc6b5a8d5abcc7e78a54779d464a4423467e7181710ae54ff7b4fa', '0x90e71dc1195f808f3d369e0361d534f2d52ddc13e681b9f92ab66ba206d64e24', '0xf196b633e814d4cd94637df7776ee1676e6e31b18c5224f52a59eae532f2023a', '0x827e8a7770ab1f22ca20da6d22d9243350fb881e8197e2c595e63d4f2a985b80', '0x238039fdb41ff240cb16d209ac444c2ba1595962263da91b2ceaef5da1cad114', '0xa60534c87a4514b35b4d25866eb8e44a2b8c3dfeacd33e8ca9cbfd5f7a427936', '0xbeff1de69fa46f1ee16ce434467553510827d92c08e136a93b68eae063849e44', '0xfad1225cb42f3fa884f7dc897a71b764cfd5be83214b97c649fad33ea7ea4fd4', '0x091cdb39f2f2336fbebba85ad5664285bf52eee13a96170b80e0a733865137d7', '0x8cfe119696354b2a620c679e0b4bd2ac9f151c0f880073ab7233cd7bf9d2649e', '0x184907da086c0eaa6cc4332ab504ae1c999cc2b9b21407c339ec8e32e614f4ee', '0x68353f0cd554c8ef248b8e1e65ffb563397fc66f688af4e51a369374c8c972eb', '0x1e4a6f68e5c42b7207ca83d234da9419c8cf898f287c90b7afbd74d6cf448344', '0xea3115eb6f634b58d83ae3f0cae665393e3c8d6712bc8def81cec9c30d6813e1', '0x0ceec900a3b6f79ce76026a86326a6a6c72778ede5ce32d8b08eb2c58a03328f', '0xcbb134a07efb656abaf6f7a3352f8b6f19b340205cf48563b9960a07239be5ae', '0x9a57fe799804da235b2827664ba7a5562027e42a4f0b04785fd6d03da3c10186', '0x692f9be6b5dbaa241d5f3565b2d040d97c530a61d8ededec5c7a49a585ebcf85', '0x836daa81623b45340f43ae688dde14c99ee9c6670bdf3bcdb74124641a7c88e9', '0x3cc7d8442fe495677afa8e18ba8d623a83859556454aa37c989cc1429b84ba90', '0xa12e6ddc2bef8abfedd58d79fcad5d60e219860640b58d12c3ffec7eb488d67f', '0xb7f9a034197ead563bfcf91e2bab9fdc13f85623d7a37c84067f9837b3aba1ce', '0x90fe06c2d91274b0a9e6fa82539cb2331c6cad6efec8bf277e39ac8bb9af87ce', '0x35026df01700e50cd7564e2452c59e084a24a3b8f59243ddd2788e343a98f90d', '0xbfcd0c9f651416fa3211d4db24bb101fef4e2be71d1626bb6f8f12e41184fb98', '0x9e804873f98ae5b5fab589237b1fd55ab6c68a55a64d39ec55bd434c36521f6f', '0x5e01f6476e25dae712cb97121ebe2596c7558d537fe292103118f2b94a96e493', '0xee3a021624a2c9af16fa1adec769f36e9d21eb2539406f3b17ca2a564af0422b', '0xb5efee690db8a55a244bd08d3fb286af23bceb40d76e08f5806e92b1f52a2ec3', '0xb87296172fe57986f00ce7aade75c34a49806a2136c8dde8760b5973f7311240', '0xb8ef2b77d18bbbf962f1c968d6a524e0a5c09abae69c20652b8271d2ecda56f7', '0xc9b858d52ba13bc5e27351f593160d0446c3e0fc2f341025b91a6b389871dd64', '0x63218f30bc18f8095d7e2d37fe59440bf987ce832c0e0fa136544e4ada712d0f', '0x34224f5970f06bacc2ee935ccd37e6e915c198d7b68a68c9c96cf4aaafad8bb3', '0x5100f91abe5f3161a79effae8f44f2a46c655fef66691807931873ef1bedd864', '0x62b6925047dad06f98728fa85a86a7bae96e27b31377fb2a5535b5b853e3835d', '0xec435300a941fbda3a9a4db9ff1e671448e6ad7224f60664a4d38fc05af538bf', '0xc5e79e363852e3cf0ba8e7a75a1feac59cb604fd296a6d342ec82ae5754909e6', '0xce523e2e886eaacbd6189c3c0d71d9ccf04cd2652074565456186fde6f314266', '0x998e89025d16bf648c5a957b2d0d591b3910e453353e374372d8140bd999ea64', '0xac30f59342f5cd6e994a80ba6c0741a6dec37bde9f812b69cdaaaf3507a1b926', '0x4c7f5c8b52bfd776c386701dfc81b7722b585b981625ae36f56c1ee1a7d15a2f', '0x7da77f746068304222f5e6ecf1911d52ea43d5c0dce3165bdab12de21f1f261e', '0xf91842e50b169966ad97f74cf7c6a1b2e1399fe53bf1c351efa6027fc8f88a83', '0xddb7286e008849d395039d722044d6253635971cab9948f37fedae063dcef4de', '0xd1e03cfb5cbbf0f36a44fe4af44ff8fb9be7d7eef361b10dfeba04f22c79a81d', '0x577f3d504cc865cc2cfa690832cde0f501fdbdf447be50e58d4f702ef4ab5cac', '0xdcee47e297a803adf911294ef06ce8d19f4f5f2514dd7aa2c75b51a10a7338ef', '0x7b301e9bc51fabac1a033d2b8c102ce6cb51e512758af074d52b2357da21d77f', '0xe18739ae53e4dbf9915131297148c2c36bed68d1c35d460fc2a2d857f0b9c7b5', '0x36f43036fd5daef902454828440a9534fb911540f0f0cffd5c873f2b4a10327d', '0x448d8b61aff47d7c8f7c954c4eb64e34395585d408c32e21cee705c4cafe9a53', '0x4cca58b7caf3f47b9f7ea0239b36640fa0a30a4abfe251ae16a830cc0cd94b44', '0xbe3abe0dbd93cc1cfcd0bdbc9857a03f5bcfa336526e98b7407d7b2f75e1ff11', '0x9793a949b4ad0729dc3e106eca88d56f6a1de3904dbbcd12587e48306471993e', '0x84e495c5572820f8a68b5113d0a4ce1476bf3139a32b317b052735fe48c59678', '0x92d739ff5af793c9546d7c49a21f450ff6d7666f2e8bc1f2f3c8d804d1a40f71', '0xe1a7dbb0a4d35a5d9973ba151a6d2966d75ca7026ac63e907ee26a9fb79c23e8', '0x165ba0587b37f2dfbca161c5905f149aca14a866b05e5d76cbdfd47a1cc63832', '0x47635f8459b56f56060e3af5385cb59746a7e958fb32c33f449922ecebfddd26', '0x64576ba2b20f86af068d7d13bfaa5d3d79151e1b55f7c1eef859fa02fd8eb99f', '0x07fae777c75d0b5bca02ccf7101fd41c90c2cd3fc50e3b84e463a73a9ef12868', '0x7f52bc30b862e30e4f4f69d9b5bc3f40b9a7427d99304c1c7f3a691d2bca5de8', '0x1d4b9c68324e42a2e7361bffb412a2651384a4efcf2f73aa70b9d9ee6556d12f', '0x29b71659ee2167b9880282d201144843c8661f5e285b31c6caf9913bc974a863', '0x1a8d06f045a762bb7bea5ab0aebb0cbf789225bc764a34ed75ebaab6d09026cb', '0x18c8b9c7189f5dd4e6c56cd93fcd867eddf742fa4c9392331a164beb6552fdc1', '0x4916d5b47bac806339da5303f8fe59376dd9ed9a6e87546a77dbb633f20cdebb', '0x75dc9ceccd473cd28364962fe4d5bd96550f42a185d4c0b0793cd30c5bfbf143', '0xc2857402c5e4a486147dfa6348720ccd8d42f567e711761d337b07d44ac79289', '0xe2c8badb85ff45d98bab1077d1e7368e4aa6f4af62e8962ec7e6bceee06ace54', '0x6c865906e18f80db176eb234d946128419d7a97d445d5ad425e5dbbd53386728', '0x8a5103f43ccf6a60acda138dd79950b62a489280a65b21c4460f5dbe8deff95a', '0x6b4b7c7985252d98d829abaabc99132d9e13dda10dbe7425f6fc26cb74dc5406', '0x3fbeb1ecc3772035c03bed7d2a88f7851bb2d1616ac7da0eb9d8976ded052d5a', '0xfb2c7eb79c35ce6d722eb72e5ba15a3ab3271d26135bc2424d6fc72aa8a75252', '0x4b0553e2f872001d7837a4f76d3dc64f3d64852b33a0a0716c56d95d53abd5d9', '0xfcb9d79d4e729d8e133afbc837e6ed4911e9c8b180751f6758a363962d5918c2', '0xa21f1780ed2abf02e8b28ed32ace2e475e3c64d88caf2bf5a055136834c16717', '0x7d041eb1aee98fcc3413e6b91f5cad728001bd94ece34bea8ca6fcd420b42082', '0xd4d2dfe14db441d4efdae1807e6633f6af1ae0b2237dda0e4632e5d31bcaef4b', '0xd91c4e956440505315a45c3ab29e3ea7f1484ab84fd7fd013406627dc16dfd53', '0x1723420b71233cdfe51cb0d72e90dbdeba5558efb6f680f9a92607a1d4c1e50e', '0x97bfdb8cebffbe474ae4a73c041da32458c11eb11626783a5add80265aac5bc1', '0x101518570f42601c803d75fd0c180b7a4a7f99b50e68c2a6f67cdea40ca3dd84', '0xceec2b5a99bc14f8a7dcfdf824ab04b1a6759ebc953e39615f2e86d62ae6c10e', '0xf3c8423ae457d28cb9d369c2e7b08c152e2806cc85ea8b6ca9201c733d92b5fe', '0x1dbba75d2ea65065e5a3e23aa62c34406f445aacfe20a91e5c6721e6c1351fc0', '0x639944a413d3b20acbb59432ff4c4d8ac56e4c8a13186524aa5216d2ba27b054', '0x78226dbc660fe1fa577e82d875584c005853be4fa99883dd74c9795b4db275e3', '0xb5767a61b408da9217517644cda0c2446f386cf715d90bb23ad93f5ec1277d7c', '0x5dee7f03222891f059456ac10d2db0e3c249a8d72f11912dc8bb55f14b85fadc', '0x494ab7ad8851726098531d6d5f1c01d1520a24670e9b52999b9b7bb64fc5a08c', '0xb4adaad283ab52a87ace832aa06613b69891e2aaae578469282cbf55278884a6'], 'transactionsRoot': '0x3f8b36f3a18a7748df7953bcd77cd21bb70f30c0126ca33cee6f17e3bacdd614', 'uncles': []}} (async_rpc.py:86)
2022-11-28 18:11:37 [   DEBUG] Getting response HTTP. URI: https://responsive-convincing-aura.bsc.discover.quiknode.pro/3e7f242edcfec9ca1a36ef544cee66362af95baa, Method: eth_getBlockByNumber, Response: {'jsonrpc': '2.0', 'id': 111, 'result': {'difficulty': '0x2', 'extraData': '0xd883010110846765746888676f312e31392e31856c696e757800000040fc9c67a657477ec5976bb4a8e6ed54e2796336d78605cb69d747df19841c7f7fa3804d02b445582eaf534734101fb15eb14b6c4ed1ea3fd3c951d51b8b62514ef6698600', 'gasLimit': '0x71fe6f3', 'gasUsed': '0x8fad07', 'hash': '0x4cd22c0daf2f0b044b74b38833caa5876e1ea5d86b8d91cea3ed8b9179c53ae0', 'logsBloom': '0x50bc0a84a1231052d1cc0156942c0a90168410129151c60e513404a6112a10186921424a040123139b921af220000810111196d03256a7225991580026a442e80c110850010c3a21a12640afb8060032e511380282470811a105001184080211429538ac8a6a21101823a94410001e63b820815a8ca01504c0f528982f070492d004810106399604408cd6281835688a2a7f2411156904c8041795e11803c87202a20071078c0152204271481e2b8143302c804800b60d0807602c4400832e0831228c4a00900a0b18add2019220102832753142cc80401440084cc22d12e0310031a208b91ba32c03c4a89010d08802c0886a2042510b4a06020081880040c0', 'miner': '0xee226379db83cffc681495730c11fdde79ba4c0c', 'mixHash': '0x0000000000000000000000000000000000000000000000000000000000000000', 'nonce': '0x0000000000000000', 'number': '0x1594bcd', 'parentHash': '0x6e97124c9edad1f5077c8f53477e45ac787fa285757886964cca483cc460ee2a', 'receiptsRoot': '0xa79983d5aa7aca0191e63e4ee4f999504e9b409206112e981399df5f2a6075b8', 'sha3Uncles': '0x1dcc4de8dec75d7aab85b567b6ccd41ad312451b948a7413f0a142fd40d49347', 'size': '0x49b4', 'stateRoot': '0xdd3a74e6af903839f80ba5044e42a6e5ad7f081cf51f5feb3c812cc34cdac083', 'timestamp': '0x635eb7b9', 'totalDifficulty': '0x2ae9368', 'transactions': ['0x548f1dee72cffe5a8b239ab8156dbaae9435195f96dd60ab900826598ad8fa11', '0x1b800b2d4995b90a36fd8196f09b5a854b203db288f6f5a4ea797c7881c8e97c', '0x8406de5dc1693884c5ff7e84e0ee3382d6c1fce2e187674fff1827916d8f81ae', '0x5d3ec55ca855501484fb7323d020a05acfcf8cca29969940ce5b28b32a0822fd', '0x20e2195fd78f0e1c1b3e5493fec64b916d50405282381bc82aac73cb0247d3bf', '0x44dc25eda2c822a3fa51bd52114fb44f3b6f77f4344695b777fb2ab6442a8c7e', '0x89ea6a56c4a9c244096659ec187ca278b9ca06b9d402283cd548e82e02d192c8', '0x495e433dbabbda7f71d44e48d5caaec329c12a8e54bb560c46270fc79fb0a770', '0x69aab55321dbb0afb91a21f154fb6708ac44447f1dec54ffc39f0e2ec16d9cb2', '0xd8e31858f18c73415ed94cfe0d77e6b6b160a4e89dcb3ed8b0fc442003d3780c', '0x48ea09860c21f0c477dc40c6202c97b884cd79c53b984c10ecc5e595c86e9d52', '0xf45dc553c50f95a2260415dd735dacf08c300be5adc4571fc32a664924f97cf2', '0xaed9de2c3357b6f262adfb51cf8dfc7db89b0abde87dcb20c48589850c233846', '0xd8cb60d1adcbc4161882340e74ef8068a1326f8b9f0e757cd018199a8623bc1a', '0xbd0652dda7518845b6d42cc25a45eaae90b0c7f5fb902386320748a7e3b0d6b3', '0x2c249bab86569ae3128c3bc61922cedfa2cb02563213358324c6577a2fd89fda', '0xf3edfc5a8e7f4b1e1be4027c927116b6a6b8d8bd3c36be19cecae443b62ff0df', '0x2ab98a0945b082d94f0a1a21c1d07b37b69f0806c33ab19112070261fe710a0a', '0xd2f759f67fe8a42ba29a41557515284236edee26a7723c93bbbaa4101194a8a4', '0xa01643ae270ef67483206f60a6440b687fe11183db5a60a3016451b894f2cd6a', '0x2446fb48cd77288370461a59a0385ee2189a169664b2923ad15a35d45eaf65ea', '0xd49980d70e5073c8fb0545e8236c5cb67adeb8a00730fe1b06e0e17d36be40f9', '0x03b8eb89a2934cc637145d2cfd7fdeb6c9f2e792752ed0cb056939d177f1bca8', '0xcdf3708ea62a7fb6174fb685ed2a0f736059fd67194728c4ad45e7c6bf7f314a', '0xda2a21f79f0b6c9594cc51c6d2aae37c392e7ff909aa4efce7c3922f97863173', '0x9ba4fe876d928876a9782654ba383455e5719ce6ee4e9cb3100102b7b92f9b4c', '0xf603f050226cb29509301a7dfbb93c661d049be3c77262c30435e9cd512f99e4', '0x4823567c2d4837318d8653ff2f1d01bdca7f44b46adff9c8836cb925b00439a9', '0x1ca4854336e280567b8db2b11890fe9c31794c6a7b626600c1653ee8fb0a3be5', '0xcc392c41455a1998d9b6deafefaeb207701b5e7b4fac60329944f70cc5d61ef5', '0x5f160e79930f6323b3eec39d8c6bbc315db5fe4026b48ef35c4046ec69e704fb', '0xeba7eef52d17509b3a7f9a8d2455292bafcc546a4ce29c055b9bef313b6acce2', '0x3696663391ebfe409245c70ecbee88ffdcc51403f8ca39b3ac52131ca10ed109', '0xaddfd1909a8d25bd2900b21b7216e4fd8cbc5e1fbdb44cdd52af60ee4f09a8ab', '0xa04c5244c700210ad6b1d2bd8ec2ed1a96e63ebead46821817e4917ee18a5746', '0x38bed833f3285b5d89150d2cc789bfda8c2f161a3bc56fc83fbc0713f789e148', '0x9497f2653125d83e0bdd141f68d3c8119988eadb450df44e861c6d931cb6bdcd', '0xb0fe0e1f8d5a6bf5c5529be3dcda11cba262db5b51a90cfd24a15f4430d8364b', '0x99b696e5648daf281fc76d60dea825debc6603764fa6dea2f24a6f10ea1711e7', '0x0e6b07dfd8c3a09bc65da6f229d41a04ec32c1035083d3f83588d289667fe1e5', '0x950087459fc770286b319efc4259c3650e29d3e0fd799e177473b01bb98e5d09', '0xd75e491b56cfb692da7635432f775d6eff77a9dd7b3e4a7ce98d7734aaee41b2', '0x1e6a6e8c7689373a1856015de63ec5f9bbcf342ac65cc04474ba80b8a5eccf71', '0x1b6b5ba8271b52c7ad08cf24bdb80513a08e17b84ff2635bcbd985d0ad9c6625', '0xffe3eed5fc0811ac505c9cf01000426bb18d4514ad95cdf0b6609068473b0073', '0x5e2db75a9c913e1da6532c045326442a385542e2e8d3c845b698ec2ad51325f4', '0xd76894025374b5eac09c0b22fb4db924fb30e77cf6f9eb2a61a421f8a3e154ec', '0x218cf03305379974db5ccfa0db96a1bda32bc3f9ac073117d3a48f6c22b4bde6', '0x0deb740ff4f17500d1e07252a4423fb076ef4e0b7cb2d31dd03e11046346b82e', '0x457fff4f6e922c8d42a1d7e6e75b6d1b8356a83d474d39cddcd898c027935b5b', '0x6d4d0302c95d20fadde33c932c8b4a6b3ee2cb7a00e1d07adbbdb24e860d2f74', '0x9e18e0cc055bbcb3230319e2faee829a886e5d15742b9a282b6baeae3f1ebaac', '0x30fdece4633965a5b61a23a691a0d6f3c76ec4f504513d25c05965a682b3ec25', '0x8ee48e9c75e81ba8f1da046af01124d965c01aee89ee874a2a272e06e02d6c83', '0xfb04f68708f7755e21f755bc7131ebb95f39e229f1431c49770ff182991edd2c', '0x0611d8242ed26938a197f97621a3879c630afc88b1c434a71b7cb2719a769923', '0xc3f542541e3a059f5aa53f60acb2733bc1dcf4960007e21b72e55a5880017e54', '0xecfd49328f5e47352900910eb81d212eb09262087a453585bdad40e9ef0e54eb', '0x85f717843cc498563261d7df1b0d8dea58aaf6ab66a7fd661713ecd61dbe3694', '0xd710df7d5e31c9128559c6ffecddd4304b43e63f7f58f3683cde7af6d7d7da14', '0xcb7f4d19e6da7fcb0d278079a1255257d42f1c7bd9b0392aaf2b2a4c0a972727', '0x4d95e543d72f83159feb63485639708be5a7fc7e88e2121115c3579725e437f6', '0x73e4f5b25901bc49b877fcf949bafe91c8ce058dc0b38c94c9ed2846aeb48cee', '0x37e148c818b5ee98b820a8e2bb4850fb62b4eaef972c6fdf274af222d85983dd', '0x781e83483d5481bc33b7568fec2b93ffb40cb63a04b84de1f2a65c59fd4ed369', '0x70cc379ac8dee836ebb78bf4afacbc356ffd476ad0ddf691366996f4ae01f446', '0xbb5950d62fb4c2057e35bf10076863ac5d19b93738b2ebed43959db0cbd86a3f', '0x526043b14b7f5bd77a1687970bd2fd0f3e2279e6561e150d837e60d75654a3e9', '0xe03536b3f2a96451fdacaac01ff3faa48b7ded8ce32adb6c4bd382c5d70ea2bf', '0x448f4df865f8bfc2aab0c8594d40265576ba303e811fa9c1bdd9229def54507f', '0x914523efe210ccbda48f402325da9e273fd6b22091cf9cd9211c5e20347cdfd3', '0x082d892bccc8a9b43f39db3fb0321fb77384fee40ca441286eb15db3c0577bed', '0x71d0b35f9718529d71b4d735ae0e2acb432c8f591e06840014caedd20a54d0bf', '0x2fbf157d2999a3773f931b21531d5c9e5242c77f07e05dc6a4cccb4bc346d795', '0xdb56d1369861a0a05e13af46d7a23bcf7cd49e3c7282e443091bae37b0e638be', '0xa92dd1d4ec502d2d119b86af4c3dc16f531e995fa6b869d745f7eb4e41a2d712', '0x3e8fca72d88b14c7c3d160be637302a2dc0a46c0e5720cf93abe5a2169cefdc8', '0x644c46ee4bc25547caa3e76e311e37883c39bcf4ea91af65e73ca29185588e37'], 'transactionsRoot': '0xf2a30b98d517512317ff8e3c77a2065f9f5fadb3e9f459a37cbf47d9b5bdabba', 'uncles': []}} (async_rpc.py:86)
2022-11-28 18:11:37 [   DEBUG] Getting response HTTP. URI: https://responsive-convincing-aura.bsc.discover.quiknode.pro/3e7f242edcfec9ca1a36ef544cee66362af95baa, Method: eth_getBlockByNumber, Response: {'jsonrpc': '2.0', 'id': 112, 'result': {'difficulty': '0x2', 'extraData': '0xd883010110846765746888676f312e31392e31856c696e757800000040fc9c6736fe316bcd08d73bdefcb3bb9a6342154f0cbd34ecd12f4271081660c131c01c672cbf7894ac4864c3a33d9ee6f15f702113fec790acb7d288709693f8ad851101', 'gasLimit': '0x718c70e', 'gasUsed': '0xa671b4', 'hash': '0xb70178d92b7f0d54778b35d9d4f35b9ff7a93cedc94d4dd2fd4d1c174d604d34', 'logsBloom': '0x00a60313092e189085c4a56b884918856e125468be9f89a59919a8426c920008c4c1b9d204b003304f40501224860b4209093506d6225016523dd8140424e2989244aa800a4100fcbde8021dc427003664562104017e5a3e924e11a3d0226c0613a7182452e622c95035ea61902fca10a82c03488a2c858865e06bd68b690e11d8908b01549db00205d0070c9b2318b000a40e83312821a83c004770c0a849b483480a4c159c04617c026e394b8a4421f4ac950d2284a10603226628c182816ce1b256022c2ed74a54032a4384a0b42637c781024209e01c3611648ee015e0201b5acc949654660c11a00c1194800304c5c331986344885286620908892c065c', 'miner': '0xef0274e31810c9df02f98fafde0f841f4e66a1cd', 'mixHash': '0x0000000000000000000000000000000000000000000000000000000000000000', 'nonce': '0x0000000000000000', 'number': '0x1594bce', 'parentHash': '0x4cd22c0daf2f0b044b74b38833caa5876e1ea5d86b8d91cea3ed8b9179c53ae0', 'receiptsRoot': '0xd3466ea594e4b88c4169ec6bc8a0f5d92bf661eaca5663374a58b63ee9c00bb7', 'sha3Uncles': '0x1dcc4de8dec75d7aab85b567b6ccd41ad312451b948a7413f0a142fd40d49347', 'size': '0x8324', 'stateRoot': '0x472ca78ed0e00455c5397ce3903642bb48c39442d4a73f002784ebcddcb5a040', 'timestamp': '0x635eb7bc', 'totalDifficulty': '0x2ae936a', 'transactions': ['0x379acd98a1650959bb4c0bcfbdaee284e85a5947381cd4a479ee237d69c6eb6d', '0xd65cf733c12c13baef6de7aa9e63780b81d4c23237a9e46f2ecf3d9d42af4649', '0x5a719059e9683f5eba6dc3a589d6949690e2c95eb7d458cbc807e584319635c5', '0xe9140d14396c10695e7d860e2d6df2d7cfeff69040bc4246c7a3472ebc5017b0', '0x9fb9a34e80de4e68034818483b7636f7ae22e90fc97f17da403fe9e974134454', '0x984281ddf16fc9ad87b32e32cc0789e9d1727664f1f05bff779aa38d9153dead', '0xb5d8b2fa71c709795b2d5490bd587e52bad4f95266db5022249ab9a738166ed9', '0x2935c20bf2f3db49384452161c86a0f46c77d466e7c7b661803e1b4d19977a30', '0xf732994f173e26fab96284e4380e524f11d6c4ff96634870cb18d89c8802f474', '0xe7d81165ceeb951360f89560b6207c3fa298f21399d241587929079398782c52', '0x9ee2d6e96ac049918644c3ef366dd606a98405873704c28143b9699d4dca16d7', '0xd3119d2516a203e7079052947e21bce03e30469745fcd1abda5cc962b0c8d3ea', '0x963eb2316aa62e740f260c84c457b9157e838aaf799c3631553a1aed115fa968', '0xae56897942e7b9d23f664513efec2b2892193b07fce384fed797e9f2dca9a9ee', '0x9070b542c7c09f83cb10b1b58956ddd3a952a1e8b05c940142cff374d40837f1', '0x5746a1c64cee9d13f82d38506c78e2704db30994544881a469fe41ead51cb71b', '0x77109ceb9b7f5aefcb254624300ae34dab6acfdb48990da9c80aa4600b455169', '0x46cc61a459cb0fcf07d919813283428b3de9bcf549411bc02babb08ef4a21605', '0xb870b5403053917b8467330847d858fee6c3d68973f2f3a6ba29cec06d8828b0', '0x10e0f8dce3b333dcfecb749e289621e73b36554f3dad8c34389ceee9b7c508fe', '0xddb10a4b25009619b37a680d9cacd39767ee56b8b03fe229c1d08a84d8c2bcad', '0xeeafe420372409778956d6e3995de96f797c42f43a0052cdc7d839a466053000', '0xc62f2744808cb87fcedc2b52f94d314e9529e622c6acbbc89e58d5f9bd9cb5a0', '0xecc01e02807f011bea2eeff384871675c9d3dc79026c94878c81b85767ff3fec', '0x5938db880e806cec093dc581c0cd6cd3c8d5196579731787eaca48d28f84b534', '0xcfc3d7f312072847e4ad5868cbd0b604c8007441cb35d19384bc0c5766c7f0fd', '0x2c89125cad791ce32c3c0e473fc5d8e76c22854f3bf8a860b92ce0209294bb47', '0xe2e870f5624e64f2b98c8a6e33ea123eb646e55292aad8f3b83e300d4e36d54e', '0xdd47d4dba56b3c08b0b126207548813ca9efd4e64935de7de91578cf5d191b88', '0x1a69bcdd41d233c4afab23622aebec90d07d0c158898ef696ee0b5dde48678da', '0x0098d75ba77592a74775439cdbf5251aa698513a7ec2c520cabb2e1015bbed52', '0xb279c0c0474e492fcc7b0c52ea94f582554ac054a2fd4e1543d2266d6f1a39c1', '0x76c4e42d62cff16980ddbe12b9b7e97bddf78d20640b9a3a32979b2308f7184e', '0xf5f006fee7252bf022a83773e4f9769c6740f036d67d6e45a2b0f18425c17d6a', '0x887d6c4dded49bb6f1d9fbe31a9392d2b931b106cc7e676403f238f0b9af7970', '0xbb65009e305621292c74c6a5a4042bdb0a783cb9fcf9b3dcae65b6631787e490', '0x7cf9118e466dd96cb23dd94a2a9ce0bce3f036a11cfb0aca451fad0727433a8e', '0xea0c8f2f8716c9c28224a4e1eafd204f936fe55a14cb37441d935f4f314e9044', '0x2fb296b72f35a628ac0d37a78bb8f1f8b5c6e4bbf65ce9031be24d8ab4709126', '0x16ffa7a5375968841b1b23e036cffec307043a4977cfb6a1b9a636077b8c9761', '0xdddc6176290dd1e9262e9bb1f803a185a81f1f7e55591a23b3ab230917bc7d52', '0x5a7477e0842799030b5a8849b49de9bbecaae0daf492a34bf27e9104a753e835', '0xc9dddb57ec354caef886507726ac919670f27960a9e9e34a445c1ccf15783f61', '0xcdb977c42bba57b7ce4d58d263cb82a2a80081793ea0aca52a832945d14944a4', '0xb5dc5edf5f89a7ee9e7fba2fb240de7928199b1ba1544690abbb4e0d2b472541', '0x82f5f8138077d4df1950ce522d2f42d9dd3de872bc87b5c8e100947fa8c744b3', '0x00558c943996edd8819b81bc699e5a33ba24265a9ef457fe8b98c0176f2567c3', '0xf677a2cdab50ed9811c7967d53eca6e8b76bc88f728c6d15a8355c1af253f9b7', '0xa50bdb187d2178f9f3c83cfd2405c533ba6fb5fe4103588d0ab09dbe73db9148', '0x1679e2e591d1d28a49b8d3606646ccfd2b28423b769610a1e4ddfba802ecff8f', '0x3ea8bfd6d65757bcbcbe77344c07555310cc9f59055d265c725c64d5801b7faa', '0xd99e6eca1da90ff2fa68071541e41ad62a19894b63d48a61ffc9e0f487e85192', '0x72a1e8e8d5d11849818afff0b67fb055aded3add3cace3100516aca7c8a943f5', '0x7aa056f28a28477bdd57dc8ca68f232033df2c2fe48b51cf8352510e19763fed', '0xfc19d8ad1d43763ebbc263f640c70cc758fe46db99d6d82b69325b9977f7fc4d', '0x763bca6c837c33f38b462b2a7ecb31ac6536aa8160f00c55f5bd46936bada9af', '0xa8f7bfb2b09832cabc474da60354e46b2937931d737f354f81dc6a26003311dc', '0x599092517f42efbdfa13d53c36f2a519d78972292d8ca4721c468c681ca24794', '0xa4f82cb94e39c2a093d4141f37677bc905dc55d1116c6a2d22e920434a465652', '0x5cab33f744261b6dae8945b2ad5cecd8368e44eb108f89c705c01c2e6638688b', '0x2a8458fc6f1d9f8a7736268239b3e8f533b4fb054e587a39e35f1498bb0c2f4c', '0xc59e765ba85b49bcd592d7bc8d138a43d62605868edfb3bf47e1f4369a297ee5', '0xfad7c7aaa4dbd09a01a0f3a0c2b117dc88ad7552ed687efb60b884287688edb6', '0x1e645034d2e90fdeab6a9a1e81df5023511418796bdb9f68d65c4d689751e837', '0x46c329b7cde3eb929d580b0d56edd11adc312c08fff83306019f82990d93c1f0', '0xea149823ad1450c2926533f7cc750d49028efbe50f48d5a131533c09f1143706', '0x4092fe0ad4926cb39bf047d96a73d3fd7922eb844d9e1742e319f7a33b0b55f4', '0x9cfb19bc07ced017bccdb0d265c2e10e799f9a2ae777a0bec6544a8501a961db', '0x236a464860e079aa51609036a4906f38adf79637f82d70fab9af91404af6d0da', '0x137fb586e789661622ca4839af31628bc055e2d2516a3199e19606bd04474591', '0x23563b503e41e975bb1e8dd8ec32e4781428b2ec7c48ac9cf53a8292e27d25a4', '0xc051b557e4def969c7df99ea468ca2a82d536465a46d82e150becd4ac6aaa735', '0xa9f76325d3b73939b05d68c19b2b30a5dcd661b44c0943bea5e7f1cf1bad6bf8', '0xf12bf1acc5f2f5da11684677f5d957304410798424a086c6a76b66ac69934cc1', '0x0504686dcaba2823fe5f44bc6fe11bdcd7ab666575aeb5d02cc0b5f0a44d6de9', '0x1bc504c2b5d3218b10ce93e8cb804b74ef91161664d21fb2a016f6869c8db885', '0x57d3175a5bd858de0428f2f4334831aae8be21f62421e5797dcce72a6f0a22b6', '0x1145ae50e162f273ca1e8f6b091339abf254e4d5ba9bc383771530b1341bf4b5', '0x7affc6b778f21f54af6439e812e89360a1337b05aade03a47e312db30abaf1aa', '0x7383e24db665ba494d86776d73891dcb32e7323894590e4caeb8b43353873fd3', '0x36aa0e76d95c09a0264dc1164d3f50728c763ac83023fb370c8b77d2d81c9ccb', '0x2ef0cea4bf72be1636e1e21b71b68217e21952aa0196ea34ad266a3d0e5b45a1', '0x23f12888d5f327f1fa46ed0f528620930a115b917ab92c1fda7ac07fba96f3c9', '0x85a37ba8bf6a5c7d1290a163b7280b075cd27b4aa8c77c0169dfbc27da24b8be', '0xe0a7e7a282f0c9e39d358b683d8bd8968cb2f7c9e9c887e4f3c2a74a65d6e561', '0xf55cf27ba99fc045d18b2d2bbafa18d592c9d02fc27bed886a8a225c4758a84e', '0x52430be71da99f1ba3211a979ef74a5cc82cffe6e471e7f1cab6ece61c6a6a25', '0x2c2856519a5881f652f4f4727f0f3914216c4dad269e05d506e72f229c035e21', '0x9dc97b94b4701b40628bfc5121ff514d4c871f74dac136bab9aa77c07ecc389e', '0x80ad98b0e1d9ba0a65f078e8162fdaba6c841551e02b5799a3b945b7593d7b25', '0xe12f47bfdf5ba4d064f4cfbdcc977b9f58727ccf379f54425721465aaa1b87ba', '0x2a0e60b9d502096c43d0896e4c14928b3db863a8ae8849d293b68efd761df881', '0x222b7efa93826a1bdc535438a26fea940549e5d46d8ce9c00ef2e0a1f1eb6f29', '0x0be7580ce8b72edf67a07f5b56c93de2ff5d1db16fa71a995cb68314a001f41a', '0xcce54ba39e2106e9a001334a3aba7379e2cfc0afc6aba65f48d3fc2a19292409', '0xabd446c5aef8532598b2587d21c36c87807be2533e5a9464f5e2fa0893a638ea', '0x23ea9d7488be59b4c5dd91cc3b2225228c8daa4dbfd0f560dd2b8cfd47da35c9', '0x7ac058b97840cb7f4f97171bb2eea6929580502ff8544c66a9414f855803ce87', '0xd58ff8a880bcc56a304c57438d23e543fe237230fcc2ce5d87a4c20497f88a45', '0xeceb4715133066d3c8578f8461c03ae229d0e09c1150920367a4cdbdb656a2eb', '0x10f41960cd03156b8e4f77414058299c7778feaf273a37e1923871594ebed169', '0xd0572afcc3d8a20cd807b4beac8bf1f9d6469a50b5b6a5fd9d40f70d43a35e64', '0x6307f9d58e5f1ecadded5136aa68df9de28d066fdc1d37c669a5d5da1d803eef', '0xaf39e9992eaf74a4f2a49801a2d2b70594a7a7c51af8c082d1c39aa8c4e8cc41', '0xefc9a6810a67c333a651bd36fd5907bae3a331dcbfe64eb295e228b63a02f1d0', '0x9079d20aea3b5d15b6ffa1c23e9b22324f9b5ac1ea0831f3caf072836d9f27ca', '0xf4bfcb0e1fe64f94610de5c1209d35cfafb126fdf470bfc81f28c16a997bcc24', '0x1d8cd0e092fb8353fcef646ef445df61e030812e53cef5ce157aefbbab2ec1c4', '0xfb405584054d1ec82c76a9d6f336bdc64dde1a0a0da0458b8a6fb00cfeb23873', '0xfc731fd79901f00d8e33f7b499dd8c1881dba4b1258eccaefbb4c93463219387'], 'transactionsRoot': '0xd50c004424ff26d03f97c50946b4d16594bf50a4179994e2da550b93999c72cc', 'uncles': []}} (async_rpc.py:86)
2022-11-28 18:11:37 [   DEBUG] Getting response HTTP. URI: https://responsive-convincing-aura.bsc.discover.quiknode.pro/3e7f242edcfec9ca1a36ef544cee66362af95baa, Method: eth_getBlockByNumber, Response: {'jsonrpc': '2.0', 'id': 109, 'result': {'difficulty': '0x2', 'extraData': '0xd983010110846765746889676f312e31372e3133856c696e7578000040fc9c67bb9ae3aee46eac0b0c972bcf27a1e541c2d7b63bef06fada474543e4e96fb14846d8d80e612572221dbeb3a928c0fa1e90b1e1e02e39437fc8a9ae38050e3edc00', 'gasLimit': '0x726f163', 'gasUsed': '0xcd5173', 'hash': '0xe004137a77344c0d712c7510384635f3334f89e48b835da9db64bab609ff8874', 'logsBloom': '0x8222832701425471e1e5b761f8992950fa340b6ad453e4611718807b02824010110d18d800513925c78148f09d0211a02412218052622092d32a612291241b881fc0fa080052046c0764201b132f0a22b3bd0cb981cd4a82cb7e24088711ad18e9f818f4435222cad04568e5090ade202c4d176dbcb0150c84a8dbd7eeea84d11200046bc62909034cee06bdb91c28d900a4fccd4804162c751900c84cae0828a26998459be8b0612506f531162b2469d7027f69301769c76a1060e010d2204b3b8fd04ea829186a992a154364b43e3165c8a14147051e126007226b8b18f123741806499808511c897d1b104b3305004d67570940582256b0e6d4011d160254', 'miner': '0xe9ae3261a475a27bb1028f140bc2a7c843318afd', 'mixHash': '0x0000000000000000000000000000000000000000000000000000000000000000', 'nonce': '0x0000000000000000', 'number': '0x1594bcb', 'parentHash': '0xb49efe519bcbb137f6070ac0dc26de8adba40be4a4c6aba0e9570430e64d3cfe', 'receiptsRoot': '0xa0ea64672c30a678e6994f8d25344593fb768dfda2634b515557a0af3a2c0eb9', 'sha3Uncles': '0x1dcc4de8dec75d7aab85b567b6ccd41ad312451b948a7413f0a142fd40d49347', 'size': '0x72bb', 'stateRoot': '0xc09a7381b7601ac0049385f61b586681a32df131c51359e32a9aa7a09ec7b5d6', 'timestamp': '0x635eb7b3', 'totalDifficulty': '0x2ae9364', 'transactions': ['0x925d89a13a106b1e95c15556153c26bb15867686c40830f543ef3dc089204146', '0xf8a7dabedc8845335cc86239324126bf24c0e58252b9431e22c9ef74b8b0977f', '0x4d484b454d503de0b07dbc11b86cff5aab63f2c8394bec4b69677abde56c5b17', '0xaa8dae7682ba6719c1d6f1427eb0aead0a26b1ca4fa19990d323b6976aa14dde', '0x688340a303a2c16890adb7c6e064de42baeaadc59c422000591f147015e63f38', '0x3628e792e84e4476a6009ddd8395d13005e17615cb1fce19212a030fedec8df6', '0xe01f718cbbc3917f060056230041f9b0d77a759aa1878feba5dab225e6ce8d3a', '0x9946604bf61270ec0df51e522e981a853169b928e8e2be1b475fbff72287354f', '0x9d4b4aa4fe582267cb78d8387534780e29c8affb1d32e968077660c4a61f5d29', '0xe7578e2489b3843be368fe783ea5c299b02dd1bf7f7fa0b6578a0b64cf9e4750', '0xd1df4faa7fa5801c245c379b57ab86cdb246abb9ed3521254f1ae992a2e093e8', '0x5be1a84570d2cbdbeb4b4fc593e4aa76c6164f326d32efa1f8a490121b0c32c6', '0xff0ea03c5cf89e9f62f37f3b1ee48e5412637ebcb27d811134f837ca9600adbd', '0x37cd0c42687f446c1498ebe2c912b441e2e533decae0627d9832be5cc80d807c', '0xf58803e102361e55032526d0a662d95c8fcfb3b986f847eac2ce78c9b09e9d10', '0x3ca6a3b151135d7d0927bc42ec32d2a44ac0b320753b2fd767211c8da0ba669f', '0x4a5920965982f7953499bd21408a941f430d06acbfe5bd46e52f865cfc1c0773', '0x6c75ff3ea644ee133dd5dd48ad46546b1b7b879ed6735e66f60221649867ca73', '0x250f130bd155f843ee3a6407ca15093c03e0cbd9a99862449c81e9170e5b98c7', '0x6765aa5d9e0f3b950e87f52e042ab2bbc44f7f5a3a5174a23bf9ae0ad82e77c7', '0x91276d38acbd9e5b376c02a6d27b190f9f97c0d32fd50e957485e1b42d60de6e', '0x1b7c647a6410eb18e16f639f2557eecf9fdb96dd9c1681c31dd8d379f7e8a3a6', '0x0d6790c520445ee3bac6ceae55f24c1bc403161c72be5feb7754016146d31e47', '0xb673b34646023c4e441c411af5b1206bdaa468ea7aa36c3d1bf357871ce6b924', '0x12d68ccc969fc3eb46847e54381fd3ee902a226b77b2245e271cf1d5be5cef89', '0xb51cc811996a3bbee8687b69f656c898ef83c6e130323b2af321150b99931479', '0x11fd9049e398e7be86419688e30268bc07d2e7edb37e5d82c13b628662c49447', '0x5a9d0fe831c94f93036cd0727b82c37f77014ea98c7b2bc83d059b1f767b854c', '0xe9fff597ed9f5bdde32748e41fbce0fdc962379f9badd130a1f087d60d9f1448', '0x9fb2558641df66e1091cef05276d41b8128296901e5dc73332cf88cc651cd8fc', '0x7e96317c3e97c54ae810b98f19da956603d473683969867ae6b5ce8f96a30174', '0x007d356c67a0b080976a5a7870c4ef2a6827bca118031527de498592af0f81e8', '0xb55cba5d2e5fb89bf06dfedc37fd49cbca136e631dfb1d813b7324185d20698f', '0xf3e491cb8c7b022a631be3162de6d60db86da24ee440bd50195d0c6bdba1958b', '0xa4e54c1af3db1168d30c9b8e28c1775251b0cf79c74bb97b2c17600aa1819d5a', '0x5f2854b2cf678ac6a904e451331290461c881c3f48c94b0ac1f40c4e31d1cc63', '0x3fb870d4ee7cb96a79835bd84b55222de3b2db5a10d4ede15e6a22b1eb5f3c83', '0x0a676098699eb0ae0a8acbe67a1efd27068d239b56a71b3bebd4e5f629f37a89', '0xa58742368a6557ac00edfc3e54c19885b70a4c3e5a8159c77e79c7d550887d0f', '0x7def1cfc21e9d4f06beeacfb60380f5d9bf49ff3271840132919999c0224ef34', '0x7cd0c4f47327456bacc23582188564ac9d636104fbd4365e6a4b8607aff901d3', '0x41670799c06b95a37a96acbd85009a4bea9f9d81271059c14290664b0df295be', '0x8539adb2a28c84e6f9dfd11dd33515633ba46586b253375b0abb6f4a21b64ac6', '0x21e3aac11155615c77e3d2597c50af422bc8e7bed7a0274afe2158b97d9b6a97', '0x31c6c20f4973db901aed43d9a002342638a157ee451b3a615271a96b9ff49bae', '0x8ec8838abd3e85d00c4072fb8cb9eaddfdf28a00facba819a6e0cb609fbdc00b', '0x8928f78c71a6344500fe1b964f944b613d86ab83b733b5380648cfe8e6e4cca3', '0x32e68b7048187f5ac5b9b7e0f575406c181da23878de0225fd1570cc62c3656a', '0xe3c14a9518b132fddb3f73f88aa78e6cc47c8257993df13a6acddc4a0cbf4f37', '0xa0ce88d306c56589e1a7bc2072348de887f4c311903f68a20523b59078dd7234', '0xa6af3676394a8b8895c82cbc98283d6035e6a48f683241852b1ea573c69e6a70', '0x48c85a0ec244840c1643aba2f7f51ebdbc7e9a66b7d7492969f8732e9480ab91', '0x4c334547b7ad05154f3e753003daac8ed300488170370724578e3f593f913764', '0x545906a1ed769abf720606000e2df838ed0a648adaf709cec2c616429963c533', '0x9fc7af9992f3fd4cd72df0c63fcf71c65111c1bcba074eb584e6f3ef1e5db4c9', '0x7141a8f158da72cc610b4e5febcf9e36f1ee50fd049e49741036132dc9b356db', '0x4fbd7db47815146abaaff1423cd33e6a86d9b6404e58f1f073d84a2ace9e9f3e', '0x66bb220f1ab289e2ccc325f8bcfbcc3724d3d690f380d00e8b8857d985f5ca4f', '0x82b499ad50702fa670b3829d267e88a5150cde17b86746f4a36818a85f440629', '0x2518cf9ad131e8b74d7e71e9ce588293520daed588490dff75407d831d968799', '0x7d679576de4bcb4bea2dd25e7b3b90b648d45084d315d1e07fc203a706f5cac2', '0xc5ccfbf85ac30b501c1ab72fd119fdcda7a216845e1b81f7c952dbcecb2e31bf', '0x1899b52e98816e536245981a36daa3fef0a03c39741669a74f2ae575eb75c790', '0x28b285a9954d0fb7d7d62bd4cdd44d9f594dea2b04150a598ac0fa46094a7c32', '0xcf81ebf5d6da1e3baae7d0b4de067eb3d59259533a87402e281b92e8d6099ae6', '0x9fc733e9dee9988bf61be6dfb6e820caf3f92ef034d6ee001da1aac2cfdb368e', '0xa2a43f2c17fc5e50d702673c8f1e9afd52fc031598509356659bdd2d7e4c0da7', '0x98ea705badded8aaaf6cd04ff46765e7816eb2f4f59f707e31dedcc7fe0d4c19', '0x9e8a5f1b08795e00dc178bf7d06846dc7fd209458d228262595f4b39247f4fd7', '0x697fa88181b3efa45eb39c1b590dad253085aa9e698cd433d7674d976e14ae62', '0xc10eb7a658b3b6755e1312c8e6218b4a7be9dc0d5c88ccd4cfeaea7d30dff364', '0x03e056e1880cdde5b81c4da56a22669d5d2a5baa35e0a3154a903b673c9b3e7d', '0xeca3550b617b951c5bc04f166cd60e3a29331fd5a717e656bc55a1c92c1ea4e0', '0x4a88a9c4f868413d53d1ce6518a1ff93083b1b5bc07f94709e801e84e48fffd9', '0x96a4129163d8aebbffca6d0a96107b31c30a7cf0a9ff0617d98006d577f5d273', '0xac68478b141f902b8c2b4c89c5bf0929ab498f89759959443a83e717b499f2e8', '0x778691bb4f1078ab1a36e6b6794b80736aafedc6b72eeda3f57ff35024526b89', '0xd683e8657e246e31e68c44fb4d46de1d3e1f8b602d3d5413418f8b57877fabb1', '0x26a7c8b275c3d66d88a49ca1744ade8a3b34e13f4c1c1f3f88710bffcf71f882', '0xe1e21fb77dc50a61a6eb06d80749f4c9df4f96194c4e31929f114eea5cd96a0d', '0x3ce2fd0f084532fb8ec793348fd507c6e0b777bc86a79558bc8e6abcce981d96', '0x27b184819c94d2bbcefd1cd3d2e0cba99ed4c012433811e7264180357a0abfd4', '0x753b2f686ef5e287e28d110034c7c600ceb4d9998dcfb3acdcf7a7ebee351a31', '0x720cfbb748d5526b3d5f4209ad216fbf56dd4e059c4e6226685ebd7fc50081a0', '0x5df62ca588fe27079026bc52b900d91d4d0653f2cd2fada79cdd0a8105b6b2c4', '0x67d2d94ce9418f1e098057f414e98cdfc788eb5c5ca4398b9cbb9ae09cbd1d79', '0xc4afca54c4cf494ede2b268038942c189c424c1e4cb319686cf5d7600a5ca98e', '0x9141c5b360aa30159bc0e69519cd8960e6b02f2f9a06f8b711744f76a0077fc3', '0xfb26cd06265aa43b2962fda9878e410b7b35c5e397ecdaba87ddd3350e654f27', '0x353d2ee587c7f71d485c59c939c318a5cee3852c676b4369ff2b1afded4574f2', '0xe1a7b83e1575d5f7edb803de68614337e20034e0f74671f5c7ed5bb5443f742a', '0xbac3871b31a0c0dfe726187cc1a3f858f82490239f8e859b8a32e30f80914bf0', '0x042b2525dc6bdfb1dadc9416392bc969cbbd99a9ca70e9d4db58fae4aefaebbf', '0x70b2dd139673887d30e85206f836cfbff92c63ee36220a1be4261de850eb4f83', '0x33ff8c1c482100f1567afe18bb7e2446c2d18301ab858bcb6a8a5b56f5781e9d', '0xe6fc5b0d48f6f327d45b9cdd35bbf416f12b912ec07361668867863d5f421be7', '0x531d478940e0a35651e6604e26997081eb337b1512b7a8d19016449b87faf1e3', '0xff3e1a99f9fb041c06f9b0be9d5687429919563cf9eadeb0eba2cbed1a46b2b6', '0xc02207cb6617eef1c3ab7854dc094a24a1d7eece32a420bb18cadee3ed41855a', '0x532993e23f6e709906d223ef246d5f72f6330ca01656e92187d3f317d050baae', '0x048ab1f945cd9e698ad86b37039c20374a31573814a4bd5915c3949311e7148e', '0x2ae942be5dc529d5a686c0ac4d82f3d6a06d97fe1b2f10f6c86ed4a8877924d8', '0x7dc6781e50b392b9d5b5b7438d0b0356cf8ec2f61cf289eb3789e374dcb61604', '0xd6ccb8a9e58b8234df615a284cf4fb7b92eb974035085d7a9267d38703780a91', '0xe58b8377bb5e11da3820d492d9974ffb2aa807b399674472d81b41317509c1a1', '0x981b74b31f11aa341d35aca50cdaa6ec7fb85eb9cdf43e86005eae2c2f2001ee', '0x1d95de46ad5da072e69f4e840b0e6e668a609995421d912e494371c4483c758d', '0x6aea7fd235027ce6d96ef8bf1ec054a632aac49b881d0ec8114f90b98afbfb25', '0x69c5c64f1037129c715f77307fb87ae07bbe89e6226e4b8c237708c9b3d3dfbf'], 'transactionsRoot': '0xae75a7b435f9a6534eab1f1a82c9dc884df015816004556e0301f4ec464ba1c2', 'uncles': []}} (async_rpc.py:86)
2022-11-28 18:11:37 [   DEBUG] Getting response HTTP. URI: https://responsive-convincing-aura.bsc.discover.quiknode.pro/3e7f242edcfec9ca1a36ef544cee66362af95baa, Method: eth_getBlockByNumber, Response: {'jsonrpc': '2.0', 'id': 114, 'result': {'difficulty': '0x2', 'extraData': '0xd683010110846765746886676f312e3139856c696e7578000000000040fc9c67bb8cad9c5e9c6cd278ee1ab1050d70144aed7fba654306f5cd146dee01e1257e7dcec17cda1d1b6d8b2e9c5a7bf92e8104f974e0a5b986cd382db0084c7ce06600', 'gasLimit': '0x726ffb2', 'gasUsed': '0xe5f509', 'hash': '0x3f6a676ea36beb5e085a8ebceb280a6ade9a0f09e1570bd95530040adf6afc5d', 'logsBloom': '0x06222735054a127c6456f03e925cb4248de5aa4f9518050c06d861826c2619192301906ac04530394be87668424ea926c80618b8c478c819595a841f66a2211ae19efebd3e82190ccd25281ddc02033b6d3b062c2ec2bab2969514a18b116a3d59c4f9e482abb245e5274c413a24ded27fe18957852a2705f4217c392b820d89f68a672dc6555c6604851e001812094394ec1d7795297b2c23f84e4503e5b8b483490442819d18777c1000f1de9b5021c06262a62ec6259162663de62c37892c6c1cd55b891115324f03f224973a9a41a107bff09fc573b00b21184a5038a67856705d326ed6187605289898216861205c1194ab4b68e55a32f33fa42087ccb0', 'miner': '0x295e26495cef6f69dfa69911d9d8e4f3bbadb89b', 'mixHash': '0x0000000000000000000000000000000000000000000000000000000000000000', 'nonce': '0x0000000000000000', 'number': '0x1594bd0', 'parentHash': '0x0953a32feef2a49744c2d97c815680bc2942d151a515e8e1ad090101c1eafb35', 'receiptsRoot': '0xced4f20fb11e31119b55d639b952f515125d33a464ec2c598abd16fa07aa72ed', 'sha3Uncles': '0x1dcc4de8dec75d7aab85b567b6ccd41ad312451b948a7413f0a142fd40d49347', 'size': '0x87e0', 'stateRoot': '0x8259572ef12fa1a784720d8f36c2de3187678b90cd7913279c5d948c5b4332d5', 'timestamp': '0x635eb7c2', 'totalDifficulty': '0x2ae936e', 'transactions': ['0x67625c69e0b4b8b95a7bdf51e872f6be6da5212bfed86aac02d5913ef2516d7f', '0x0c4008498bb9033afeacdb1062b6da20811497491f6416ba5c1b53cd6fa62183', '0x4ac558eb1b1a497a18fa3a90bf035dc89996ae5281342393e99ac3cb54f6de9c', '0x7960138e4c154737aacccb6ea4c62b69ea3c9c444f0ad4e8a39e9495e2038186', '0xe815245a67eef781d68b166bf81df37a34554754d8e7fcb9f1ffd62fb66b98c8', '0xa27aeb9024a1a1ef39a9d01b6e8ef607daef887b4ad5099a7c57f442bd86e5ca', '0xc89272f35076c9712a069aad1bb8f1eef1596479ae4cf552a75afab447051b35', '0xe11c6cadf24f6a7a9a4b1c06275831280b8d383c97284c99b8f9af44bd9ce84f', '0x56a8f75ae98ef7e31462b727a3b52bd4c6d129f0cf5f511aebe7aab804e6e4b0', '0x936d1c92f3e19cccbca2d4f711bae9a8e87ddb0223d65224306578976b81cb7b', '0x38a49d7dba9e7f9d2d48f444b0add321063371431db035cb80a51b9ea426e9b6', '0x039ca08c3f8c94c38e7c22ec64df6076543b564bc42631b15da06725e4f3ad91', '0x2aff3f76312f239ca4f4aa10c774505fe6a6d59cba64fec2f87d7ea512aa9e78', '0xdd06d34c81570d76522cc6ec0945a7d00e72933b3502c2d844f3ed1d7385da51', '0xa65442354820c0b1a82a55e1a96a857d53e3985b055068b9cce845331dcb8392', '0x0314a53399499b7e54d65df906ad8b87f5bf1c3eb976f062c5a61e4c295c8f29', '0x4658be373c0cad31854e8d92ca31c21c9db54f2c79e7ab49ef3a60d72e7b31b9', '0x7d5b8c2007c7c863620457c98cdba12aeecc747d0e764ee636ccb3d96938220d', '0x99cebfe97205e913c1731fffd326c4fab10bcbf0388d3d2e6761f38def3b7aa7', '0xfa01610ed4329a07d18e528453a3d4bf13dffb525d12dd79102b94f4e47351a7', '0x1fc9a77565818fd15d2ffb1edfc7f3a7702e1d8e9f5e8ed014c2aff5ea0d233a', '0x527eed8c207733567fdfdf0f81372d7b38e2811f728c65d23fafc7299e5f8c75', '0x63565722a0031ec4a1e60b22c6bac4a43e3bb9df4121b47a6eeb38603ab8a11f', '0x0211c164609192ebebd38fce541863e7d25cb08f93a25cb621e3a06c5fcc3d1d', '0x8db66066ecfba36b75a7cf894b496b8f92f61b56c154a127f8ee459985a42d87', '0x8946e5b77759f917af37ec7527b5f2dc2bb28544bf2fc6980edafe42b486ce33', '0xf1cabf084cf29902fc3dba8f2633d1d1f2ad29c8b94d9e7f6c1de74712f8edb7', '0x55f62b0086904dcdea7f6aec5616979a57e5085a2420457629bbdbfee9ad9611', '0x3d039cffd3ff7f49c11fce08d9062797f1ad08fe7653adeb2571221b275cc900', '0x21936c91e62b848286036fb82de821990b86e2dcaf722f5d22ad5f273ad7766c', '0x5bbbcf13739ded483620ab049cd1977638e17b4407c1316d499675dd9d65b1ed', '0xb917c326fb1108d5e1b3ddd9aa3680015af19168ce532864e01eebb545ffdb82', '0xcba43b74416dcce3a9f51dbd0990a1613b1718b06844307c9e34d5ef164faf86', '0x4e7552ca191ffd7a5e731edcfa52bf6061ea2941d3d30a8d18c4801fa99ba5c7', '0x82b218e450a838370013bc6fe482b23e72f884e1a6c6978ccf534183a606e900', '0x5bc13c72ec77864a75170157251de9569c3ac8fe66e157c2297a2e9c68eed853', '0x5fcdd096e5ffb13b78989d99ad3941667a115c542d33966f3fe7b735b5cec17e', '0xf5a415b11d0ac96a7e2573188155549e9907dcbbe73b4f1de8b0c8e5b3c73057', '0x87ed1f88d272e212fae2513e92ea119e158f93e866dc80902386a61bc9dc34a0', '0x53edd3df9fee174006f9c9ae4fe268398d963ea7fbf008a8549e35181189457a', '0xbbab76e26482eec322096314b917245fe99d6b03d1bf36446055473147e70276', '0x73e293fe24790d94f1814c296b47503ab8fb5aca8a3c316fc2d1b7a3cd905d53', '0x8b6a8440a0a30a056601d7e3d1d3e1dfc2b44bed4578165a60fd5999c133cda7', '0x65c830ef0210ee48022ff30a5b7c82a2961e519bda6454e1811d6ccbec62e65e', '0xee88769ee44fce924405c47c9b4c815c9e51f76568834583e82e85e046aa751a', '0xf2cdd0398fcae953f6c48b053f06eeddf6a223528eb8772e770b3aabd398644e', '0x9de2dd72746748a7fe706145c2d11f05bf338e904963f4fcffef20484013b807', '0x7f7c34afef000f992f6a29ed1c07f8f7d66f9291b4c98abec2c44d9878b83cf1', '0xf0b3bb29dabe1383bd1204ad3e6ef239c30bbb56e4a19f18d83d5ca4c4d33dcc', '0xd414fdaefb3ce6c80ff46615d17a7800a6872ec6a2241029183c38d597de8491', '0x345b8d280d54b4d5c379d807c019356df580452beebb803346c286677c07ecc0', '0xd74a4b527e76b517811e4ed9c9b6bd0e15e787155b3ae29f9a2de1aa474371bc', '0xe817f56d71b52278130e2feacd2ba028603aee07f946b39b55cd9b2431a8a3a8', '0xb07fded149a48271890e622fcc88bb322b02cd3a516f66a3755fc8d9df292a1d', '0xfc8d001d7626a9523bf751488f94431b7b0cff1d27fb5379ca83326eb8adf88c', '0x4e9ef056eeaf484ed6434207bda3e32fd06748166f1f4bf1a5260062489b1f1b', '0xcf76a28af9490ddd0871941b294d561294a2ee868211642397434edbf809ad98', '0x5724137121cc9e430bf520ee37eaccdf6cf3c817640f482d4be76495ee3ac8ef', '0x57290b85cb236ae697c46d1764b82438586fe2d381634fe7970bdc41cc43a59f', '0x5c146c45c18042044bc9084749b9b6f4d28d58d9c69118cd2c3492918b849316', '0xa392fc45720b337e67826f6017e627725208516d69cdae37ff221f623926ef55', '0xcbda83174c8fb223ea537110a0c487c00b55ffcdb726bb3267f98efc10b4c1e1', '0xbe0ebde2fb86f8ba6027aee6410da6b423bcfc21b3b56aaaaded9bae8669a3dc', '0x49ab16254adc4fb6fd4f154c1545c46f882374ec9a54287cfe4c03568db6a1d5', '0x194a757ae4188e64ae4fcad221a4d2cec1d6914b243f9808b2ea2cb237e331e6', '0xa58783c306407cdd197b38af2d2d92e88f71c6b881bfe3669bccace8bd728086', '0xab04405a8ca613cd82a6cf96495a9209b67a51ab213d219c2b720fc954f14f7b', '0xf6a36860faa891fab467bd212ba3426ffdd5e7df15aaf6f3172b19c0d202f0e1', '0xe2c963cacd828d68ae6e04ab64c086576d4b93503e0216a17d68a9aef56fd50c', '0x5c73e1b517fc42a54e05b5722e3135301c58feca600822918d612935f30bcf59', '0x253c5af12034edccd24cbb2c8478fe700265989189dd421bdfee908ff662bc72', '0x21ee3284a43e76aed0dd0493d472867e77dbb2f5cc85ccfa7d9b2d9fba227ff2', '0xdb596f55f66749485cd35c3fafe3d3fa4b6b7debc21c883b226e0d0780e71d02', '0x4718ac05ef72dfd8bddf5edbe2c04b65c512d18200616339b8b44d6ae78f311d', '0xf0bd97c0591e4e5e2e9adddec0f2fc46434514bae7a80a67b7deb36b96de1ef9', '0xc32789ef29289718a8f065b105f178dc7cc7a1b635e54db4894f57ea16743e32', '0x302fc5d4992c002522e5506ac9242fc9c889556b1153ee4c1f20e8ae9bf3bf8d', '0xf90d37be00ec76ff4dcb282c72ffe9c3d8e9a8e368d31365b86a3e090011101e', '0xf62f104f41190396a9debdee049ba4b679b41a6eb87185a698aee835916b5928', '0x25fe5b2b2a67394f81fe679406eee5881abef6c695f0abcb7de539c49fa50a09', '0xdcfed6ca60b26852a6fc0fe961beb5b14e059dd490a677fe7b1b752f9b26fd6d', '0x60714e1ebf1cd349e25bc132276a8fd32929aae35dfcea2320a5ad997c8f06be', '0x132a2f3315f72aa2512878cdef7afaabd34ed71090830eb11b4b813af4b0772c', '0x35cb04c7d966a08657dee5a305960025e4cff28563e6f77702b97e98a9432df5', '0x9638e61d200cef90d6f1a1d7db46a69ab37fae9289f8266fce9b3a76cc630fe0', '0xc8d993e803aeb3e1847bd1f9779eb5fbbf5ab18ebb36028c5fc822bf8e207009', '0xb4883d81e6951e3099260ada1b4119c27aebbed32aa2fa828c0784b11b335f04', '0x582c82ebaaae8eaec534eb168e6cec23c0e942bf8a0d2f0f1fba03939547e362', '0xfe7ee1ee28c9f9620656174f341994b2a8df4ecd1ed5814d85fc4e4e306da104', '0xed892c0b0da911e9f479e687f152d0ff70cc59a2eb65bd6b47ed791862d39390', '0x904322f6fa26a572b515e9424aa6e2a7291354b4ef26e8f9ee42bb2843bc7512', '0xd500d5b4e2d2d37328ed695b3e0f8c11e4a7982c5fd4aa69b4d4e37fe398686e', '0x95276e737139fed6e385af2d6a67eed01ca171454fa3c4b47424393cabd9e206', '0x40c6d54e8a51f596b27e7f3b8a42367a6749351536bf749efdc388aa8edb03f6', '0xf8f0ab3b8937305c6d68ef85c39d9c9a6541c5b351b4bc62a910c2878ec4d293', '0x255bcc669a83f1d60fffdb76d979ba6f81f39337f1f4d9f795d0b9cf57327cb1', '0x35cc579c5e6d3311ae26ac39e191e9ced0ab599a32167efaa74fc9b1868c1ebb', '0xbcd0f087b54638c9fe982af7dbb53ee51d584a56d6aaa23794367b78964dc4e1', '0xc69a648a85cea1bc57a79017284a7a5caf87d7e5bf681fd3594e8c2a7eacde49', '0xfd5019afc05e7ba1f31ecc08701f16c7eec69b74dc300f8963088821480b969e', '0x3e45322f72a66c9185267b59783195e14e1c6afc4b3d248c6dd960222eb04239', '0xb1e154ae67819180335e9d3353e5c19eb3b178091cf8c890356fd6cf69d235d2', '0x5d3fe21cc4d911004aff31b260c3b52f24edf8cddc39896a0ca431834121ed7a', '0x75fa8e6778beb3d1015763e9baf7265e6a6f2485969b3321c92fb2f0169d631c', '0x6bf8c352c771c9f332ce09fac9d4b45ebf8834cc01d291ded8fd63e86d99565d', '0x5b8315c9afc4bdece1e7e80cc530afa182a6edd661cd04ea3c27af2bba7879ea', '0x73db519ec5a4ab87488d41f4afbf1a54793aa60d43f85b5cc04bd9b3a262392a', '0xa240c6ea2194fe9fcedd85cde8667e5a877a845f91efcb0bbef57748aee2fd17', '0x7ad8adf8e0516c65c52bf973d5fc92e9fb204c81d0b4b5029700626a572536f6', '0x7b4fd2ff6ff9bc79997c3c3d4ab6cdecaaaf02b5e4eed28135275b8be908b6ed', '0x53da50d30168a7c3f7e7f610642c816276fb6499576fa655de2814823f3fc12d', '0x282e54698d73444ed466f5b2382507058ec2b60da2fb419e08d5a7fbfe7a4132', '0x9e4ea3a1471b1b534c7598cd1a8aa403e2ec2cdfd22742273baed38634f46d7e', '0xa8e48cb66569e9d174a0c9fc43f8948be74db5632fb3f0adbb3ff1de6bdae0a5', '0x2a1a2cbe30307d5511347c9afc0ee30ecb58408455519c082774e67cb404472f', '0xe03674d0827b1f2aa7f7929bc2ed5a737b2fa8c023c1e80b300319c5efc27662', '0x033016f4cf735e4978cce9e6765dfc60c19e4b427cb641cf34a34bb5b0728a9c', '0x3073516749ccd95d75855d7c62108340e2de8d0f7037ba490b40611520d300da', '0xa1d7668eaf1bc8f0adac29136ca66a64add5a0af94cc5040e84f2ddc3573d702', '0xf4b1f0c84ea6e33259d26271c7cec7abbef67631e014be5d4b2a7ced169db767', '0x64c9d0c0c5b52c6f619c089bc69a4a8ef1ab4ba05080a01a949964d5ba1a883d', '0xf65cad7e84b7a75965e85e152b7c017a4cec0562778bc8cc1cae0724621a1812', '0xf13a00a6b16f08b416739397f6425c7eaa722f1fa6c1985fae91d70cd626660b', '0x7441a633792664f570590e47f01b136e3a84335a676f0a65c014cbc247cd98b5', '0xcb779017ecd5362e7dbe12faaac304e4afa712b10feccf2c20eb7dc38c412cc2', '0x2b8701feb4423a06d09f1891fa79e374e6235e4f960fd11481e9f2c082507a01', '0x8b0917ef79bfc9ed5d423b9af74b9fc4985b90b7081f6d5de5d92cf32a827d87', '0x510b396e06d40bf8dec7508ef0b65397fcf57fd3c88db814b76d5f8d26aa0838', '0x42a7f5273fcf48a6262d9e9a146c444ba09448c5356cb9d4a14e0d0100bfe556', '0x5f15ced0c50ce381fe33921496c04dad09e9cf2d52e7fad112313ef50594e225', '0x8df0f1efd13c798ef03591469f51e10bd0d33645736ac54e185b22bc9660972d', '0xe52f427c07f12d97954d9bbbf5fbdbf96e9b91dabcbdea67c56ddd95d4e15c33', '0xf7d4a4bdff75a075273fe64631966f6e2efb7736a2b2bc96fb8a08c1b9a5c95a', '0x0ad411e3f06ed663eaeb0056b0a56830b5e307bf5ccee47c81a60e696258bfec', '0xe6c65627c352f90770e53b042a6953303eeffb6f9ec72c0d5f09e7c85f5026e7', '0x3a2b906b387758908d6035e528d8b062c8b37402906130463ab9252b7abafff5', '0x4534e4d6ea8be7ce61e05a82645c27174797d2fe5b5a657aa96358cd4a3f9ef3', '0x11ddd25ad18d87687f03eb6da3c6eaa862f6f8fb4deb6f376c2a9d6f75686f87', '0x5bc50a44a5c5334c55f2e63279a51795cc9338df6d4e3c27ad172f713b1b4974', '0xe7328c4d2e90f8b4a2760b5c57efa5ba38b1a0d08704185c16b9be8476d7e008', '0x8b4a8e0f6a93c62d1dae6a49ac73f4d94aa8ffde976066c1cf41aad5e570ebe4', '0x2fe962fbba964a4101f5359343c9ee82b3d29dd56ae7822480558ecf16ad88c1', '0xabb404633b04ff0e2d10d6635022c2c628758ce3486d7808bee2aff164162a0f', '0x898aeadee4ab453d66404b52cb125233ee3fbd337c4beec7bda915d1ab8d36f5', '0xb54c860cb6024590a0ec2f214c91529e304aa4ae05958a07ff1fd53455814ec9', '0xdd2e24809d90d13ef0b4b54d3a56d4e5ed9403cfa2ec09a52ed449bf015fa051', '0xa61ab6e357c594bd885ffd8641d7054378404c9e82601b06a0df765cdf20111e'], 'transactionsRoot': '0xf40d82f41039ebcde4708ed9c597e5d5225610a2c59df2662982a56b0673f101', 'uncles': []}} (async_rpc.py:86)
2022-11-28 18:11:37 [   DEBUG] Getting response HTTP. URI: https://responsive-convincing-aura.bsc.discover.quiknode.pro/3e7f242edcfec9ca1a36ef544cee66362af95baa, Method: eth_getBlockByNumber, Response: {'jsonrpc': '2.0', 'id': 110, 'result': {'difficulty': '0x2', 'extraData': '0xd683010110846765746886676f312e3137856c696e7578000000000040fc9c674981760c997916fa76551d160b83614d3de1ec1ef184f96f5fde18c2ecdaa88509b13d0248365dbadd1e031638dfb23b16fab52622b89505ce06901d47e3afd001', 'gasLimit': '0x7270e00', 'gasUsed': '0xa262f1', 'hash': '0x6e97124c9edad1f5077c8f53477e45ac787fa285757886964cca483cc460ee2a', 'logsBloom': '0x1e28024604406012c0c15070b060000c204072d494104780155100084302011e434979430ea01d0227b080a10604000b2220f0c163e31060f00b416cb0ae08b500005c091003c488016c5f9982236029ab9400a031577800c5140820acd2207200aa187a0ada221826212c040c80882ee800b141844807809e61869520024441500026a9063d20fc8c8b1864ac518cd0042c05ad5d1a040c11019040228228e0822a168038a849416809211326aa463b610622a4238407544102299e0636c04a7086090601822413401948a11c22738e21f2e9e086840091186384922b35f0a00251b7410785503c252441aa8401208040229f2041f813402d038120884100b9', 'miner': '0xea0a6e3c511bbd10f4519ece37dc24887e11b55d', 'mixHash': '0x0000000000000000000000000000000000000000000000000000000000000000', 'nonce': '0x0000000000000000', 'number': '0x1594bcc', 'parentHash': '0xe004137a77344c0d712c7510384635f3334f89e48b835da9db64bab609ff8874', 'receiptsRoot': '0x9aae6f5bfaf69f296de7735339b3ef065d9ba1b50b64a4b547ab6a2c172fbd16', 'sha3Uncles': '0x1dcc4de8dec75d7aab85b567b6ccd41ad312451b948a7413f0a142fd40d49347', 'size': '0x4919', 'stateRoot': '0x9b8d52b5bd8268d86edec51735433712e2846813d7d3e061b7622a0054c9ee85', 'timestamp': '0x635eb7b6', 'totalDifficulty': '0x2ae9366', 'transactions': ['0xe064a9e408c2ec0ccdabb3b4663443cec8dd87a3389f5a084e4c7cbf75a383dc', '0x5baf68a8f4ea3e35f388f520ea646c99351f392070427a76cd7ff0d3d9507f4e', '0xe74e57c3353fafe7aadb3213f87a003379a47fa61bc4a7b53144a7670c8920ba', '0x9f1a5ab31eafa29449ecb978d65725c234a627ed95deaf5f4a3328ad61b4b81e', '0x23385686a17a01f155cc5905a4a93d3dfe770027ae05c44227b7849081b683ea', '0x245b032e6f7200c27a4d9c173379f2d3180a8f3cc32303efca561a65d3b66ae4', '0x6eef4cbd247c535e482eddcc992be0a644f98d133de0e881cee5895b4f9c6572', '0x52a7e9d202e3f49cdc3b2fc00345d94757c99cd2ca159641eacaf8c94f3d241b', '0x8bb222505c9c9d24c2374398e2c2a6aba8e143675ee92cd1b3e590935619ae48', '0xd8d91eb6aac5dd7dae57a075dbc534e026d4260c92cf3fd6fef81080868fde0e', '0xaee1353f2ca4b0e65d1b4cdf88a2fa294f38ff115a735a3d5ee42b65043104f4', '0x677a25879e26ac47850cd35474419097677ceffbfd36cb2b00be4ec1a9ead6da', '0xa3b6f8a73bb87d339874dfc17b2d89a121932ae397e87098dba4c54f5d8339c8', '0xfb407afbefdc4f15a2e892edc92ce5f8e4dd0b3864ed31805d850be8f1293c47', '0xdad34ef972f61bb7fc830bbe142a9430cc50052c244a3e1c9a5b094cb87bb021', '0x0a729f2e1af543ca0ea67d9fbc22b6cd5a73884a269fb50373e5cd9d11cc5411', '0x8427c6b46db25dc091cbf476cba5b746740a23b97d622512bbe71f276bf20ee3', '0x452656d7b323cc99e177d3d1a63a83544fbe83a924b3cfce650243d06cb59085', '0x290e91ecbd78a62ff73d471889333668a12eaf468fbb863b374051ccefce9b0e', '0x2887163c98e9429cd153851722acd75919033e78dbdbcbc9ccd5bc2592018860', '0x3919ca382633abfff9a6d3b9e97351e53f9bac1efcd407aa1cac4381499b7302', '0x32d2bd0edb4fa66753abef19598776b2be9b8e6a9cd070df52942392b7e46808', '0xc548671e21cf632b81b470a51ff094e3a50b38271c052845c66046e9e3db36dc', '0x86b261b7e3ab583baa539a8b1049a620d3922ea1dd873aa43b1692016f5978ac', '0x1eff7120bfcf20016c97e20a8a0a6bc3cc35bc0e0a81f1e0dd9a326246ef5d3c', '0xc6ba9577092951806ceff1332099eb63284e3c2e1d90feff465b7005e6471d3d', '0xc472529b21e36d23b901aff659f38b5158ea89b0fd9eddfa95c0f531a0b7892a', '0x9154767d5fd5cfdcde76fc5243d014068e4ad0d8a13f4f5e2af8c1ad95d8e432', '0xde70c64d6cbde7f5aed2a028befc88d447cbeb91461bf22cb7e217257bc6450e', '0xe6663ad7bbaf8d28d0122c501368c55b0a239d699c81f782e87d4720c1c4fc68', '0x17e8544ef5edcff406fe3b4225924355282d2196b643d84e78cd41b1bcb532e4', '0xf3caa5836842d4c281b8575cb5de2c36e9255258e6ca7c9cd996ab06d60fb38e', '0x8727748ec002006a752183fbab3533c8094e2075754ad4bb16dc87215f0189cd', '0xa6b5a7342adace39d9a6ba706526fd3f315798af535ce14f4113c7410ba5f827', '0x5639703abb5d3b849c07e78ada1f3e7aa52318f6d5c6325038b5111832427b81', '0x2c58a5d4020f6a50a4c10a65b23bd98c2d648362bf02f80839b7d2d15d1161a1', '0xffe031b55fd4c736346ec325bb5f6f029394f17aaa2efaee10d82300c8833a88', '0xab2dcda924cbcb5c832b7a67b7c061821bf39353e151c3064327cc11134a38cb', '0x7f2716307543d6192c937bfd737ceb707aa8df74bc6c6bffe9a0dd58edec8f70', '0x9cba683baf14673129818eefd3525574953452e04126aba8080a776d7111f928', '0x5eab9acf5d2d6b7192de7f1d464bc7682f8806b8c7f706634c53729f191b5c56', '0x382f1dc3d6820b5d7f43c9b0914198dd802d2432f1bf0b740a02ebc3b92b3450', '0x37aed8d6cc4d00e86dec49f1a236055b9009d74a773fc3b81461ed21d0d20390', '0x19f46db89417848ad21127c073db0debe4ef6dc821d0e9b6f82cdb555a02f3d8', '0xfc66eda57567734c82d5e78ade0ca23fde62238eadf686b0bfe3e8a9bfc5e391', '0x6fb48c0639db4d212de7cb00ea1658d51c3c474ada5a83bce1d719f7a83bcfd5', '0xb80ab488dedc2400fa91f08aaa2cabcc4d5ac9aabe733e42f5a0d1c0387d1e99', '0xfcf19f2b4640ff4e3144eaa952dc7783e9f2c052437870b3567b491ae292bacc', '0xd3fab7f769ec0615ddbf1479b925dc6acf42478829a1c8a49f5076468b8bae99', '0x962cb49bc39d4631664e12c88ed17f192abb0fc2e9e16fdfc2e554c08bd381d6', '0xd11df32163919fcd298741cdebf488b217471a1e5d9a8fb3a6c8d74a90c1a523', '0xef4a17bfeef825d2ac655d3499d518610020d8e6a44873cf351cf9be9ca37e5c', '0x1a78f28ce0205beff9666552ea8a6d760aa550581c8be3077725d661dfb3f0aa', '0x5ba1252bb062803e4123557d7ba1917d401fea1b1af1bae2ef4e6fb33dd6d247', '0xff8d59f7590e52cd0ad74e9d1dfab36fff0e88951b2fde614ce4a9bf108719c4', '0x7848defa0f2f41c3a61dcdc20513d37d9fe67ea52c140618e3401d46fd009dfa', '0x4d738747ab0aac37e18936c757cce4127144e3c206ae8aeafee7309e812d5843', '0x5fef93e4ba77a8da8af8a95941f9c6c53010a3744083835a29c5f84fba21b866', '0xede6a6b8d0fd1ec73144e521b705d090d9e41f8ceae29b0239e13ce4971315b8', '0xe14d68df4d1895169cced33ee3f91f36edb71943e433b5247111a613f8bc74fc', '0x050cf1030fb7b4e530406ae389967aa32196e078c4a470f427ca9291820c2b10', '0x5606a4341f321f3a04cb21df2cc3b54889d0af0012bae88938d540bafdbe3664', '0x2231ed0e0f4bc7bebc7827401bfc3f674d6d292889a27bb2b51c8e350a6fae2c', '0xbea18ab57dc601b42ac044441f81972486d599ad8932c7164a8280b67e2aa029', '0x3da96336c20528f9a38d70d83c8ede954c991a3bcc4e9b37a173fdd2cba68d41', '0x3ccaf850bd7cb745eb3acb858c1eab2e1a16c61d2209590690c0cd47b3026757', '0x686d023257e072fa1b1d26a3bf01631c46bc814efb3be65bb31820fdfaeeed21', '0x7ca2941a774f4a49b3988e6491301c2ccd823da8fa8912a22d5a25b40f15fdef', '0x79b14a4b9ae9f8ce72e2b912e3ca6e7e5b15a9fd12380d3b9dd0b9ff149e12cb', '0x9ff2fd871c2708d29c772dff5393067299eec6a616bb0254f7d6f2057686f423', '0x57ccf26b447223cf7edc838765a027ede85d92d41516a8279ee550e87ba4b7c6', '0xd871393f0091c4f7595a6f42fe243f8535aba91ba5ff8748c06302d7af73a772', '0x2feb1c95bf6fe399ea5bd7cd3b4771c7648f260d2bfa22652450c2043bd04364', '0x29177fd2bda014923a94b7d60f6bdf496b0a5a437570dd0085cb94b8d2c3d8ee'], 'transactionsRoot': '0x7b27c6839539c4dc1e55d7f9a959ea44ff65adf12be9b205b7ee871f97347ce9', 'uncles': []}} (async_rpc.py:86)
2022-11-28 18:11:37 [   DEBUG] Getting response HTTP. URI: https://responsive-convincing-aura.bsc.discover.quiknode.pro/3e7f242edcfec9ca1a36ef544cee66362af95baa, Method: eth_getBlockByNumber, Response: {'jsonrpc': '2.0', 'id': 108, 'result': {'difficulty': '0x2', 'extraData': '0xd683010110846765746886676f312e3137856c696e7578000000000040fc9c6745e31267ef42bd7572587bfcfd1cd30e82ea248be9663e48bd4a61016d390c1f499b9a3761d03b83eed2b000eaaea68c15ec8674cec7a170b017674628d4e9ae01', 'gasLimit': '0x71fd193', 'gasUsed': '0x77f61b', 'hash': '0xb49efe519bcbb137f6070ac0dc26de8adba40be4a4c6aba0e9570430e64d3cfe', 'logsBloom': '0x22288a4104c0123ae8812100ac66904227584080888889841491126000460122111d32400090140242a250308002003209113025130305c1f54c0350422424810a0800608d021e92912c0419ca2608307414092251dc9956000d2013d874242041d088a412c6b01f000b8c530020ea7628cc4175ca100483800306dc03a50e205000a04085193500208936a150900eac053607cdb000800c291984636853393213184840129ea0487100618012ca4641002408504186051002012e408212416821044c8604224207002228491a82b600217d99c4400842982324cd024000e4e660781c250912401c21c91080841089137406269840112264a1065b0289040181', 'miner': '0xe2d3a739effcd3a99387d015e260eefac72ebea1', 'mixHash': '0x0000000000000000000000000000000000000000000000000000000000000000', 'nonce': '0x0000000000000000', 'number': '0x1594bca', 'parentHash': '0x65ec9d151305949504a5ce696bd82a710200760499cf606253c8bda6df741b72', 'receiptsRoot': '0xf75c2c38795771cd9ea46467b16289323a7ce134642caa3c8be0c65044cd27e6', 'sha3Uncles': '0x1dcc4de8dec75d7aab85b567b6ccd41ad312451b948a7413f0a142fd40d49347', 'size': '0x485e', 'stateRoot': '0xf3dbb26b78b0a15e9ac7d1ed0debe69fde872097f3d0120d5b1bd34e4f77ce15', 'timestamp': '0x635eb7b0', 'totalDifficulty': '0x2ae9362', 'transactions': ['0xa7dd86e789c431241b5e582732975f41dcb28a43c09b18cac334861b1e5350fc', '0xb34c365d7389f9ffce027886ed00ecc8e0d1f99c818590041b8bc564bf3bcb13', '0xac67e25e873c75b818a1d3b097a5e66dbb8c8373c1af825c417cee58a571523f', '0x7bbf68ecabf264352c43c09ab8982725bc974764a29246f972bec67d46005a23', '0xf5a4a982779eaf6f8d58ca994f77782ce9c1da019598df5fdcde3797f9338c10', '0x28320c5a97c059fd926e56223564ed01839957eec52a05ed42bf507b7e413b24', '0xcb9c86585df000004023e014b804764611208b308c0120fa65d2dec4140d90d2', '0x66a60b73890e024ca8692aa2c517a30aaa9bd398b2064feba2f55df276e2524a', '0x42464e3b9f67ac962ac86c4e66411d355d418db0110749b03a060a19add389e8', '0xb6fd4be95bc56b56e89d7fe2f5e7a6403b1c5da314af2d3af3f69b1185c00c1f', '0xdae3a767e5835fbf4d11a31d953c650eac89ef07ff7416d03cc59c1311389644', '0xada281d88aaab9920c59700b53a9c604094037c7e431b7e9316f31447dbab1ae', '0x5e87b405ca282c9eeb248db17c0d7197cce07fc5cd26fb91fa3f1342f7e440b9', '0xa143b6d420d4ce469ce7a4ca6a2a0a4eb96a628bbd98db2669b1bc2ac4a28629', '0x73d8cf68112290ad85ecc8bcda50bb126eecb34f9419db773d4d84510afc2b7a', '0x417f24d5a7c3cae8188494aa46388442aaa2d500c3a5b5525f3130bd328a17de', '0x9e4deebea35b24c7a1121039d497aa863fdb9c2807454add5650819da7a4eb68', '0x2b9d58df49d038d1c1e3d432acb5940590cd7559e25a511e6e690fcfa22cbe47', '0x40e3669255453197b74e7bb422a3b546fc11ddce1d874f1c308565ab9a2adc86', '0x026ca18032bc8ce17fedb7f979009a7d2de41c9ced43e3d9e05b98ffe5909bce', '0xad2e95484f6e34ec621707ac479706458f7856902db0b8a01735dde7f68adecb', '0x6b56694de9f6ec9dd195838855e3c046fa781c358bdd5ee28eddfcf84939d01d', '0x6edd41d13ab73aebc65286d75acf022f728d660b91c0d98a5c7fc4fcd709fcd3', '0x0f3635841d6db8c5f67770fd35c8e34bd476d160abacd5c9b3ae7f1fff3d68a7', '0xdf640f68d70c804707ff5c9a6ca1df0879cacf7c4d009d75210e9f361a96f891', '0x2fab26791a40745613a7da5e2f2192a369e8f375af81cb6d3ccbe7ce65e8e597', '0xbd4b694f092f5d722777f14da5385fe56ded3a4060214c75eecf99b028c06b55', '0xa4b217dfefda698c690e6cb0ce4c3172278eb4eadb79fb42ee27d2713953e5bc', '0xa1c2511127db38f60fc686ff4982e02fd2366f144826a1cdb79b6e793f9eff7a', '0xff3c401a860ecb2005763a21aab804e47f6348169721a3065d13f81336148c07', '0x6dd173a315132a2e3ccf83c642a746b976fe7abde841ea1f71386cc025afb5df', '0xa4c006f39d3c28ea016164c683cda837919915f2d9cb351735bf0be38ae386ee', '0x94240141d153e878bd27bac7606ad8bd1450ad9a616852a432007de34f9bba24', '0x3066a2512b786bb33771bef70aa291c9d74244623eb342a6c4c1631b4c593bfc', '0x430a2aeb87201565459f09f3cc2a5b6f982acdfd8eb3e578551b303514110c6a', '0xdd9442d6f6511023f9e6f8417921c4de1224be08cb21b8015053f60830188f2f', '0x443754cff4599984fc5de1dceff7a9314dc56410c2229bf226b797c78843abfc', '0x85bfbcc0b58bb43ed82d464c4c0a6128533981e5046180dc84155bbcfea1cb90', '0xcf73d5572b8abdcda5fa09475b0ca7835784452be182ba89a550e3e58ec1d8ea', '0xc969e414f93f47150748ec943dc73c037f10efcdda6f678792528d5776347e40', '0xa0020803d833a5f6a2c9c27810867dc679029cfbfaf2b6cb448e6442877c5a50', '0xae63e4822516994e5544ff33bc2e07f1361dfb8425f07bb9bc952275bcf3c6ae', '0x4d31e41a90635615f428fd4716f2ad0ba8f02899072d5f17b10d7be32db013f9', '0xb7acacab3bc9f68247c4b227a36955e1ba7bacd5c6cc522456451bc8b40ae80d', '0x1430fabbad562d6766bd35ae49e3efc981b421dc0f7adf0508ca39d6fc31030c', '0x3089d44cbb8d2156b6b0a39e1e166a7d799ce6d92fbe9b6ffc97a3846e24cb21', '0xe48af68e9a8ec7f3153b3d8122bf7e4b51eadfdf7e06c9d2d7e99fab760c9384', '0xde234f01b06a52f4957f8fa528738c44220d8a4423781cc547abb7d6c426f355', '0x9889b77fc68b199637feb38483e62ba2f6766358f856a429dafcbd30a7b9732c', '0x832ed5e91422e813638adbeb1915232507fe8cf1af8ceec34d9a25d289cfcd98', '0x90f323296caa54ccf4e2cdfbdea61bfdb8eec3039115cd1b9953b68a48be279c', '0x71136ec8a50cd1945cfaf7bfa50a004ed88f839cf16b125fc147d046e7c2787d', '0x2cecc38383b55d71d6fd4d796ac55ecc816f6b7ed9f9e6bc63970f7f81591c5e', '0x25bcc78cc02dcb6e90f76e2ecdb505fa159db9a4ce6463fd702c8df5fe5078ce', '0x6e3a6e3fc9072c20ff1bdc63a0e79bc6932625ace9e3a89df4bf7320839921c2', '0x38a80609e6a97c62a539900156df1542eb0322997ed4eba7632649382cafe9bf', '0x776991805cc802b5b6f4e2d825492e42ecd8b9661c7e0c981f611542afcca21f', '0x77ed5c2d04a42c5fd56db0f5c82a59c1bd85a34dd3bdf98f6bc5c2f66bd5b331', '0x98c36afb79908f9cfec23b3f7ba11e287a1af9bc37523eb75198cb0813278931', '0xc97de8a3cad87143a7a2393ce47a3febb79454007fabc537d147cb8f22c3ae41', '0x59119fe026ba505a34bed03ad5eb49e2c5130710a0b0d07bdf796affb0d90645', '0xb9591963910701dcf944a5334f64dcbcaaa5f4c08e3ae01b0ed2008a9915f71c', '0x9fbaf9f8c7727a7223c6ab7f29235dbd278555c59cd8d208c8109a682736c9e2', '0x4ecd844b6dfc4582536b7c38e3a1d1da486d0b1154a0cf3d7f5e2e9348c4b220', '0xb5f9f9399664719799f86f96f371c9da1c26a8f0ac2d0cf2660ec767240b9c49', '0xd85a2562b97bf8d418f15864b2ffcf0b794b329a69511b834c06338bc877ca39', '0x2c592b4d7743b7cd25a3e5b34411972d6936ad7a235445366df60ee289474d41', '0xb685a472243b7068a6675503232a9b19ee09593ea59ea010bd6b6123ef009de1', '0x4e4811338d35eea2813fc4195c8c6d0e6f2624d2353c531f364b2edee7ea95b3', '0xaf94e58e563cbca11b7fddc616774ad4e40fc1f85ea674cba70492b5b75e0ab1', '0x684c7dccf310f60793a738bb4a98a7aa116b395fe6b21fb717c0f7406434c6a7', '0xc01cc33368b43129e9bd5ea18a6f7e75d6d1f6cfe446aeb091f15aea3ff12183', '0xa0d62fc1afb038335d13f5bddce2076e46f7f5c2d1db210cbcd25f36fbcecd3a'], 'transactionsRoot': '0x48c5f67de65b56612e61bb585191e3986c8620b96f52c06c26388aae01691024', 'uncles': []}} (async_rpc.py:86)
2022-11-28 18:11:37 [   DEBUG] Getting response HTTP. URI: https://responsive-convincing-aura.bsc.discover.quiknode.pro/3e7f242edcfec9ca1a36ef544cee66362af95baa, Method: eth_getBlockByNumber, Response: {'jsonrpc': '2.0', 'id': 116, 'result': {'difficulty': '0x2', 'extraData': '0xd683010110846765746886676f312e3137856c696e7578000000000040fc9c67ee6f074695cc51adcfe5bfff3abd786ffdc28704804e875ff59ab863cbb8e689145858b6b1445b4de2efa65d6b7ee0da4160d931b34e35bd6814c0d4ee1f501e01', 'gasLimit': '0x7270e00', 'gasUsed': '0x52bbcd', 'hash': '0x53f3556a331820e20836231a3f717263a6fdd61e8a86a654729ff53677a807d8', 'logsBloom': '0x8268d3131800401a80c40120e06d2003425040c09d007200901800b9824ea01401002441440645201b08420400106113088e0060c3a0810a4208220640208685155052260c00800a012b001c0202022860180088c46c031280168188c03052660006182c0202220602010c010b90ba303d5401488c022d90c464015983ce0450102031051f39211804c400000806089044e40c052845010c204202400000586002400207410d02443005a80c52ca110156a860c8021007011880200420922008a18818b70068080210200391081012292004218021580052100130022004a0a134d8c20a5014c52821b1080208002180e82202084008054a830201824a001010', 'miner': '0x4430b3230294d12c6ab2aac5c2cd68e80b16b581', 'mixHash': '0x0000000000000000000000000000000000000000000000000000000000000000', 'nonce': '0x0000000000000000', 'number': '0x1594bd2', 'parentHash': '0x15e9e18d09f77a28b89ceed27bcfa52b622e6923cfc00e0417062632116d3ed8', 'receiptsRoot': '0x5d13f6d1864f297c5c682d56a4087d763c621d517d819449f59b9409a9d6e047', 'sha3Uncles': '0x1dcc4de8dec75d7aab85b567b6ccd41ad312451b948a7413f0a142fd40d49347', 'size': '0x33b5', 'stateRoot': '0x9ac01b9ae9ebd7c3e32254128ae0ee758836c370a1bc5105ca0b8d5922d2ad28', 'timestamp': '0x635eb7c8', 'totalDifficulty': '0x2ae9372', 'transactions': ['0xc73806c259b269d0cb80cab99198b5abed9af2cef96da1ba4950e428cca3999e', '0x4000f3d7383c95fd365600d125e39f8a9f8f203adc89dc66cb4066dd9ad653d5', '0x9b323c5ff6d749fe55c8ce39cb03d4abea17e6400f978bb58741b01b829fa7dd', '0xba66ae415200ad4d2d104d4f5fe600145a48e6c2248955d67886d361be717af6', '0x2a463f553d0006d3c65fbdf12f8e7bdfed58871cc7fa6d4e0a39c9d90e8123a9', '0x46bb34fe5a1dd970a3f3b681db299a5f50767a58f480f3c7d128b318745ea683', '0xd7f4db07ff55f43b4a809b951ee099a6b0e1120020516ccc48735c4dfe5ddd3c', '0x6818932e149f15c727d8d8b137b40b3bd242b078964fd42ead7acdb278d32acd', '0xa3400c178967cbab8222c1e0c82b5a0389c8c51c11476a1912fb5257b2e6f38e', '0x29fa9e3bfb2bc94433780b08a7d1b92897d43948df2891354bb8247239ccfd61', '0x1c2b47b3d2b624b0a72908665782314ba1b8838c92bd6f88e679e6c295c2b9ce', '0xae77378724362868113d47ac2e1ba30ed4ac41f5f132842e7dcfb73013148aa6', '0x197ae8645b94af330f00229c46d2ffab863d03bbeb8377bd4bc2d0d796ed8fee', '0xe5a866ac9f44ed02c258a8feff5cb14f738002521088ce16491d65626d311063', '0x1d196f5639deb0ebdffa1120634c74d3122c1469742ebf570e740149731d8fec', '0xe21416e7bc50a7f80b3bec49673e25475df0a7bc8ba55f613acb3194611cd3e5', '0x43f6e4bc053ad135f9dcdcd7de9e8a01165d8dfbdd6c58f32b61b0a8be2040b7', '0xc05fb25e9e1e240333c1c9798ebe1975e8a72c017de25fa63c0e519a27a77861', '0xf02b09ebc98efeb9d9ac53645570f314b333008884d001eb65ad5dbe47ea0a03', '0x47f1b668858ccf297188e32fb7fe55faf26dec777ff2fdb9a14b74befea45285', '0xa2542fd2f9f32ed33b4aa6f856c41bd7112a6ce0ea736a0646267e67160e1cbd', '0x10c6044250a7f6b793053cb85947b83c9531040daed8dc99e94de8b8eb797eda', '0x9fadfd8acbf9590857e618af5cd6cea16d4993490c9fb3f008123f22f3b6dfee', '0x1baec14cb439d508821021c6897089fc23d4e8748f9be445525ce14dceddd31c', '0xbe9b0d9f9c8c7feb1718e50095c14ddca7a29fe68dd5560249357be09f50ba23', '0x5199f3c99d5c47947ae474d4dd64522150a1c90a78ddaf1c05ea57aa6f775d00', '0x65ea75e56877d12dec83e41e42ccd1488ca5bc68f61647e9755c34ffd4591f20', '0xe3478a14cb166556afe55eb1707159e53a86842ce83d7cb88a0795d4a33ad5eb', '0xce795758e6876fe8b52924ddbb92a86872815cb2d0936a4fb86f281e8c41f62c', '0x63280eb86ecc590324a1b254d6917d75b5deee1c7b74beb430daf7b6a7738094', '0x7a558a497b512dca30460b3d86c75019d35a9a8606c8a8d1ddedf9cf4c93c603', '0x47ef550adc8cf081a8d04b2601e7f1d959e5de27b54b854fdffac8a307748469', '0xdd0bf6bec7726004b9c11f005c17955d50436e6a61d023b601ba2f051e22da9a', '0x400846c86c19df61dbef3f8d7d3589ee6f05053e6964833fa72fa4540b254b98', '0x405ef70e933a8e9f49d368fa3368f241f5faa4faebf34384cfc6abc61e31ddc6', '0x38b63a42bd5814db8dde25fecc595446d1241ade70d6ae358633e37733cebecc', '0x753b973b6e0740825c130bbe3cb454bef3e7df803a2fe025ca923212308d6212', '0x786a64459b24a98c468746fe38fd7856e4302e1789463ab8e001472e0c48b8e2', '0x646e853186bcfe8e23e932f5254ddccf3b25408795350ae6ec009217c3543d22', '0x24271496af2f26779c5aad0328e206bc1faef1e50e53353108a895a1e44f21e1', '0x32ac710a06bddb94d27449d56ed46bf87ab97650009978322a0e4fa7443f1aa2', '0x00b8eaa0e9347cd3a3b54e7cbdb280ffdecd0a7ad8a2373ffd54294d0ec4bbd1', '0x3929b108d9f49fdd3587e814a5e26aa36349e8503c37c649bb092c35aff276f7', '0x82d32f5d9353b8756782ebe38039076a699a3a19f90e6b1dadf801d65538962f', '0x87b457b744d84c1b25781f5c7847bde946badea34a619cbdaefa27bcfa5f422b', '0x9d4c7045876d290cabe37f946e2152e984f4440d3e242dc6604daba034b4c1f2', '0xb47bea01712ddbb8514b03f8d0163f6a1aea708c1cdfd1078e0cb25d0ac03ebb', '0xd4525d0ce7ffe0c417e9b4feb1f5e9f37f3d2388bda4ba1247101e93b37bff66', '0x09e5706a7ac8125385a68a4446cb1ec27db4236777724500849de48884853eac', '0x68d5c6077548c6eaaeb17c781f164df384a180df7cb81e03de4b49604fb6a73d', '0xc3c7cb852d92713809e63734154afc04050b92874f0020cd58d2196c338e2eb2', '0x357f4e69c6e2e120ff6e033d9b1467122011066d973bd60341d6729da3ea6adb', '0x9eeabbe2725ca8267598f055a7de5aaf45aca8a74824be8ad4ec62ec9797ffbc', '0x42c1c8222b2c118a312a5799a667f3eccae6bfb3fba6421144167c0566b4e710', '0x6ab29ad3b90a8a132b0c29fa299e1a865ad103941378446768dc19f5cce92a11', '0x8dca6de10dcda44ee5128e947137dab2e8a0b052f8ffb21fefcaf1b3cd33e3bd', '0xe059b739e5b316314b9f5dcf2a0f729a1bb1308f60ec94611a506140122f7769', '0x465ef2990c1c523ad1b0ac289a1af723ea275212c36a6094a1bd643fbcbc46c0', '0xb5f7802168a9783ad23f08600c99ff086a085761761842fbc4b758e377bd71a8'], 'transactionsRoot': '0x85c94947ebcd09522578446664081130b5c5dd0d9a3d0a859380b3925e0f5f73', 'uncles': []}} (async_rpc.py:86)
2022-11-28 18:11:37 [   DEBUG] Getting response HTTP. URI: https://responsive-convincing-aura.bsc.discover.quiknode.pro/3e7f242edcfec9ca1a36ef544cee66362af95baa, Method: eth_getBlockByNumber, Response: {'jsonrpc': '2.0', 'id': 113, 'result': {'difficulty': '0x2', 'extraData': '0xd683010110846765746886676f312e3137856c696e7578000000000040fc9c6741037dfafd33c16a4992444b24dc615ce8f0db89034a6e5d629c48cfa280b53a1e664a0357250cd165ea6a275d5d19ac2ffec3f540fdc6048ea6ef43b83d1a6f01', 'gasLimit': '0x71fdfd4', 'gasUsed': '0x10222bc', 'hash': '0x0953a32feef2a49744c2d97c815680bc2942d151a515e8e1ad090101c1eafb35', 'logsBloom': '0x44288b182cc06132c04c27f0cc184a15f3c6338284208d0f4c920210022250012a503861410153131760307159a71a108ca5d180ed8aba125071801d5ca5960c241e9e84028200a4e3ae88ab87a73330a4bb1039077d0c1125c43032d8c467626392a22fa3ee2ac10325da6e7806ba597812807d50147c80ed95d331a58c349b10a0aecd46ad24f64c8652141b960c1044b69dc5f9221c9c0b0980c0680be0e26b04540271e80154250468714a0e84195a0692a842c019c701426001aec6204821843b02888940b36fe81a890864d17a3a73abc4d4004090642042164224e2612331351902c520a04100118324842a40d0138ea140005c588dd642045c5804d5', 'miner': '0x2465176c461afb316ebc773c61faee85a6515daa', 'mixHash': '0x0000000000000000000000000000000000000000000000000000000000000000', 'nonce': '0x0000000000000000', 'number': '0x1594bcf', 'parentHash': '0xb70178d92b7f0d54778b35d9d4f35b9ff7a93cedc94d4dd2fd4d1c174d604d34', 'receiptsRoot': '0x5f7f659e3627facf6677a5604888ac5c81321d79ed2483398279021043f96210', 'sha3Uncles': '0x1dcc4de8dec75d7aab85b567b6ccd41ad312451b948a7413f0a142fd40d49347', 'size': '0xcd5c', 'stateRoot': '0xfb5da458b324c6b24970987de12b4e1b730f0a51a61dfafc92622fca8e6bd59a', 'timestamp': '0x635eb7bf', 'totalDifficulty': '0x2ae936c', 'transactions': ['0x7a76a9aafe8d2c26511684739c8fb8c4d6afbd2258d135ecc64b6e7fa0aebd37', '0x59087ed4684a07fb4fd9cc2becb7ee568d8d3640f561686d55a9ab14ce270bd7', '0xa516570d5d66432406d74801ee62848f9a4d8adc33be04b11f25d3a0d1af9b94', '0xb6f5dd695c46996e247cf1c625bba90f1523ab57ec1e0e423e4d37e73b67dc41', '0xd8cb0a486f4f0b6a3bdd8851dbe162dd24f8f9d3c6aa4bf47d9503feb784ae3d', '0x0aa556c872aa7cdfdcf97d88eac9aa9d2999437d0195644bd7eca46d656c09ae', '0x98bab7ac51c7d2f389bef1b6142499cccd92ef36b5effb0bae725a8c0d799473', '0xbd7f7bf6b6a4d13dfc6775458ef23f720d0fb33e9c6e67ab48ee85572c865008', '0xd9bfcdc553e9989c113fcfc87e19198cfd74a4ff5878a15231e953c181dfacd5', '0x1ada09dfc753b848dc6fc93278d797e4b7fb9e86f2683d66e78bc481095d55ec', '0x325c9367e8f3a78714a8ef20e8f7d551870f6343d5f6a480c0495e78918acbac', '0x5de1d2326a9ca3221c4d8298b590b57f6649774f1aa317ff19f887adc7c1ec60', '0xff04b0f5677876b1f87e1528f58a9f87d73ecfa25f0d3dafbfb037a2fe22ba91', '0x32162c1834e8f3a8de44dd51717dc2947b2f5b78434bdaf0f443320fc00789d5', '0x27c66693ab59fdd5ebdce2b64619593fa4744f4d0f92e0775dd1b24e11a0f417', '0x074ad7cdff370b2024c510ea1ef7bd0628290624a93831f566ba3ff7f18780ff', '0x79073158284945aa0e75cb87746b57631cd3d4529b8a51168a5648d218994348', '0x04ac23a10127f20b107fc26c0292e402e75fb3bb4a6693cca7714485bd494dfe', '0x8b828609ea0a7cf6d8a1617e7ef2151941ddc646976ced5676ea699efde76b7d', '0x3f18136eb3b8db2a575ba1b6bb018d469b6e92373bd161aebe70b00b1308bf39', '0x7151c6d7b2ef9aa182089f6aa4a4861eae86de29e492e449c813b683f76a69d6', '0xdc97966b9fdd8642141929905cd36f4c94df23e123812a568adbcdd56d6a0d3d', '0xf361daebd2e8d902abe2d71c3a8c2ba6977091ae3e1c3b9849c9238328d47ce7', '0x4c13200f35007d4d22884d62572d42e960d105587a138cec4570deec9f6dc960', '0xdc0b6f5665ad895df62d80b55ebfac31728b3ab88f16ee8998d69b9d741f05ec', '0x107143c8c025cc43e98c92b5425882fcdf0be5ceb48219a12e77307e045b6901', '0x73e0627d7a70f1a416eecb2daefb9f250f729b47dc5958be96bdb1fc434f326a', '0xa8838d008b6258b4fa36b57183dc42202067d6350c9b1d99e4b416a953314727', '0x26a2c7023f42acb698b55765ae0556f8ac883fb849fcc86b8b054a26d7dedb99', '0xc1ceb2dd4d45aa8c6f63c9e99a4175407c27bc1f07ea91b6deae2e6c1fd1d5e5', '0x2c1d4b829d5a22e9c95101d2cd6e94afecac7359565e149b1df0bc184ffa7597', '0xaf9cf8af22dd34da99b0eb9ab13be3590c7e191db59bba06f47ac7575705b807', '0x1c08ea187eddb290addbbcdded671ccf810436a132b17935aaca99d02717efd0', '0x9a4743147f419fc60206173825e080c85afe0e74725782480b338791a14d4830', '0x695a939e642e20fcc10a83c7495a15b5b31a4884d11da55136d75eb1258bdc06', '0xcf401b8bd11f267e234de2df5b51a7c861601b243284110ed4f94472c60de807', '0x91dcd3e5ac012ad2b62b31715bb4feb02565bad66bd265acc12769afe23520c0', '0xa85f74cc077ea3b1ef3caaf12f09047c672d5c125973c8fd5237304c6cf08cf4', '0xce03b497735d3ba40ed581fd3e1092680a072d01cfc34ec55a236217edcd6a19', '0xee0b4d1d9e73855ee41dcc0de5a87e4689fe3bf4ddcb75f23441527fd04c37bb', '0x00566b803e9844fe1c4351bb3fca914e72ebf97a1c1d5df7754842275927e41d', '0xb96fee3d37f31843e85643d3011f4918f96a4c214306d05c27f5a86bb42114bd', '0x687d39c91ec39ced316c794675aa5c8c6f50411ba9a074c1b073f7597eb6fa48', '0x0dbe73edae56c74d7557bae2a90d2bb8366e81454463e70a3536476f2e6851d7', '0xc5c983a8a2ef18f7514fee5fbb04924173376bb034d01f448e02dadf73e47aaf', '0xc01e35b1fce2373cc24a49767cd6d41afad2eabb450ddb866d08f3166a7a4c56', '0x8ba2614232151c600a607abdb5f7f7854737106aaf51581aa4640d9ea508a75e', '0xd52a6af978997e1f67634664fc774a4794b08c36b76ed5a26e68df50c438bc00', '0xb6830c17aace8bef13b9add8b7d5a93e0bfb68fb752260db5b72f4cb6bd9a374', '0xba2e754e7ff1ced669fbfb9c623344eb27dd7e679b7c3d54de80a7cba47349f5', '0xb2e7cabeda59f564859be05b9120166fd4c9753157069f717fe45aa01f011b11', '0x7e9c51e9e9e7926d9e790fadbc7c0945f4393d3e4c2891b427f8dcc2613e2c18', '0xf514e73124ddf574b087ad760f1137edef8790b1992319e773f6c2c6eb4ad245', '0x97773d18f3840cab1c40fe038a8530a2a1431288fb24e425c2cff1b960112088', '0xccc7a40528180f7d32b1a2145ee4cdd4f4107ef3c120805d308d630386dfa76b', '0xb431826174124fb5dd4ba1335a0573d5f5640813a390d08f58ecce60e0fce294', '0x1f2b94c9a6bd8ebae1a0afc7751635609aa0f665a189c2f96d032a36a8577670', '0x52d14c3f4abd9163e5b1d1b87911299f9e8161d30d102091c388ea43623ddbbd', '0x383f94f4646577634d2201b290b2d5859529df8568b4c54ac02721d427c78e98', '0x21d31e4db887fa260b40678ebe69bca37e1b0a1b2e944ada97ed6822f45347e6', '0x601020cb35d9b876ab88d213433cad5816ad067651d7bbdbfe79229e41f41bff', '0x001e595675b534dbe822c36ca0c00fafd3f2256e8d6b5f44686541d8ec301f5e', '0xf85ed12119d515a0e47d53989f6ccff3d62e725ec7b3e410db2636a2f2afc7a1', '0xd1b353c3dc93ad463b9ca619004df65976a3ac1c797f50d9b1adcf93d4c89fb9', '0x997c1fcb27d28f51cdb6dea9f1cdbdfc3cd00bffb02fd2a9362e7fd721cd04c1', '0x2311600e36ba6e86e51fdc91f087c8e144a26c4cd4d47ebde529c4a3006f0b2a', '0xcff2547aa6fe67d0fca9904eacc9a952423fa964c8c7424ad777f44269a2ed02', '0xa0e33ee0da979bac5d28e99c1a0a9896734409b891f4db3d5c90f718d0e29c26', '0xd00e8652857424c51208d2415eaf89e34f9403b8658a470cbb32418b17aca3b6', '0x8e2d57978e775fb7d0e5cc830437ec7c399fc7e14c39e88e6cc008fb1f459543', '0x96b5646821b72d30efc953001be565d92f2377cb9004a29480b919beb5ff1a16', '0xe951e0433420e99a59c855da7d114c2cccbd68443788bddbaf4073693f167ee0', '0x865f6d1bf78287ca80fe631f20ea9c39d2e20d2b27a7e2493504b34fb1446fb0', '0x45e96c69eba2bc07a928edab820fb84409c45bb827571fbca1f658001ed8ba88', '0xf8da244a0154dbbe5bf35c922b0b9833ce8b467cccfbef052db020c2e2c7ec36', '0x54a209d8dd38c9ab5e4690166b93ff45373a742103ff3696d8bd3d55049d78da', '0x8982724364e82d3d53cf72d71ee92c87699b35a762e0d2d123ef33b0b68cb8bd', '0x6819c8225573132dc63d3a62f9fc50ea0677ad710a370dde9e8fb40727e4ac88', '0x718d2dee34d798983e8c1061f517c6456a3a0bea3131968c042b48fa8608b163', '0x64e66e48f90c8dc3500d869b4a9082fe00877e8f708469f2deab37504dcd6c76', '0x7d8eaacc302f8353966759447155dcc2390a5e704f5c211869a9037174224d8e', '0xb321ec7b5558ee3489a1de0e3cb26c064d6efb886d9011f66670dab0678f2e21', '0x04c86364c62d248aaf8cfcc02303f8bb6da33e79a389ed17bbd79d58c5f99357', '0x7a64b420ccf8cc6b9cc71d99f795986ba7949df85e34d736eba4950d1f1fbed2', '0xb2c017c8907f3b7f608ef0d22abf77adf8618dc84b7d3da4c1887900e6219b3a', '0x942c6117cf23390bfd1d4cf6f8473cc2eae01dcf3b3fa418f7c7d60a98d3cc9b', '0xff8fd8020265103d44c2d539569fe2dd24a87c10ba0dcb5a8cac6ad824c09e7b', '0x4897045e7fe144111594eb7a14c2504800cb3c4ee651868acc5e506c78079821', '0x8cc84bb31a113f03accf08873fe25b808681fb9038f9fc307d7c4a0c3f28dfe8', '0x71a26b8fcb7f9eb70a7165cdcf191df520881b26a5c95d5890b0ed0868e77140', '0x0b27a656fed83e80efb973b726d313e93b8345aa11f2b0f6d360113ed1799513', '0x2a430ab34f1f80cd78c24db70c2786d7d64f78c743d954398936a6d3d1e07b7d', '0x15622446eb5f086c78a67c6e94326ec42e079a61d475a5e17e84138513eb674c', '0x6f9c1387c018313b791cb23568d3b225a02b6ad458dea837d0f232a6c937066d', '0x051e22d7dcb9cfbd56e3a503524f02ae1d3142a8f1d156e95cbe097e8025e0fa', '0x48918a9c8b1c2ce7554e9ce38eeebb5e7922530ce19b8caedc9cf1565a2beca7', '0xf91abda2ebc5331bf8a363a84794d30327d51a96a50a112d46e6bb59c4f801b6', '0x3ed5f9d6ad92dbb9c2e10e98bf1c323da81eca6c4f2bed257b4d2bebb11a9327', '0xcea6303616347a86622ee6a5bcf0152f637fde0b64c6fdca2c0a6c1b9a44714c', '0xc0b55c037747343589dfd05ec9674b5c84dfd795f517e72135930b7f858aaf20', '0xdfde0aa0a318c28493fc89669b886140546dabdcda2dcfe043021f18363fe5fd', '0xadea9207f4d6136621bc597173f1fb620237589c66609e1bb25a4c9ae0e21757', '0xd80371e57dbb65d6f90c70aa737d137cf76691dac6b87c712694b2b16657f2b2', '0x4a9a7b434dcd6ad5226bf00c256b55deb49f66c073d2950c1a9ec999668ceec6', '0x1a0b06da773604af6ddbe429471e07dbab147b73248f4b3233c1a63c84fc2b7b', '0x2e07653fd3a5de08bac8ed8fe7b25eebe9e73c0b58d19d038899398bad5431e8', '0x4106037f67a22efbe6a86ff7c4ee98e02531212a36ab27d8fe08ba162e3a4d69', '0xdb6c07a7aa08836ecb4310ae6cc2ba0cf7b75e6d76f8d61381aaa7a0f2d72805', '0x1eb90bbd65f6d6beb3bbac8fbd968ea465c97080b858d11a4dc7fe0cb1c3ce6c', '0x88247246e0ea6a8c9872accdb97ade1bdc6afd5ec6745d3a17fa324fb0d571c7', '0x0690793064ff8ab0596107a3b0e6e1781cfc5848ac3300b1e6f73bc863096834', '0x6a9a5108e0f374e084eb1901c2f08e7b4f42e902035f6d21414d2fc17f9880fd', '0x9cb918e60438aa5ed47e7c3d60f2eb2a585247fb2a4892cdc682285c72001911', '0x6c8c9f13ddfc5cba89ebcb15b5a4a82ecaa5a4331bfee90f0278648ad965c3da', '0xa8b3cb475eb7c222a29bcc2ac96050b4f6f3bec36d4492e44365897de2da5712', '0x1846d70cb146afbd21dca20e90bf33292ec66b2f9d36b482f5af7a55822e6321', '0xe3d8d8736f1b7f4ac5b10555bbb0be2a07e0be928c83644ddf8efa9de25ea761', '0x626d0d42b94bbb9c60d9100ea883af6186498e1a77b3ac81b60a100cad1057fb', '0x5d6a97f98ad23e0452ae37c5a5b46c1c4b6c44e68864006cd37005a1942ee91c', '0x5073e0df64a7caa63fc0de1b87c0adaf784839159ff8c35957394548498cd7a7'], 'transactionsRoot': '0x9fc3d06d40209ce1778e447fb273763d641b5432dde75aa5299dd97034d8e37d', 'uncles': []}} (async_rpc.py:86)
2022-11-28 18:11:37 [   DEBUG] Making request. Method: eth_call (manager.py:160)
2022-11-28 18:11:37 [   DEBUG] Making request HTTP. URI: https://responsive-convincing-aura.bsc.discover.quiknode.pro/3e7f242edcfec9ca1a36ef544cee66362af95baa, Method: eth_call (async_rpc.py:78)
2022-11-28 18:11:37 [   DEBUG] Making request. Method: eth_call (manager.py:160)
2022-11-28 18:11:37 [   DEBUG] Making request HTTP. URI: https://responsive-convincing-aura.bsc.discover.quiknode.pro/3e7f242edcfec9ca1a36ef544cee66362af95baa, Method: eth_call (async_rpc.py:78)
2022-11-28 18:11:37 [   DEBUG] Making request. Method: eth_call (manager.py:160)
2022-11-28 18:11:37 [   DEBUG] Making request HTTP. URI: https://responsive-convincing-aura.bsc.discover.quiknode.pro/3e7f242edcfec9ca1a36ef544cee66362af95baa, Method: eth_call (async_rpc.py:78)
2022-11-28 18:11:37 [   DEBUG] Making request. Method: eth_call (manager.py:160)
2022-11-28 18:11:37 [   DEBUG] Making request HTTP. URI: https://responsive-convincing-aura.bsc.discover.quiknode.pro/3e7f242edcfec9ca1a36ef544cee66362af95baa, Method: eth_call (async_rpc.py:78)
2022-11-28 18:11:37 [   DEBUG] Making request. Method: eth_call (manager.py:160)
2022-11-28 18:11:37 [   DEBUG] Making request HTTP. URI: https://responsive-convincing-aura.bsc.discover.quiknode.pro/3e7f242edcfec9ca1a36ef544cee66362af95baa, Method: eth_call (async_rpc.py:78)
2022-11-28 18:11:37 [   DEBUG] Getting response HTTP. URI: https://responsive-convincing-aura.bsc.discover.quiknode.pro/3e7f242edcfec9ca1a36ef544cee66362af95baa, Method: eth_call, Response: {'jsonrpc': '2.0', 'id': 119, 'result': '0x00000000000000000000000000000000000000000000306602a7ec7e74ba5c4c'} (async_rpc.py:86)
2022-11-28 18:11:37 [   DEBUG] Getting response HTTP. URI: https://responsive-convincing-aura.bsc.discover.quiknode.pro/3e7f242edcfec9ca1a36ef544cee66362af95baa, Method: eth_call, Response: {'jsonrpc': '2.0', 'id': 117, 'result': '0x000000000000000000000000000000000000000000000000000000006d09a322'} (async_rpc.py:86)
2022-11-28 18:11:37 [   DEBUG] Getting response HTTP. URI: https://responsive-convincing-aura.bsc.discover.quiknode.pro/3e7f242edcfec9ca1a36ef544cee66362af95baa, Method: eth_call, Response: {'jsonrpc': '2.0', 'id': 120, 'result': '0x0000000000000000000000000000000000000000000000049f0b7d24b0694d35'} (async_rpc.py:86)
2022-11-28 18:11:37 [   DEBUG] Getting response HTTP. URI: https://responsive-convincing-aura.bsc.discover.quiknode.pro/3e7f242edcfec9ca1a36ef544cee66362af95baa, Method: eth_call, Response: {'jsonrpc': '2.0', 'id': 121, 'result': '0x00000000000000000000000000000000000000000000fda2ef95b774c53b9ba6'} (async_rpc.py:86)
2022-11-28 18:11:37 [   DEBUG] Getting response HTTP. URI: https://responsive-convincing-aura.bsc.discover.quiknode.pro/3e7f242edcfec9ca1a36ef544cee66362af95baa, Method: eth_call, Response: {'jsonrpc': '2.0', 'id': 118, 'result': '0x000000000000000000000000000000000000000000000000000000000dfa8c5d'} (async_rpc.py:86)
2022-11-28 18:11:37 [   DEBUG] Making request. Method: eth_call (manager.py:160)
2022-11-28 18:11:37 [   DEBUG] Making request HTTP. URI: https://responsive-convincing-aura.bsc.discover.quiknode.pro/3e7f242edcfec9ca1a36ef544cee66362af95baa, Method: eth_call (async_rpc.py:78)
2022-11-28 18:11:37 [   DEBUG] Making request. Method: eth_call (manager.py:160)
2022-11-28 18:11:37 [   DEBUG] Making request HTTP. URI: https://responsive-convincing-aura.bsc.discover.quiknode.pro/3e7f242edcfec9ca1a36ef544cee66362af95baa, Method: eth_call (async_rpc.py:78)
2022-11-28 18:11:37 [   DEBUG] Making request. Method: eth_call (manager.py:160)
2022-11-28 18:11:37 [   DEBUG] Making request HTTP. URI: https://responsive-convincing-aura.bsc.discover.quiknode.pro/3e7f242edcfec9ca1a36ef544cee66362af95baa, Method: eth_call (async_rpc.py:78)
2022-11-28 18:11:37 [   DEBUG] Making request. Method: eth_call (manager.py:160)
2022-11-28 18:11:37 [   DEBUG] Making request HTTP. URI: https://responsive-convincing-aura.bsc.discover.quiknode.pro/3e7f242edcfec9ca1a36ef544cee66362af95baa, Method: eth_call (async_rpc.py:78)
2022-11-28 18:11:37 [   DEBUG] Making request. Method: eth_call (manager.py:160)
2022-11-28 18:11:37 [   DEBUG] Making request HTTP. URI: https://responsive-convincing-aura.bsc.discover.quiknode.pro/3e7f242edcfec9ca1a36ef544cee66362af95baa, Method: eth_call (async_rpc.py:78)
2022-11-28 18:11:38 [   DEBUG] Getting response HTTP. URI: https://responsive-convincing-aura.bsc.discover.quiknode.pro/3e7f242edcfec9ca1a36ef544cee66362af95baa, Method: eth_call, Response: {'jsonrpc': '2.0', 'id': 123, 'result': '0x000000000000000000000000000000000000000000000000000000000dfa8c5c'} (async_rpc.py:86)
2022-11-28 18:11:38 [   DEBUG] Getting response HTTP. URI: https://responsive-convincing-aura.bsc.discover.quiknode.pro/3e7f242edcfec9ca1a36ef544cee66362af95baa, Method: eth_call, Response: {'jsonrpc': '2.0', 'id': 124, 'result': '0x00000000000000000000000000000000000000000000306602ac614b088a3fb0'} (async_rpc.py:86)
2022-11-28 18:11:38 [   DEBUG] Getting response HTTP. URI: https://responsive-convincing-aura.bsc.discover.quiknode.pro/3e7f242edcfec9ca1a36ef544cee66362af95baa, Method: eth_call, Response: {'jsonrpc': '2.0', 'id': 125, 'result': '0x0000000000000000000000000000000000000000000000049f0c614d9ac61449'} (async_rpc.py:86)
2022-11-28 18:11:38 [   DEBUG] Getting response HTTP. URI: https://responsive-convincing-aura.bsc.discover.quiknode.pro/3e7f242edcfec9ca1a36ef544cee66362af95baa, Method: eth_call, Response: {'jsonrpc': '2.0', 'id': 126, 'result': '0x00000000000000000000000000000000000000000000fda2efb93e6734fc9ba6'} (async_rpc.py:86)
2022-11-28 18:11:38 [   DEBUG] Getting response HTTP. URI: https://responsive-convincing-aura.bsc.discover.quiknode.pro/3e7f242edcfec9ca1a36ef544cee66362af95baa, Method: eth_call, Response: {'jsonrpc': '2.0', 'id': 122, 'result': '0x000000000000000000000000000000000000000000000000000000006d09a31e'} (async_rpc.py:86)
2022-11-28 18:11:38 [   DEBUG] Using selector: KqueueSelector (selector_events.py:54)
2022-11-28 18:11:38 [   DEBUG] Using selector: KqueueSelector (selector_events.py:54)
2022-11-28 18:11:38 [   DEBUG] Using selector: KqueueSelector (selector_events.py:54)
